 PhysX3CookingDEBUG_x64

 Timestamp is 5f36ca2f (Sat Aug 15 01:30:23 2020)

 Preferred load address is 0000000180000000

 Start         Length     Name                   Class
 0001:00000000 00005970H .text$di                CODE
 0001:00005970 0006af20H .text$mn                CODE
 0001:00070890 00001020H .text$mn$00             CODE
 0001:000718b0 0000112dH .text$x                 CODE
 0002:00000000 00000110H .CRT$XCA                DATA
 0002:00000110 00000320H .CRT$XCU                DATA
 0002:00000430 00000110H .CRT$XCZ                DATA
 0002:00000540 00000110H .CRT$XIA                DATA
 0002:00000650 00000110H .CRT$XIZ                DATA
 0002:00000760 00000110H .CRT$XPA                DATA
 0002:00000870 00000110H .CRT$XPZ                DATA
 0002:00000980 00000110H .CRT$XTA                DATA
 0002:00000a90 00000110H .CRT$XTZ                DATA
 0002:00000ba0 00005f08H .rdata                  DATA
 0002:00006aa8 00000188H .rdata$r                DATA
 0002:00006c30 000001b0H .rdata$zzzdbg           DATA
 0002:00006de0 00000110H .rtc$IAA                DATA
 0002:00006ef0 00000250H .rtc$IMZ                DATA
 0002:00007140 00000110H .rtc$IZZ                DATA
 0002:00007250 00000110H .rtc$TAA                DATA
 0002:00007360 00000250H .rtc$TMZ                DATA
 0002:000075b0 00000110H .rtc$TZZ                DATA
 0002:000076c0 00002ad0H .xdata                  DATA
 0002:0000a190 000001a0H .edata                  DATA
 0003:00000000 00000180H .data                   DATA
 0003:00000180 00000570H .data$r                 DATA
 0003:000006f0 00000d09H .bss                    DATA
 0004:00000000 0000393cH .pdata                  DATA
 0005:00000000 000003b8H .idata$5                DATA
 0005:000003b8 0000003cH .idata$2                DATA
 0005:000003f4 00000014H .idata$3                DATA
 0005:00000408 000003b8H .idata$4                DATA
 0005:000007c0 000006e5H .idata$6                DATA
 0006:00000000 00000040H .didat$2                DATA
 0006:00000040 00000020H .didat$3                DATA
 0006:00000060 000002a0H .didat$4                DATA
 0006:00000300 000002a0H .didat$5                DATA
 0006:000005a0 00000c40H .didat$6                DATA
 0006:000011e0 000002dbH .didat$7                DATA
 0007:00000000 0000011bH .00cfg                  DATA
 0008:00000000 000001c0H .rsrc$01                DATA
 0008:000001c0 000006a9H .rsrc$02                DATA

  Address         Publics by Value              Rva+Base               Lib:Object

 0000:00000000       __guard_iat_table          0000000000000000     <absolute>
 0000:00000000       ___safe_se_handler_table   0000000000000000     <absolute>
 0000:00000000       __guard_longjmp_count      0000000000000000     <absolute>
 0000:00000000       __guard_iat_count          0000000000000000     <absolute>
 0000:00000000       ___safe_se_handler_count   0000000000000000     <absolute>
 0000:00000000       __hybrid_code_map          0000000000000000     <absolute>
 0000:00000000       __dynamic_value_reloc_table 0000000000000000     <absolute>
 0000:00000000       __guard_longjmp_table      0000000000000000     <absolute>
 0000:00000000       __guard_fids_table         0000000000000000     <absolute>
 0000:00000000       __hybrid_auxiliary_iat     0000000000000000     <absolute>
 0000:00000000       __volatile_metadata        0000000000000000     <absolute>
 0000:00000000       __hybrid_code_map_count    0000000000000000     <absolute>
 0000:00000000       __enclave_config           0000000000000000     <absolute>
 0000:00000000       __guard_fids_count         0000000000000000     <absolute>
 0000:00000100       __guard_flags              0000000000000100     <absolute>
 0000:00000000       __ImageBase                0000000180000000     <linker-defined>
 0001:00005970       PxSetPhysXCookingDelayLoadHook 0000000180006970 f   WindowsCookingDelayLoadHook.obj
 0001:00005990       ?delayHook@@YAP6A_JXZIPEAUDelayLoadInfo@@@Z 0000000180006990 f   WindowsCookingDelayLoadHook.obj
 0001:00005a40       ?foundationDliNotePreLoadLibrary@shdfnd@physx@@YAP6A_JXZPEBDPEBVPxFoundationDelayLoadHook@2@@Z 0000000180006a40 f i WindowsCookingDelayLoadHook.obj
 0001:00005b80       ?loadLibrary@Cm@physx@@YAPEAUHINSTANCE__@@PEBD@Z 0000000180006b80 f i WindowsCookingDelayLoadHook.obj
 0001:00005ba0       ?physXCommonDliNotePreLoadLibrary@Cm@physx@@YAP6A_JXZPEBDPEBVPxDelayLoadHook@2@@Z 0000000180006ba0 f i WindowsCookingDelayLoadHook.obj
 0001:00005e10       ?saveHeightField@physx@@YA_NAEBVHeightField@Gu@1@AEAVPxOutputStream@1@_N@Z 0000000180006e10 f   HeightFieldCooking.obj
 0001:000062d0       ??APxVec3@physx@@QEBAAEBMI@Z 00000001800072d0 f i HeightFieldCooking.obj
 0001:00006360       ??B?$PxFlags@W4Enum@PxHeightFieldFlag@physx@@G@physx@@QEBAGXZ 0000000180007360 f i HeightFieldCooking.obj
 0001:00006380       ?__empty_global_delete@@YAXPEAX@Z 0000000180007380 f i HeightFieldCooking.obj
 0001:00006390       ?__empty_global_delete@@YAXPEAX_K@Z 0000000180007390 f i HeightFieldCooking.obj
 0001:00006390       ?__global_delete@@YAXPEAX_K@Z 0000000180007390 f i HeightFieldCooking.obj
 0001:00006390       ?__global_array_delete@@YAXPEAX_K@Z 0000000180007390 f i HeightFieldCooking.obj
 0001:000063a0       ?getData@HeightField@Gu@physx@@QEBAAEBUHeightFieldData@23@XZ 00000001800073a0 f i HeightFieldCooking.obj
 0001:000063c0       ?getMax@CenterExtents@Gu@physx@@QEBAMI@Z 00000001800073c0 f i HeightFieldCooking.obj
 0001:00006420       ?getMin@CenterExtents@Gu@physx@@QEBAMI@Z 0000000180007420 f i HeightFieldCooking.obj
 0001:00006480       ?buildFromTriangles@RTreeCooker@physx@@SAXAEAURTree@Gu@2@PEBVPxVec3@2@IPEBGPEBIIAEAV?$Array@IVNamedAllocator@shdfnd@physx@@@shdfnd@2@PEAURemapCallback@12@MW4Enum@PxMeshCookingHint@2@@Z 0000000180007480 f   RTreeCooking.obj
 0001:000082e0       ??$PX_UNUSED@I@@YAXAEBI@Z  00000001800092e0 f i RTreeCooking.obj
 0001:000082f0       ??$PX_UNUSED@M@@YAXAEBM@Z  00000001800092f0 f i RTreeCooking.obj
 0001:00008300       ??$PX_UNUSED@PEAURTreeNodeNQ@physx@@@@YAXAEBQEAURTreeNodeNQ@physx@@@Z 0000000180009300 f i RTreeCooking.obj
 0001:00008310       ??$PX_UNUSED@URTreeNodeNQ@physx@@@@YAXAEBURTreeNodeNQ@physx@@@Z 0000000180009310 f i RTreeCooking.obj
 0001:00008320       ??$PxMax@H@physx@@YAHHH@Z  0000000180009320 f i RTreeCooking.obj
 0001:00008360       ??$PxMax@I@physx@@YAIII@Z  0000000180009360 f i RTreeCooking.obj
 0001:000083a0       ??$PxMax@M@physx@@YAMMM@Z  00000001800093a0 f i RTreeCooking.obj
 0001:000083d0       ??$PxMin@I@physx@@YAIII@Z  00000001800093d0 f i RTreeCooking.obj
 0001:00008410       ??$PxMin@M@physx@@YAMMM@Z  0000000180009410 f i RTreeCooking.obj
 0001:00008440       ??$median3@I$$CBU?$Less@I@shdfnd@physx@@@internal@shdfnd@physx@@YAXPEAIHHAEBU?$Less@I@12@@Z 0000000180009440 f i RTreeCooking.obj
 0001:00008600       ??$median3@I$$CBUSortBoundsPredicate@physx@@@internal@shdfnd@physx@@YAXPEAIHHAEBUSortBoundsPredicate@2@@Z 0000000180009600 f i RTreeCooking.obj
 0001:000087c0       ??$partition@I$$CBU?$Less@I@shdfnd@physx@@@internal@shdfnd@physx@@YAHPEAIHHAEBU?$Less@I@12@@Z 00000001800097c0 f i RTreeCooking.obj
 0001:00008a30       ??$partition@I$$CBUSortBoundsPredicate@physx@@@internal@shdfnd@physx@@YAHPEAIHHAEBUSortBoundsPredicate@2@@Z 0000000180009a30 f i RTreeCooking.obj
 0001:00008ca0       ??$partition@UBoundsLTE@physx@@@quickSelect@physx@@YAIPEIAIIIIAEBUBoundsLTE@1@@Z 0000000180009ca0 f i RTreeCooking.obj
 0001:000090c0       ??$quickSelectFirstK@UBoundsLTE@physx@@@quickSelect@physx@@YAXPEIAIIIIAEBUBoundsLTE@1@@Z 000000018000a0c0 f i RTreeCooking.obj
 0001:00009270       ??$smallSort@I$$CBU?$Less@I@shdfnd@physx@@@internal@shdfnd@physx@@YAXPEAIHHAEBU?$Less@I@12@@Z 000000018000a270 f i RTreeCooking.obj
 0001:00009380       ??$smallSort@I$$CBUSortBoundsPredicate@physx@@@internal@shdfnd@physx@@YAXPEAIHHAEBUSortBoundsPredicate@2@@Z 000000018000a380 f i RTreeCooking.obj
 0001:00009490       ??$sort@I@shdfnd@physx@@YAXPEAII@Z 000000018000a490 f i RTreeCooking.obj
 0001:000094f0       ??$sort@IU?$Less@I@shdfnd@physx@@VNamedAllocator@23@@shdfnd@physx@@YAXPEAIIAEBU?$Less@I@01@AEBVNamedAllocator@01@I@Z 000000018000a4f0 f i RTreeCooking.obj
 0001:000098a0       ??$sort@IUSortBoundsPredicate@physx@@@shdfnd@physx@@YAXPEAIIAEBUSortBoundsPredicate@1@@Z 000000018000a8a0 f i RTreeCooking.obj
 0001:00009900       ??$sort@IUSortBoundsPredicate@physx@@VNamedAllocator@shdfnd@2@@shdfnd@physx@@YAXPEAIIAEBUSortBoundsPredicate@1@AEBVNamedAllocator@01@I@Z 000000018000a900 f i RTreeCooking.obj
 0001:00009cb0       ??$swap@I@shdfnd@physx@@YAXAEAI0@Z 000000018000acb0 f i RTreeCooking.obj
 0001:00009d00       ??0?$AlignedAllocator@$0IA@VNonTrackingAllocator@shdfnd@physx@@@shdfnd@physx@@QEAA@AEBVNonTrackingAllocator@12@@Z 000000018000ad00 f i RTreeCooking.obj
 0001:00009d20       ??0?$Array@IVNamedAllocator@shdfnd@physx@@@shdfnd@physx@@QEAA@IAEBIAEBVNamedAllocator@12@@Z 000000018000ad20 f i RTreeCooking.obj
 0001:00009db0       ??0?$Array@UInterval@physx@@V?$InlineAllocator@$0CAAA@VNamedAllocator@shdfnd@physx@@@shdfnd@2@@shdfnd@physx@@QEAA@AEBV?$InlineAllocator@$0CAAA@VNamedAllocator@shdfnd@physx@@@12@@Z 000000018000adb0 f i RTreeCooking.obj
 0001:00009e20       ??0?$Array@UPxBounds3V@physx@@VNamedAllocator@shdfnd@2@@shdfnd@physx@@QEAA@AEBVNamedAllocator@12@@Z 000000018000ae20 f i RTreeCooking.obj
 0001:00009e80       ??0?$Array@URTreeNodeNQ@physx@@VNamedAllocator@shdfnd@2@@shdfnd@physx@@QEAA@AEBVNamedAllocator@12@@Z 000000018000ae80 f i RTreeCooking.obj
 0001:00009ee0       ??0?$Array@URTreeNodeQ@Gu@physx@@VNamedAllocator@shdfnd@3@@shdfnd@physx@@QEAA@AEBVNamedAllocator@12@@Z 000000018000aee0 f i RTreeCooking.obj
 0001:00009f40       ??0?$Array@VPxVec3@physx@@VNamedAllocator@shdfnd@2@@shdfnd@physx@@QEAA@AEBVNamedAllocator@12@@Z 000000018000af40 f i RTreeCooking.obj
 0001:00009fa0       ??0?$InlineAllocator@$0CAAA@VNamedAllocator@shdfnd@physx@@@shdfnd@physx@@QEAA@AEBV012@@Z 000000018000afa0 f i RTreeCooking.obj
 0001:00009ff0       ??0?$InlineAllocator@$0CAAA@VNamedAllocator@shdfnd@physx@@@shdfnd@physx@@QEAA@AEBVNamedAllocator@12@@Z 000000018000aff0 f i RTreeCooking.obj
 0001:0000a040       ??0?$InlineArray@UInterval@physx@@$0EAA@VNamedAllocator@shdfnd@2@@shdfnd@physx@@QEAA@AEBVNamedAllocator@12@@Z 000000018000b040 f i RTreeCooking.obj
 0001:0000a0f0       ??0?$ScopedPointer@HVTempAllocator@shdfnd@physx@@@shdfnd@physx@@QEAA@XZ 000000018000b0f0 f i RTreeCooking.obj
 0001:0000a120       ??0?$Stack@VNamedAllocator@shdfnd@physx@@@internal@shdfnd@physx@@QEAA@PEAHIAEBVNamedAllocator@23@@Z 000000018000b120 f i RTreeCooking.obj
 0001:0000a1a0       ??0BoundsLTE@physx@@QEAA@IPEBVPxVec3@1@@Z 000000018000b1a0 f i RTreeCooking.obj
 0001:0000a1e0       ??0Interval@physx@@QEAA@II@Z 000000018000b1e0 f i RTreeCooking.obj
 0001:0000a220       ??0NonTrackingAllocator@shdfnd@physx@@QEAA@PEBD@Z 000000018000b220 f i RTreeCooking.obj
 0001:0000a240       ??0PxBounds3@physx@@QEAA@AEBV01@@Z 000000018000b240 f i RTreeCooking.obj
 0001:0000a2a0       ??0PxBounds3@physx@@QEAA@AEBVPxVec3@1@0@Z 000000018000b2a0 f i RTreeCooking.obj
 0001:0000a300       ??0PxBounds3V@physx@@QEAA@AEAT__m128@@0@Z 000000018000b300 f i RTreeCooking.obj
 0001:0000a350       ??0PxBounds3V@physx@@QEAA@UU@01@@Z 000000018000b350 f i RTreeCooking.obj
 0001:0000a370       ??0PxVec3@physx@@QEAA@AEBV01@@Z 000000018000b370 f i RTreeCooking.obj
 0001:0000a3d0       ??0PxVec3@physx@@QEAA@M@Z  000000018000b3d0 f i RTreeCooking.obj
 0001:0000a420       ??0PxVec3@physx@@QEAA@MMM@Z 000000018000b420 f i RTreeCooking.obj
 0001:0000a480       ??0PxVec3@physx@@QEAA@XZ   000000018000b480 f i RTreeCooking.obj
 0001:0000a490       ??0PxVec4@physx@@QEAA@AEBVPxVec3@1@M@Z 000000018000b490 f i RTreeCooking.obj
 0001:0000a510       ??0PxVec4@physx@@QEAA@M@Z  000000018000b510 f i RTreeCooking.obj
 0001:0000a580       ??0PxVec4@physx@@QEAA@MMMM@Z 000000018000b580 f i RTreeCooking.obj
 0001:0000a600       ??0RTreeNodeNQ@physx@@QEAA@AEBU01@@Z 000000018000b600 f i RTreeCooking.obj
 0001:0000a660       ??0RTreeNodeNQ@physx@@QEAA@XZ 000000018000b660 f i RTreeCooking.obj
 0001:0000a6b0       ??0SortBoundsPredicate@physx@@QEAA@IPEBUPxBounds3V@1@@Z 000000018000b6b0 f i RTreeCooking.obj
 0001:0000a6f0       ??0SubSortQuick@physx@@QEAA@PEAIPEBUPxBounds3V@1@IM@Z 000000018000b6f0 f i RTreeCooking.obj
 0001:0000a8c0       ??0SubSortSAH@physx@@QEAA@PEAIPEBUPxBounds3V@1@IPEBI22222M@Z 000000018000b8c0 f i RTreeCooking.obj
 0001:0000ab80       ??0TempAllocator@shdfnd@physx@@QEAA@PEBD@Z 000000018000bb80 f i RTreeCooking.obj
 0001:0000aba0       ??1?$Array@IVNamedAllocator@shdfnd@physx@@@shdfnd@physx@@QEAA@XZ 000000018000bba0 f i RTreeCooking.obj
 0001:0000ac30       ??1?$Array@UInterval@physx@@V?$InlineAllocator@$0CAAA@VNamedAllocator@shdfnd@physx@@@shdfnd@2@@shdfnd@physx@@QEAA@XZ 000000018000bc30 f i RTreeCooking.obj
 0001:0000acd0       ??1?$Array@UPxBounds3V@physx@@VNamedAllocator@shdfnd@2@@shdfnd@physx@@QEAA@XZ 000000018000bcd0 f i RTreeCooking.obj
 0001:0000ad60       ??1?$Array@URTreeNodeNQ@physx@@VNamedAllocator@shdfnd@2@@shdfnd@physx@@QEAA@XZ 000000018000bd60 f i RTreeCooking.obj
 0001:0000adf0       ??1?$Array@URTreeNodeQ@Gu@physx@@VNamedAllocator@shdfnd@3@@shdfnd@physx@@QEAA@XZ 000000018000bdf0 f i RTreeCooking.obj
 0001:0000ae80       ??1?$Array@VPxVec3@physx@@VNamedAllocator@shdfnd@2@@shdfnd@physx@@QEAA@XZ 000000018000be80 f i RTreeCooking.obj
 0001:0000af10       ??1?$InlineAllocator@$0CAAA@VNamedAllocator@shdfnd@physx@@@shdfnd@physx@@QEAA@XZ 000000018000bf10 f i RTreeCooking.obj
 0001:0000af30       ??1?$InlineArray@UInterval@physx@@$0EAA@VNamedAllocator@shdfnd@2@@shdfnd@physx@@QEAA@XZ 000000018000bf30 f i RTreeCooking.obj
 0001:0000af50       ??1?$ScopedPointer@HVTempAllocator@shdfnd@physx@@@shdfnd@physx@@QEAA@XZ 000000018000bf50 f i RTreeCooking.obj
 0001:0000af90       ??1?$Stack@VNamedAllocator@shdfnd@physx@@@internal@shdfnd@physx@@QEAA@XZ 000000018000bf90 f i RTreeCooking.obj
 0001:0000afe0       ??1SubSortQuick@physx@@QEAA@XZ 000000018000bfe0 f i RTreeCooking.obj
 0001:0000b010       ??1SubSortSAH@physx@@QEAA@XZ 000000018000c010 f i RTreeCooking.obj
 0001:0000b100       ??2@YAPEAX_KPEAX@Z         000000018000c100 f i RTreeCooking.obj
 0001:0000b120       ??4PxVec3@physx@@QEAAAEAV01@AEBV01@@Z 000000018000c120 f i RTreeCooking.obj
 0001:0000b180       ??4PxVec4@physx@@QEAAAEAV01@AEBV01@@Z 000000018000c180 f i RTreeCooking.obj
 0001:0000b200       ??A?$Array@IVNamedAllocator@shdfnd@physx@@@shdfnd@physx@@QEAAAEAII@Z 000000018000c200 f i RTreeCooking.obj
 0001:0000b2a0       ??A?$Array@UInterval@physx@@V?$InlineAllocator@$0CAAA@VNamedAllocator@shdfnd@physx@@@shdfnd@2@@shdfnd@physx@@QEAAAEAUInterval@2@I@Z 000000018000c2a0 f i RTreeCooking.obj
 0001:0000b340       ??A?$Array@URTreeNodeNQ@physx@@VNamedAllocator@shdfnd@2@@shdfnd@physx@@QEAAAEAURTreeNodeNQ@2@I@Z 000000018000c340 f i RTreeCooking.obj
 0001:0000b3e0       ??A?$Array@URTreeNodeQ@Gu@physx@@VNamedAllocator@shdfnd@3@@shdfnd@physx@@QEAAAEAURTreeNodeQ@Gu@2@I@Z 000000018000c3e0 f i RTreeCooking.obj
 0001:0000b480       ??B?$ScopedPointer@HVTempAllocator@shdfnd@physx@@@shdfnd@physx@@QEBAPEAHXZ 000000018000c480 f i RTreeCooking.obj
 0001:0000b4a0       ??GPxVec4@physx@@QEBA?AV01@AEBV01@@Z 000000018000c4a0 f i RTreeCooking.obj
 0001:0000b550       ??HPxVec3@physx@@QEBA?AV01@AEBV01@@Z 000000018000c550 f i RTreeCooking.obj
 0001:0000b5f0       ??KPxVec4@physx@@QEBA?AV01@M@Z 000000018000c5f0 f i RTreeCooking.obj
 0001:0000b6b0       ??R?$Less@I@shdfnd@physx@@QEBA_NAEBI0@Z 000000018000c6b0 f i RTreeCooking.obj
 0001:0000b700       ??RBoundsLTE@physx@@QEBA_NAEBI0@Z 000000018000c700 f i RTreeCooking.obj
 0001:0000b7c0       ??RSortBoundsPredicate@physx@@QEBA_NAEBI0@Z 000000018000c7c0 f i RTreeCooking.obj
 0001:0000b940       ??_H@YAXPEAX_K1P6APEAX0@Z@Z 000000018000c940 f i RTreeCooking.obj
 0001:0000b9e0       ?FLoad@aos@shdfnd@physx@@YA?AT__m128@@M@Z 000000018000c9e0 f i RTreeCooking.obj
 0001:0000ba10       ?FMax@aos@shdfnd@physx@@YA?AT__m128@@XZ 000000018000ca10 f i RTreeCooking.obj
 0001:0000ba40       ?FNegMax@aos@shdfnd@physx@@YA?AT__m128@@XZ 000000018000ca40 f i RTreeCooking.obj
 0001:0000ba70       ?FStore@aos@shdfnd@physx@@YAXT__m128@@PEIAM@Z 000000018000ca70 f i RTreeCooking.obj
 0001:0000bb20       ?PxAbs@physx@@YAHH@Z       000000018000cb20 f i RTreeCooking.obj
 0001:0000bb40       ?PxAbs@physx@@YAMM@Z       000000018000cb40 f i RTreeCooking.obj
 0001:0000bb60       ?PxIsFinite@physx@@YA_NM@Z 000000018000cb60 f i RTreeCooking.obj
 0001:0000bb80       ?PxMemCopy@physx@@YAPEAXPEAXPEBXI@Z 000000018000cb80 f i RTreeCooking.obj
 0001:0000bbc0       ?V3Add@aos@shdfnd@physx@@YA?AT__m128@@T4@0@Z 000000018000cbc0 f i RTreeCooking.obj
 0001:0000bd10       ?V3Dot@aos@shdfnd@physx@@YA?AT__m128@@T4@0@Z 000000018000cd10 f i RTreeCooking.obj
 0001:0000bf20       ?V3Load@aos@shdfnd@physx@@YA?AT__m128@@M@Z 000000018000cf20 f i RTreeCooking.obj
 0001:0000bf70       ?V3LoadU@aos@shdfnd@physx@@YA?AT__m128@@AEBVPxVec3@3@@Z 000000018000cf70 f i RTreeCooking.obj
 0001:0000bfd0       ?V3Max@aos@shdfnd@physx@@YA?AT__m128@@T4@0@Z 000000018000cfd0 f i RTreeCooking.obj
 0001:0000c120       ?V3Min@aos@shdfnd@physx@@YA?AT__m128@@T4@0@Z 000000018000d120 f i RTreeCooking.obj
 0001:0000c270       ?V3PermZXY@aos@shdfnd@physx@@YA?AT__m128@@T4@@Z 000000018000d270 f i RTreeCooking.obj
 0001:0000c330       ?V3ReadXYZ@aos@shdfnd@physx@@YAAEBVPxVec3@3@AEBT__m128@@@Z 000000018000d330 f i RTreeCooking.obj
 0001:0000c340       ?V3Splat@aos@shdfnd@physx@@YA?AT__m128@@T4@@Z 000000018000d340 f i RTreeCooking.obj
 0001:0000c450       ?V3StoreA@aos@shdfnd@physx@@YAXT__m128@@AEAVPxVec3@3@@Z 000000018000d450 f i RTreeCooking.obj
 0001:0000c540       ?V3StoreU@aos@shdfnd@physx@@YAXT__m128@@AEAVPxVec3@3@@Z 000000018000d540 f i RTreeCooking.obj
 0001:0000c5c0       ?V3Sub@aos@shdfnd@physx@@YA?AT__m128@@T4@0@Z 000000018000d5c0 f i RTreeCooking.obj
 0001:0000c710       ?V3Zero@aos@shdfnd@physx@@YA?AT__m128@@XZ 000000018000d710 f i RTreeCooking.obj
 0001:0000c730       ?V4ClearW@aos@shdfnd@physx@@YA?AT__m128@@T4@@Z 000000018000d730 f i RTreeCooking.obj
 0001:0000c760       ?V4Load@aos@shdfnd@physx@@YA?AT__m128@@M@Z 000000018000d760 f i RTreeCooking.obj
 0001:0000c790       ?V4ReadW@aos@shdfnd@physx@@YAMAEBT__m128@@@Z 000000018000d790 f i RTreeCooking.obj
 0001:0000c7b0       ?V4ReadX@aos@shdfnd@physx@@YAMAEBT__m128@@@Z 000000018000d7b0 f i RTreeCooking.obj
 0001:0000c7d0       ?V4ReadY@aos@shdfnd@physx@@YAMAEBT__m128@@@Z 000000018000d7d0 f i RTreeCooking.obj
 0001:0000c7f0       ?V4ReadZ@aos@shdfnd@physx@@YAMAEBT__m128@@@Z 000000018000d7f0 f i RTreeCooking.obj
 0001:0000c810       ?V4StoreA@aos@shdfnd@physx@@YAXT__m128@@PEAM@Z 000000018000d810 f i RTreeCooking.obj
 0001:0000c8b0       ?Vec3V_From_FloatV@aos@shdfnd@physx@@YA?AT__m128@@T4@@Z 000000018000d8b0 f i RTreeCooking.obj
 0001:0000c910       ?Vec3V_From_Vec4V@aos@shdfnd@physx@@YA?AT__m128@@T4@@Z 000000018000d910 f i RTreeCooking.obj
 0001:0000c950       ?Vec4V_From_FloatV@aos@shdfnd@physx@@YA?AT__m128@@T4@@Z 000000018000d950 f i RTreeCooking.obj
 0001:0000c970       ?abs@intrinsics@physx@@YAMM@Z 000000018000d970 f i RTreeCooking.obj
 0001:0000c990       ?allocate@?$AlignedAllocator@$0IA@VNonTrackingAllocator@shdfnd@physx@@@shdfnd@physx@@QEAAPEAX_KPEBDH@Z 000000018000d990 f i RTreeCooking.obj
 0001:0000ca60       ?allocate@?$Array@IVNamedAllocator@shdfnd@physx@@@shdfnd@physx@@IEAAPEAII@Z 000000018000da60 f i RTreeCooking.obj
 0001:0000cb10       ?allocate@?$Array@UInterval@physx@@V?$InlineAllocator@$0CAAA@VNamedAllocator@shdfnd@physx@@@shdfnd@2@@shdfnd@physx@@IEAAPEAUInterval@3@I@Z 000000018000db10 f i RTreeCooking.obj
 0001:0000cbc0       ?allocate@?$Array@UPxBounds3V@physx@@VNamedAllocator@shdfnd@2@@shdfnd@physx@@IEAAPEAUPxBounds3V@3@I@Z 000000018000dbc0 f i RTreeCooking.obj
 0001:0000cc70       ?allocate@?$Array@URTreeNodeNQ@physx@@VNamedAllocator@shdfnd@2@@shdfnd@physx@@IEAAPEAURTreeNodeNQ@3@I@Z 000000018000dc70 f i RTreeCooking.obj
 0001:0000cd20       ?allocate@?$Array@URTreeNodeQ@Gu@physx@@VNamedAllocator@shdfnd@3@@shdfnd@physx@@IEAAPEAURTreeNodeQ@Gu@3@I@Z 000000018000dd20 f i RTreeCooking.obj
 0001:0000cdd0       ?allocate@?$Array@VPxVec3@physx@@VNamedAllocator@shdfnd@2@@shdfnd@physx@@IEAAPEAVPxVec3@3@I@Z 000000018000ddd0 f i RTreeCooking.obj
 0001:0000ce80       ?allocate@?$InlineAllocator@$0CAAA@VNamedAllocator@shdfnd@physx@@@shdfnd@physx@@QEAAPEAXIPEBDH@Z 000000018000de80 f i RTreeCooking.obj
 0001:0000cf00       ?allocate@NonTrackingAllocator@shdfnd@physx@@QEAAPEAX_KPEBDH@Z 000000018000df00 f i RTreeCooking.obj
 0001:0000cf90       ?begin@?$Array@IVNamedAllocator@shdfnd@physx@@@shdfnd@physx@@QEAAPEAIXZ 000000018000df90 f i RTreeCooking.obj
 0001:0000cfb0       ?begin@?$Array@UPxBounds3V@physx@@VNamedAllocator@shdfnd@2@@shdfnd@physx@@QEAAPEAUPxBounds3V@3@XZ 000000018000dfb0 f i RTreeCooking.obj
 0001:0000cfd0       ?begin@?$Array@VPxVec3@physx@@VNamedAllocator@shdfnd@2@@shdfnd@physx@@QEAAPEAVPxVec3@3@XZ 000000018000dfd0 f i RTreeCooking.obj
 0001:0000cff0       ?capacity@?$Array@IVNamedAllocator@shdfnd@physx@@@shdfnd@physx@@QEBAIXZ 000000018000dff0 f i RTreeCooking.obj
 0001:0000d010       ?capacity@?$Array@UInterval@physx@@V?$InlineAllocator@$0CAAA@VNamedAllocator@shdfnd@physx@@@shdfnd@2@@shdfnd@physx@@QEBAIXZ 000000018000e010 f i RTreeCooking.obj
 0001:0000d030       ?capacity@?$Array@UPxBounds3V@physx@@VNamedAllocator@shdfnd@2@@shdfnd@physx@@QEBAIXZ 000000018000e030 f i RTreeCooking.obj
 0001:0000d050       ?capacity@?$Array@URTreeNodeNQ@physx@@VNamedAllocator@shdfnd@2@@shdfnd@physx@@QEBAIXZ 000000018000e050 f i RTreeCooking.obj
 0001:0000d070       ?capacity@?$Array@URTreeNodeQ@Gu@physx@@VNamedAllocator@shdfnd@3@@shdfnd@physx@@QEBAIXZ 000000018000e070 f i RTreeCooking.obj
 0001:0000d090       ?capacity@?$Array@VPxVec3@physx@@VNamedAllocator@shdfnd@2@@shdfnd@physx@@QEBAIXZ 000000018000e090 f i RTreeCooking.obj
 0001:0000d0b0       ?capacityIncrement@?$Array@IVNamedAllocator@shdfnd@physx@@@shdfnd@physx@@IEBAIXZ 000000018000e0b0 f i RTreeCooking.obj
 0001:0000d100       ?capacityIncrement@?$Array@UInterval@physx@@V?$InlineAllocator@$0CAAA@VNamedAllocator@shdfnd@physx@@@shdfnd@2@@shdfnd@physx@@IEBAIXZ 000000018000e100 f i RTreeCooking.obj
 0001:0000d150       ?capacityIncrement@?$Array@UPxBounds3V@physx@@VNamedAllocator@shdfnd@2@@shdfnd@physx@@IEBAIXZ 000000018000e150 f i RTreeCooking.obj
 0001:0000d1a0       ?capacityIncrement@?$Array@URTreeNodeNQ@physx@@VNamedAllocator@shdfnd@2@@shdfnd@physx@@IEBAIXZ 000000018000e1a0 f i RTreeCooking.obj
 0001:0000d1f0       ?capacityIncrement@?$Array@URTreeNodeQ@Gu@physx@@VNamedAllocator@shdfnd@3@@shdfnd@physx@@IEBAIXZ 000000018000e1f0 f i RTreeCooking.obj
 0001:0000d240       ?capacityIncrement@?$Array@VPxVec3@physx@@VNamedAllocator@shdfnd@2@@shdfnd@physx@@IEBAIXZ 000000018000e240 f i RTreeCooking.obj
 0001:0000d290       ?computeSA@SubSortSAH@physx@@QEAAMPEBIAEBUInterval@2@@Z 000000018000e290 f i RTreeCooking.obj
 0001:0000d520       ?copy@?$Array@IVNamedAllocator@shdfnd@physx@@@shdfnd@physx@@KAXPEAI0PEBI@Z 000000018000e520 f i RTreeCooking.obj
 0001:0000d5c0       ?copy@?$Array@UInterval@physx@@V?$InlineAllocator@$0CAAA@VNamedAllocator@shdfnd@physx@@@shdfnd@2@@shdfnd@physx@@KAXPEAUInterval@3@0PEBU43@@Z 000000018000e5c0 f i RTreeCooking.obj
 0001:0000d660       ?copy@?$Array@UPxBounds3V@physx@@VNamedAllocator@shdfnd@2@@shdfnd@physx@@KAXPEAUPxBounds3V@3@0PEBU43@@Z 000000018000e660 f i RTreeCooking.obj
 0001:0000d700       ?copy@?$Array@URTreeNodeNQ@physx@@VNamedAllocator@shdfnd@2@@shdfnd@physx@@KAXPEAURTreeNodeNQ@3@0PEBU43@@Z 000000018000e700 f i RTreeCooking.obj
 0001:0000d7a0       ?copy@?$Array@URTreeNodeQ@Gu@physx@@VNamedAllocator@shdfnd@3@@shdfnd@physx@@KAXPEAURTreeNodeQ@Gu@3@0PEBU453@@Z 000000018000e7a0 f i RTreeCooking.obj
 0001:0000d840       ?copy@?$Array@VPxVec3@physx@@VNamedAllocator@shdfnd@2@@shdfnd@physx@@KAXPEAVPxVec3@3@0PEBV43@@Z 000000018000e840 f i RTreeCooking.obj
 0001:0000d8e0       ?create@?$Array@IVNamedAllocator@shdfnd@physx@@@shdfnd@physx@@KAXPEAI0AEBI@Z 000000018000e8e0 f i RTreeCooking.obj
 0001:0000d950       ?deallocate@?$Array@IVNamedAllocator@shdfnd@physx@@@shdfnd@physx@@IEAAXPEAX@Z 000000018000e950 f i RTreeCooking.obj
 0001:0000d980       ?deallocate@?$Array@UInterval@physx@@V?$InlineAllocator@$0CAAA@VNamedAllocator@shdfnd@physx@@@shdfnd@2@@shdfnd@physx@@IEAAXPEAX@Z 000000018000e980 f i RTreeCooking.obj
 0001:0000d9b0       ?deallocate@?$Array@UPxBounds3V@physx@@VNamedAllocator@shdfnd@2@@shdfnd@physx@@IEAAXPEAX@Z 000000018000e9b0 f i RTreeCooking.obj
 0001:0000d9e0       ?deallocate@?$Array@URTreeNodeNQ@physx@@VNamedAllocator@shdfnd@2@@shdfnd@physx@@IEAAXPEAX@Z 000000018000e9e0 f i RTreeCooking.obj
 0001:0000da10       ?deallocate@?$Array@URTreeNodeQ@Gu@physx@@VNamedAllocator@shdfnd@3@@shdfnd@physx@@IEAAXPEAX@Z 000000018000ea10 f i RTreeCooking.obj
 0001:0000da40       ?deallocate@?$Array@VPxVec3@physx@@VNamedAllocator@shdfnd@2@@shdfnd@physx@@IEAAXPEAX@Z 000000018000ea40 f i RTreeCooking.obj
 0001:0000da70       ?deallocate@?$InlineAllocator@$0CAAA@VNamedAllocator@shdfnd@physx@@@shdfnd@physx@@QEAAXPEAX@Z 000000018000ea70 f i RTreeCooking.obj
 0001:0000dac0       ?deallocate@NonTrackingAllocator@shdfnd@physx@@QEAAXPEAX@Z 000000018000eac0 f i RTreeCooking.obj
 0001:0000db10       ?destroy@?$Array@IVNamedAllocator@shdfnd@physx@@@shdfnd@physx@@KAXPEAI0@Z 000000018000eb10 f i RTreeCooking.obj
 0001:0000db50       ?destroy@?$Array@UInterval@physx@@V?$InlineAllocator@$0CAAA@VNamedAllocator@shdfnd@physx@@@shdfnd@2@@shdfnd@physx@@KAXPEAUInterval@3@0@Z 000000018000eb50 f i RTreeCooking.obj
 0001:0000db90       ?destroy@?$Array@UPxBounds3V@physx@@VNamedAllocator@shdfnd@2@@shdfnd@physx@@KAXPEAUPxBounds3V@3@0@Z 000000018000eb90 f i RTreeCooking.obj
 0001:0000dbd0       ?destroy@?$Array@URTreeNodeNQ@physx@@VNamedAllocator@shdfnd@2@@shdfnd@physx@@KAXPEAURTreeNodeNQ@3@0@Z 000000018000ebd0 f i RTreeCooking.obj
 0001:0000dc10       ?destroy@?$Array@URTreeNodeQ@Gu@physx@@VNamedAllocator@shdfnd@3@@shdfnd@physx@@KAXPEAURTreeNodeQ@Gu@3@0@Z 000000018000ec10 f i RTreeCooking.obj
 0001:0000dc50       ?destroy@?$Array@VPxVec3@physx@@VNamedAllocator@shdfnd@2@@shdfnd@physx@@KAXPEAVPxVec3@3@0@Z 000000018000ec50 f i RTreeCooking.obj
 0001:0000dc90       ?empty@?$Stack@VNamedAllocator@shdfnd@physx@@@internal@shdfnd@physx@@QEAA_NXZ 000000018000ec90 f i RTreeCooking.obj
 0001:0000dcd0       ?empty@PxBounds3@physx@@SA?AV12@XZ 000000018000ecd0 f i RTreeCooking.obj
 0001:0000dd40       ?getExtents@PxBounds3V@physx@@QEBA?AT__m128@@XZ 000000018000ed40 f i RTreeCooking.obj
 0001:0000ddb0       ?getMaxVec3@PxBounds3V@physx@@QEBA?BVPxVec3@2@XZ 000000018000edb0 f i RTreeCooking.obj
 0001:0000de20       ?getMinVec3@PxBounds3V@physx@@QEBA?BVPxVec3@2@XZ 000000018000ee20 f i RTreeCooking.obj
 0001:0000de80       ?grow@?$Array@IVNamedAllocator@shdfnd@physx@@@shdfnd@physx@@IEAAXI@Z 000000018000ee80 f i RTreeCooking.obj
 0001:0000df20       ?grow@?$Array@UPxBounds3V@physx@@VNamedAllocator@shdfnd@2@@shdfnd@physx@@IEAAXI@Z 000000018000ef20 f i RTreeCooking.obj
 0001:0000dfc0       ?grow@?$Array@URTreeNodeNQ@physx@@VNamedAllocator@shdfnd@2@@shdfnd@physx@@IEAAXI@Z 000000018000efc0 f i RTreeCooking.obj
 0001:0000e060       ?grow@?$Array@URTreeNodeQ@Gu@physx@@VNamedAllocator@shdfnd@3@@shdfnd@physx@@IEAAXI@Z 000000018000f060 f i RTreeCooking.obj
 0001:0000e100       ?grow@?$Array@VPxVec3@physx@@VNamedAllocator@shdfnd@2@@shdfnd@physx@@IEAAXI@Z 000000018000f100 f i RTreeCooking.obj
 0001:0000e1a0       ?grow@?$Stack@VNamedAllocator@shdfnd@physx@@@internal@shdfnd@physx@@QEAAXXZ 000000018000f1a0 f i RTreeCooking.obj
 0001:0000e280       ?growAndPushBack@?$Array@IVNamedAllocator@shdfnd@physx@@@shdfnd@physx@@IEAAAEAIAEBI@Z 000000018000f280 f i RTreeCooking.obj
 0001:0000e460       ?growAndPushBack@?$Array@UInterval@physx@@V?$InlineAllocator@$0CAAA@VNamedAllocator@shdfnd@physx@@@shdfnd@2@@shdfnd@physx@@IEAAAEAUInterval@3@AEBU43@@Z 000000018000f460 f i RTreeCooking.obj
 0001:0000e680       ?growAndPushBack@?$Array@UPxBounds3V@physx@@VNamedAllocator@shdfnd@2@@shdfnd@physx@@IEAAAEAUPxBounds3V@3@AEBU43@@Z 000000018000f680 f i RTreeCooking.obj
 0001:0000e8c0       ?growAndPushBack@?$Array@URTreeNodeNQ@physx@@VNamedAllocator@shdfnd@2@@shdfnd@physx@@IEAAAEAURTreeNodeNQ@3@AEBU43@@Z 000000018000f8c0 f i RTreeCooking.obj
 0001:0000eab0       ?growAndPushBack@?$Array@URTreeNodeQ@Gu@physx@@VNamedAllocator@shdfnd@3@@shdfnd@physx@@IEAAAEAURTreeNodeQ@Gu@3@AEBU453@@Z 000000018000fab0 f i RTreeCooking.obj
 0001:0000ecf0       ?growAndPushBack@?$Array@VPxVec3@physx@@VNamedAllocator@shdfnd@2@@shdfnd@physx@@IEAAAEAVPxVec3@3@AEBV43@@Z 000000018000fcf0 f i RTreeCooking.obj
 0001:0000eee0       ?include@PxBounds3V@physx@@QEAAXAEBU12@@Z 000000018000fee0 f i RTreeCooking.obj
 0001:0000efb0       ?isAligned16@aos@shdfnd@physx@@YA_NPEAX@Z 000000018000ffb0 f i RTreeCooking.obj
 0001:0000eff0       ?isFinite@PxBounds3@physx@@QEBA_NXZ 000000018000fff0 f i RTreeCooking.obj
 0001:0000f060       ?isFinite@PxVec3@physx@@QEBA_NXZ 0000000180010060 f i RTreeCooking.obj
 0001:0000f0e0       ?isFinite@intrinsics@physx@@YA_NM@Z 00000001800100e0 f i RTreeCooking.obj
 0001:0000f130       ?isInUserMemory@?$Array@IVNamedAllocator@shdfnd@physx@@@shdfnd@physx@@QEBAIXZ 0000000180010130 f i RTreeCooking.obj
 0001:0000f150       ?isInUserMemory@?$Array@UInterval@physx@@V?$InlineAllocator@$0CAAA@VNamedAllocator@shdfnd@physx@@@shdfnd@2@@shdfnd@physx@@QEBAIXZ 0000000180010150 f i RTreeCooking.obj
 0001:0000f170       ?isInUserMemory@?$Array@UPxBounds3V@physx@@VNamedAllocator@shdfnd@2@@shdfnd@physx@@QEBAIXZ 0000000180010170 f i RTreeCooking.obj
 0001:0000f190       ?isInUserMemory@?$Array@URTreeNodeNQ@physx@@VNamedAllocator@shdfnd@2@@shdfnd@physx@@QEBAIXZ 0000000180010190 f i RTreeCooking.obj
 0001:0000f1b0       ?isInUserMemory@?$Array@URTreeNodeQ@Gu@physx@@VNamedAllocator@shdfnd@3@@shdfnd@physx@@QEBAIXZ 00000001800101b0 f i RTreeCooking.obj
 0001:0000f1d0       ?isInUserMemory@?$Array@VPxVec3@physx@@VNamedAllocator@shdfnd@2@@shdfnd@physx@@QEBAIXZ 00000001800101d0 f i RTreeCooking.obj
 0001:0000f1f0       ?isInside@PxBounds3@physx@@QEBA_NAEBV12@@Z 00000001800101f0 f i RTreeCooking.obj
 0001:0000f350       ?isLeaf@RTreeNodeQ@Gu@physx@@QEBAIXZ 0000000180010350 f i RTreeCooking.obj
 0001:0000f370       ?isValid@PxBounds3@physx@@QEBA_NXZ 0000000180010370 f i RTreeCooking.obj
 0001:0000f4a0       ?isValidFloatV@aos@shdfnd@physx@@YA_NT__m128@@@Z 00000001800104a0 f i RTreeCooking.obj
 0001:0000f5f0       ?isValidVec3V@aos@shdfnd@physx@@YA_NT__m128@@@Z 00000001800105f0 f i RTreeCooking.obj
 0001:0000f660       ?memCopy@intrinsics@physx@@YAPEAXPEAXPEBXI@Z 0000000180010660 f i RTreeCooking.obj
 0001:0000f6a0       ?pop@?$Stack@VNamedAllocator@shdfnd@physx@@@internal@shdfnd@physx@@QEAAXAEAH0@Z 00000001800106a0 f i RTreeCooking.obj
 0001:0000f7b0       ?popBack@?$Array@IVNamedAllocator@shdfnd@physx@@@shdfnd@physx@@QEAAIXZ 00000001800107b0 f i RTreeCooking.obj
 0001:0000f870       ?push@?$Stack@VNamedAllocator@shdfnd@physx@@@internal@shdfnd@physx@@QEAAXHH@Z 0000000180010870 f i RTreeCooking.obj
 0001:0000f920       ?pushBack@?$Array@IVNamedAllocator@shdfnd@physx@@@shdfnd@physx@@QEAAAEAIAEBI@Z 0000000180010920 f i RTreeCooking.obj
 0001:0000f9f0       ?pushBack@?$Array@UInterval@physx@@V?$InlineAllocator@$0CAAA@VNamedAllocator@shdfnd@physx@@@shdfnd@2@@shdfnd@physx@@QEAAAEAUInterval@3@AEBU43@@Z 00000001800109f0 f i RTreeCooking.obj
 0001:0000fae0       ?pushBack@?$Array@UPxBounds3V@physx@@VNamedAllocator@shdfnd@2@@shdfnd@physx@@QEAAAEAUPxBounds3V@3@AEBU43@@Z 0000000180010ae0 f i RTreeCooking.obj
 0001:0000fbb0       ?pushBack@?$Array@URTreeNodeNQ@physx@@VNamedAllocator@shdfnd@2@@shdfnd@physx@@QEAAAEAURTreeNodeNQ@3@AEBU43@@Z 0000000180010bb0 f i RTreeCooking.obj
 0001:0000fc80       ?pushBack@?$Array@URTreeNodeQ@Gu@physx@@VNamedAllocator@shdfnd@3@@shdfnd@physx@@QEAAAEAURTreeNodeQ@Gu@3@AEBU453@@Z 0000000180010c80 f i RTreeCooking.obj
 0001:0000fd50       ?pushBack@?$Array@VPxVec3@physx@@VNamedAllocator@shdfnd@2@@shdfnd@physx@@QEAAAEAVPxVec3@3@AEBV43@@Z 0000000180010d50 f i RTreeCooking.obj
 0001:0000fe20       ?recreate@?$Array@IVNamedAllocator@shdfnd@physx@@@shdfnd@physx@@IEAAXI@Z 0000000180010e20 f i RTreeCooking.obj
 0001:0000ff80       ?recreate@?$Array@UPxBounds3V@physx@@VNamedAllocator@shdfnd@2@@shdfnd@physx@@IEAAXI@Z 0000000180010f80 f i RTreeCooking.obj
 0001:000100e0       ?recreate@?$Array@URTreeNodeNQ@physx@@VNamedAllocator@shdfnd@2@@shdfnd@physx@@IEAAXI@Z 00000001800110e0 f i RTreeCooking.obj
 0001:00010240       ?recreate@?$Array@URTreeNodeQ@Gu@physx@@VNamedAllocator@shdfnd@3@@shdfnd@physx@@IEAAXI@Z 0000000180011240 f i RTreeCooking.obj
 0001:000103a0       ?recreate@?$Array@VPxVec3@physx@@VNamedAllocator@shdfnd@2@@shdfnd@physx@@IEAAXI@Z 00000001800113a0 f i RTreeCooking.obj
 0001:00010500       ?replaceWithLast@?$Array@UInterval@physx@@V?$InlineAllocator@$0CAAA@VNamedAllocator@shdfnd@physx@@@shdfnd@2@@shdfnd@physx@@QEAAXI@Z 0000000180011500 f i RTreeCooking.obj
 0001:000105e0       ?reserve@?$Array@IVNamedAllocator@shdfnd@physx@@@shdfnd@physx@@QEAAXI@Z 00000001800115e0 f i RTreeCooking.obj
 0001:00010620       ?reserve@?$Array@UPxBounds3V@physx@@VNamedAllocator@shdfnd@2@@shdfnd@physx@@QEAAXI@Z 0000000180011620 f i RTreeCooking.obj
 0001:00010660       ?reserve@?$Array@URTreeNodeNQ@physx@@VNamedAllocator@shdfnd@2@@shdfnd@physx@@QEAAXI@Z 0000000180011660 f i RTreeCooking.obj
 0001:000106a0       ?reserve@?$Array@URTreeNodeQ@Gu@physx@@VNamedAllocator@shdfnd@3@@shdfnd@physx@@QEAAXI@Z 00000001800116a0 f i RTreeCooking.obj
 0001:000106e0       ?reserve@?$Array@VPxVec3@physx@@VNamedAllocator@shdfnd@2@@shdfnd@physx@@QEAAXI@Z 00000001800116e0 f i RTreeCooking.obj
 0001:00010720       ?resize@?$Array@IVNamedAllocator@shdfnd@physx@@@shdfnd@physx@@QEAAXIAEBI@Z 0000000180011720 f i RTreeCooking.obj
 0001:000107e0       ?resizeUninitialized@?$Array@URTreeNodeNQ@physx@@VNamedAllocator@shdfnd@2@@shdfnd@physx@@QEAAXI@Z 00000001800117e0 f i RTreeCooking.obj
 0001:00010820       ?selectMax@intrinsics@physx@@YAMMM@Z 0000000180011820 f i RTreeCooking.obj
 0001:00010870       ?selectMin@intrinsics@physx@@YAMMM@Z 0000000180011870 f i RTreeCooking.obj
 0001:000108c0       ?setEmpty@PxBounds3@physx@@QEAAXXZ 00000001800118c0 f i RTreeCooking.obj
 0001:00010930       ?setLeaf@RTreeNodeQ@Gu@physx@@QEAAX_N@Z 0000000180011930 f i RTreeCooking.obj
 0001:00010980       ?size@?$Array@IVNamedAllocator@shdfnd@physx@@@shdfnd@physx@@QEBAIXZ 0000000180011980 f i RTreeCooking.obj
 0001:000109a0       ?size@?$Array@UInterval@physx@@V?$InlineAllocator@$0CAAA@VNamedAllocator@shdfnd@physx@@@shdfnd@2@@shdfnd@physx@@QEBAIXZ 00000001800119a0 f i RTreeCooking.obj
 0001:000109c0       ?size@?$Array@URTreeNodeNQ@physx@@VNamedAllocator@shdfnd@2@@shdfnd@physx@@QEBAIXZ 00000001800119c0 f i RTreeCooking.obj
 0001:000109e0       ?size@?$Array@URTreeNodeQ@Gu@physx@@VNamedAllocator@shdfnd@3@@shdfnd@physx@@QEBAIXZ 00000001800119e0 f i RTreeCooking.obj
 0001:00010a00       ?size@?$Array@VPxVec3@physx@@VNamedAllocator@shdfnd@2@@shdfnd@physx@@QEBAIXZ 0000000180011a00 f i RTreeCooking.obj
 0001:00010a20       ?sort4@SubSortQuick@physx@@QEAAXPEIAIIAEAV?$Array@URTreeNodeNQ@physx@@VNamedAllocator@shdfnd@2@@shdfnd@2@AEAIAEAUPxBounds3V@2@I@Z 0000000180011a20 f i RTreeCooking.obj
 0001:000116d0       ?sort4@SubSortSAH@physx@@QEAAXPEAIIAEAV?$Array@URTreeNodeNQ@physx@@VNamedAllocator@shdfnd@2@@shdfnd@2@AEAIIPEAURTreeNodeNQ@2@@Z 00000001800126d0 f i RTreeCooking.obj
 0001:00012870       ?split@SubSortSAH@physx@@QEAAIPEAII@Z 0000000180013870 f i RTreeCooking.obj
 0001:00013b10       fabsf                      0000000180014b10 f i RTreeCooking.obj
 0001:00013b40       ??0TriangleMeshBuilder@physx@@QEAA@AEAVTriangleMeshData@Gu@1@AEBUPxCookingParams@1@@Z 0000000180014b40 f   TriangleMeshBuilder.obj
 0001:00013ba0       ??1TriangleMeshBuilder@physx@@UEAA@XZ 0000000180014ba0 f   TriangleMeshBuilder.obj
 0001:00013bd0       ?cleanMesh@TriangleMeshBuilder@physx@@QEAA_N_NPEAW4Enum@PxTriangleMeshCookingResult@2@@Z 0000000180014bd0 f   TriangleMeshBuilder.obj
 0001:00014460       ?remapTopology@TriangleMeshBuilder@physx@@QEAAXPEBI@Z 0000000180015460 f   TriangleMeshBuilder.obj
 0001:00014880       ?createSharedEdgeData@TriangleMeshBuilder@physx@@QEAAX_N0@Z 0000000180015880 f   TriangleMeshBuilder.obj
 0001:00015140       ?recordTriangleIndices@TriangleMeshBuilder@physx@@QEAAXXZ 0000000180016140 f   TriangleMeshBuilder.obj
 0001:00015340       ?createGRBMidPhaseAndData@TriangleMeshBuilder@physx@@QEAAXI@Z 0000000180016340 f   TriangleMeshBuilder.obj
 0001:000156a0       ?createGRBData@TriangleMeshBuilder@physx@@QEAAXXZ 00000001800166a0 f   TriangleMeshBuilder.obj
 0001:00015840       ?loadFromDesc@TriangleMeshBuilder@physx@@QEAA_NAEBVPxTriangleMeshDesc@2@PEAW4Enum@PxTriangleMeshCookingResult@2@_N@Z 0000000180016840 f   TriangleMeshBuilder.obj
 0001:00015b30       ?save@TriangleMeshBuilder@physx@@QEBA_NAEAVPxOutputStream@2@_NAEBUPxCookingParams@2@@Z 0000000180016b30 f   TriangleMeshBuilder.obj
 0001:00016460       ?checkMeshIndicesSize@TriangleMeshBuilder@physx@@QEAAXXZ 0000000180017460 f   TriangleMeshBuilder.obj
 0001:00016660       ?computeLocalBounds@TriangleMeshBuilder@physx@@IEAAXXZ 0000000180017660 f   TriangleMeshBuilder.obj
 0001:00016770       ?importMesh@TriangleMeshBuilder@physx@@IEAA_NAEBVPxTriangleMeshDesc@2@AEBUPxCookingParams@2@PEAW4Enum@PxTriangleMeshCookingResult@2@_N@Z 0000000180017770 f   TriangleMeshBuilder.obj
 0001:00016e00       ?releaseEdgeList@TriangleMeshBuilder@physx@@IEAAXXZ 0000000180017e00 f   TriangleMeshBuilder.obj
 0001:00016e60       ?createEdgeList@TriangleMeshBuilder@physx@@IEAAXXZ 0000000180017e60 f   TriangleMeshBuilder.obj
 0001:00016ff0       ??0RTreeTriangleMeshBuilder@physx@@QEAA@AEBUPxCookingParams@1@@Z 0000000180017ff0 f   TriangleMeshBuilder.obj
 0001:00017050       ??1RTreeTriangleMeshBuilder@physx@@UEAA@XZ 0000000180018050 f   TriangleMeshBuilder.obj
 0001:00017090       ?createMidPhaseStructure@RTreeTriangleMeshBuilder@physx@@UEAAXXZ 0000000180018090 f   TriangleMeshBuilder.obj
 0001:00017340       ?saveMidPhaseStructure@RTreeTriangleMeshBuilder@physx@@UEBAXAEAVPxOutputStream@2@_N@Z 0000000180018340 f   TriangleMeshBuilder.obj
 0001:00017630       ??0BV4TriangleMeshBuilder@physx@@QEAA@AEBUPxCookingParams@1@@Z 0000000180018630 f   TriangleMeshBuilder.obj
 0001:00017690       ??1BV4TriangleMeshBuilder@physx@@UEAA@XZ 0000000180018690 f   TriangleMeshBuilder.obj
 0001:000176d0       ?createMidPhaseStructure@BV4TriangleMeshBuilder@physx@@UEAAXXZ 00000001800186d0 f   TriangleMeshBuilder.obj
 0001:00017b80       ?saveMidPhaseStructure@BV4TriangleMeshBuilder@physx@@UEBAXAEAVPxOutputStream@2@_N@Z 0000000180018b80 f   TriangleMeshBuilder.obj
 0001:00017dc0       ?onMeshIndexFormatChange@BV4TriangleMeshBuilder@physx@@UEAAXXZ 0000000180018dc0 f   TriangleMeshBuilder.obj
 0001:00017e50       ?createMidPhaseStructure@BV32TriangleMeshBuilder@physx@@SAXAEBUPxCookingParams@2@AEAVTriangleMeshData@Gu@2@AEAVBV32Tree@52@@Z 0000000180018e50 f   TriangleMeshBuilder.obj
 0001:00018140       ?saveMidPhaseStructure@BV32TriangleMeshBuilder@physx@@SAXPEAVBV32Tree@Gu@2@AEAVPxOutputStream@2@_N@Z 0000000180019140 f   TriangleMeshBuilder.obj
 0001:00018be0       ?findSharpVertices@GrbTrimeshCookerHelper@physx@@YAXAEAV?$Array@USortedNeighbor@GrbTrimeshCookerHelper@physx@@VNamedAllocator@shdfnd@3@@shdfnd@2@AEAV?$Array@USharpEdgeRange@GrbTrimeshCookerHelper@physx@@VNamedAllocator@shdfnd@3@@42@PEBUuint3@2@PEBUuint4@2@II@Z 0000000180019be0 f   TriangleMeshBuilder.obj
 0001:000190f0       ?buildVertexConnectionNew_p1@GrbTrimeshCookerHelper@physx@@YAIAEAV?$Array@USortedNeighbor@GrbTrimeshCookerHelper@physx@@VNamedAllocator@shdfnd@3@@shdfnd@2@AEAV?$Array@USharpEdgeRange@GrbTrimeshCookerHelper@physx@@VNamedAllocator@shdfnd@3@@42@PEBUuint3@2@PEBUuint4@2@II@Z 000000018001a0f0 f   TriangleMeshBuilder.obj
 0001:00019190       ?buildVertexConnectionNew_p2@GrbTrimeshCookerHelper@physx@@YAXPEAI00AEAV?$Array@USortedNeighbor@GrbTrimeshCookerHelper@physx@@VNamedAllocator@shdfnd@3@@shdfnd@2@AEAV?$Array@USharpEdgeRange@GrbTrimeshCookerHelper@physx@@VNamedAllocator@shdfnd@3@@42@I@Z 000000018001a190 f   TriangleMeshBuilder.obj
 0001:0001a830       ??$?2V?$ReflectionAllocator@VBV32Tree@Gu@physx@@@shdfnd@physx@@@UserAllocated@shdfnd@physx@@SAPEAX_KV?$ReflectionAllocator@VBV32Tree@Gu@physx@@@12@PEBDH@Z 000000018001b830 f i TriangleMeshBuilder.obj
 0001:0001a880       ??$?2V?$ReflectionAllocator@VEdgeListBuilder@Gu@physx@@@shdfnd@physx@@@UserAllocated@shdfnd@physx@@SAPEAX_KV?$ReflectionAllocator@VEdgeListBuilder@Gu@physx@@@12@PEBDH@Z 000000018001b880 f i TriangleMeshBuilder.obj
 0001:0001a8d0       ??$?_UE@@YAPEAX_KV?$ReflectionAllocator@E@shdfnd@physx@@PEBDH@Z 000000018001b8d0 f i TriangleMeshBuilder.obj
 0001:0001a920       ??$?_UG@@YAPEAX_KV?$ReflectionAllocator@G@shdfnd@physx@@PEBDH@Z 000000018001b920 f i TriangleMeshBuilder.obj
 0001:0001a970       ??$?_UI@@YAPEAX_KV?$ReflectionAllocator@I@shdfnd@physx@@PEBDH@Z 000000018001b970 f i TriangleMeshBuilder.obj
 0001:0001a9c0       ??$PX_UNUSED@U?$TriangleT@I@Gu@physx@@@@YAXAEBU?$TriangleT@I@Gu@physx@@@Z 000000018001b9c0 f i TriangleMeshBuilder.obj
 0001:0001a9d0       ??$median3@UEdgeTriLookup@physx@@$$CBU?$Less@UEdgeTriLookup@physx@@@shdfnd@2@@internal@shdfnd@physx@@YAXPEAUEdgeTriLookup@2@HHAEBU?$Less@UEdgeTriLookup@physx@@@12@@Z 000000018001b9d0 f i TriangleMeshBuilder.obj
 0001:0001abf0       ??$median3@USortedNeighbor@GrbTrimeshCookerHelper@physx@@$$CBU?$Less@USortedNeighbor@GrbTrimeshCookerHelper@physx@@@shdfnd@3@@internal@shdfnd@physx@@YAXPEAUSortedNeighbor@GrbTrimeshCookerHelper@2@HHAEBU?$Less@USortedNeighbor@GrbTrimeshCookerHelper@physx@@@12@@Z 000000018001bbf0 f i TriangleMeshBuilder.obj
 0001:0001ae10       ??$partition@UEdgeTriLookup@physx@@$$CBU?$Less@UEdgeTriLookup@physx@@@shdfnd@2@@internal@shdfnd@physx@@YAHPEAUEdgeTriLookup@2@HHAEBU?$Less@UEdgeTriLookup@physx@@@12@@Z 000000018001be10 f i TriangleMeshBuilder.obj
 0001:0001b0b0       ??$partition@USortedNeighbor@GrbTrimeshCookerHelper@physx@@$$CBU?$Less@USortedNeighbor@GrbTrimeshCookerHelper@physx@@@shdfnd@3@@internal@shdfnd@physx@@YAHPEAUSortedNeighbor@GrbTrimeshCookerHelper@2@HHAEBU?$Less@USortedNeighbor@GrbTrimeshCookerHelper@physx@@@12@@Z 000000018001c0b0 f i TriangleMeshBuilder.obj
 0001:0001b350       ??$smallSort@UEdgeTriLookup@physx@@$$CBU?$Less@UEdgeTriLookup@physx@@@shdfnd@2@@internal@shdfnd@physx@@YAXPEAUEdgeTriLookup@2@HHAEBU?$Less@UEdgeTriLookup@physx@@@12@@Z 000000018001c350 f i TriangleMeshBuilder.obj
 0001:0001b480       ??$smallSort@USortedNeighbor@GrbTrimeshCookerHelper@physx@@$$CBU?$Less@USortedNeighbor@GrbTrimeshCookerHelper@physx@@@shdfnd@3@@internal@shdfnd@physx@@YAXPEAUSortedNeighbor@GrbTrimeshCookerHelper@2@HHAEBU?$Less@USortedNeighbor@GrbTrimeshCookerHelper@physx@@@12@@Z 000000018001c480 f i TriangleMeshBuilder.obj
 0001:0001b5b0       ??$sort@UEdgeTriLookup@physx@@@shdfnd@physx@@YAXPEAUEdgeTriLookup@1@I@Z 000000018001c5b0 f i TriangleMeshBuilder.obj
 0001:0001b610       ??$sort@UEdgeTriLookup@physx@@U?$Less@UEdgeTriLookup@physx@@@shdfnd@2@VNamedAllocator@42@@shdfnd@physx@@YAXPEAUEdgeTriLookup@1@IAEBU?$Less@UEdgeTriLookup@physx@@@01@AEBVNamedAllocator@01@I@Z 000000018001c610 f i TriangleMeshBuilder.obj
 0001:0001b9d0       ??$sort@USortedNeighbor@GrbTrimeshCookerHelper@physx@@@shdfnd@physx@@YAXPEAUSortedNeighbor@GrbTrimeshCookerHelper@1@I@Z 000000018001c9d0 f i TriangleMeshBuilder.obj
 0001:0001ba30       ??$sort@USortedNeighbor@GrbTrimeshCookerHelper@physx@@U?$Less@USortedNeighbor@GrbTrimeshCookerHelper@physx@@@shdfnd@3@VNamedAllocator@53@@shdfnd@physx@@YAXPEAUSortedNeighbor@GrbTrimeshCookerHelper@1@IAEBU?$Less@USortedNeighbor@GrbTrimeshCookerHelper@physx@@@01@AEBVNamedAllocator@01@I@Z 000000018001ca30 f i TriangleMeshBuilder.obj
 0001:0001bdf0       ??$swap@UEdgeTriLookup@physx@@@shdfnd@physx@@YAXAEAUEdgeTriLookup@1@0@Z 000000018001cdf0 f i TriangleMeshBuilder.obj
 0001:0001be60       ??$swap@USortedNeighbor@GrbTrimeshCookerHelper@physx@@@shdfnd@physx@@YAXAEAUSortedNeighbor@GrbTrimeshCookerHelper@1@0@Z 000000018001ce60 f i TriangleMeshBuilder.obj
 0001:0001bed0       ??0?$Array@IVNamedAllocator@shdfnd@physx@@@shdfnd@physx@@QEAA@AEBVNamedAllocator@12@@Z 000000018001ced0 f i TriangleMeshBuilder.obj
 0001:0001bf30       ??0?$PxFlags@W4Enum@PxMeshFlag@physx@@G@physx@@QEAA@AEBV01@@Z 000000018001cf30 f i TriangleMeshBuilder.obj
 0001:0001bf60       ??0?$PxFlags@W4Enum@PxMeshFlag@physx@@G@physx@@QEAA@W4Enum@PxMeshFlag@1@@Z 000000018001cf60 f i TriangleMeshBuilder.obj
 0001:0001bf90       ??0?$PxFlags@W4Enum@PxMeshFlag@physx@@G@physx@@QEAA@XZ 000000018001cf90 f i TriangleMeshBuilder.obj
 0001:0001bfb0       ??0?$PxFlags@W4Enum@PxMeshPreprocessingFlag@physx@@I@physx@@QEAA@AEBV01@@Z 000000018001cfb0 f i TriangleMeshBuilder.obj
 0001:0001bfe0       ??0?$ReflectionAllocator@E@shdfnd@physx@@QEAA@PEBD@Z 000000018001cfe0 f i TriangleMeshBuilder.obj
 0001:0001c000       ??0?$ReflectionAllocator@G@shdfnd@physx@@QEAA@PEBD@Z 000000018001d000 f i TriangleMeshBuilder.obj
 0001:0001c020       ??0?$ReflectionAllocator@I@shdfnd@physx@@QEAA@PEBD@Z 000000018001d020 f i TriangleMeshBuilder.obj
 0001:0001c040       ??0?$ReflectionAllocator@VBV32Tree@Gu@physx@@@shdfnd@physx@@QEAA@PEBD@Z 000000018001d040 f i TriangleMeshBuilder.obj
 0001:0001c060       ??0?$ReflectionAllocator@VEdgeListBuilder@Gu@physx@@@shdfnd@physx@@QEAA@PEBD@Z 000000018001d060 f i TriangleMeshBuilder.obj
 0001:0001c080       ??0BV4TriangleData@Gu@physx@@QEAA@XZ 000000018001d080 f i TriangleMeshBuilder.obj
 0001:0001c100       ??0EDGELISTCREATE@Gu@physx@@QEAA@XZ 000000018001d100 f i TriangleMeshBuilder.obj
 0001:0001c180       ??0PxPlane@physx@@QEAA@AEBVPxVec3@1@0@Z 000000018001d180 f i TriangleMeshBuilder.obj
 0001:0001c1f0       ??0PxSimpleTriangleMesh@physx@@QEAA@AEBV01@@Z 000000018001d1f0 f i TriangleMeshBuilder.obj
 0001:0001c270       ??0PxTriangleMeshDesc@physx@@QEAA@AEBV01@@Z 000000018001d270 f i TriangleMeshBuilder.obj
 0001:0001c2d0       ??0PxVec4@physx@@QEAA@XZ   000000018001d2d0 f i TriangleMeshBuilder.obj
 0001:0001c2e0       ??0RTree@Gu@physx@@QEAA@XZ 000000018001d2e0 f i TriangleMeshBuilder.obj
 0001:0001c3a0       ??0RTreeCookerRemap@physx@@QEAA@I@Z 000000018001d3a0 f i TriangleMeshBuilder.obj
 0001:0001c3f0       ??0RTreeTriangleData@Gu@physx@@QEAA@XZ 000000018001d3f0 f i TriangleMeshBuilder.obj
 0001:0001c450       ??0RemapCallback@RTreeCooker@physx@@QEAA@XZ 000000018001d450 f i TriangleMeshBuilder.obj
 0001:0001c470       ??0SharpEdgeRange@GrbTrimeshCookerHelper@physx@@QEAA@II@Z 000000018001d470 f i TriangleMeshBuilder.obj
 0001:0001c4b0       ??0SharpEdgeRange@GrbTrimeshCookerHelper@physx@@QEAA@XZ 000000018001d4b0 f i TriangleMeshBuilder.obj
 0001:0001c4e0       ??0SortedNeighbor@GrbTrimeshCookerHelper@physx@@QEAA@II_N@Z 000000018001d4e0 f i TriangleMeshBuilder.obj
 0001:0001c530       ??0TriangleMeshData@Gu@physx@@QEAA@XZ 000000018001d530 f i TriangleMeshBuilder.obj
 0001:0001c650       ??1BV4TriangleData@Gu@physx@@UEAA@XZ 000000018001d650 f i TriangleMeshBuilder.obj
 0001:0001c6c0       ??1RTree@Gu@physx@@QEAA@XZ 000000018001d6c0 f i TriangleMeshBuilder.obj
 0001:0001c6e0       ??1RTreeCookerRemap@physx@@UEAA@XZ 000000018001d6e0 f i TriangleMeshBuilder.obj
 0001:0001c700       ??1RTreeTriangleData@Gu@physx@@UEAA@XZ 000000018001d700 f i TriangleMeshBuilder.obj
 0001:0001c750       ??1RemapCallback@RTreeCooker@physx@@UEAA@XZ 000000018001d750 f i TriangleMeshBuilder.obj
 0001:0001c770       ??1TriangleMeshData@Gu@physx@@UEAA@XZ 000000018001d770 f i TriangleMeshBuilder.obj
 0001:0001ca50       ??3UserAllocated@shdfnd@physx@@SAXPEAX@Z 000000018001da50 f i TriangleMeshBuilder.obj
 0001:0001ca80       ??A?$Array@USharpEdgeRange@GrbTrimeshCookerHelper@physx@@VNamedAllocator@shdfnd@3@@shdfnd@physx@@QEAAAEAUSharpEdgeRange@GrbTrimeshCookerHelper@2@I@Z 000000018001da80 f i TriangleMeshBuilder.obj
 0001:0001cb20       ??A?$Array@USortedNeighbor@GrbTrimeshCookerHelper@physx@@VNamedAllocator@shdfnd@3@@shdfnd@physx@@QEAAAEAUSortedNeighbor@GrbTrimeshCookerHelper@2@I@Z 000000018001db20 f i TriangleMeshBuilder.obj
 0001:0001cbc0       ??APxVec3@physx@@QEAAAEAMI@Z 000000018001dbc0 f i TriangleMeshBuilder.obj
 0001:0001cc50       ??B?$PxFlags@W4Enum@PxMeshFlag@physx@@G@physx@@QEBA_NXZ 000000018001dc50 f i TriangleMeshBuilder.obj
 0001:0001cc90       ??B?$PxFlags@W4Enum@PxMeshPreprocessingFlag@physx@@I@physx@@QEBA_NXZ 000000018001dc90 f i TriangleMeshBuilder.obj
 0001:0001ccc0       ??DPxVec3@physx@@QEBA?AV01@M@Z 000000018001dcc0 f i TriangleMeshBuilder.obj
 0001:0001cd50       ??GPxVec3@physx@@QEBA?AV01@AEBV01@@Z 000000018001dd50 f i TriangleMeshBuilder.obj
 0001:0001cdf0       ??I?$PxFlags@W4Enum@PxMeshFlag@physx@@G@physx@@QEBA?AV01@W4Enum@PxMeshFlag@1@@Z 000000018001ddf0 f i TriangleMeshBuilder.obj
 0001:0001ce60       ??I?$PxFlags@W4Enum@PxMeshPreprocessingFlag@physx@@I@physx@@QEBA?AV01@W4Enum@PxMeshPreprocessingFlag@1@@Z 000000018001de60 f i TriangleMeshBuilder.obj
 0001:0001cec0       ??MEdgeTriLookup@physx@@QEBA_NAEBU01@@Z 000000018001dec0 f i TriangleMeshBuilder.obj
 0001:0001cf30       ??MSortedNeighbor@GrbTrimeshCookerHelper@physx@@QEBA_NAEBU012@@Z 000000018001df30 f i TriangleMeshBuilder.obj
 0001:0001cff0       ??NEdgeTriLookup@physx@@QEBA_NAEBU01@@Z 000000018001dff0 f i TriangleMeshBuilder.obj
 0001:0001d060       ??R?$Less@UEdgeTriLookup@physx@@@shdfnd@physx@@QEBA_NAEBUEdgeTriLookup@2@0@Z 000000018001e060 f i TriangleMeshBuilder.obj
 0001:0001d090       ??R?$Less@USortedNeighbor@GrbTrimeshCookerHelper@physx@@@shdfnd@physx@@QEBA_NAEBUSortedNeighbor@GrbTrimeshCookerHelper@2@0@Z 000000018001e090 f i TriangleMeshBuilder.obj
 0001:0001d0c0       ??S?$PxFlags@W4Enum@PxMeshFlag@physx@@G@physx@@QEBA?AV01@XZ 000000018001e0c0 f i TriangleMeshBuilder.obj
 0001:0001d110       ??Sphysx@@YA?AV?$PxFlags@W4Enum@PxMeshFlag@physx@@G@0@W4Enum@PxMeshFlag@0@@Z 000000018001e110 f i TriangleMeshBuilder.obj
 0001:0001d150       ??_4?$PxFlags@W4Enum@PxMeshFlag@physx@@G@physx@@QEAAAEAV01@AEBV01@@Z 000000018001e150 f i TriangleMeshBuilder.obj
 0001:0001d190       ??_GBV32Tree@Gu@physx@@QEAAPEAXI@Z 000000018001e190 f i TriangleMeshBuilder.obj
 0001:0001d200       ??_EBV4TriangleData@Gu@physx@@UEAAPEAXI@Z 000000018001e200 f i TriangleMeshBuilder.obj
 0001:0001d200       ??_GBV4TriangleData@Gu@physx@@UEAAPEAXI@Z 000000018001e200 f i TriangleMeshBuilder.obj
 0001:0001d270       ??_EBV4TriangleMeshBuilder@physx@@UEAAPEAXI@Z 000000018001e270 f i TriangleMeshBuilder.obj
 0001:0001d270       ??_GBV4TriangleMeshBuilder@physx@@UEAAPEAXI@Z 000000018001e270 f i TriangleMeshBuilder.obj
 0001:0001d2c0       ??_GEdgeListBuilder@Gu@physx@@QEAAPEAXI@Z 000000018001e2c0 f i TriangleMeshBuilder.obj
 0001:0001d330       ??_GRTreeCookerRemap@physx@@UEAAPEAXI@Z 000000018001e330 f i TriangleMeshBuilder.obj
 0001:0001d330       ??_ERTreeCookerRemap@physx@@UEAAPEAXI@Z 000000018001e330 f i TriangleMeshBuilder.obj
 0001:0001d380       ??_GRTreeTriangleData@Gu@physx@@UEAAPEAXI@Z 000000018001e380 f i TriangleMeshBuilder.obj
 0001:0001d380       ??_ERTreeTriangleData@Gu@physx@@UEAAPEAXI@Z 000000018001e380 f i TriangleMeshBuilder.obj
 0001:0001d3f0       ??_GRTreeTriangleMeshBuilder@physx@@UEAAPEAXI@Z 000000018001e3f0 f i TriangleMeshBuilder.obj
 0001:0001d3f0       ??_ERTreeTriangleMeshBuilder@physx@@UEAAPEAXI@Z 000000018001e3f0 f i TriangleMeshBuilder.obj
 0001:0001d440       ??_GRemapCallback@RTreeCooker@physx@@UEAAPEAXI@Z 000000018001e440 f i TriangleMeshBuilder.obj
 0001:0001d440       ??_ERemapCallback@RTreeCooker@physx@@UEAAPEAXI@Z 000000018001e440 f i TriangleMeshBuilder.obj
 0001:0001d490       ??_GTriangleMeshBuilder@physx@@UEAAPEAXI@Z 000000018001e490 f i TriangleMeshBuilder.obj
 0001:0001d490       ??_ETriangleMeshBuilder@physx@@UEAAPEAXI@Z 000000018001e490 f i TriangleMeshBuilder.obj
 0001:0001d4e0       ??_ETriangleMeshData@Gu@physx@@UEAAPEAXI@Z 000000018001e4e0 f i TriangleMeshBuilder.obj
 0001:0001d4e0       ??_GTriangleMeshData@Gu@physx@@UEAAPEAXI@Z 000000018001e4e0 f i TriangleMeshBuilder.obj
 0001:0001d550       ?HasActiveEdge01@EdgeTriangleAC@Gu@physx@@SAHAEBUEdgeTriangleData@23@@Z 000000018001e550 f i TriangleMeshBuilder.obj
 0001:0001d580       ?HasActiveEdge12@EdgeTriangleAC@Gu@physx@@SAHAEBUEdgeTriangleData@23@@Z 000000018001e580 f i TriangleMeshBuilder.obj
 0001:0001d5b0       ?HasActiveEdge20@EdgeTriangleAC@Gu@physx@@SAHAEBUEdgeTriangleData@23@@Z 000000018001e5b0 f i TriangleMeshBuilder.obj
 0001:0001d5e0       ?LeafSetData@Gu@physx@@YAIII@Z 000000018001e5e0 f i TriangleMeshBuilder.obj
 0001:0001d6f0       ?PxRecipSqrt@physx@@YAMM@Z 000000018001e6f0 f i TriangleMeshBuilder.obj
 0001:0001d710       ?SetData@LeafTriangles@Gu@physx@@QEAAXII@Z 000000018001e710 f i TriangleMeshBuilder.obj
 0001:0001d750       ?WriteDwordBuffer@physx@@YAXPEBII_NAEAVPxOutputStream@1@@Z 000000018001e750 f i TriangleMeshBuilder.obj
 0001:0001d7a0       ?allocate@?$Array@USharpEdgeRange@GrbTrimeshCookerHelper@physx@@VNamedAllocator@shdfnd@3@@shdfnd@physx@@IEAAPEAUSharpEdgeRange@GrbTrimeshCookerHelper@3@I@Z 000000018001e7a0 f i TriangleMeshBuilder.obj
 0001:0001d850       ?allocate@?$Array@USortedNeighbor@GrbTrimeshCookerHelper@physx@@VNamedAllocator@shdfnd@3@@shdfnd@physx@@IEAAPEAUSortedNeighbor@GrbTrimeshCookerHelper@3@I@Z 000000018001e850 f i TriangleMeshBuilder.obj
 0001:0001d900       ?allocate@?$ReflectionAllocator@E@shdfnd@physx@@QEAAPEAX_KPEBDH@Z 000000018001e900 f i TriangleMeshBuilder.obj
 0001:0001d9a0       ?allocate@?$ReflectionAllocator@G@shdfnd@physx@@QEAAPEAX_KPEBDH@Z 000000018001e9a0 f i TriangleMeshBuilder.obj
 0001:0001da40       ?allocate@?$ReflectionAllocator@I@shdfnd@physx@@QEAAPEAX_KPEBDH@Z 000000018001ea40 f i TriangleMeshBuilder.obj
 0001:0001dae0       ?allocate@?$ReflectionAllocator@VBV32Tree@Gu@physx@@@shdfnd@physx@@QEAAPEAX_KPEBDH@Z 000000018001eae0 f i TriangleMeshBuilder.obj
 0001:0001db80       ?allocate@?$ReflectionAllocator@VEdgeListBuilder@Gu@physx@@@shdfnd@physx@@QEAAPEAX_KPEBDH@Z 000000018001eb80 f i TriangleMeshBuilder.obj
 0001:0001dc20       ?allocateMaterials@TriangleMeshData@Gu@physx@@QEAAPEAGXZ 000000018001ec20 f i TriangleMeshBuilder.obj
 0001:0001dd90       ?allocateTriangles@TriangleMeshData@Gu@physx@@QEAAPEAXI_NI@Z 000000018001ed90 f i TriangleMeshBuilder.obj
 0001:0001e060       ?allocateVertices@TriangleMeshData@Gu@physx@@QEAAPEAVPxVec3@3@I@Z 000000018001f060 f i TriangleMeshBuilder.obj
 0001:0001e170       ?begin@?$Array@USortedNeighbor@GrbTrimeshCookerHelper@physx@@VNamedAllocator@shdfnd@3@@shdfnd@physx@@QEAAPEAUSortedNeighbor@GrbTrimeshCookerHelper@3@XZ 000000018001f170 f i TriangleMeshBuilder.obj
 0001:0001e190       ?capacity@?$Array@USharpEdgeRange@GrbTrimeshCookerHelper@physx@@VNamedAllocator@shdfnd@3@@shdfnd@physx@@QEBAIXZ 000000018001f190 f i TriangleMeshBuilder.obj
 0001:0001e1b0       ?capacity@?$Array@USortedNeighbor@GrbTrimeshCookerHelper@physx@@VNamedAllocator@shdfnd@3@@shdfnd@physx@@QEBAIXZ 000000018001f1b0 f i TriangleMeshBuilder.obj
 0001:0001e1d0       ?capacityIncrement@?$Array@USortedNeighbor@GrbTrimeshCookerHelper@physx@@VNamedAllocator@shdfnd@3@@shdfnd@physx@@IEBAIXZ 000000018001f1d0 f i TriangleMeshBuilder.obj
 0001:0001e220       ?copy@?$Array@USharpEdgeRange@GrbTrimeshCookerHelper@physx@@VNamedAllocator@shdfnd@3@@shdfnd@physx@@KAXPEAUSharpEdgeRange@GrbTrimeshCookerHelper@3@0PEBU453@@Z 000000018001f220 f i TriangleMeshBuilder.obj
 0001:0001e2c0       ?copy@?$Array@USortedNeighbor@GrbTrimeshCookerHelper@physx@@VNamedAllocator@shdfnd@3@@shdfnd@physx@@KAXPEAUSortedNeighbor@GrbTrimeshCookerHelper@3@0PEBU453@@Z 000000018001f2c0 f i TriangleMeshBuilder.obj
 0001:0001e360       ?create@?$Array@USharpEdgeRange@GrbTrimeshCookerHelper@physx@@VNamedAllocator@shdfnd@3@@shdfnd@physx@@KAXPEAUSharpEdgeRange@GrbTrimeshCookerHelper@3@0AEBU453@@Z 000000018001f360 f i TriangleMeshBuilder.obj
 0001:0001e3d0       ?cross@PxVec3@physx@@QEBA?AV12@AEBV12@@Z 000000018001f3d0 f i TriangleMeshBuilder.obj
 0001:0001e4c0       ?deallocate@?$AlignedAllocator@$0IA@VNonTrackingAllocator@shdfnd@physx@@@shdfnd@physx@@QEAAXPEAX@Z 000000018001f4c0 f i TriangleMeshBuilder.obj
 0001:0001e530       ?deallocate@?$Array@USharpEdgeRange@GrbTrimeshCookerHelper@physx@@VNamedAllocator@shdfnd@3@@shdfnd@physx@@IEAAXPEAX@Z 000000018001f530 f i TriangleMeshBuilder.obj
 0001:0001e560       ?deallocate@?$Array@USortedNeighbor@GrbTrimeshCookerHelper@physx@@VNamedAllocator@shdfnd@3@@shdfnd@physx@@IEAAXPEAX@Z 000000018001f560 f i TriangleMeshBuilder.obj
 0001:0001e590       ?destroy@?$Array@USharpEdgeRange@GrbTrimeshCookerHelper@physx@@VNamedAllocator@shdfnd@3@@shdfnd@physx@@KAXPEAUSharpEdgeRange@GrbTrimeshCookerHelper@3@0@Z 000000018001f590 f i TriangleMeshBuilder.obj
 0001:0001e5d0       ?destroy@?$Array@USortedNeighbor@GrbTrimeshCookerHelper@physx@@VNamedAllocator@shdfnd@3@@shdfnd@physx@@KAXPEAUSortedNeighbor@GrbTrimeshCookerHelper@3@0@Z 000000018001f5d0 f i TriangleMeshBuilder.obj
 0001:0001e610       ?distance@PxPlane@physx@@QEBAMAEBVPxVec3@2@@Z 000000018001f610 f i TriangleMeshBuilder.obj
 0001:0001e650       ?dot@PxVec3@physx@@QEBAMAEBV12@@Z 000000018001f650 f i TriangleMeshBuilder.obj
 0001:0001e6b0       ?findEdgeCCW@?$TriangleT@I@Gu@physx@@QEBAEII@Z 000000018001f6b0 f i TriangleMeshBuilder.obj
 0001:0001e860       ?gatherStrided@Cooking@physx@@SAXPEBXPEAXIII@Z 000000018001f860 f i TriangleMeshBuilder.obj
 0001:0001e910       ?getEdgeToTriangles@EdgeList@Gu@physx@@QEBAPEBUEdgeDescData@23@XZ 000000018001f910 f i TriangleMeshBuilder.obj
 0001:0001e930       ?getEdgeTriangle@EdgeList@Gu@physx@@QEBAAEBUEdgeTriangleData@23@I@Z 000000018001f930 f i TriangleMeshBuilder.obj
 0001:0001e960       ?getEdges@EdgeList@Gu@physx@@QEBAPEBUEdgeData@23@XZ 000000018001f960 f i TriangleMeshBuilder.obj
 0001:0001e980       ?getFacesByEdges@EdgeList@Gu@physx@@QEBAPEBIXZ 000000018001f980 f i TriangleMeshBuilder.obj
 0001:0001e9a0       ?getFoundation@shdfnd@physx@@YAAEAVFoundation@12@XZ 000000018001f9a0 f i TriangleMeshBuilder.obj
 0001:0001e9c0       ?getMidphaseID@BV4TriangleMeshBuilder@physx@@UEBA?AW4Enum@PxMeshMidPhase@2@XZ 000000018001f9c0 f i TriangleMeshBuilder.obj
 0001:0001e9d0       ?getMidphaseID@RTreeTriangleMeshBuilder@physx@@UEBA?AW4Enum@PxMeshMidPhase@2@XZ 000000018001f9d0 f i TriangleMeshBuilder.obj
 0001:0001e9e0       ?getName@?$ReflectionAllocator@E@shdfnd@physx@@CAPEBDXZ 000000018001f9e0 f i TriangleMeshBuilder.obj
 0001:0001ea30       ?getName@?$ReflectionAllocator@G@shdfnd@physx@@CAPEBDXZ 000000018001fa30 f i TriangleMeshBuilder.obj
 0001:0001ea80       ?getName@?$ReflectionAllocator@I@shdfnd@physx@@CAPEBDXZ 000000018001fa80 f i TriangleMeshBuilder.obj
 0001:0001ead0       ?getName@?$ReflectionAllocator@VBV32Tree@Gu@physx@@@shdfnd@physx@@CAPEBDXZ 000000018001fad0 f i TriangleMeshBuilder.obj
 0001:0001eb20       ?getName@?$ReflectionAllocator@VEdgeListBuilder@Gu@physx@@@shdfnd@physx@@CAPEBDXZ 000000018001fb20 f i TriangleMeshBuilder.obj
 0001:0001eb70       ?getNbEdges@EdgeList@Gu@physx@@QEBAIXZ 000000018001fb70 f i TriangleMeshBuilder.obj
 0001:0001eb80       ?getNbFaces@EdgeList@Gu@physx@@QEBAIXZ 000000018001fb80 f i TriangleMeshBuilder.obj
 0001:0001eba0       ?getNormalized@PxVec3@physx@@QEBA?AV12@XZ 000000018001fba0 f i TriangleMeshBuilder.obj
 0001:0001ec50       ?getRemap@SourceMesh@Gu@physx@@QEBAPEBIXZ 000000018001fc50 f i TriangleMeshBuilder.obj
 0001:0001ec70       ?getType@PxMidphaseDesc@physx@@QEBA?AW4Enum@PxMeshMidPhase@2@XZ 000000018001fc70 f i TriangleMeshBuilder.obj
 0001:0001ec90       ?grow@?$Array@USharpEdgeRange@GrbTrimeshCookerHelper@physx@@VNamedAllocator@shdfnd@3@@shdfnd@physx@@IEAAXI@Z 000000018001fc90 f i TriangleMeshBuilder.obj
 0001:0001ed30       ?grow@?$Array@USortedNeighbor@GrbTrimeshCookerHelper@physx@@VNamedAllocator@shdfnd@3@@shdfnd@physx@@IEAAXI@Z 000000018001fd30 f i TriangleMeshBuilder.obj
 0001:0001edd0       ?growAndPushBack@?$Array@USortedNeighbor@GrbTrimeshCookerHelper@physx@@VNamedAllocator@shdfnd@3@@shdfnd@physx@@IEAAAEAUSortedNeighbor@GrbTrimeshCookerHelper@3@AEBU453@@Z 000000018001fdd0 f i TriangleMeshBuilder.obj
 0001:0001f010       ?has16BitIndices@TriangleMeshData@Gu@physx@@QEBA_NXZ 0000000180020010 f i TriangleMeshBuilder.obj
 0001:0001f050       ?initRemap@SourceMesh@Gu@physx@@QEAAXXZ 0000000180020050 f i TriangleMeshBuilder.obj
 0001:0001f070       ?isInUserMemory@?$Array@USharpEdgeRange@GrbTrimeshCookerHelper@physx@@VNamedAllocator@shdfnd@3@@shdfnd@physx@@QEBAIXZ 0000000180020070 f i TriangleMeshBuilder.obj
 0001:0001f090       ?isInUserMemory@?$Array@USortedNeighbor@GrbTrimeshCookerHelper@physx@@VNamedAllocator@shdfnd@3@@shdfnd@physx@@QEBAIXZ 0000000180020090 f i TriangleMeshBuilder.obj
 0001:0001f0b0       ?isValid@PxBVH33MidphaseDesc@physx@@QEBA_NXZ 00000001800200b0 f i TriangleMeshBuilder.obj
 0001:0001f0f0       ?isValid@PxBVH34MidphaseDesc@physx@@QEBA_NXZ 00000001800200f0 f i TriangleMeshBuilder.obj
 0001:0001f120       ?isValid@PxMidphaseDesc@physx@@QEBA_NXZ 0000000180020120 f i TriangleMeshBuilder.obj
 0001:0001f180       ?isValid@PxSimpleTriangleMesh@physx@@QEBA_NXZ 0000000180020180 f i TriangleMeshBuilder.obj
 0001:0001f290       ?isValid@PxTriangleMeshDesc@physx@@QEBA_NXZ 0000000180020290 f i TriangleMeshBuilder.obj
 0001:0001f320       ?magnitudeSquared@PxVec3@physx@@QEBAMXZ 0000000180020320 f i TriangleMeshBuilder.obj
 0001:0001f380       ?name@type_info@@QEBAPEBDXZ 0000000180020380 f i TriangleMeshBuilder.obj
 0001:0001f3b0       ?onMeshIndexFormatChange@TriangleMeshBuilder@physx@@UEAAXXZ 00000001800203b0 f i TriangleMeshBuilder.obj
 0001:0001f3c0       ?pushBack@?$Array@USortedNeighbor@GrbTrimeshCookerHelper@physx@@VNamedAllocator@shdfnd@3@@shdfnd@physx@@QEAAAEAUSortedNeighbor@GrbTrimeshCookerHelper@3@AEBU453@@Z 00000001800203c0 f i TriangleMeshBuilder.obj
 0001:0001f490       ?recipSqrt@intrinsics@physx@@YAMM@Z 0000000180020490 f i TriangleMeshBuilder.obj
 0001:0001f4d0       ?recreate@?$Array@USharpEdgeRange@GrbTrimeshCookerHelper@physx@@VNamedAllocator@shdfnd@3@@shdfnd@physx@@IEAAXI@Z 00000001800204d0 f i TriangleMeshBuilder.obj
 0001:0001f630       ?recreate@?$Array@USortedNeighbor@GrbTrimeshCookerHelper@physx@@VNamedAllocator@shdfnd@3@@shdfnd@physx@@IEAAXI@Z 0000000180020630 f i TriangleMeshBuilder.obj
 0001:0001f790       ?release@RTree@Gu@physx@@QEAAXXZ 0000000180020790 f i TriangleMeshBuilder.obj
 0001:0001f810       ?releaseRemap@SourceMesh@Gu@physx@@QEAAXXZ 0000000180020810 f i TriangleMeshBuilder.obj
 0001:0001f860       ?remap@RTreeCookerRemap@physx@@UEAAXPEAIII@Z 0000000180020860 f i TriangleMeshBuilder.obj
 0001:0001fad0       ?reserve@?$Array@USharpEdgeRange@GrbTrimeshCookerHelper@physx@@VNamedAllocator@shdfnd@3@@shdfnd@physx@@QEAAXI@Z 0000000180020ad0 f i TriangleMeshBuilder.obj
 0001:0001fb10       ?reserve@?$Array@USortedNeighbor@GrbTrimeshCookerHelper@physx@@VNamedAllocator@shdfnd@3@@shdfnd@physx@@QEAAXI@Z 0000000180020b10 f i TriangleMeshBuilder.obj
 0001:0001fb50       ?resize@?$Array@USharpEdgeRange@GrbTrimeshCookerHelper@physx@@VNamedAllocator@shdfnd@3@@shdfnd@physx@@QEAAXIAEBUSharpEdgeRange@GrbTrimeshCookerHelper@3@@Z 0000000180020b50 f i TriangleMeshBuilder.obj
 0001:0001fc10       ?resizeUninitialized@?$Array@USortedNeighbor@GrbTrimeshCookerHelper@physx@@VNamedAllocator@shdfnd@3@@shdfnd@physx@@QEAAXI@Z 0000000180020c10 f i TriangleMeshBuilder.obj
 0001:0001fc50       ?setNbTriangles@SourceMesh@Gu@physx@@QEAAXI@Z 0000000180020c50 f i TriangleMeshBuilder.obj
 0001:0001fc70       ?setNbVertices@SourceMesh@Gu@physx@@QEAAXI@Z 0000000180020c70 f i TriangleMeshBuilder.obj
 0001:0001fc90       ?setPointers@SourceMesh@Gu@physx@@QEAAXPEAVIndTri32@23@PEAVIndTri16@23@PEBVPxVec3@3@@Z 0000000180020c90 f i TriangleMeshBuilder.obj
 0001:0001fce0       ?setTriangleAdjacency@TriangleMeshData@Gu@physx@@QEAAXIII@Z 0000000180020ce0 f i TriangleMeshBuilder.obj
 0001:0001fd90       ?size@?$Array@USortedNeighbor@GrbTrimeshCookerHelper@physx@@VNamedAllocator@shdfnd@3@@shdfnd@physx@@QEBAIXZ 0000000180020d90 f i TriangleMeshBuilder.obj
 0001:0001fdb0       ?to16@shdfnd@physx@@YAGI@Z 0000000180020db0 f i TriangleMeshBuilder.obj
 0001:0001fe30       ?writeChunk@physx@@YAXCCCCAEAVPxOutputStream@1@@Z 0000000180020e30 f i TriangleMeshBuilder.obj
 0001:0001fee0       ?writeIntBuffer@physx@@YAXPEBII_NAEAVPxOutputStream@1@@Z 0000000180020ee0 f i TriangleMeshBuilder.obj
 0001:0001ff30       ??0BigConvexDataBuilder@physx@@QEAA@PEBUConvexHullData@Gu@1@PEAVBigConvexData@1@PEBVPxVec3@1@@Z 0000000180020f30 f   BigConvexDataBuilder.obj
 0001:0001ff80       ??1BigConvexDataBuilder@physx@@QEAA@XZ 0000000180020f80 f   BigConvexDataBuilder.obj
 0001:0001ff90       ?precompute@BigConvexDataBuilder@physx@@QEAA_NI@Z 0000000180020f90 f   BigConvexDataBuilder.obj
 0001:000205b0       ?initialize@BigConvexDataBuilder@physx@@QEAA_NXZ 00000001800215b0 f   BigConvexDataBuilder.obj
 0001:00020620       ?save@BigConvexDataBuilder@physx@@QEBA_NAEAVPxOutputStream@2@_N@Z 0000000180021620 f   BigConvexDataBuilder.obj
 0001:00020750       ?computeValencies@BigConvexDataBuilder@physx@@QEAA_NAEBVConvexHullBuilder@2@@Z 0000000180021750 f   BigConvexDataBuilder.obj
 0001:00020f90       ?saveValencies@BigConvexDataBuilder@physx@@QEBA_NAEAVPxOutputStream@2@_N@Z 0000000180021f90 f   BigConvexDataBuilder.obj
 0001:00021680       ??B?$PxBitAndDataT@G$0IAAA@@physx@@QEBAGXZ 0000000180022680 f i BigConvexDataBuilder.obj
 0001:000216a0       ??_0PxVec3@physx@@QEAAAEAV01@M@Z 00000001800226a0 f i BigConvexDataBuilder.obj
 0001:00021730       ?PxMemZero@physx@@YAPEAXPEAXI@Z 0000000180022730 f i BigConvexDataBuilder.obj
 0001:00021760       ?PxSqrt@physx@@YAMM@Z      0000000180022760 f i BigConvexDataBuilder.obj
 0001:00021780       ?magnitude@PxVec3@physx@@QEBAMXZ 0000000180022780 f i BigConvexDataBuilder.obj
 0001:000217b0       ?memZero@intrinsics@physx@@YAPEAXPEAXI@Z 00000001800227b0 f i BigConvexDataBuilder.obj
 0001:000217f0       ?normalize@PxVec3@physx@@QEAAMXZ 00000001800227f0 f i BigConvexDataBuilder.obj
 0001:00021850       ?precomputeSample@BigConvexDataBuilder@physx@@IEAAXAEBVPxVec3@2@AEAEM@Z 0000000180022850 f i BigConvexDataBuilder.obj
 0001:00021b10       ?sqrt@intrinsics@physx@@YAMM@Z 0000000180022b10 f i BigConvexDataBuilder.obj
 0001:00021bc0       ??0ConvexHullBuilder@physx@@QEAA@PEAUConvexHullData@Gu@1@_N@Z 0000000180022bc0 f   ConvexHullBuilder.obj
 0001:00021c50       ??1ConvexHullBuilder@physx@@QEAA@XZ 0000000180022c50 f   ConvexHullBuilder.obj
 0001:00021d90       ?init@ConvexHullBuilder@physx@@QEAA_NIPEBVPxVec3@2@PEBIIIPEBUPxHullPolygon@2@_NPEAVConvexHullLib@2@@Z 0000000180022d90 f   ConvexHullBuilder.obj
 0001:00022660       ?save@ConvexHullBuilder@physx@@QEBA_NAEAVPxOutputStream@2@_N@Z 0000000180023660 f   ConvexHullBuilder.obj
 0001:00022a90       ?copy@ConvexHullBuilder@physx@@QEAA_NAEAUConvexHullData@Gu@2@AEAI@Z 0000000180023a90 f   ConvexHullBuilder.obj
 0001:00023220       ?createEdgeList@ConvexHullBuilder@physx@@QEAA_N_NI@Z 0000000180024220 f   ConvexHullBuilder.obj
 0001:00024020       ?checkHullPolygons@ConvexHullBuilder@physx@@QEBA_NXZ 0000000180025020 f   ConvexHullBuilder.obj
 0001:000248d0       ?calculateVertexMapTable@ConvexHullBuilder@physx@@QEAA_NI_N@Z 00000001800258d0 f   ConvexHullBuilder.obj
 0001:00024b80       ?computeGeomCenter@ConvexHullBuilder@physx@@IEBA_NAEAVPxVec3@2@IPEAUHullTriangleData@2@@Z 0000000180025b80 f   ConvexHullBuilder.obj
 0001:000259a0       ??$?_UUEdgeDescData@Gu@physx@@@@YAPEAX_KV?$ReflectionAllocator@UEdgeDescData@Gu@physx@@@shdfnd@physx@@PEBDH@Z 00000001800269a0 f i ConvexHullBuilder.obj
 0001:000259f0       ??$?_U_N@@YAPEAX_KV?$ReflectionAllocator@_N@shdfnd@physx@@PEBDH@Z 00000001800269f0 f i ConvexHullBuilder.obj
 0001:00025a40       ??0?$PxBitAndDataT@G$0IAAA@@physx@@QEAA@G_N@Z 0000000180026a40 f i ConvexHullBuilder.obj
 0001:00025aa0       ??0?$ReflectionAllocator@UEdgeDescData@Gu@physx@@@shdfnd@physx@@QEAA@PEBD@Z 0000000180026aa0 f i ConvexHullBuilder.obj
 0001:00025ac0       ??0?$ReflectionAllocator@_N@shdfnd@physx@@QEAA@PEBD@Z 0000000180026ac0 f i ConvexHullBuilder.obj
 0001:00025ae0       ??0?$TriangleT@I@Gu@physx@@QEAA@III@Z 0000000180026ae0 f i ConvexHullBuilder.obj
 0001:00025b50       ??0HullPolygonData@Gu@physx@@QEAA@AEBU012@@Z 0000000180026b50 f i ConvexHullBuilder.obj
 0001:00025bd0       ??0PxPlane@physx@@QEAA@AEBV01@@Z 0000000180026bd0 f i ConvexHullBuilder.obj
 0001:00025c20       ??0PxPlane@physx@@QEAA@MMMM@Z 0000000180026c20 f i ConvexHullBuilder.obj
 0001:00025c90       ??4PxPlane@physx@@QEAAAEAV01@$$QEAV01@@Z 0000000180026c90 f i ConvexHullBuilder.obj
 0001:00025ce0       ??YPxVec3@physx@@QEAAAEAV01@AEBV01@@Z 0000000180026ce0 f i ConvexHullBuilder.obj
 0001:00025d60       ?PxMemSet@physx@@YAPEAXPEAXHI@Z 0000000180026d60 f i ConvexHullBuilder.obj
 0001:00025da0       ?allocate@?$ReflectionAllocator@UEdgeDescData@Gu@physx@@@shdfnd@physx@@QEAAPEAX_KPEBDH@Z 0000000180026da0 f i ConvexHullBuilder.obj
 0001:00025e40       ?allocate@?$ReflectionAllocator@_N@shdfnd@physx@@QEAAPEAX_KPEBDH@Z 0000000180026e40 f i ConvexHullBuilder.obj
 0001:00025ee0       ?area@?$TriangleT@I@Gu@physx@@QEBAMPEBVPxVec3@3@@Z 0000000180026ee0 f i ConvexHullBuilder.obj
 0001:00026000       ?center@?$TriangleT@I@Gu@physx@@QEBAXPEBVPxVec3@3@AEAV43@@Z 0000000180027000 f i ConvexHullBuilder.obj
 0001:00026110       ?computeBufferSize@Gu@physx@@YAIAEBUConvexHullData@12@I@Z 0000000180027110 f i ConvexHullBuilder.obj
 0001:00026270       ?computeNbPolygons@ConvexHullBuilder@physx@@QEBAIXZ 0000000180027270 f i ConvexHullBuilder.obj
 0001:00026310       ?flip@physx@@YAXAEAG@Z     0000000180027310 f i ConvexHullBuilder.obj
 0001:00026390       ?flip@physx@@YAXAEAM@Z     0000000180027390 f i ConvexHullBuilder.obj
 0001:00026480       ?flipData@Gu@physx@@YAXAEAUHullPolygonData@12@@Z 0000000180027480 f i ConvexHullBuilder.obj
 0001:00026500       ?getName@?$ReflectionAllocator@UEdgeDescData@Gu@physx@@@shdfnd@physx@@CAPEBDXZ 0000000180027500 f i ConvexHullBuilder.obj
 0001:00026550       ?getName@?$ReflectionAllocator@_N@shdfnd@physx@@CAPEBDXZ 0000000180027550 f i ConvexHullBuilder.obj
 0001:000265a0       ?isBitSet@?$PxBitAndDataT@G$0IAAA@@physx@@QEBAGXZ 00000001800275a0 f i ConvexHullBuilder.obj
 0001:000265c0       ?memSet@intrinsics@physx@@YAPEAXPEAXHI@Z 00000001800275c0 f i ConvexHullBuilder.obj
 0001:00026600       ?to8@shdfnd@physx@@YAEI@Z  0000000180027600 f i ConvexHullBuilder.obj
 0001:00026680       ??1ConvexHullLib@physx@@UEAA@XZ 0000000180027680 f   ConvexHullLib.obj
 0001:00026700       ?cleanupVertices@ConvexHullLib@physx@@IEAA_NIPEBVPxVec3@2@IAEAIPEAV32@AEAV32@3@Z 0000000180027700 f   ConvexHullLib.obj
 0001:00026dd0       ?shiftAndcleanupVertices@ConvexHullLib@physx@@IEAA_NIPEBVPxVec3@2@IAEAIPEAV32@AEAV32@3@Z 0000000180027dd0 f   ConvexHullLib.obj
 0001:00026fe0       ?swapLargestFace@ConvexHullLib@physx@@IEAAXAEAVPxConvexMeshDesc@2@@Z 0000000180027fe0 f   ConvexHullLib.obj
 0001:000273d0       ?shiftConvexMeshDesc@ConvexHullLib@physx@@IEAAXAEAVPxConvexMeshDesc@2@@Z 00000001800283d0 f   ConvexHullLib.obj
 0001:00028170       ??0?$PxFlags@W4Enum@PxConvexFlag@physx@@G@physx@@QEAA@AEBV01@@Z 0000000180029170 f i ConvexHullLib.obj
 0001:000281a0       ??0PxBounds3@physx@@QEAA@XZ 00000001800291a0 f i ConvexHullLib.obj
 0001:000281e0       ??B?$PxFlags@W4Enum@PxConvexFlag@physx@@G@physx@@QEBA_NXZ 00000001800291e0 f i ConvexHullLib.obj
 0001:00028220       ??I?$PxFlags@W4Enum@PxConvexFlag@physx@@G@physx@@QEBA?AV01@W4Enum@PxConvexFlag@1@@Z 0000000180029220 f i ConvexHullLib.obj
 0001:00028290       ??_EConvexHullLib@physx@@UEAAPEAXI@Z 0000000180029290 f i ConvexHullLib.obj
 0001:00028290       ??_GConvexHullLib@physx@@UEAAPEAXI@Z 0000000180029290 f i ConvexHullLib.obj
 0001:000282e0       ?getCenter@PxBounds3@physx@@QEBA?AVPxVec3@2@XZ 00000001800292e0 f i ConvexHullLib.obj
 0001:000283b0       ?getDimensions@PxBounds3@physx@@QEBA?AVPxVec3@2@XZ 00000001800293b0 f i ConvexHullLib.obj
 0001:00028460       ?include@PxBounds3@physx@@QEAAXAEBVPxVec3@2@@Z 0000000180029460 f i ConvexHullLib.obj
 0001:00028550       ?maximum@PxVec3@physx@@QEBA?AV12@AEBV12@@Z 0000000180029550 f i ConvexHullLib.obj
 0001:00028610       ?minimum@PxVec3@physx@@QEBA?AV12@AEBV12@@Z 0000000180029610 f i ConvexHullLib.obj
 0001:000286d0       ?multiply@PxVec3@physx@@QEBA?AV12@AEBV12@@Z 00000001800296d0 f i ConvexHullLib.obj
 0001:00028770       ??0ConvexHull@physx@@QEAA@AEBVPxVec3@1@0AEBV?$Array@VPxPlane@physx@@VNamedAllocator@shdfnd@2@@shdfnd@1@@Z 0000000180029770 f   ConvexHullUtils.obj
 0001:00029020       ??0ConvexHull@physx@@QEAA@AEBVPxVec3@1@AEBVPxTransform@1@AEBV?$Array@VPxPlane@physx@@VNamedAllocator@shdfnd@2@@shdfnd@1@@Z 000000018002a020 f   ConvexHullUtils.obj
 0001:00029a50       ?findCandidatePlane@ConvexHull@physx@@QEBAHMM@Z 000000018002aa50 f   ConvexHullUtils.obj
 0001:00029e50       ?assertIntact@ConvexHull@physx@@QEBA_NM@Z 000000018002ae50 f   ConvexHullUtils.obj
 0001:0002a650       ?maxNumVertsPerFace@ConvexHull@physx@@QEBAIXZ 000000018002b650 f   ConvexHullUtils.obj
 0001:0002a720       ?convexHullCrop@physx@@YAPEAVConvexHull@1@AEBV21@AEBVPxPlane@1@M@Z 000000018002b720 f   ConvexHullUtils.obj
 0001:0002bda0       ?computeOBBFromConvex@physx@@YA_NAEBVPxConvexMeshDesc@1@AEAVPxVec3@1@AEAVPxTransform@1@@Z 000000018002cda0 f   ConvexHullUtils.obj
 0001:0002c6f0       ?computeOBBSIMD@local@@YAXIPEBT__m128@@AEAT2@AEBT2@1@Z 000000018002d6f0 f   ConvexHullUtils.obj
 0001:0002dec0       ??$?2V?$ReflectionAllocator@VConvexHull@physx@@@shdfnd@physx@@@UserAllocated@shdfnd@physx@@SAPEAX_KV?$ReflectionAllocator@VConvexHull@physx@@@12@PEBDH@Z 000000018002eec0 f i ConvexHullUtils.obj
 0001:0002df10       ??$PX_UNUSED@W4PxIDENTITY@physx@@@@YAXAEBW4PxIDENTITY@physx@@@Z 000000018002ef10 f i ConvexHullUtils.obj
 0001:0002df20       ??0?$Array@VHalfEdge@ConvexHull@physx@@VNamedAllocator@shdfnd@3@@shdfnd@physx@@QEAA@AEBVNamedAllocator@12@@Z 000000018002ef20 f i ConvexHullUtils.obj
 0001:0002df80       ??0?$Array@VPxPlane@physx@@VNamedAllocator@shdfnd@2@@shdfnd@physx@@QEAA@AEBVNamedAllocator@12@@Z 000000018002ef80 f i ConvexHullUtils.obj
 0001:0002dfe0       ??0?$PxFlags@W4Enum@PxConvexFlag@physx@@G@physx@@QEAA@XZ 000000018002efe0 f i ConvexHullUtils.obj
 0001:0002e000       ??0?$ReflectionAllocator@VConvexHull@physx@@@shdfnd@physx@@QEAA@PEBD@Z 000000018002f000 f i ConvexHullUtils.obj
 0001:0002e020       ??0ConvexHull@physx@@QEAA@AEBV01@@Z 000000018002f020 f i ConvexHullUtils.obj
 0001:0002e100       ??0ConvexHull@physx@@QEAA@AEBV?$Array@VPxPlane@physx@@VNamedAllocator@shdfnd@2@@shdfnd@1@@Z 000000018002f100 f i ConvexHullUtils.obj
 0001:0002e1d0       ??0HalfEdge@ConvexHull@physx@@QEAA@FEE@Z 000000018002f1d0 f i ConvexHullUtils.obj
 0001:0002e230       ??0HalfEdge@ConvexHull@physx@@QEAA@XZ 000000018002f230 f i ConvexHullUtils.obj
 0001:0002e240       ??0Mat33V@aos@shdfnd@physx@@QEAA@XZ 000000018002f240 f i ConvexHullUtils.obj
 0001:0002e250       ??0PxBoundedData@physx@@QEAA@XZ 000000018002f250 f i ConvexHullUtils.obj
 0001:0002e290       ??0PxConvexMeshDesc@physx@@QEAA@XZ 000000018002f290 f i ConvexHullUtils.obj
 0001:0002e320       ??0PxIntegrals@physx@@QEAA@XZ 000000018002f320 f i ConvexHullUtils.obj
 0001:0002e350       ??0PxMat33@physx@@QEAA@AEBV01@@Z 000000018002f350 f i ConvexHullUtils.obj
 0001:0002e3d0       ??0PxMat33@physx@@QEAA@AEBVPxQuat@1@@Z 000000018002f3d0 f i ConvexHullUtils.obj
 0001:0002e710       ??0PxMat33@physx@@QEAA@AEBVPxVec3@1@00@Z 000000018002f710 f i ConvexHullUtils.obj
 0001:0002e790       ??0PxMat33@physx@@QEAA@W4PxIDENTITY@1@@Z 000000018002f790 f i ConvexHullUtils.obj
 0001:0002e830       ??0PxMat33@physx@@QEAA@XZ  000000018002f830 f i ConvexHullUtils.obj
 0001:0002e890       ??0PxPlane@physx@@QEAA@AEBVPxVec3@1@00@Z 000000018002f890 f i ConvexHullUtils.obj
 0001:0002e980       ??0PxPlane@physx@@QEAA@AEBVPxVec3@1@M@Z 000000018002f980 f i ConvexHullUtils.obj
 0001:0002e9d0       ??0PxPlane@physx@@QEAA@XZ  000000018002f9d0 f i ConvexHullUtils.obj
 0001:0002ea00       ??0PxQuat@physx@@QEAA@MAEBVPxVec3@1@@Z 000000018002fa00 f i ConvexHullUtils.obj
 0001:0002eb60       ??0PxQuat@physx@@QEAA@XZ   000000018002fb60 f i ConvexHullUtils.obj
 0001:0002eb70       ??0PxStridedData@physx@@QEAA@XZ 000000018002fb70 f i ConvexHullUtils.obj
 0001:0002eba0       ??4PxPlane@physx@@QEAAAEAV01@AEBV01@@Z 000000018002fba0 f i ConvexHullUtils.obj
 0001:0002ebf0       ??8PxPlane@physx@@QEBA_NAEBV01@@Z 000000018002fbf0 f i ConvexHullUtils.obj
 0001:0002ec60       ??8PxVec3@physx@@QEBA_NAEBV01@@Z 000000018002fc60 f i ConvexHullUtils.obj
 0001:0002ece0       ??A?$Array@VHalfEdge@ConvexHull@physx@@VNamedAllocator@shdfnd@3@@shdfnd@physx@@QEAAAEAVHalfEdge@ConvexHull@2@I@Z 000000018002fce0 f i ConvexHullUtils.obj
 0001:0002ed80       ??A?$Array@VHalfEdge@ConvexHull@physx@@VNamedAllocator@shdfnd@3@@shdfnd@physx@@QEBAAEBVHalfEdge@ConvexHull@2@I@Z 000000018002fd80 f i ConvexHullUtils.obj
 0001:0002ee20       ??A?$Array@VPxPlane@physx@@VNamedAllocator@shdfnd@2@@shdfnd@physx@@QEBAAEBVPxPlane@2@I@Z 000000018002fe20 f i ConvexHullUtils.obj
 0001:0002eec0       ??A?$Array@VPxVec3@physx@@VNamedAllocator@shdfnd@2@@shdfnd@physx@@QEAAAEAVPxVec3@2@I@Z 000000018002fec0 f i ConvexHullUtils.obj
 0001:0002ef60       ??A?$Array@VPxVec3@physx@@VNamedAllocator@shdfnd@2@@shdfnd@physx@@QEBAAEBVPxVec3@2@I@Z 000000018002ff60 f i ConvexHullUtils.obj
 0001:0002f000       ??APxMat33@physx@@QEAAAEAVPxVec3@1@I@Z 0000000180030000 f i ConvexHullUtils.obj
 0001:0002f030       ??GPxVec3@physx@@QEBA?AV01@XZ 0000000180030030 f i ConvexHullUtils.obj
 0001:0002f0c0       ??RPxMat33@physx@@QEAAAEAMII@Z 00000001800300c0 f i ConvexHullUtils.obj
 0001:0002f100       ??XPxVec3@physx@@QEAAAEAV01@M@Z 0000000180030100 f i ConvexHullUtils.obj
 0001:0002f180       ?FAdd@aos@shdfnd@physx@@YA?AT__m128@@T4@0@Z 0000000180030180 f i ConvexHullUtils.obj
 0001:0002f2d0       ?FMul@aos@shdfnd@physx@@YA?AT__m128@@T4@0@Z 00000001800302d0 f i ConvexHullUtils.obj
 0001:0002f420       ?FScaleAdd@aos@shdfnd@physx@@YA?AT__m128@@T4@00@Z 0000000180030420 f i ConvexHullUtils.obj
 0001:0002f680       ?PxCos@physx@@YAMM@Z       0000000180030680 f i ConvexHullUtils.obj
 0001:0002f6a0       ?PxSin@physx@@YAMM@Z       00000001800306a0 f i ConvexHullUtils.obj
 0001:0002f6c0       ?QuatGetMat33V@aos@shdfnd@physx@@YAXAEBT__m128@@AEAT4@11@Z 00000001800306c0 f i ConvexHullUtils.obj
 0001:0002fb60       ?QuatRotateInv@aos@shdfnd@physx@@YA?AT__m128@@T4@0@Z 0000000180030b60 f i ConvexHullUtils.obj
 0001:0002fef0       ?QuatVLoadU@aos@shdfnd@physx@@YA?AT__m128@@PEBM@Z 0000000180030ef0 f i ConvexHullUtils.obj
 0001:0002ff20       ?V3Cross@aos@shdfnd@physx@@YA?AT__m128@@T4@0@Z 0000000180030f20 f i ConvexHullUtils.obj
 0001:00030190       ?V3NegScaleSub@aos@shdfnd@physx@@YA?AT__m128@@T4@00@Z 0000000180031190 f i ConvexHullUtils.obj
 0001:000303f0       ?V3Scale@aos@shdfnd@physx@@YA?AT__m128@@T4@0@Z 00000001800313f0 f i ConvexHullUtils.obj
 0001:00030540       ?V3ScaleAdd@aos@shdfnd@physx@@YA?AT__m128@@T4@00@Z 0000000180031540 f i ConvexHullUtils.obj
 0001:000307a0       ?V4Add@aos@shdfnd@physx@@YA?AT__m128@@T4@0@Z 00000001800317a0 f i ConvexHullUtils.obj
 0001:000307e0       ?V4GetW@aos@shdfnd@physx@@YA?AT__m128@@T4@@Z 00000001800317e0 f i ConvexHullUtils.obj
 0001:00030810       ?V4GetX@aos@shdfnd@physx@@YA?AT__m128@@T4@@Z 0000000180031810 f i ConvexHullUtils.obj
 0001:00030840       ?V4GetY@aos@shdfnd@physx@@YA?AT__m128@@T4@@Z 0000000180031840 f i ConvexHullUtils.obj
 0001:00030870       ?V4GetZ@aos@shdfnd@physx@@YA?AT__m128@@T4@@Z 0000000180031870 f i ConvexHullUtils.obj
 0001:000308a0       ?V4LoadU@aos@shdfnd@physx@@YA?AT__m128@@QEBM@Z 00000001800318a0 f i ConvexHullUtils.obj
 0001:000308d0       ?V4Max@aos@shdfnd@physx@@YA?AT__m128@@T4@0@Z 00000001800318d0 f i ConvexHullUtils.obj
 0001:00030910       ?V4Min@aos@shdfnd@physx@@YA?AT__m128@@T4@0@Z 0000000180031910 f i ConvexHullUtils.obj
 0001:00030950       ?V4Mul@aos@shdfnd@physx@@YA?AT__m128@@T4@0@Z 0000000180031950 f i ConvexHullUtils.obj
[...]
 0004:00002acc       $pdata$?createTriangleMesh@Cooking@physx@@AEBAPEAVPxTriangleMesh@2@AEAVTriangleMeshBuilder@2@AEBVPxTriangleMeshDesc@2@AEAVPxPhysicsInsertionCallback@2@PEAW4Enum@PxTriangleMeshCookingResult@2@@Z 0000000180083acc     Cooking.obj
 0004:00002ad8       $pdata$??0Cooking@physx@@QEAA@AEBUPxCookingParams@1@@Z 0000000180083ad8     Cooking.obj
 0004:00002ae4       $pdata$??1Cooking@physx@@UEAA@XZ 0000000180083ae4     Cooking.obj
 0004:00002af0       $pdata$??_GCooking@physx@@UEAAPEAXI@Z 0000000180083af0     Cooking.obj
 0004:00002afc       $pdata$??__EminFError@_VecMathTests@aos@shdfnd@physx@@YAXXZ 0000000180083afc     Cooking.obj
 0004:00002b08       $pdata$??__EmaxFError@_VecMathTests@aos@shdfnd@physx@@YAXXZ 0000000180083b08     Cooking.obj
 0004:00002b14       $pdata$??__EminV3Error@_VecMathTests@aos@shdfnd@physx@@YAXXZ 0000000180083b14     Cooking.obj
 0004:00002b20       $pdata$??__EmaxV3Error@_VecMathTests@aos@shdfnd@physx@@YAXXZ 0000000180083b20     Cooking.obj
 0004:00002b2c       $pdata$??__EminV4Error@_VecMathTests@aos@shdfnd@physx@@YAXXZ 0000000180083b2c     Cooking.obj
 0004:00002b38       $pdata$??__EmaxV4Error@_VecMathTests@aos@shdfnd@physx@@YAXXZ 0000000180083b38     Cooking.obj
 0004:00002b44       $pdata$?setInertia@ConvexMesh@Gu@physx@@QEAAXAEBVPxMat33@3@@Z 0000000180083b44     Cooking.obj
 0004:00002b50       $pdata$?setNb@ConvexMesh@Gu@physx@@QEAAXI@Z 0000000180083b50     Cooking.obj
 0004:00002b5c       $pdata$??0?$PxBitAndDataT@I$0IAAAAAAA@@physx@@QEAA@I_N@Z 0000000180083b5c     Cooking.obj
 0004:00002b68       $pdata$??9?$PxFlags@W4Enum@PxHeightFieldFlag@physx@@G@physx@@QEBA_NAEBV01@@Z 0000000180083b68     Cooking.obj
 0004:00002b74       $pdata$??I?$PxFlags@W4Enum@PxHeightFieldFlag@physx@@G@physx@@QEBA?AV01@W4Enum@PxHeightFieldFlag@1@@Z 0000000180083b74     Cooking.obj
 0004:00002b80       $pdata$?isValid@PxHeightFieldDesc@physx@@QEBA_NXZ 0000000180083b80     Cooking.obj
 0004:00002b8c       $pdata$??$PxMin@G@physx@@YAGGG@Z 0000000180083b8c     Cooking.obj
 0004:00002b98       $pdata$?getName@?$ReflectionAllocator@VInflationConvexHullLib@physx@@@shdfnd@physx@@CAPEBDXZ 0000000180083b98     Cooking.obj
 0004:00002ba4       $pdata$?allocate@?$ReflectionAllocator@VInflationConvexHullLib@physx@@@shdfnd@physx@@QEAAPEAX_KPEBDH@Z 0000000180083ba4     Cooking.obj
 0004:00002bb0       $pdata$??$?2V?$ReflectionAllocator@VInflationConvexHullLib@physx@@@shdfnd@physx@@@UserAllocated@shdfnd@physx@@SAPEAX_KV?$ReflectionAllocator@VInflationConvexHullLib@physx@@@12@PEBDH@Z 0000000180083bb0     Cooking.obj
 0004:00002bbc       $pdata$?getName@?$ReflectionAllocator@VQuickHullConvexHullLib@physx@@@shdfnd@physx@@CAPEBDXZ 0000000180083bbc     Cooking.obj
 0004:00002bc8       $pdata$?allocate@?$ReflectionAllocator@VQuickHullConvexHullLib@physx@@@shdfnd@physx@@QEAAPEAX_KPEBDH@Z 0000000180083bc8     Cooking.obj
 0004:00002bd4       $pdata$??$?2V?$ReflectionAllocator@VQuickHullConvexHullLib@physx@@@shdfnd@physx@@@UserAllocated@shdfnd@physx@@SAPEAX_KV?$ReflectionAllocator@VQuickHullConvexHullLib@physx@@@12@PEBDH@Z 0000000180083bd4     Cooking.obj
 0004:00002be0       $pdata$?getName@?$ReflectionAllocator@VHeightField@Gu@physx@@@shdfnd@physx@@CAPEBDXZ 0000000180083be0     Cooking.obj
 0004:00002bec       $pdata$?allocate@?$ReflectionAllocator@VHeightField@Gu@physx@@@shdfnd@physx@@QEAAPEAX_KPEBDH@Z 0000000180083bec     Cooking.obj
 0004:00002bf8       $pdata$?getName@?$ReflectionAllocator@VCooking@physx@@@shdfnd@physx@@CAPEBDXZ 0000000180083bf8     Cooking.obj
 0004:00002c04       $pdata$?allocate@?$ReflectionAllocator@VCooking@physx@@@shdfnd@physx@@QEAAPEAX_KPEBDH@Z 0000000180083c04     Cooking.obj
 0004:00002c10       $pdata$??$?2V?$ReflectionAllocator@VCooking@physx@@@shdfnd@physx@@@UserAllocated@shdfnd@physx@@SAPEAX_KV?$ReflectionAllocator@VCooking@physx@@@12@PEBDH@Z 0000000180083c10     Cooking.obj
 0004:00002c1c       $pdata$??1ReducedVertexCloud@physx@@QEAA@XZ 0000000180083c1c     CookingUtils.obj
 0004:00002c28       $pdata$?Clean@ReducedVertexCloud@physx@@QEAAAEAV12@XZ 0000000180083c28     CookingUtils.obj
 0004:00002c34       $pdata$?Reduce@ReducedVertexCloud@physx@@QEAA_NPEAUREDUCEDCLOUD@2@@Z 0000000180083c34     CookingUtils.obj
 0004:00002c40       $pdata$?getName@?$ReflectionAllocator@M@shdfnd@physx@@CAPEBDXZ 0000000180083c40     CookingUtils.obj
 0004:00002c4c       $pdata$?allocate@?$ReflectionAllocator@M@shdfnd@physx@@QEAAPEAX_KPEBDH@Z 0000000180083c4c     CookingUtils.obj
 0004:00002c58       $pdata$??$?_UM@@YAPEAX_KV?$ReflectionAllocator@M@shdfnd@physx@@PEBDH@Z 0000000180083c58     CookingUtils.obj
 0004:00002c64       $pdata$??1EdgeList@Gu@physx@@QEAA@XZ 0000000180083c64     EdgeList.obj
 0004:00002c70       $pdata$?load@EdgeList@Gu@physx@@QEAA_NAEAVPxInputStream@3@@Z 0000000180083c70     EdgeList.obj
 0004:00002c7c       $pdata$??0EdgeListBuilder@Gu@physx@@QEAA@XZ 0000000180083c7c     EdgeList.obj
 0004:00002c88       $pdata$??1EdgeListBuilder@Gu@physx@@QEAA@XZ 0000000180083c88     EdgeList.obj
 0004:00002c94       $pdata$?init@EdgeListBuilder@Gu@physx@@QEAA_NAEBUEDGELISTCREATE@23@@Z 0000000180083c94     EdgeList.obj
 0004:00002ca0       $pdata$?createFacesToEdges@EdgeListBuilder@Gu@physx@@AEAA_NIPEBIPEBG@Z 0000000180083ca0     EdgeList.obj
 0004:00002cac       $pdata$?createEdgesToFaces@EdgeListBuilder@Gu@physx@@AEAA_NIPEBIPEBG@Z 0000000180083cac     EdgeList.obj
 0004:00002cb8       $pdata$?computeActiveEdges@EdgeListBuilder@Gu@physx@@AEAA_NIPEBIPEBGPEBVPxVec3@3@M@Z 0000000180083cb8     EdgeList.obj
 0004:00002cc4       $pdata$?PxAtan2@physx@@YAMMM@Z 0000000180083cc4     EdgeList.obj
 0004:00002cd0       $pdata$??0PxTriangle@physx@@QEAA@AEBVPxVec3@1@00@Z 0000000180083cd0     EdgeList.obj
 0004:00002cdc       $pdata$?normal@PxTriangle@physx@@QEBAXAEAVPxVec3@2@@Z 0000000180083cdc     EdgeList.obj
 0004:00002ce8       $pdata$?angle@shdfnd@physx@@YAMAEBVPxVec3@2@0@Z 0000000180083ce8     EdgeList.obj
 0004:00002cf4       $pdata$?getName@?$ReflectionAllocator@UEdgeTriangleData@Gu@physx@@@shdfnd@physx@@CAPEBDXZ 0000000180083cf4     EdgeList.obj
 0004:00002d00       $pdata$?allocate@?$ReflectionAllocator@UEdgeTriangleData@Gu@physx@@@shdfnd@physx@@QEAAPEAX_KPEBDH@Z 0000000180083d00     EdgeList.obj
 0004:00002d0c       $pdata$??$?_UUEdgeTriangleData@Gu@physx@@@@YAPEAX_KV?$ReflectionAllocator@UEdgeTriangleData@Gu@physx@@@shdfnd@physx@@PEBDH@Z 0000000180083d0c     EdgeList.obj
 0004:00002d18       $pdata$?getName@?$ReflectionAllocator@UEdgeData@Gu@physx@@@shdfnd@physx@@CAPEBDXZ 0000000180083d18     EdgeList.obj
 0004:00002d24       $pdata$?allocate@?$ReflectionAllocator@UEdgeData@Gu@physx@@@shdfnd@physx@@QEAAPEAX_KPEBDH@Z 0000000180083d24     EdgeList.obj
 0004:00002d30       $pdata$??$?_UUEdgeData@Gu@physx@@@@YAPEAX_KV?$ReflectionAllocator@UEdgeData@Gu@physx@@@shdfnd@physx@@PEBDH@Z 0000000180083d30     EdgeList.obj
 0004:00002d3c       $pdata$?PxFloor@physx@@YAMM@Z 0000000180083d3c     MeshCleaner.obj
 0004:00002d48       $pdata$??9PxVec3@physx@@QEBA_NAEBV01@@Z 0000000180083d48     MeshCleaner.obj
 0004:00002d54       $pdata$??0MeshCleaner@physx@@QEAA@IPEBVPxVec3@1@IPEBIM@Z 0000000180083d54     MeshCleaner.obj
 0004:00002d60       $pdata$??1MeshCleaner@physx@@QEAA@XZ 0000000180083d60     MeshCleaner.obj
 0004:00002d6c       $pdata$?getHashValue@@YAIAEBVPxVec3@physx@@@Z 0000000180083d6c     MeshCleaner.obj
 0004:00002d78       $pdata$?getHashValue@@YAIAEBUIndices@@@Z 0000000180083d78     MeshCleaner.obj
 0004:00002d84       $pdata$??9Indices@@QEBA_NAEBU0@@Z 0000000180083d84     MeshCleaner.obj
 0004:00002d90       $pdata$??_GQuantizer@physx@@MEAAPEAXI@Z 0000000180083d90     Quantizer.obj
 0004:00002d9c       $pdata$?createQuantizer@physx@@YAPEAVQuantizer@1@XZ 0000000180083d9c     Quantizer.obj
 0004:00002da8       $pdata$?kmeans_cluster3d@@YAIPEBVPxVec3@physx@@IIPEAV12@PEAIMM@Z 0000000180083da8     Quantizer.obj
 0004:00002db4       $pdata$??$kmeans_cluster@VPxVec3@physx@@M@@YAIPEBVPxVec3@physx@@IIPEAV01@PEAIMM@Z 0000000180083db4     Quantizer.obj
 0004:00002dc0       $pdata$??0QuantizerImpl@@QEAA@XZ 0000000180083dc0     Quantizer.obj
 0004:00002dcc       $pdata$?kmeansQuantize3D@QuantizerImpl@@UEAAPEBVPxVec3@physx@@IPEBV23@I_NIAEAI@Z 0000000180083dcc     Quantizer.obj
 0004:00002dd8       $pdata$?release@QuantizerImpl@@UEAAXXZ 0000000180083dd8     Quantizer.obj
 0004:00002de4       $pdata$?normalizeInput@QuantizerImpl@@AEAAXIPEBVPxVec3@physx@@I@Z 0000000180083de4     Quantizer.obj
 0004:00002df0       $pdata$??1QuantizerImpl@@EEAA@XZ 0000000180083df0     Quantizer.obj
 0004:00002dfc       $pdata$?clear@?$Array@VPxVec3@physx@@VNamedAllocator@shdfnd@2@@shdfnd@physx@@QEAAXXZ 0000000180083dfc     Quantizer.obj
 0004:00002e08       $pdata$??_GQuantizerImpl@@EEAAPEAXI@Z 0000000180083e08     Quantizer.obj
 0004:00002e14       $pdata$?getName@?$ReflectionAllocator@VQuantizerImpl@@@shdfnd@physx@@CAPEBDXZ 0000000180083e14     Quantizer.obj
 0004:00002e20       $pdata$?allocate@?$ReflectionAllocator@VQuantizerImpl@@@shdfnd@physx@@QEAAPEAX_KPEBDH@Z 0000000180083e20     Quantizer.obj
 0004:00002e2c       $pdata$??$?2V?$ReflectionAllocator@VQuantizerImpl@@@shdfnd@physx@@@UserAllocated@shdfnd@physx@@SAPEAX_KV?$ReflectionAllocator@VQuantizerImpl@@@12@PEBDH@Z 0000000180083e2c     Quantizer.obj
 0004:00002e50       $pdata$__FUnloadDelayLoadedDLL2 0000000180083e50     delayimp:delayhlp.obj
 0004:00002e5c       $pdata$__HrLoadAllImportsForDll 0000000180083e5c     delayimp:delayhlp.obj
 0004:00002e68       $pdata$?DloadGetSRWLockFunctionPointers@@YAEXZ 0000000180083e68     delayimp:delayhlp.obj
 0004:00002e74       $pdata$?DloadLock@@YAXXZ   0000000180083e74     delayimp:delayhlp.obj
 0004:00002e80       $pdata$?DloadUnlock@@YAXXZ 0000000180083e80     delayimp:delayhlp.obj
 0004:00002e8c       $pdata$?DloadObtainSection@@YAPEAXPEAK0@Z 0000000180083e8c     delayimp:delayhlp.obj
 0004:00002e98       $pdata$?DloadMakePermanentImageCommit@@YAXPEAX_K@Z 0000000180083e98     delayimp:delayhlp.obj
 0004:00002ea4       $pdata$?DloadProtectSection@@YAXKPEAK@Z 0000000180083ea4     delayimp:delayhlp.obj
 0004:00002eb0       $pdata$?DloadAcquireSectionWriteAccess@@YAXXZ 0000000180083eb0     delayimp:delayhlp.obj
 0004:00002ebc       $pdata$?DloadReleaseSectionWriteAccess@@YAXXZ 0000000180083ebc     delayimp:delayhlp.obj
 0004:00002ec8       $pdata$?PiddFromDllName@@YAPEBUImgDelayDescr@@PEBD@Z 0000000180083ec8     delayimp:delayhlp.obj
 0004:00002ed4       $pdata$__delayLoadHelper2  0000000180083ed4     delayimp:delayhlp.obj
 0004:00002ee0       $pdata$_RTC_Shutdown       0000000180083ee0     MSVCRTD:init.obj
 0004:00002eec       $pdata$_RTC_InitBase       0000000180083eec     MSVCRTD:init.obj
 0004:00002f04       $pdata$??3@YAXPEAX_K@Z     0000000180083f04     MSVCRTD:delete_scalar_size.obj
 0004:00002f10       $pdata$?__scrt_initialize_type_info@@YAXXZ 0000000180083f10     MSVCRTD:tncleanup.obj
 0004:00002f1c       $pdata$?__scrt_uninitialize_type_info@@YAXXZ 0000000180083f1c     MSVCRTD:tncleanup.obj
 0004:00002f28       $pdata$??_Gtype_info@@UEAAPEAXI@Z 0000000180083f28     MSVCRTD:std_type_info_static.obj
 0004:00002f34       $pdata$?dllmain_crt_process_attach@@YAHQEAUHINSTANCE__@@QEAX@Z 0000000180083f34     MSVCRTD:dll_dllmain.obj
 0004:00002f40       $pdata$?fin$0@?0??dllmain_crt_process_attach@@YAHQEAUHINSTANCE__@@QEAX@Z@4HA 0000000180083f40     MSVCRTD:dll_dllmain.obj
 0004:00002f4c       $pdata$?dllmain_crt_process_detach@@YAH_N@Z 0000000180083f4c     MSVCRTD:dll_dllmain.obj
 0004:00002f58       $pdata$?fin$0@?0??dllmain_crt_process_detach@@YAH_N@Z@4HA 0000000180083f58     MSVCRTD:dll_dllmain.obj
 0004:00002f64       $pdata$?dllmain_crt_dispatch@@YAHQEAUHINSTANCE__@@KQEAX@Z 0000000180083f64     MSVCRTD:dll_dllmain.obj
 0004:00002f70       $pdata$_CRT_INIT           0000000180083f70     MSVCRTD:dll_dllmain.obj
 0004:00002f7c       $pdata$?dllmain_raw@@YAHQEAUHINSTANCE__@@KQEAX@Z 0000000180083f7c     MSVCRTD:dll_dllmain.obj
 0004:00002f88       $pdata$?dllmain_dispatch@@YAHQEAUHINSTANCE__@@KQEAX@Z 0000000180083f88     MSVCRTD:dll_dllmain.obj
 0004:00002f94       $pdata$?filt$0@?0??dllmain_dispatch@@YAHQEAUHINSTANCE__@@KQEAX@Z@4HA 0000000180083f94     MSVCRTD:dll_dllmain.obj
 0004:00002fa0       $pdata$_DllMainCRTStartup  0000000180083fa0     MSVCRTD:dll_dllmain.obj
 0004:00002fac       $pdata$ReadNoFence64       0000000180083fac     MSVCRTD:guard_support.obj
 0004:00002fb8       $pdata$ReadPointerNoFence  0000000180083fb8     MSVCRTD:guard_support.obj
 0004:00002fc4       $pdata$_guard_icall_checks_enforced 0000000180083fc4     MSVCRTD:guard_support.obj
 0004:00002fd0       $pdata$??3@YAXPEAX@Z       0000000180083fd0     MSVCRTD:delete_scalar.obj
 0004:00002fdc       $pdata$__security_init_cookie 0000000180083fdc     MSVCRTD:gs_support.obj
 0004:00002fe8       $pdata$__get_entropy       0000000180083fe8     MSVCRTD:gs_support.obj
 0004:00002ff4       $pdata$DllMain             0000000180083ff4     MSVCRTD:dll_dllmain_stub.obj
 0004:00003000       $pdata$__scrt_initialize_default_local_stdio_options 0000000180084000     MSVCRTD:default_local_stdio_options.obj
 0004:0000300c       $pdata$atexit              000000018008400c     MSVCRTD:utility.obj
 0004:00003018       $pdata$_onexit             0000000180084018     MSVCRTD:utility.obj
 0004:00003024       $pdata$at_quick_exit       0000000180084024     MSVCRTD:utility.obj
 0004:00003030       $pdata$__scrt_is_nonwritable_in_current_image 0000000180084030     MSVCRTD:utility.obj
 0004:0000303c       $pdata$__scrt_is_nonwritable_in_current_image$filt$0 000000018008403c     MSVCRTD:utility.obj
 0004:00003048       $pdata$__scrt_acquire_startup_lock 0000000180084048     MSVCRTD:utility.obj
 0004:00003054       $pdata$__scrt_release_startup_lock 0000000180084054     MSVCRTD:utility.obj
 0004:00003060       $pdata$__scrt_initialize_crt 0000000180084060     MSVCRTD:utility.obj
 0004:0000306c       $pdata$__scrt_uninitialize_crt 000000018008406c     MSVCRTD:utility.obj
 0004:00003078       $pdata$__scrt_initialize_onexit_tables 0000000180084078     MSVCRTD:utility.obj
 0004:00003084       $pdata$__scrt_dllmain_exception_filter 0000000180084084     MSVCRTD:utility.obj
 0004:00003090       $pdata$__scrt_dllmain_before_initialize_c 0000000180084090     MSVCRTD:utility.obj
 0004:0000309c       $pdata$__scrt_dllmain_after_initialize_c 000000018008409c     MSVCRTD:utility.obj
 0004:000030a8       $pdata$__scrt_dllmain_uninitialize_c 00000001800840a8     MSVCRTD:utility.obj
 0004:000030b4       $pdata$__scrt_dllmain_uninitialize_critical 00000001800840b4     MSVCRTD:utility.obj
 0004:000030c0       $pdata$__scrt_dllmain_crt_thread_attach 00000001800840c0     MSVCRTD:utility.obj
 0004:000030cc       $pdata$__scrt_dllmain_crt_thread_detach 00000001800840cc     MSVCRTD:utility.obj
 0004:000030d8       $pdata$?configure_argv@__scrt_narrow_argv_policy@@SAHXZ 00000001800840d8     MSVCRTD:utility.obj
 0004:000030e4       $pdata$?initialize_environment@__scrt_narrow_environment_policy@@SAHXZ 00000001800840e4     MSVCRTD:utility.obj
 0004:000030f0       $pdata$?is_potentially_valid_image_base@@YA_NQEAX@Z 00000001800840f0     MSVCRTD:utility.obj
 0004:000030fc       $pdata$?find_pe_section@@YAPEAU_IMAGE_SECTION_HEADER@@QEAE_K@Z 00000001800840fc     MSVCRTD:utility.obj
 0004:00003108       $pdata$??$__crt_fast_decode_pointer@PEAP6AXXZ@@YAPEAP6AXXZQEAP6AXXZ@Z 0000000180084108     MSVCRTD:utility.obj
 0004:00003114       $pdata$??$__crt_fast_encode_pointer@PEAP6AXXZ@@YAPEAP6AXXZQEAP6AXXZ@Z 0000000180084114     MSVCRTD:utility.obj
 0004:00003120       $pdata$__scrt_get_show_window_mode 0000000180084120     MSVCRTD:utility_desktop.obj
 0004:0000312c       $pdata$__scrt_is_managed_app 000000018008412c     MSVCRTD:utility_desktop.obj
 0004:00003138       $pdata$__scrt_initialize_mta 0000000180084138     MSVCRTD:utility_desktop.obj
 0004:00003144       $pdata$__scrt_set_unhandled_exception_filter 0000000180084144     MSVCRTD:utility_desktop.obj
 0004:00003150       $pdata$__scrt_fastfail     0000000180084150     MSVCRTD:utility_desktop.obj
 0004:0000315c       $pdata$__scrt_unhandled_exception_filter 000000018008415c     MSVCRTD:utility_desktop.obj
 0004:00003168       $pdata$_RTC_Initialize     0000000180084168     MSVCRTD:initsect.obj
 0004:00003174       $pdata$_RTC_Terminate      0000000180084174     MSVCRTD:initsect.obj
 0004:0000318c       $pdata$_RTC_UninitUse      000000018008418c     MSVCRTD:error.obj
 0004:00003198       $pdata$?_RTC_StackFailure@@YAXPEAXPEBD@Z 0000000180084198     MSVCRTD:error.obj
 0004:000031a4       $pdata$?_RTC_AllocaFailure@@YAXPEAXPEAU_RTC_ALLOCA_NODE@@H@Z 00000001800841a4     MSVCRTD:error.obj
 0004:000031b0       $pdata$0$?_RTC_AllocaFailure@@YAXPEAXPEAU_RTC_ALLOCA_NODE@@H@Z 00000001800841b0     MSVCRTD:error.obj
 0004:000031bc       $pdata$1$?_RTC_AllocaFailure@@YAXPEAXPEAU_RTC_ALLOCA_NODE@@H@Z 00000001800841bc     MSVCRTD:error.obj
 0004:000031c8       $pdata$_vsprintf_s_l       00000001800841c8     MSVCRTD:error.obj
 0004:000031d4       $pdata$sprintf_s           00000001800841d4     MSVCRTD:error.obj
 0004:000031e0       $pdata$?notify_debugger@@YAXAEBUtagEXCEPTION_VISUALCPP_DEBUG_INFO@@@Z 00000001800841e0     MSVCRTD:error.obj
 0004:000031ec       $pdata$?filt$0@?0??notify_debugger@@YAXAEBUtagEXCEPTION_VISUALCPP_DEBUG_INFO@@@Z@4HA 00000001800841ec     MSVCRTD:error.obj
 0004:000031f8       $pdata$?DebuggerProbe@@YA_NK@Z 00000001800841f8     MSVCRTD:error.obj
 0004:00003204       $pdata$?DebuggerRuntime@@YA_NKHPEAXPEB_W@Z 0000000180084204     MSVCRTD:error.obj
 0004:00003210       $pdata$?failwithmessage@@YAXPEAXHHPEBD@Z 0000000180084210     MSVCRTD:error.obj
 0004:0000321c       $pdata$?_getMemBlockDataString@@YAXPEAD0PEBD_K@Z 000000018008421c     MSVCRTD:error.obj
 0004:00003228       $pdata$3$?_getMemBlockDataString@@YAXPEAD0PEBD_K@Z 0000000180084228     MSVCRTD:error.obj
 0004:00003234       $pdata$4$?_getMemBlockDataString@@YAXPEAD0PEBD_K@Z 0000000180084234     MSVCRTD:error.obj
 0004:00003240       $pdata$__isa_available_init 0000000180084240     MSVCRTD:cpu_disp.obj
 0004:0000324c       $pdata$__scrt_is_ucrt_dll_in_use 000000018008424c     MSVCRTD:ucrt_detection.obj
 0004:00003258       $pdata$?_RTC_GetSrcLine@@YAHPEAEPEA_WKPEAH1K@Z 0000000180084258     MSVCRTD:pdblkup.obj
 0004:00003264       $pdata$?GetPdbDllFromInstallPath@@YAPEAUHINSTANCE__@@XZ 0000000180084264     MSVCRTD:pdblkup.obj
 0004:00003270       $pdata$?GetPdbDllPathFromFilePath@@YAHPEB_WPEA_W_K@Z 0000000180084270     MSVCRTD:pdblkup.obj
 0004:0000327c       $pdata$?GetPdbDll@@YAPEAUHINSTANCE__@@XZ 000000018008427c     MSVCRTD:pdblkup.obj
 0004:00003288       $pdata$__GSHandlerCheckCommon 0000000180084288     MSVCRTD:gshandler.obj
 0004:00003294       $pdata$__GSHandlerCheck    0000000180084294     MSVCRTD:gshandler.obj
 0004:000032ac       $pdata$__report_securityfailure 00000001800842ac     MSVCRTD:gs_report.obj
 0004:000032b8       $pdata$__report_securityfailureEx 00000001800842b8     MSVCRTD:gs_report.obj
 0004:000032c4       $pdata$__report_rangecheckfailure 00000001800842c4     MSVCRTD:gs_report.obj
 0004:000032d0       $pdata$__report_gsfailure  00000001800842d0     MSVCRTD:gs_report.obj
 0004:000032dc       $pdata$capture_current_context 00000001800842dc     MSVCRTD:gs_report.obj
 0004:000032e8       $pdata$capture_previous_context 00000001800842e8     MSVCRTD:gs_report.obj
 0004:000032f4       $pdata$__raise_securityfailure 00000001800842f4     MSVCRTD:gs_report.obj
 0005:000007d0       .idata$6                   00000001800857d0     kernel32:KERNEL32.dll
 0005:000008c6       .idata$6                   00000001800858c6     vcruntimed:VCRUNTIME140D.dll
 0005:00000aa6       .idata$6                   0000000180085aa6     ucrtd:ucrtbased.dll
 0008:000001c0       $R000000                   00000001800891c0     PhysX3Cooking.res
 0008:000004f8       $R000338                   00000001800894f8     PhysX3Cooking.res
