 PhysX3CharacterKinematicCHECKED_x64

 Timestamp is 5f36ca7c (Sat Aug 15 01:31:40 2020)

 Preferred load address is 0000000180000000

 Start         Length     Name                   Class
 0001:00000000 00002820H .text$di                CODE
 0001:00002820 0002a790H .text$mn                CODE
 0001:0002cfb0 00001016H .text$mn$00             CODE
 0001:0002dfc6 000010a1H .text$x                 CODE
 0002:00000000 00000110H .CRT$XCA                DATA
 0002:00000110 00000140H .CRT$XCU                DATA
 0002:00000250 00000110H .CRT$XCZ                DATA
 0002:00000360 00000110H .CRT$XIA                DATA
 0002:00000470 00000110H .CRT$XIZ                DATA
 0002:00000580 00000110H .CRT$XPA                DATA
 0002:00000690 00000110H .CRT$XPZ                DATA
 0002:000007a0 00000110H .CRT$XTA                DATA
 0002:000008b0 00000110H .CRT$XTZ                DATA
 0002:000009c0 00001ee0H .rdata                  DATA
 0002:000028a0 00000188H .rdata$r                DATA
 0002:00002a28 000001c0H .rdata$zzzdbg           DATA
 0002:00002be8 00000110H .rtc$IAA                DATA
 0002:00002cf8 00000110H .rtc$IZZ                DATA
 0002:00002e08 00000110H .rtc$TAA                DATA
 0002:00002f18 00000110H .rtc$TZZ                DATA
 0002:00003028 000028c8H .xdata                  DATA
 0002:000058f0 00000b14H .edata                  DATA
 0003:00000000 000001d0H .data                   DATA
 0003:000001d0 000002a0H .data$r                 DATA
 0003:00000470 00000129H .bss                    DATA
 0004:00000000 000016d4H .pdata                  DATA
 0005:00000000 00000528H .idata$5                DATA
 0005:00000528 0000008cH .idata$2                DATA
 0005:000005b4 00000014H .idata$3                DATA
 0005:000005c8 00000528H .idata$4                DATA
 0005:00000af0 00001135H .idata$6                DATA
 0006:00000000 0000011bH .00cfg                  DATA
 0007:00000000 000001c0H .rsrc$01                DATA
 0007:000001c0 00000700H .rsrc$02                DATA

  Address         Publics by Value              Rva+Base               Lib:Object

 0000:00000000       __guard_iat_table          0000000000000000     <absolute>
 0000:00000000       __guard_longjmp_table      0000000000000000     <absolute>
 0000:00000000       __dynamic_value_reloc_table 0000000000000000     <absolute>
 0000:00000000       __hybrid_code_map_count    0000000000000000     <absolute>
 0000:00000000       __enclave_config           0000000000000000     <absolute>
 0000:00000000       ___safe_se_handler_count   0000000000000000     <absolute>
 0000:00000000       __guard_fids_table         0000000000000000     <absolute>
 0000:00000000       __guard_fids_count         0000000000000000     <absolute>
 0000:00000000       __guard_iat_count          0000000000000000     <absolute>
 0000:00000000       ___safe_se_handler_table   0000000000000000     <absolute>
 0000:00000000       __guard_longjmp_count      0000000000000000     <absolute>
 0000:00000000       __hybrid_auxiliary_iat     0000000000000000     <absolute>
 0000:00000000       __hybrid_code_map          0000000000000000     <absolute>
 0000:00000000       __volatile_metadata        0000000000000000     <absolute>
 0000:00000100       __guard_flags              0000000000000100     <absolute>
 0000:00000000       __ImageBase                0000000180000000     <linker-defined>
 0001:00002820       ??0BoxController@Cct@physx@@QEAA@AEBVPxControllerDesc@2@AEAVPxPhysics@2@PEAVPxScene@2@@Z 0000000180003820 f   CctBoxController.obj
 0001:00002910       ??1BoxController@Cct@physx@@UEAA@XZ 0000000180003910 f   CctBoxController.obj
 0001:00002950       ?getWorldBox@BoxController@Cct@physx@@UEBA_NAEAUPxExtendedBounds3@3@@Z 0000000180003950 f   CctBoxController.obj
 0001:00002a00       ?setFootPosition@BoxController@Cct@physx@@UEAA_NAEBUPxExtendedVec3@3@@Z 0000000180003a00 f   CctBoxController.obj
 0001:00002a80       ?getFootPosition@BoxController@Cct@physx@@UEBA?AUPxExtendedVec3@3@XZ 0000000180003a80 f   CctBoxController.obj
 0001:00002b00       ?invalidateCache@BoxController@Cct@physx@@UEAAXXZ 0000000180003b00 f   CctBoxController.obj
 0001:00002b60       ?resize@BoxController@Cct@physx@@UEAAXM@Z 0000000180003b60 f   CctBoxController.obj
 0001:00002c20       ?getHalfHeight@BoxController@Cct@physx@@UEBAMXZ 0000000180003c20 f   CctBoxController.obj
 0001:00002c30       ?getHalfSideExtent@BoxController@Cct@physx@@UEBAMXZ 0000000180003c30 f   CctBoxController.obj
 0001:00002c40       ?getHalfForwardExtent@BoxController@Cct@physx@@UEBAMXZ 0000000180003c40 f   CctBoxController.obj
 0001:00002c50       ?setHalfHeight@BoxController@Cct@physx@@UEAA_NM@Z 0000000180003c50 f   CctBoxController.obj
 0001:00002c70       ?setHalfSideExtent@BoxController@Cct@physx@@UEAA_NM@Z 0000000180003c70 f   CctBoxController.obj
 0001:00002c90       ?setHalfForwardExtent@BoxController@Cct@physx@@UEAA_NM@Z 0000000180003c90 f   CctBoxController.obj
 0001:00002cb0       ?updateKinematicProxy@BoxController@Cct@physx@@QEAA_NXZ 0000000180003cb0 f   CctBoxController.obj
 0001:00002d50       ?getOBB@BoxController@Cct@physx@@QEBAXAEAVPxExtendedBox@3@@Z 0000000180003d50 f   CctBoxController.obj
 0001:00002fd0       ??0Allocator@shdfnd@physx@@QEAA@PEBD@Z 0000000180003fd0 f i CctBoxController.obj
 0001:00002fe0       ??0PxControllerManager@physx@@IEAA@XZ 0000000180003fe0 f i CctBoxController.obj
 0001:00003000       ??0PxControllerManager@physx@@QEAA@AEBV01@@Z 0000000180004000 f i CctBoxController.obj
 0001:00003020       ??0PxFoundation@physx@@QEAA@AEBV01@@Z 0000000180004020 f i CctBoxController.obj
 0001:00003040       ??0PxFoundation@physx@@QEAA@XZ 0000000180004040 f i CctBoxController.obj
 0001:00003060       ??1PxBoxController@physx@@MEAA@XZ 0000000180004060 f i CctBoxController.obj
 0001:00003070       ??1PxController@physx@@MEAA@XZ 0000000180004070 f i CctBoxController.obj
 0001:00003080       ??1PxControllerManager@physx@@MEAA@XZ 0000000180004080 f i CctBoxController.obj
 0001:00003090       ??1PxFoundation@physx@@MEAA@XZ 0000000180004090 f i CctBoxController.obj
 0001:000030a0       ??4Allocator@shdfnd@physx@@QEAAAEAV012@$$QEAV012@@Z 00000001800040a0 f i CctBoxController.obj
 0001:000030b0       ??4Allocator@shdfnd@physx@@QEAAAEAV012@AEBV012@@Z 00000001800040b0 f i CctBoxController.obj
 0001:000030c0       ??4MutexImpl@shdfnd@physx@@QEAAAEAV012@AEBV012@@Z 00000001800040c0 f i CctBoxController.obj
 0001:000030d0       ??4PxControllerManager@physx@@QEAAAEAV01@AEBV01@@Z 00000001800040d0 f i CctBoxController.obj
 0001:000030e0       ??4PxFoundation@physx@@QEAAAEAV01@AEBV01@@Z 00000001800040e0 f i CctBoxController.obj
 0001:000030e4       ??_EBoxController@Cct@physx@@W7EAAPEAXI@Z 00000001800040e4 f i CctBoxController.obj
 0001:000030f0       ??_EPxControllerManager@physx@@MEAAPEAXI@Z 00000001800040f0 f i CctBoxController.obj
 0001:000031a0       ??_EPxFoundation@physx@@MEAAPEAXI@Z 00000001800041a0 f i CctBoxController.obj
 0001:00003250       ??_FAllocator@shdfnd@physx@@QEAAXXZ 0000000180004250 f i CctBoxController.obj
 0001:00003260       ??_FNamedAllocator@shdfnd@physx@@QEAAXXZ 0000000180004260 f i CctBoxController.obj
 0001:00003270       ??_EBoxController@Cct@physx@@UEAAPEAXI@Z 0000000180004270 f i CctBoxController.obj
 0001:00003270       ??_GBoxController@Cct@physx@@UEAAPEAXI@Z 0000000180004270 f i CctBoxController.obj
 0001:00003310       ??_EPxBoxController@physx@@MEAAPEAXI@Z 0000000180004310 f i CctBoxController.obj
 0001:00003310       ??_GPxBoxController@physx@@MEAAPEAXI@Z 0000000180004310 f i CctBoxController.obj
 0001:00003350       ??_GPxController@physx@@MEAAPEAXI@Z 0000000180004350 f i CctBoxController.obj
 0001:00003350       ??_EPxController@physx@@MEAAPEAXI@Z 0000000180004350 f i CctBoxController.obj
 0001:00003390       ??_GPxControllerManager@physx@@MEAAPEAXI@Z 0000000180004390 f i CctBoxController.obj
 0001:000033d0       ??_GPxFoundation@physx@@MEAAPEAXI@Z 00000001800043d0 f i CctBoxController.obj
 0001:00003410       ??_H@YAXPEAX_K1P6APEAX0@Z@Z 0000000180004410 f i CctBoxController.obj
 0001:00003470       ??_I@YAXPEAX_K1P6AX0@Z@Z   0000000180004470 f i CctBoxController.obj
 0001:000034e0       ?__empty_global_delete@@YAXPEAX@Z 00000001800044e0 f i CctBoxController.obj
 0001:000034f0       ?__empty_global_delete@@YAXPEAX_K@Z 00000001800044f0 f i CctBoxController.obj
 0001:000034f0       ?__global_delete@@YAXPEAX_K@Z 00000001800044f0 f i CctBoxController.obj
 0001:00003500       ?getActor@BoxController@Cct@physx@@UEBAPEAVPxRigidDynamic@3@XZ 0000000180004500 f i CctBoxController.obj
 0001:00003510       ?getContactOffset@BoxController@Cct@physx@@UEBAMXZ 0000000180004510 f i CctBoxController.obj
 0001:00003520       ?getHalfHeightInternal@BoxController@Cct@physx@@UEBAMXZ 0000000180004520 f i CctBoxController.obj
 0001:00003530       ?getNonWalkableMode@BoxController@Cct@physx@@UEBA?AW4Enum@PxControllerNonWalkableMode@3@XZ 0000000180004530 f i CctBoxController.obj
 0001:00003540       ?getPosition@BoxController@Cct@physx@@UEBAAEBUPxExtendedVec3@3@XZ 0000000180004540 f i CctBoxController.obj
 0001:00003550       ?getPxController@BoxController@Cct@physx@@UEAAPEAVPxController@3@XZ 0000000180004550 f i CctBoxController.obj
 0001:00003560       ?getScene@BoxController@Cct@physx@@UEAAPEAVPxScene@3@XZ 0000000180004560 f i CctBoxController.obj
 0001:00003570       ?getSlopeLimit@BoxController@Cct@physx@@UEBAMXZ 0000000180004570 f i CctBoxController.obj
 0001:00003580       ?getState@BoxController@Cct@physx@@UEBAXAEAUPxControllerState@3@@Z 0000000180004580 f i CctBoxController.obj
 0001:00003590       ?getStats@BoxController@Cct@physx@@UEBAXAEAUPxControllerStats@3@@Z 0000000180004590 f i CctBoxController.obj
 0001:000035a0       ?getStepOffset@BoxController@Cct@physx@@UEBAMXZ 00000001800045a0 f i CctBoxController.obj
 0001:000035b0       ?getType@BoxController@Cct@physx@@UEBA?AW4Enum@PxControllerShapeType@3@XZ 00000001800045b0 f i CctBoxController.obj
 0001:000035c0       ?getUpDirection@BoxController@Cct@physx@@UEBA?AVPxVec3@3@XZ 00000001800045c0 f i CctBoxController.obj
 0001:000035e0       ?getUserData@BoxController@Cct@physx@@UEBAPEAXXZ 00000001800045e0 f i CctBoxController.obj
 0001:000035f0       ?release@BoxController@Cct@physx@@UEAAXXZ 00000001800045f0 f i CctBoxController.obj
 0001:00003600       ?setContactOffset@BoxController@Cct@physx@@UEAAXM@Z 0000000180004600 f i CctBoxController.obj
 0001:00003620       ?setNonWalkableMode@BoxController@Cct@physx@@UEAAXW4Enum@PxControllerNonWalkableMode@3@@Z 0000000180004620 f i CctBoxController.obj
 0001:00003630       ?setPosition@BoxController@Cct@physx@@UEAA_NAEBUPxExtendedVec3@3@@Z 0000000180004630 f i CctBoxController.obj
 0001:00003640       ?setSlopeLimit@BoxController@Cct@physx@@UEAAXM@Z 0000000180004640 f i CctBoxController.obj
 0001:00003660       ?setStepOffset@BoxController@Cct@physx@@UEAAXM@Z 0000000180004660 f i CctBoxController.obj
 0001:00003680       ?setUpDirection@BoxController@Cct@physx@@UEAAXAEBVPxVec3@3@@Z 0000000180004680 f i CctBoxController.obj
 0001:00003690       ?setUserData@BoxController@Cct@physx@@UEAAXPEAX@Z 0000000180004690 f i CctBoxController.obj
 0001:000036a0       ??0CapsuleController@Cct@physx@@QEAA@AEBVPxControllerDesc@2@AEAVPxPhysics@2@PEAVPxScene@2@@Z 00000001800046a0 f   CctCapsuleController.obj
 0001:00003790       ??1CapsuleController@Cct@physx@@UEAA@XZ 0000000180004790 f   CctCapsuleController.obj
 0001:000037d0       ?getWorldBox@CapsuleController@Cct@physx@@UEBA_NAEAUPxExtendedBounds3@3@@Z 00000001800047d0 f   CctCapsuleController.obj
 0001:00003880       ?setFootPosition@CapsuleController@Cct@physx@@UEAA_NAEBUPxExtendedVec3@3@@Z 0000000180004880 f   CctCapsuleController.obj
 0001:00003910       ?getFootPosition@CapsuleController@Cct@physx@@UEBA?AUPxExtendedVec3@3@XZ 0000000180004910 f   CctCapsuleController.obj
 0001:000039a0       ?invalidateCache@CapsuleController@Cct@physx@@UEAAXXZ 00000001800049a0 f   CctCapsuleController.obj
 0001:00003a00       ?resize@CapsuleController@Cct@physx@@UEAAXM@Z 0000000180004a00 f   CctCapsuleController.obj
 0001:00003ad0       ?getClimbingMode@CapsuleController@Cct@physx@@UEBA?AW4Enum@PxCapsuleClimbingMode@3@XZ 0000000180004ad0 f   CctCapsuleController.obj
 0001:00003ae0       ?setRadius@CapsuleController@Cct@physx@@UEAA_NM@Z 0000000180004ae0 f   CctCapsuleController.obj
 0001:00003b70       ?setHeight@CapsuleController@Cct@physx@@UEAA_NM@Z 0000000180004b70 f   CctCapsuleController.obj
 0001:00003c10       ?setClimbingMode@CapsuleController@Cct@physx@@UEAA_NW4Enum@PxCapsuleClimbingMode@3@@Z 0000000180004c10 f   CctCapsuleController.obj
 0001:00003c30       ?getCapsule@CapsuleController@Cct@physx@@QEBAXAEAUPxExtendedCapsule@3@@Z 0000000180004c30 f   CctCapsuleController.obj
 0001:00003eb0       ??1PxCapsuleController@physx@@MEAA@XZ 0000000180004eb0 f i CctCapsuleController.obj
 0001:00003ec0       ??_ECapsuleController@Cct@physx@@W7EAAPEAXI@Z 0000000180004ec0 f i CctCapsuleController.obj
 0001:00003ed0       ??_ECapsuleController@Cct@physx@@UEAAPEAXI@Z 0000000180004ed0 f i CctCapsuleController.obj
 0001:00003ed0       ??_GCapsuleController@Cct@physx@@UEAAPEAXI@Z 0000000180004ed0 f i CctCapsuleController.obj
 0001:00003f70       ??_GPxCapsuleController@physx@@MEAAPEAXI@Z 0000000180004f70 f i CctCapsuleController.obj
 0001:00003f70       ??_EPxCapsuleController@physx@@MEAAPEAXI@Z 0000000180004f70 f i CctCapsuleController.obj
 0001:00003fb0       ?getActor@CapsuleController@Cct@physx@@UEBAPEAVPxRigidDynamic@3@XZ 0000000180004fb0 f i CctCapsuleController.obj
 0001:00003fc0       ?getContactOffset@CapsuleController@Cct@physx@@UEBAMXZ 0000000180004fc0 f i CctCapsuleController.obj
 0001:00003fd0       ?getHalfHeightInternal@CapsuleController@Cct@physx@@UEBAMXZ 0000000180004fd0 f i CctCapsuleController.obj
 0001:00003ff0       ?getHeight@CapsuleController@Cct@physx@@UEBAMXZ 0000000180004ff0 f i CctCapsuleController.obj
 0001:00004000       ?getNonWalkableMode@CapsuleController@Cct@physx@@UEBA?AW4Enum@PxControllerNonWalkableMode@3@XZ 0000000180005000 f i CctCapsuleController.obj
 0001:00004010       ?getPosition@CapsuleController@Cct@physx@@UEBAAEBUPxExtendedVec3@3@XZ 0000000180005010 f i CctCapsuleController.obj
 0001:00004020       ?getPxController@CapsuleController@Cct@physx@@UEAAPEAVPxController@3@XZ 0000000180005020 f i CctCapsuleController.obj
 0001:00004030       ?getRadius@CapsuleController@Cct@physx@@UEBAMXZ 0000000180005030 f i CctCapsuleController.obj
 0001:00004040       ?getScene@CapsuleController@Cct@physx@@UEAAPEAVPxScene@3@XZ 0000000180005040 f i CctCapsuleController.obj
 0001:00004050       ?getSlopeLimit@CapsuleController@Cct@physx@@UEBAMXZ 0000000180005050 f i CctCapsuleController.obj
 0001:00004060       ?getState@CapsuleController@Cct@physx@@UEBAXAEAUPxControllerState@3@@Z 0000000180005060 f i CctCapsuleController.obj
 0001:00004070       ?getStats@CapsuleController@Cct@physx@@UEBAXAEAUPxControllerStats@3@@Z 0000000180005070 f i CctCapsuleController.obj
 0001:00004080       ?getStepOffset@CapsuleController@Cct@physx@@UEBAMXZ 0000000180005080 f i CctCapsuleController.obj
 0001:00004090       ?getType@CapsuleController@Cct@physx@@UEBA?AW4Enum@PxControllerShapeType@3@XZ 0000000180005090 f i CctCapsuleController.obj
 0001:000040a0       ?getUpDirection@CapsuleController@Cct@physx@@UEBA?AVPxVec3@3@XZ 00000001800050a0 f i CctCapsuleController.obj
 0001:000040c0       ?getUserData@CapsuleController@Cct@physx@@UEBAPEAXXZ 00000001800050c0 f i CctCapsuleController.obj
 0001:000040d0       ?release@CapsuleController@Cct@physx@@UEAAXXZ 00000001800050d0 f i CctCapsuleController.obj
 0001:000040e0       ?setContactOffset@CapsuleController@Cct@physx@@UEAAXM@Z 00000001800050e0 f i CctCapsuleController.obj
 0001:00004100       ?setNonWalkableMode@CapsuleController@Cct@physx@@UEAAXW4Enum@PxControllerNonWalkableMode@3@@Z 0000000180005100 f i CctCapsuleController.obj
 0001:00004110       ?setPosition@CapsuleController@Cct@physx@@UEAA_NAEBUPxExtendedVec3@3@@Z 0000000180005110 f i CctCapsuleController.obj
 0001:00004120       ?setSlopeLimit@CapsuleController@Cct@physx@@UEAAXM@Z 0000000180005120 f i CctCapsuleController.obj
 0001:00004140       ?setStepOffset@CapsuleController@Cct@physx@@UEAAXM@Z 0000000180005140 f i CctCapsuleController.obj
 0001:00004160       ?setUpDirection@CapsuleController@Cct@physx@@UEAAXAEBVPxVec3@3@@Z 0000000180005160 f i CctCapsuleController.obj
 0001:00004170       ?setUserData@CapsuleController@Cct@physx@@UEAAXPEAX@Z 0000000180005170 f i CctCapsuleController.obj
 0001:00004180       ??0CCTParams@Cct@physx@@QEAA@XZ 0000000180005180 f   CctCharacterController.obj
 0001:000041c0       ??0SweepTest@Cct@physx@@QEAA@_N@Z 00000001800051c0 f   CctCharacterController.obj
 0001:000043d0       ??1SweepTest@Cct@physx@@QEAA@XZ 00000001800053d0 f   CctCharacterController.obj
 0001:000044b0       ?moveCharacter@SweepTest@Cct@physx@@QEAA?AV?$PxFlags@W4Enum@PxControllerCollisionFlag@physx@@E@3@PEBUInternalCBData_FindTouchedGeom@23@PEAUInternalCBData_OnHit@23@AEAVSweptVolume@23@AEBVPxVec3@3@AEBUUserObstacles@23@MAEBVPxControllerFilters@3@_N6AEAPEBVPxRigidActor@3@AEAPEBVPxShape@3@_K@Z 00000001800054b0 f   CctCharacterController.obj
 0001:00005040       ?doSweepTest@SweepTest@Cct@physx@@QEAA_NPEBUInternalCBData_FindTouchedGeom@23@PEAUInternalCBData_OnHit@23@AEBUUserObstacles@23@AEAVSweptVolume@23@AEBVPxVec3@3@4IPEAIMAEBVPxControllerFilters@3@W4SweepPass@23@AEAPEBVPxRigidActor@3@AEAPEBVPxShape@3@_K@Z 0000000180006040 f   CctCharacterController.obj
 0001:00005f10       ?findTouchedObstacles@SweepTest@Cct@physx@@QEAAXAEBUUserObstacles@23@AEBUPxExtendedBounds3@3@@Z 0000000180006f10 f   CctCharacterController.obj
 0001:00006640       ?voidTestCache@SweepTest@Cct@physx@@QEAAXXZ 0000000180007640 f   CctCharacterController.obj
 0001:000066f0       ?onRelease@SweepTest@Cct@physx@@QEAAXAEBVPxBase@3@@Z 00000001800076f0 f   CctCharacterController.obj
 0001:00006800       ?updateCachedShapesRegistration@SweepTest@Cct@physx@@QEAAXI_N@Z 0000000180007800 f   CctCharacterController.obj
 0001:000068b0       ?onObstacleRemoved@SweepTest@Cct@physx@@QEAAXI@Z 00000001800078b0 f   CctCharacterController.obj
 0001:000068d0       ?onObstacleUpdated@SweepTest@Cct@physx@@QEAAXIPEBVPxObstacleContext@3@AEBVPxVec3@3@1M@Z 00000001800078d0 f   CctCharacterController.obj
 0001:00006a00       ?onObstacleAdded@SweepTest@Cct@physx@@QEAAXIPEBVPxObstacleContext@3@AEBVPxVec3@3@1M@Z 0000000180007a00 f   CctCharacterController.obj
 0001:00006bb0       ?onOriginShift@SweepTest@Cct@physx@@QEAAXAEBVPxVec3@3@@Z 0000000180007bb0 f   CctCharacterController.obj
 0001:00006d50       ?updateTouchedGeoms@SweepTest@Cct@physx@@AEAAXPEBUInternalCBData_FindTouchedGeom@23@AEBUUserObstacles@23@AEBUPxExtendedBounds3@3@AEBVPxControllerFilters@3@AEBVPxVec3@3@@Z 0000000180007d50 f   CctCharacterController.obj
 0001:000076c0       ?findTouchedObject@Controller@Cct@physx@@IEAAXAEBVPxControllerFilters@3@PEBVPxObstacleContext@3@AEBVPxVec3@3@@Z 00000001800086c0 f   CctCharacterController.obj
 0001:00007d10       ?rideOnTouchedObject@Controller@Cct@physx@@IEAA_NAEAVSweptVolume@23@AEBVPxVec3@3@AEAV53@PEBVPxObstacleContext@3@@Z 0000000180008d10 f   CctCharacterController.obj
 0001:000082a0       ?move@Controller@Cct@physx@@IEAA?AV?$PxFlags@W4Enum@PxControllerCollisionFlag@physx@@E@3@AEAVSweptVolume@23@AEBVPxVec3@3@MMAEBVPxControllerFilters@3@PEBVPxObstacleContext@3@_N@Z 00000001800092a0 f   CctCharacterController.obj
 0001:00009480       ?filterTouchedShape@Controller@Cct@physx@@IEAA_NAEBVPxControllerFilters@3@@Z 000000018000a480 f   CctCharacterController.obj
 0001:0000ad60       ?move@BoxController@Cct@physx@@UEAA?AV?$PxFlags@W4Enum@PxControllerCollisionFlag@physx@@E@3@AEBVPxVec3@3@MMAEBVPxControllerFilters@3@PEBVPxObstacleContext@3@@Z 000000018000bd60 f   CctCharacterController.obj
 0001:0000af20       ?move@CapsuleController@Cct@physx@@UEAA?AV?$PxFlags@W4Enum@PxControllerCollisionFlag@physx@@E@3@AEBVPxVec3@3@MMAEBVPxControllerFilters@3@PEBVPxObstacleContext@3@@Z 000000018000bf20 f   CctCharacterController.obj
 0001:0000cd20       ??0PxMat33@physx@@QEAA@AEBV01@@Z 000000018000dd20 f i CctCharacterController.obj
 0001:0000cd70       ??0PxVec3@physx@@QEAA@XZ   000000018000dd70 f i CctCharacterController.obj
 0001:0000cd80       ??1?$PxHitBuffer@UPxRaycastHit@physx@@@physx@@UEAA@XZ 000000018000dd80 f i CctCharacterController.obj
 0001:0000cd90       ??1?$PxHitCallback@UPxRaycastHit@physx@@@physx@@UEAA@XZ 000000018000dd90 f i CctCharacterController.obj
 0001:0000cda0       ??1PxQueryFilterCallback@physx@@UEAA@XZ 000000018000dda0 f i CctCharacterController.obj
 0001:0000cdb0       ??4FPUGuard@shdfnd@physx@@QEAAAEAV012@AEBV012@@Z 000000018000ddb0 f i CctCharacterController.obj
 0001:0000cdd0       ??DPxQuat@physx@@QEBA?AV01@AEBV01@@Z 000000018000ddd0 f i CctCharacterController.obj
 0001:0000cf50       ??_G?$PxHitBuffer@UPxRaycastHit@physx@@@physx@@UEAAPEAXI@Z 000000018000df50 f i CctCharacterController.obj
 0001:0000cf50       ??_E?$PxHitBuffer@UPxRaycastHit@physx@@@physx@@UEAAPEAXI@Z 000000018000df50 f i CctCharacterController.obj
 0001:0000cf90       ??_E?$PxHitCallback@UPxRaycastHit@physx@@@physx@@UEAAPEAXI@Z 000000018000df90 f i CctCharacterController.obj
 0001:0000cf90       ??_G?$PxHitCallback@UPxRaycastHit@physx@@@physx@@UEAAPEAXI@Z 000000018000df90 f i CctCharacterController.obj
 0001:0000cfd0       ??_GControllerFilter@@UEAAPEAXI@Z 000000018000dfd0 f i CctCharacterController.obj
 0001:0000cfd0       ??_EControllerFilter@@UEAAPEAXI@Z 000000018000dfd0 f i CctCharacterController.obj
 0001:0000d010       ??_EPxQueryFilterCallback@physx@@UEAAPEAXI@Z 000000018000e010 f i CctCharacterController.obj
 0001:0000d010       ??_GPxQueryFilterCallback@physx@@UEAAPEAXI@Z 000000018000e010 f i CctCharacterController.obj
 0001:0000d9d0       ?finalizeQuery@?$PxHitCallback@UPxRaycastHit@physx@@@physx@@UEAAXXZ 000000018000e9d0 f i CctCharacterController.obj
 0001:0000d9e0       ?getShapeGlobalPose@physx@@YA?AVPxTransform@1@AEBVPxShape@1@AEBVPxRigidActor@1@@Z 000000018000e9e0 f i CctCharacterController.obj
 0001:0000dc30       ?growAndPushBack@?$Array@PEBXVNamedAllocator@shdfnd@physx@@@shdfnd@physx@@IEAAAEAPEBXAEBQEBX@Z 000000018000ec30 f i CctCharacterController.obj
 0001:0000dd60       ?growAndPushBack@?$Array@UPxExtendedCapsule@physx@@VNamedAllocator@shdfnd@2@@shdfnd@physx@@IEAAAEAUPxExtendedCapsule@3@AEBU43@@Z 000000018000ed60 f i CctCharacterController.obj
 0001:0000dec0       ?growAndPushBack@?$Array@VPxExtendedBox@physx@@VNamedAllocator@shdfnd@2@@shdfnd@physx@@IEAAAEAVPxExtendedBox@3@AEBV43@@Z 000000018000eec0 f i CctCharacterController.obj
 0001:0000e2b0       ?postFilter@ControllerFilter@@UEAA?AW4Enum@PxQueryHitType@physx@@AEBUPxFilterData@4@AEBUPxQueryHit@4@@Z 000000018000f2b0 f i CctCharacterController.obj
 0001:0000e2d0       ?preFilter@ControllerFilter@@UEAA?AW4Enum@PxQueryHitType@physx@@AEBUPxFilterData@4@PEBVPxShape@4@PEBVPxRigidActor@4@AEAV?$PxFlags@W4Enum@PxHitFlag@physx@@G@4@@Z 000000018000f2d0 f i CctCharacterController.obj
 0001:0000e440       ?processTouches@?$PxHitBuffer@UPxRaycastHit@physx@@@physx@@MEAA_NPEBUPxRaycastHit@2@I@Z 000000018000f440 f i CctCharacterController.obj
 0001:0000e450       ?recreate@?$Array@IVNamedAllocator@shdfnd@physx@@@shdfnd@physx@@IEAAXI@Z 000000018000f450 f i CctCharacterController.obj
 0001:0000e960       ?getSceneTimestamp@Cct@physx@@YAIPEBUInternalCBData_FindTouchedGeom@12@@Z 000000018000f960 f   CctCharacterControllerCallbacks.obj
 0001:0000e980       ?findTouchedGeometry@Cct@physx@@YAXPEBUInternalCBData_FindTouchedGeom@12@AEBUPxExtendedBounds3@2@AEAVTriArray@12@AEAV?$Array@IVNamedAllocator@shdfnd@physx@@@shdfnd@2@3AEBVCCTFilter@12@AEBUCCTParams@12@AEAG@Z 000000018000f980 f   CctCharacterControllerCallbacks.obj
 0001:0000f9a0       ?shapeHitCallback@Cct@physx@@YAIPEBUInternalCBData_OnHit@12@AEBUSweptContact@12@AEBVPxVec3@2@M@Z 00000001800109a0 f   CctCharacterControllerCallbacks.obj
 0001:0000fab0       ?userHitCallback@Cct@physx@@YAIPEBUInternalCBData_OnHit@12@AEBUSweptContact@12@AEBVPxVec3@2@M@Z 0000000180010ab0 f   CctCharacterControllerCallbacks.obj
 0001:00010220       ??0PxOverlapHit@physx@@QEAA@XZ 0000000180011220 f i CctCharacterControllerCallbacks.obj
 0001:00010240       ??1?$PxHitBuffer@UPxOverlapHit@physx@@@physx@@UEAA@XZ 0000000180011240 f i CctCharacterControllerCallbacks.obj
 0001:00010250       ??1?$PxHitCallback@UPxOverlapHit@physx@@@physx@@UEAA@XZ 0000000180011250 f i CctCharacterControllerCallbacks.obj
 0001:00010260       ??_G?$PxHitBuffer@UPxOverlapHit@physx@@@physx@@UEAAPEAXI@Z 0000000180011260 f i CctCharacterControllerCallbacks.obj
 0001:00010260       ??_E?$PxHitBuffer@UPxOverlapHit@physx@@@physx@@UEAAPEAXI@Z 0000000180011260 f i CctCharacterControllerCallbacks.obj
 0001:000102a0       ??_E?$PxHitCallback@UPxOverlapHit@physx@@@physx@@UEAAPEAXI@Z 00000001800112a0 f i CctCharacterControllerCallbacks.obj
 0001:000102a0       ??_G?$PxHitCallback@UPxOverlapHit@physx@@@physx@@UEAAPEAXI@Z 00000001800112a0 f i CctCharacterControllerCallbacks.obj
 0001:00010b30       ?finalizeQuery@?$PxHitCallback@UPxOverlapHit@physx@@@physx@@UEAAXXZ 0000000180011b30 f i CctCharacterControllerCallbacks.obj
 0001:00010b40       ?growAndPushBack@?$Array@IVNamedAllocator@shdfnd@physx@@@shdfnd@physx@@IEAAAEAIAEBI@Z 0000000180011b40 f i CctCharacterControllerCallbacks.obj
 0001:00015130       ?processTouches@?$PxHitBuffer@UPxOverlapHit@physx@@@physx@@MEAA_NPEBUPxOverlapHit@2@I@Z 0000000180016130 f i CctCharacterControllerCallbacks.obj
 0001:00015140       ?recreate@?$Array@VPxTriangle@physx@@VNamedAllocator@shdfnd@2@@shdfnd@physx@@IEAAXI@Z 0000000180016140 f i CctCharacterControllerCallbacks.obj
 0001:00015940       PxCreateControllerManager  0000000180016940 f   CctCharacterControllerManager.obj
 0001:000159f0       ??0CharacterControllerManager@Cct@physx@@QEAA@AEAVPxScene@2@_N@Z 00000001800169f0 f   CctCharacterControllerManager.obj
 0001:00015c80       ??1CharacterControllerManager@Cct@physx@@UEAA@XZ 0000000180016c80 f   CctCharacterControllerManager.obj
 0001:00015e30       ?release@CharacterControllerManager@Cct@physx@@UEAAXXZ 0000000180016e30 f   CctCharacterControllerManager.obj
 0001:00016090       ?getScene@CharacterControllerManager@Cct@physx@@UEBAAEAVPxScene@3@XZ 0000000180017090 f   CctCharacterControllerManager.obj
 0001:000160a0       ?getNbControllers@CharacterControllerManager@Cct@physx@@UEBAIXZ 00000001800170a0 f   CctCharacterControllerManager.obj
 0001:000160b0       ?getController@CharacterControllerManager@Cct@physx@@UEAAPEAVPxController@3@I@Z 00000001800170b0 f   CctCharacterControllerManager.obj
 0001:00016110       ?createController@CharacterControllerManager@Cct@physx@@UEAAPEAVPxController@3@AEBVPxControllerDesc@3@@Z 0000000180017110 f   CctCharacterControllerManager.obj
 0001:00016330       ?purgeControllers@CharacterControllerManager@Cct@physx@@UEAAXXZ 0000000180017330 f   CctCharacterControllerManager.obj
 0001:00016530       ?getRenderBuffer@CharacterControllerManager@Cct@physx@@UEAAAEAVPxRenderBuffer@3@XZ 0000000180017530 f   CctCharacterControllerManager.obj
 0001:00016700       ?setDebugRenderingFlags@CharacterControllerManager@Cct@physx@@UEAAXV?$PxFlags@W4Enum@PxControllerDebugRenderFlag@physx@@I@3@@Z 0000000180017700 f   CctCharacterControllerManager.obj
 0001:00016740       ?getNbObstacleContexts@CharacterControllerManager@Cct@physx@@UEBAIXZ 0000000180017740 f   CctCharacterControllerManager.obj
 0001:00016750       ?getObstacleContext@CharacterControllerManager@Cct@physx@@UEAAPEAVPxObstacleContext@3@I@Z 0000000180017750 f   CctCharacterControllerManager.obj
 0001:000167b0       ?createObstacleContext@CharacterControllerManager@Cct@physx@@UEAAPEAVPxObstacleContext@3@XZ 00000001800177b0 f   CctCharacterControllerManager.obj
 0001:00016890       ?computeInteractions@CharacterControllerManager@Cct@physx@@UEAAXMPEAVPxControllerFilterCallback@3@@Z 0000000180017890 f   CctCharacterControllerManager.obj
 0001:00016ad0       ?setTessellation@CharacterControllerManager@Cct@physx@@UEAAX_NM@Z 0000000180017ad0 f   CctCharacterControllerManager.obj
 0001:00016af0       ?setOverlapRecoveryModule@CharacterControllerManager@Cct@physx@@UEAAX_N@Z 0000000180017af0 f   CctCharacterControllerManager.obj
 0001:00016b00       ?setPreciseSweeps@CharacterControllerManager@Cct@physx@@UEAAX_N@Z 0000000180017b00 f   CctCharacterControllerManager.obj
 0001:00016b10       ?setPreventVerticalSlidingAgainstCeiling@CharacterControllerManager@Cct@physx@@UEAAX_N@Z 0000000180017b10 f   CctCharacterControllerManager.obj
 0001:00016b20       ?shiftOrigin@CharacterControllerManager@Cct@physx@@UEAAXAEBVPxVec3@3@@Z 0000000180017b20 f   CctCharacterControllerManager.obj
 0001:00016bf0       ?onRelease@CharacterControllerManager@Cct@physx@@UEAAXPEBVPxBase@3@PEAXW4Enum@PxDeletionEventFlag@3@@Z 0000000180017bf0 f   CctCharacterControllerManager.obj
 0001:00016d80       ?registerObservedObject@CharacterControllerManager@Cct@physx@@QEAAXPEBVPxBase@3@@Z 0000000180017d80 f   CctCharacterControllerManager.obj
 0001:00016e00       ?unregisterObservedObject@CharacterControllerManager@Cct@physx@@QEAAXPEBVPxBase@3@@Z 0000000180017e00 f   CctCharacterControllerManager.obj
 0001:00016ea0       ?onObstacleRemoved@CharacterControllerManager@Cct@physx@@QEBAXI@Z 0000000180017ea0 f   CctCharacterControllerManager.obj
 0001:00016ef0       ?onObstacleUpdated@CharacterControllerManager@Cct@physx@@QEBAXIPEBVPxObstacleContext@3@@Z 0000000180017ef0 f   CctCharacterControllerManager.obj
 0001:00017010       ?onObstacleAdded@CharacterControllerManager@Cct@physx@@QEBAXIPEBVPxObstacleContext@3@@Z 0000000180018010 f   CctCharacterControllerManager.obj
 0001:00017130       ?releaseController@CharacterControllerManager@Cct@physx@@QEAAXAEAVPxController@3@@Z 0000000180018130 f   CctCharacterControllerManager.obj
 0001:000172f0       ?getControllers@CharacterControllerManager@Cct@physx@@QEAAPEAPEAVController@23@XZ 00000001800182f0 f   CctCharacterControllerManager.obj
 0001:00017300       ?releaseObstacleContext@CharacterControllerManager@Cct@physx@@QEAAXAEAVObstacleContext@23@@Z 0000000180018300 f   CctCharacterControllerManager.obj
 0001:00017370       ?resetObstaclesBuffers@CharacterControllerManager@Cct@physx@@QEAAXXZ 0000000180018370 f   CctCharacterControllerManager.obj
 0001:00017b80       ??$resetOrClear@V?$Array@PEBXVNamedAllocator@shdfnd@physx@@@shdfnd@physx@@@@YAXAEAV?$Array@PEBXVNamedAllocator@shdfnd@physx@@@shdfnd@physx@@@Z 0000000180018b80 f i CctCharacterControllerManager.obj
 0001:00017bf0       ??$resetOrClear@V?$Array@UPxExtendedCapsule@physx@@VNamedAllocator@shdfnd@2@@shdfnd@physx@@@@YAXAEAV?$Array@UPxExtendedCapsule@physx@@VNamedAllocator@shdfnd@2@@shdfnd@physx@@@Z 0000000180018bf0 f i CctCharacterControllerManager.obj
 0001:00017c80       ??$resetOrClear@V?$Array@VPxExtendedBox@physx@@VNamedAllocator@shdfnd@2@@shdfnd@physx@@@@YAXAEAV?$Array@VPxExtendedBox@physx@@VNamedAllocator@shdfnd@2@@shdfnd@physx@@@Z 0000000180018c80 f i CctCharacterControllerManager.obj
 0001:00017ce0       ??1PxDeletionListener@physx@@MEAA@XZ 0000000180018ce0 f i CctCharacterControllerManager.obj
 0001:00017cf0       ??1PxRenderBuffer@physx@@UEAA@XZ 0000000180018cf0 f i CctCharacterControllerManager.obj
 0001:00017d00       ??_ECharacterControllerManager@Cct@physx@@W7EAAPEAXI@Z 0000000180018d00 f i CctCharacterControllerManager.obj
 0001:00017d10       ??_ECharacterControllerManager@Cct@physx@@UEAAPEAXI@Z 0000000180018d10 f i CctCharacterControllerManager.obj
 0001:00017d10       ??_GCharacterControllerManager@Cct@physx@@UEAAPEAXI@Z 0000000180018d10 f i CctCharacterControllerManager.obj
 0001:00017d90       ??_EPxDeletionListener@physx@@MEAAPEAXI@Z 0000000180018d90 f i CctCharacterControllerManager.obj
 0001:00017d90       ??_GPxDeletionListener@physx@@MEAAPEAXI@Z 0000000180018d90 f i CctCharacterControllerManager.obj
 0001:00017dd0       ??_GPxRenderBuffer@physx@@UEAAPEAXI@Z 0000000180018dd0 f i CctCharacterControllerManager.obj
 0001:00017dd0       ??_EPxRenderBuffer@physx@@UEAAPEAXI@Z 0000000180018dd0 f i CctCharacterControllerManager.obj
 0001:00017e10       ??_GRenderBuffer@Cm@physx@@UEAAPEAXI@Z 0000000180018e10 f i CctCharacterControllerManager.obj
 0001:00017e10       ??_ERenderBuffer@Cm@physx@@UEAAPEAXI@Z 0000000180018e10 f i CctCharacterControllerManager.obj
 0001:00018d80       ?append@RenderBuffer@Cm@physx@@UEAAXAEBVPxRenderBuffer@3@@Z 0000000180019d80 f i CctCharacterControllerManager.obj
 0001:00019110       ?clear@RenderBuffer@Cm@physx@@UEAAXXZ 000000018001a110 f i CctCharacterControllerManager.obj
 0001:00019770       ?copy@?$Array@UPxDebugLine@physx@@VNamedAllocator@shdfnd@2@@shdfnd@physx@@KAXPEAUPxDebugLine@3@0PEBU43@@Z 000000018001a770 f i CctCharacterControllerManager.obj
 0001:00019990       ?copy@?$Array@UPxDebugPoint@physx@@VNamedAllocator@shdfnd@2@@shdfnd@physx@@KAXPEAUPxDebugPoint@3@0PEBU43@@Z 000000018001a990 f i CctCharacterControllerManager.obj
 0001:00019ad0       ?copy@?$Array@UPxDebugText@physx@@VNamedAllocator@shdfnd@2@@shdfnd@physx@@KAXPEAUPxDebugText@3@0PEBU43@@Z 000000018001aad0 f i CctCharacterControllerManager.obj
 0001:00019ca0       ?copy@?$Array@UPxDebugTriangle@physx@@VNamedAllocator@shdfnd@2@@shdfnd@physx@@KAXPEAUPxDebugTriangle@3@0PEBU43@@Z 000000018001aca0 f i CctCharacterControllerManager.obj
 0001:00019f20       ?create@?$HashBase@PEAVPxShape@physx@@PEAV12@U?$Hash@PEAVPxShape@physx@@@shdfnd@2@UGetKey@?$HashSetBase@PEAVPxShape@physx@@U?$Hash@PEAVPxShape@physx@@@shdfnd@2@VNonTrackingAllocator@42@$0A@@internal@42@VNonTrackingAllocator@42@$0A@@internal@shdfnd@physx@@QEAAPEAPEAVPxShape@4@AEBQEAV54@AEA_N@Z 000000018001af20 f i CctCharacterControllerManager.obj
 0001:0001a130       ?create@?$HashBase@V?$Pair@QEBVPxBase@physx@@UObservedRefCounter@Cct@2@@shdfnd@physx@@PEBVPxBase@3@U?$Hash@PEBVPxBase@physx@@@23@UGetKey@?$HashMapBase@PEBVPxBase@physx@@UObservedRefCounter@Cct@2@U?$Hash@PEBVPxBase@physx@@@shdfnd@2@VNonTrackingAllocator@62@@internal@23@VNonTrackingAllocator@23@$00@internal@shdfnd@physx@@QEAAPEAV?$Pair@QEBVPxBase@physx@@UObservedRefCounter@Cct@2@@34@AEBQEBVPxBase@4@AEA_N@Z 000000018001b130 f i CctCharacterControllerManager.obj
 0001:0001a330       ?erase@?$HashBase@V?$Pair@QEBVPxBase@physx@@UObservedRefCounter@Cct@2@@shdfnd@physx@@PEBVPxBase@3@U?$Hash@PEBVPxBase@physx@@@23@UGetKey@?$HashMapBase@PEBVPxBase@physx@@UObservedRefCounter@Cct@2@U?$Hash@PEBVPxBase@physx@@@shdfnd@2@VNonTrackingAllocator@62@@internal@23@VNonTrackingAllocator@23@$00@internal@shdfnd@physx@@QEAA_NAEBQEBVPxBase@4@@Z 000000018001b330 f i CctCharacterControllerManager.obj
 0001:0001a550       ?getAllocator@Foundation@shdfnd@physx@@QEAAAEAVPxAllocatorCallback@3@XZ 000000018001b550 f i CctCharacterControllerManager.obj
 0001:0001a560       ?getAllocatorCallback@Foundation@shdfnd@physx@@UEAAAEAVPxAllocatorCallback@3@XZ 000000018001b560 f i CctCharacterControllerManager.obj
 0001:0001a570       ?getErrorCallback@Foundation@shdfnd@physx@@UEAAAEAVPxErrorCallback@3@XZ 000000018001b570 f i CctCharacterControllerManager.obj
 0001:0001a580       ?getErrorLevel@Foundation@shdfnd@physx@@UEBA?AW4Enum@PxErrorCode@3@XZ 000000018001b580 f i CctCharacterControllerManager.obj
 0001:0001a590       ?getInternalErrorCallback@Foundation@shdfnd@physx@@QEAAAEAVPxErrorCallback@3@XZ 000000018001b590 f i CctCharacterControllerManager.obj
 0001:0001a5a0       ?getLines@RenderBuffer@Cm@physx@@UEBAPEBUPxDebugLine@3@XZ 000000018001b5a0 f i CctCharacterControllerManager.obj
 0001:0001a5b0       ?getNamedAllocMap@Foundation@shdfnd@physx@@QEAAAEAV?$HashMap@PEBVNamedAllocator@shdfnd@physx@@PEBDU?$Hash@PEBVNamedAllocator@shdfnd@physx@@@23@VNonTrackingAllocator@23@@23@XZ 000000018001b5b0 f i CctCharacterControllerManager.obj
 0001:0001a5c0       ?getNamedAllocMutex@Foundation@shdfnd@physx@@QEAAAEAV?$MutexT@VAllocator@shdfnd@physx@@@23@XZ 000000018001b5c0 f i CctCharacterControllerManager.obj
 0001:0001a5d0       ?getNbLines@RenderBuffer@Cm@physx@@UEBAIXZ 000000018001b5d0 f i CctCharacterControllerManager.obj
 0001:0001a5e0       ?getNbPoints@RenderBuffer@Cm@physx@@UEBAIXZ 000000018001b5e0 f i CctCharacterControllerManager.obj
 0001:0001a5f0       ?getNbTexts@RenderBuffer@Cm@physx@@UEBAIXZ 000000018001b5f0 f i CctCharacterControllerManager.obj
 0001:0001a600       ?getNbTriangles@RenderBuffer@Cm@physx@@UEBAIXZ 000000018001b600 f i CctCharacterControllerManager.obj
 0001:0001a610       ?getPoints@RenderBuffer@Cm@physx@@UEBAPEBUPxDebugPoint@3@XZ 000000018001b610 f i CctCharacterControllerManager.obj
 0001:0001a620       ?getReportAllocationNames@Foundation@shdfnd@physx@@UEBA_NXZ 000000018001b620 f i CctCharacterControllerManager.obj
 0001:0001a630       ?getTempAllocFreeTable@Foundation@shdfnd@physx@@QEAAAEAV?$Array@PEATTempAllocatorChunk@shdfnd@physx@@VAllocator@23@@23@XZ 000000018001b630 f i CctCharacterControllerManager.obj
 0001:0001a640       ?getTempAllocMutex@Foundation@shdfnd@physx@@QEAAAEAV?$MutexT@VAllocator@shdfnd@physx@@@23@XZ 000000018001b640 f i CctCharacterControllerManager.obj
 0001:0001a650       ?getTexts@RenderBuffer@Cm@physx@@UEBAPEBUPxDebugText@3@XZ 000000018001b650 f i CctCharacterControllerManager.obj
 0001:0001a660       ?getTriangles@RenderBuffer@Cm@physx@@UEBAPEBUPxDebugTriangle@3@XZ 000000018001b660 f i CctCharacterControllerManager.obj
 0001:0001a670       ?growAndPushBack@?$Array@PEAVController@Cct@physx@@VNamedAllocator@shdfnd@3@@shdfnd@physx@@IEAAAEAPEAVController@Cct@3@AEBQEAV453@@Z 000000018001b670 f i CctCharacterControllerManager.obj
 0001:0001a7a0       ?growAndPushBack@?$Array@PEAVObstacleContext@Cct@physx@@VNamedAllocator@shdfnd@3@@shdfnd@physx@@IEAAAEAPEAVObstacleContext@Cct@3@AEBQEAV453@@Z 000000018001b7a0 f i CctCharacterControllerManager.obj
 0001:0001a8d0       ?growAndPushBack@?$Array@UPxDebugLine@physx@@VNamedAllocator@shdfnd@2@@shdfnd@physx@@IEAAAEAUPxDebugLine@3@AEBU43@@Z 000000018001b8d0 f i CctCharacterControllerManager.obj
 0001:0001aa10       ?growAndPushBack@?$Array@UPxDebugPoint@physx@@VNamedAllocator@shdfnd@2@@shdfnd@physx@@IEAAAEAUPxDebugPoint@3@AEBU43@@Z 000000018001ba10 f i CctCharacterControllerManager.obj
 0001:0001ab20       ?growAndPushBack@?$Array@UPxDebugText@physx@@VNamedAllocator@shdfnd@2@@shdfnd@physx@@IEAAAEAUPxDebugText@3@AEBU43@@Z 000000018001bb20 f i CctCharacterControllerManager.obj
 0001:0001ac50       ?growAndPushBack@?$Array@UPxDebugTriangle@physx@@VNamedAllocator@shdfnd@2@@shdfnd@physx@@IEAAAEAUPxDebugTriangle@3@AEBU43@@Z 000000018001bc50 f i CctCharacterControllerManager.obj
 0001:0001adc0       ?recreate@?$Array@PEBXVNamedAllocator@shdfnd@physx@@@shdfnd@physx@@IEAAXI@Z 000000018001bdc0 f i CctCharacterControllerManager.obj
 0001:0001aed0       ?recreate@?$Array@UPxDebugLine@physx@@VNamedAllocator@shdfnd@2@@shdfnd@physx@@IEAAXI@Z 000000018001bed0 f i CctCharacterControllerManager.obj
 0001:0001af90       ?recreate@?$Array@UPxDebugPoint@physx@@VNamedAllocator@shdfnd@2@@shdfnd@physx@@IEAAXI@Z 000000018001bf90 f i CctCharacterControllerManager.obj
 0001:0001b050       ?recreate@?$Array@UPxDebugText@physx@@VNamedAllocator@shdfnd@2@@shdfnd@physx@@IEAAXI@Z 000000018001c050 f i CctCharacterControllerManager.obj
 0001:0001b110       ?recreate@?$Array@UPxDebugTriangle@physx@@VNamedAllocator@shdfnd@2@@shdfnd@physx@@IEAAXI@Z 000000018001c110 f i CctCharacterControllerManager.obj
 0001:0001b1e0       ?recreate@?$Array@UPxExtendedCapsule@physx@@VNamedAllocator@shdfnd@2@@shdfnd@physx@@IEAAXI@Z 000000018001c1e0 f i CctCharacterControllerManager.obj
 0001:0001b300       ?recreate@?$Array@VPxExtendedBox@physx@@VNamedAllocator@shdfnd@2@@shdfnd@physx@@IEAAXI@Z 000000018001c300 f i CctCharacterControllerManager.obj
 0001:0001b660       ?reserveInternal@?$HashBase@PEAVPxShape@physx@@PEAV12@U?$Hash@PEAVPxShape@physx@@@shdfnd@2@UGetKey@?$HashSetBase@PEAVPxShape@physx@@U?$Hash@PEAVPxShape@physx@@@shdfnd@2@VNonTrackingAllocator@42@$0A@@internal@42@VNonTrackingAllocator@42@$0A@@internal@shdfnd@physx@@AEAAXI@Z 000000018001c660 f i CctCharacterControllerManager.obj
 0001:0001bb20       ?reserveInternal@?$HashBase@V?$Pair@QEBVPxBase@physx@@UObservedRefCounter@Cct@2@@shdfnd@physx@@PEBVPxBase@3@U?$Hash@PEBVPxBase@physx@@@23@UGetKey@?$HashMapBase@PEBVPxBase@physx@@UObservedRefCounter@Cct@2@U?$Hash@PEBVPxBase@physx@@@shdfnd@2@VNonTrackingAllocator@62@@internal@23@VNonTrackingAllocator@23@$00@internal@shdfnd@physx@@AEAAXI@Z 000000018001cb20 f i CctCharacterControllerManager.obj
 0001:0001bd80       ?resize@?$Array@PEBXVNamedAllocator@shdfnd@physx@@@shdfnd@physx@@QEAAXIAEBQEBX@Z 000000018001cd80 f i CctCharacterControllerManager.obj
 0001:0001be90       ?resize@?$Array@UPxExtendedCapsule@physx@@VNamedAllocator@shdfnd@2@@shdfnd@physx@@QEAAXIAEBUPxExtendedCapsule@3@@Z 000000018001ce90 f i CctCharacterControllerManager.obj
 0001:0001bf30       ?resize@?$Array@VPxExtendedBox@physx@@VNamedAllocator@shdfnd@2@@shdfnd@physx@@QEAAXIAEBVPxExtendedBox@3@@Z 000000018001cf30 f i CctCharacterControllerManager.obj
 0001:0001c1e0       ?setErrorLevel@Foundation@shdfnd@physx@@UEAAXW4Enum@PxErrorCode@3@@Z 000000018001d1e0 f i CctCharacterControllerManager.obj
 0001:0001c1f0       ?setReportAllocationNames@Foundation@shdfnd@physx@@UEAAX_N@Z 000000018001d1f0 f i CctCharacterControllerManager.obj
 0001:0001c200       ?shift@RenderBuffer@Cm@physx@@QEAAXAEBVPxVec3@3@@Z 000000018001d200 f i CctCharacterControllerManager.obj
 0001:0001c470       ??0Controller@Cct@physx@@QEAA@AEBVPxControllerDesc@2@PEAVPxScene@2@@Z 000000018001d470 f   CctController.obj
 0001:0001c740       ??1Controller@Cct@physx@@UEAA@XZ 000000018001d740 f   CctController.obj
 0001:0001c7c0       ?releaseInternal@Controller@Cct@physx@@QEAAXXZ 000000018001d7c0 f   CctController.obj
 0001:0001c7f0       ?getInternalState@Controller@Cct@physx@@QEBAXAEAUPxControllerState@3@@Z 000000018001d7f0 f   CctController.obj
 0001:0001c8c0       ?getInternalStats@Controller@Cct@physx@@QEBAXAEAUPxControllerStats@3@@Z 000000018001d8c0 f   CctController.obj
 0001:0001c900       ?onOriginShift@Controller@Cct@physx@@QEAAXAEBVPxVec3@3@@Z 000000018001d900 f   CctController.obj
 0001:0001c9d0       ?onRelease@Controller@Cct@physx@@QEAAXAEBVPxBase@3@@Z 000000018001d9d0 f   CctController.obj
 0001:0001c9e0       ?setUpDirectionInternal@Controller@Cct@physx@@IEAAXAEBVPxVec3@3@@Z 000000018001d9e0 f   CctController.obj
 0001:0001cb10       ?getKineShape@Controller@Cct@physx@@IEBAPEAVPxShape@3@XZ 000000018001db10 f   CctController.obj
 0001:0001cb50       ?createProxyActor@Controller@Cct@physx@@IEAA_NAEAVPxPhysics@3@AEBVPxGeometry@3@AEBVPxMaterial@3@@Z 000000018001db50 f   CctController.obj
 0001:0001cc90       ?setPos@Controller@Cct@physx@@IEAA_NAEBUPxExtendedVec3@3@@Z 000000018001dc90 f   CctController.obj
 0001:0001cf60       ??_EController@Cct@physx@@UEAAPEAXI@Z 000000018001df60 f i CctController.obj
 0001:0001cf60       ??_GController@Cct@physx@@UEAAPEAXI@Z 000000018001df60 f i CctController.obj
 0001:0001d050       ??0HandleManager@Cct@physx@@QEAA@XZ 000000018001e050 f   CctObstacleContext.obj
 0001:0001d1b0       ??1HandleManager@Cct@physx@@QEAA@XZ 000000018001e1b0 f   CctObstacleContext.obj
 0001:0001d1e0       ?Add@HandleManager@Cct@physx@@QEAAIPEAX@Z 000000018001e1e0 f   CctObstacleContext.obj
 0001:0001d490       ?Remove@HandleManager@Cct@physx@@QEAAXI@Z 000000018001e490 f   CctObstacleContext.obj
 0001:0001d570       ?GetObject@HandleManager@Cct@physx@@QEBAPEAXI@Z 000000018001e570 f   CctObstacleContext.obj
 0001:0001d5d0       ?UpdateObject@HandleManager@Cct@physx@@QEAA_NIPEAX@Z 000000018001e5d0 f   CctObstacleContext.obj
 0001:0001d630       ?SetupLists@HandleManager@Cct@physx@@AEAA_NPEAPEAXPEAG11@Z 000000018001e630 f   CctObstacleContext.obj
 0001:0001d710       ??0ObstacleContext@Cct@physx@@QEAA@AEAVCharacterControllerManager@12@@Z 000000018001e710 f   CctObstacleContext.obj
 0001:0001d8e0       ??1ObstacleContext@Cct@physx@@UEAA@XZ 000000018001e8e0 f   CctObstacleContext.obj
 0001:0001d980       ?release@ObstacleContext@Cct@physx@@UEAAXXZ 000000018001e980 f   CctObstacleContext.obj
 0001:0001d9a0       ?getControllerManager@ObstacleContext@Cct@physx@@UEBAAEAVPxControllerManager@3@XZ 000000018001e9a0 f   CctObstacleContext.obj
 0001:0001d9b0       ?addObstacle@ObstacleContext@Cct@physx@@UEAAIAEBVPxObstacle@3@@Z 000000018001e9b0 f   CctObstacleContext.obj
 0001:0001dc10       ?removeObstacle@ObstacleContext@Cct@physx@@UEAA_NI@Z 000000018001ec10 f   CctObstacleContext.obj
 0001:0001ded0       ?updateObstacle@ObstacleContext@Cct@physx@@UEAA_NIAEBVPxObstacle@3@@Z 000000018001eed0 f   CctObstacleContext.obj
 0001:0001e060       ?getNbObstacles@ObstacleContext@Cct@physx@@UEBAIXZ 000000018001f060 f   CctObstacleContext.obj
 0001:0001e070       ?getObstacle@ObstacleContext@Cct@physx@@UEBAPEBVPxObstacle@3@I@Z 000000018001f070 f   CctObstacleContext.obj
 0001:0001e0c0       ?getObstacleByHandle@ObstacleContext@Cct@physx@@UEBAPEBVPxObstacle@3@I@Z 000000018001f0c0 f   CctObstacleContext.obj
 0001:0001e160       ?raycastSingle@ObstacleContext@Cct@physx@@QEBAPEBVPxObstacle@3@AEAUPxRaycastHit@3@AEBVPxVec3@3@1MAEAI@Z 000000018001f160 f   CctObstacleContext.obj
 0001:0001e480       ?raycastSingle@ObstacleContext@Cct@physx@@QEBAPEBVPxObstacle@3@AEAUPxRaycastHit@3@AEBIAEBVPxVec3@3@2M@Z 000000018001f480 f   CctObstacleContext.obj
 0001:0001e690       ?onOriginShift@ObstacleContext@Cct@physx@@QEAAXAEBVPxVec3@3@@Z 000000018001f690 f   CctObstacleContext.obj
 0001:0001ed30       ??1PxObstacleContext@physx@@UEAA@XZ 000000018001fd30 f i CctObstacleContext.obj
 0001:0001ed40       ??_EObstacleContext@Cct@physx@@UEAAPEAXI@Z 000000018001fd40 f i CctObstacleContext.obj
 0001:0001ed40       ??_GObstacleContext@Cct@physx@@UEAAPEAXI@Z 000000018001fd40 f i CctObstacleContext.obj
 0001:0001ee60       ??_EPxObstacleContext@physx@@UEAAPEAXI@Z 000000018001fe60 f i CctObstacleContext.obj
 0001:0001ee60       ??_GPxObstacleContext@physx@@UEAAPEAXI@Z 000000018001fe60 f i CctObstacleContext.obj
 0001:0001eea0       ?growAndPushBack@?$Array@UInternalBoxObstacle@ObstacleContext@Cct@physx@@VNamedAllocator@shdfnd@4@@shdfnd@physx@@IEAAAEAUInternalBoxObstacle@ObstacleContext@Cct@3@AEBU4563@@Z 000000018001fea0 f i CctObstacleContext.obj
 0001:0001f300       ?growAndPushBack@?$Array@UInternalCapsuleObstacle@ObstacleContext@Cct@physx@@VNamedAllocator@shdfnd@4@@shdfnd@physx@@IEAAAEAUInternalCapsuleObstacle@ObstacleContext@Cct@3@AEBU4563@@Z 0000000180020300 f i CctObstacleContext.obj
 0001:0001f720       ??0SweptBox@Cct@physx@@QEAA@XZ 0000000180020720 f   CctSweptBox.obj
 0001:0001f750       ??1SweptBox@Cct@physx@@UEAA@XZ 0000000180020750 f   CctSweptBox.obj
 0001:0001f770       ?computeTemporalBox@SweptBox@Cct@physx@@UEBAXAEBVSweepTest@23@AEAUPxExtendedBounds3@3@AEBUPxExtendedVec3@3@AEBVPxVec3@3@@Z 0000000180020770 f   CctSweptBox.obj
 0001:0001f7f0       ??_ESweptBox@Cct@physx@@UEAAPEAXI@Z 00000001800207f0 f i CctSweptBox.obj
 0001:0001f7f0       ??_GSweptBox@Cct@physx@@UEAAPEAXI@Z 00000001800207f0 f i CctSweptBox.obj
 0001:0001f840       ??0SweptCapsule@Cct@physx@@QEAA@XZ 0000000180020840 f   CctSweptCapsule.obj
 0001:0001f870       ??1SweptCapsule@Cct@physx@@UEAA@XZ 0000000180020870 f   CctSweptCapsule.obj
 0001:0001f890       ?computeTemporalBox@SweptCapsule@Cct@physx@@UEBAXAEBVSweepTest@23@AEAUPxExtendedBounds3@3@AEBUPxExtendedVec3@3@AEBVPxVec3@3@@Z 0000000180020890 f   CctSweptCapsule.obj
 0001:0001f910       ??_GSweptCapsule@Cct@physx@@UEAAPEAXI@Z 0000000180020910 f i CctSweptCapsule.obj
 0001:0001f910       ??_ESweptCapsule@Cct@physx@@UEAAPEAXI@Z 0000000180020910 f i CctSweptCapsule.obj
 0001:0001f960       ??0SweptVolume@Cct@physx@@QEAA@XZ 0000000180020960 f   CctSweptVolume.obj
 0001:0001f980       ??1SweptVolume@Cct@physx@@UEAA@XZ 0000000180020980 f   CctSweptVolume.obj
 0001:0001f9a0       ?computeTemporalBox@Cct@physx@@YAXAEAUPxExtendedBounds3@2@MMMMAEBVPxVec3@2@AEBUPxExtendedVec3@2@1@Z 00000001800209a0 f   CctSweptVolume.obj
 0001:0001fdb0       ??_GSweptVolume@Cct@physx@@UEAAPEAXI@Z 0000000180020db0 f i CctSweptVolume.obj
 0001:0001fdb0       ??_ESweptVolume@Cct@physx@@UEAAPEAXI@Z 0000000180020db0 f i CctSweptVolume.obj
 0001:0001fdf0       ??0PxMeshOverlapUtil@physx@@QEAA@XZ 0000000180020df0 f   PhysX3ExtensionsCHECKED:ExtTriangleMeshExt.obj
 0001:0001fe20       ??1PxMeshOverlapUtil@physx@@QEAA@XZ 0000000180020e20 f   PhysX3ExtensionsCHECKED:ExtTriangleMeshExt.obj
 0001:0001fe60       ?findOverlap@PxMeshOverlapUtil@physx@@QEAAIAEBVPxGeometry@2@AEBVPxTransform@2@AEBVPxTriangleMeshGeometry@2@1@Z 0000000180020e60 f   PhysX3ExtensionsCHECKED:ExtTriangleMeshExt.obj
 0001:0001ffc0       ?findOverlap@PxMeshOverlapUtil@physx@@QEAAIAEBVPxGeometry@2@AEBVPxTransform@2@AEBVPxHeightFieldGeometry@2@1@Z 0000000180020fc0 f   PhysX3ExtensionsCHECKED:ExtTriangleMeshExt.obj
 0001:00020100       ?PxComputeMeshPenetration@physx@@YA?AVPxVec3@1@IAEBVPxGeometry@1@AEBVPxTransform@1@AEBVPxTriangleMeshGeometry@1@1AEAI@Z 0000000180021100 f   PhysX3ExtensionsCHECKED:ExtTriangleMeshExt.obj
 0001:00020190       ?PxComputeTriangleMeshPenetration@physx@@YA_NAEAVPxVec3@1@AEAMAEBVPxGeometry@1@AEBVPxTransform@1@AEBVPxTriangleMeshGeometry@1@3IPEAI@Z 0000000180021190 f   PhysX3ExtensionsCHECKED:ExtTriangleMeshExt.obj
 0001:000201a0       ?PxComputeHeightFieldPenetration@physx@@YA?AVPxVec3@1@IAEBVPxGeometry@1@AEBVPxTransform@1@AEBVPxHeightFieldGeometry@1@1AEAI@Z 00000001800211a0 f   PhysX3ExtensionsCHECKED:ExtTriangleMeshExt.obj
 0001:00020230       ?PxComputeHeightFieldPenetration@physx@@YA_NAEAVPxVec3@1@AEAMAEBVPxGeometry@1@AEBVPxTransform@1@AEBVPxHeightFieldGeometry@1@3IPEAI@Z 0000000180021230 f   PhysX3ExtensionsCHECKED:ExtTriangleMeshExt.obj
 0001:000207d0       ?updateMassAndInertia@PxRigidBodyExt@physx@@SA_NAEAVPxRigidBody@2@PEBMIPEBVPxVec3@2@_N@Z 00000001800217d0 f   PhysX3ExtensionsCHECKED:ExtRigidBodyExt.obj
 0001:00020800       ?updateMassAndInertia@PxRigidBodyExt@physx@@SA_NAEAVPxRigidBody@2@MPEBVPxVec3@2@_N@Z 0000000180021800 f   PhysX3ExtensionsCHECKED:ExtRigidBodyExt.obj
 0001:00020840       ?setMassAndUpdateInertia@PxRigidBodyExt@physx@@SA_NAEAVPxRigidBody@2@PEBMIPEBVPxVec3@2@_N@Z 0000000180021840 f   PhysX3ExtensionsCHECKED:ExtRigidBodyExt.obj
 0001:00020870       ?setMassAndUpdateInertia@PxRigidBodyExt@physx@@SA_NAEAVPxRigidBody@2@MPEBVPxVec3@2@_N@Z 0000000180021870 f   PhysX3ExtensionsCHECKED:ExtRigidBodyExt.obj
 0001:000208b0       ?computeMassPropertiesFromShapes@PxRigidBodyExt@physx@@SA?AVPxMassProperties@2@PEBQEBVPxShape@2@I@Z 00000001800218b0 f   PhysX3ExtensionsCHECKED:ExtRigidBodyExt.obj
 0001:00020cd0       ?addForceAtPos@PxRigidBodyExt@physx@@SAXAEAVPxRigidBody@2@AEBVPxVec3@2@1W4Enum@PxForceMode@2@_N@Z 0000000180021cd0 f   PhysX3ExtensionsCHECKED:ExtRigidBodyExt.obj
 0001:00020cf0       ?addForceAtLocalPos@PxRigidBodyExt@physx@@SAXAEAVPxRigidBody@2@AEBVPxVec3@2@1W4Enum@PxForceMode@2@_N@Z 0000000180021cf0 f   PhysX3ExtensionsCHECKED:ExtRigidBodyExt.obj
 0001:00020ec0       ?addLocalForceAtPos@PxRigidBodyExt@physx@@SAXAEAVPxRigidBody@2@AEBVPxVec3@2@1W4Enum@PxForceMode@2@_N@Z 0000000180021ec0 f   PhysX3ExtensionsCHECKED:ExtRigidBodyExt.obj
 0001:00021080       ?addLocalForceAtLocalPos@PxRigidBodyExt@physx@@SAXAEAVPxRigidBody@2@AEBVPxVec3@2@1W4Enum@PxForceMode@2@_N@Z 0000000180022080 f   PhysX3ExtensionsCHECKED:ExtRigidBodyExt.obj
 0001:00021330       ?getVelocityAtPos@PxRigidBodyExt@physx@@SA?AVPxVec3@2@AEBVPxRigidBody@2@AEBV32@@Z 0000000180022330 f   PhysX3ExtensionsCHECKED:ExtRigidBodyExt.obj
 0001:00021520       ?getLocalVelocityAtLocalPos@PxRigidBodyExt@physx@@SA?AVPxVec3@2@AEBVPxRigidBody@2@AEBV32@@Z 0000000180022520 f   PhysX3ExtensionsCHECKED:ExtRigidBodyExt.obj
 0001:00021820       ?getVelocityAtOffset@PxRigidBodyExt@physx@@SA?AVPxVec3@2@AEBVPxRigidBody@2@AEBV32@@Z 0000000180022820 f   PhysX3ExtensionsCHECKED:ExtRigidBodyExt.obj
 0001:00021a00       ?linearSweepSingle@PxRigidBodyExt@physx@@SA_NAEAVPxRigidBody@2@AEAVPxScene@2@AEBVPxVec3@2@MV?$PxFlags@W4Enum@PxHitFlag@physx@@G@2@AEAUPxSweepHit@2@AEAIAEBUPxQueryFilterData@2@PEAVPxQueryFilterCallback@2@PEBUPxQueryCache@2@M@Z 0000000180022a00 f   PhysX3ExtensionsCHECKED:ExtRigidBodyExt.obj
 0001:00021e90       ?linearSweepMultiple@PxRigidBodyExt@physx@@SAIAEAVPxRigidBody@2@AEAVPxScene@2@AEBVPxVec3@2@MV?$PxFlags@W4Enum@PxHitFlag@physx@@G@2@PEAUPxSweepHit@2@PEAIIAEAU72@AEAHAEA_NAEBUPxQueryFilterData@2@PEAVPxQueryFilterCallback@2@PEBUPxQueryCache@2@M@Z 0000000180022e90 f   PhysX3ExtensionsCHECKED:ExtRigidBodyExt.obj
 0001:000226f0       ?computeVelocityDeltaFromImpulse@PxRigidBodyExt@physx@@SAXAEBVPxRigidBody@2@AEBVPxVec3@2@1AEAV42@2@Z 00000001800236f0 f   PhysX3ExtensionsCHECKED:ExtRigidBodyExt.obj
 0001:00022b00       ?computeVelocityDeltaFromImpulse@PxRigidBodyExt@physx@@SAXAEBVPxRigidBody@2@AEBVPxTransform@2@AEBVPxVec3@2@2MMAEAV52@3@Z 0000000180023b00 f   PhysX3ExtensionsCHECKED:ExtRigidBodyExt.obj
 0001:00023030       ?computeLinearAngularImpulse@PxRigidBodyExt@physx@@SAXAEBVPxRigidBody@2@AEBVPxTransform@2@AEBVPxVec3@2@2MMAEAV52@3@Z 0000000180024030 f   PhysX3ExtensionsCHECKED:ExtRigidBodyExt.obj
 0001:000232d0       ??0InertiaTensorComputer@Ext@physx@@QEAA@_N@Z 00000001800242d0 f   PhysX3ExtensionsCHECKED:ExtRigidBodyExt.obj
 0001:00023300       ??0InertiaTensorComputer@Ext@physx@@QEAA@AEBVPxMat33@2@AEBVPxVec3@2@M@Z 0000000180024300 f   PhysX3ExtensionsCHECKED:ExtRigidBodyExt.obj
 0001:00023360       ??1InertiaTensorComputer@Ext@physx@@QEAA@XZ 0000000180024360 f   PhysX3ExtensionsCHECKED:ExtRigidBodyExt.obj
 0001:00023370       ?translate@InertiaTensorComputer@Ext@physx@@QEAAXAEBVPxVec3@3@@Z 0000000180024370 f   PhysX3ExtensionsCHECKED:ExtRigidBodyExt.obj
 0001:00023790       ?setBox@InertiaTensorComputer@Ext@physx@@QEAAXAEBVPxVec3@3@@Z 0000000180024790 f   PhysX3ExtensionsCHECKED:ExtRigidBodyExt.obj
 0001:00023830       ?setSphere@InertiaTensorComputer@Ext@physx@@QEAAXM@Z 0000000180024830 f   PhysX3ExtensionsCHECKED:ExtRigidBodyExt.obj
 0001:00023890       ?setCylinder@InertiaTensorComputer@Ext@physx@@QEAAXHMM@Z 0000000180024890 f   PhysX3ExtensionsCHECKED:ExtRigidBodyExt.obj
 0001:00023960       ?setCapsule@InertiaTensorComputer@Ext@physx@@QEAAXHMM@Z 0000000180024960 f   PhysX3ExtensionsCHECKED:ExtRigidBodyExt.obj
 0001:00023a70       ?setEllipsoid@InertiaTensorComputer@Ext@physx@@QEAAXMMM@Z 0000000180024a70 f   PhysX3ExtensionsCHECKED:ExtRigidBodyExt.obj
 0001:00023b00       ?computeSphereMass@Ext@physx@@YAMMM@Z 0000000180024b00 f   PhysX3ExtensionsCHECKED:ExtRigidBodyExt.obj
 0001:00023b30       ?computeSphereDensity@Ext@physx@@YAMMM@Z 0000000180024b30 f   PhysX3ExtensionsCHECKED:ExtRigidBodyExt.obj
 0001:00023b60       ?computeBoxMass@Ext@physx@@YAMAEBVPxVec3@2@M@Z 0000000180024b60 f   PhysX3ExtensionsCHECKED:ExtRigidBodyExt.obj
 0001:00023bb0       ?computeBoxDensity@Ext@physx@@YAMAEBVPxVec3@2@M@Z 0000000180024bb0 f   PhysX3ExtensionsCHECKED:ExtRigidBodyExt.obj
 0001:00023c00       ?computeEllipsoidMass@Ext@physx@@YAMAEBVPxVec3@2@M@Z 0000000180024c00 f   PhysX3ExtensionsCHECKED:ExtRigidBodyExt.obj
 0001:00023c50       ?computeEllipsoidDensity@Ext@physx@@YAMAEBVPxVec3@2@M@Z 0000000180024c50 f   PhysX3ExtensionsCHECKED:ExtRigidBodyExt.obj
 0001:00023ca0       ?computeCylinderMass@Ext@physx@@YAMMMM@Z 0000000180024ca0 f   PhysX3ExtensionsCHECKED:ExtRigidBodyExt.obj
 0001:00023cc0       ?computeCylinderDensity@Ext@physx@@YAMMMM@Z 0000000180024cc0 f   PhysX3ExtensionsCHECKED:ExtRigidBodyExt.obj
 0001:00023ce0       ?computeCapsuleMass@Ext@physx@@YAMMMM@Z 0000000180024ce0 f   PhysX3ExtensionsCHECKED:ExtRigidBodyExt.obj
 0001:00023d10       ?computeCapsuleDensity@Ext@physx@@YAMMMM@Z 0000000180024d10 f   PhysX3ExtensionsCHECKED:ExtRigidBodyExt.obj
 0001:00023d40       ?computeConeMass@Ext@physx@@YAMMMM@Z 0000000180024d40 f   PhysX3ExtensionsCHECKED:ExtRigidBodyExt.obj
 0001:00023d70       ?computeConeDensity@Ext@physx@@YAMMMM@Z 0000000180024d70 f   PhysX3ExtensionsCHECKED:ExtRigidBodyExt.obj
 0001:00023da0       ?computeBoxInertiaTensor@Ext@physx@@YAXAEAVPxVec3@2@MMMM@Z 0000000180024da0 f   PhysX3ExtensionsCHECKED:ExtRigidBodyExt.obj
 0001:00023df0       ?computeSphereInertiaTensor@Ext@physx@@YAXAEAVPxVec3@2@MM_N@Z 0000000180024df0 f   PhysX3ExtensionsCHECKED:ExtRigidBodyExt.obj
 0001:00024bd0       ??0PxMassProperties@physx@@QEAA@AEBVPxGeometry@1@@Z 0000000180025bd0 f i PhysX3ExtensionsCHECKED:ExtRigidBodyExt.obj
 0001:000253b0       ??1?$PxHitBuffer@UPxSweepHit@physx@@@physx@@UEAA@XZ 00000001800263b0 f i PhysX3ExtensionsCHECKED:ExtRigidBodyExt.obj
 0001:000253c0       ??1?$PxHitCallback@UPxSweepHit@physx@@@physx@@UEAA@XZ 00000001800263c0 f i PhysX3ExtensionsCHECKED:ExtRigidBodyExt.obj
 0001:000253d0       ??_G?$PxHitBuffer@UPxSweepHit@physx@@@physx@@UEAAPEAXI@Z 00000001800263d0 f i PhysX3ExtensionsCHECKED:ExtRigidBodyExt.obj
 0001:000253d0       ??_E?$PxHitBuffer@UPxSweepHit@physx@@@physx@@UEAAPEAXI@Z 00000001800263d0 f i PhysX3ExtensionsCHECKED:ExtRigidBodyExt.obj
 0001:00025410       ??_E?$PxHitCallback@UPxSweepHit@physx@@@physx@@UEAAPEAXI@Z 0000000180026410 f i PhysX3ExtensionsCHECKED:ExtRigidBodyExt.obj
 0001:00025410       ??_G?$PxHitCallback@UPxSweepHit@physx@@@physx@@UEAAPEAXI@Z 0000000180026410 f i PhysX3ExtensionsCHECKED:ExtRigidBodyExt.obj
 0001:00025450       ?addForceAtPosInternal@@YAXAEAVPxRigidBody@physx@@AEBVPxVec3@2@1W4Enum@PxForceMode@2@_N@Z 0000000180026450 f i PhysX3ExtensionsCHECKED:ExtRigidBodyExt.obj
 0001:000257d0       ?allocate@?$Array@PEAVPxShape@physx@@V?$InlineAllocator@$0IA@VNamedAllocator@shdfnd@physx@@@shdfnd@2@@shdfnd@physx@@IEAAPEAPEAVPxShape@3@I@Z 00000001800267d0 f i PhysX3ExtensionsCHECKED:ExtRigidBodyExt.obj
 0001:00025870       ?allocate@?$Array@VPxMassProperties@physx@@V?$InlineAllocator@$0DEA@VNamedAllocator@shdfnd@physx@@@shdfnd@2@@shdfnd@physx@@IEAAPEAVPxMassProperties@3@I@Z 0000000180026870 f i PhysX3ExtensionsCHECKED:ExtRigidBodyExt.obj
 0001:00025900       ?allocate@?$Array@VPxTransform@physx@@V?$InlineAllocator@$0BMA@VNamedAllocator@shdfnd@physx@@@shdfnd@2@@shdfnd@physx@@IEAAPEAVPxTransform@3@I@Z 0000000180026900 f i PhysX3ExtensionsCHECKED:ExtRigidBodyExt.obj
 0001:000270b0       ?copy@?$Array@VPxMassProperties@physx@@V?$InlineAllocator@$0DEA@VNamedAllocator@shdfnd@physx@@@shdfnd@2@@shdfnd@physx@@KAXPEAVPxMassProperties@3@0PEBV43@@Z 00000001800280b0 f i PhysX3ExtensionsCHECKED:ExtRigidBodyExt.obj
 0001:00027350       ?copy@?$Array@VPxTransform@physx@@V?$InlineAllocator@$0BMA@VNamedAllocator@shdfnd@physx@@@shdfnd@2@@shdfnd@physx@@KAXPEAVPxTransform@3@0PEBV43@@Z 0000000180028350 f i PhysX3ExtensionsCHECKED:ExtRigidBodyExt.obj
 0001:00027500       ?finalizeQuery@?$PxHitCallback@UPxSweepHit@physx@@@physx@@UEAAXXZ 0000000180028500 f i PhysX3ExtensionsCHECKED:ExtRigidBodyExt.obj
 0001:00027510       ?getVelocityAtPosInternal@@YA?AVPxVec3@physx@@AEBVPxRigidBody@2@AEBV12@@Z 0000000180028510 f i PhysX3ExtensionsCHECKED:ExtRigidBodyExt.obj
 0001:00027620       ?growAndPushBack@?$Array@VPxMassProperties@physx@@V?$InlineAllocator@$0DEA@VNamedAllocator@shdfnd@physx@@@shdfnd@2@@shdfnd@physx@@IEAAAEAVPxMassProperties@3@AEBV43@@Z 0000000180028620 f i PhysX3ExtensionsCHECKED:ExtRigidBodyExt.obj
 0001:00027770       ?growAndPushBack@?$Array@VPxTransform@physx@@V?$InlineAllocator@$0BMA@VNamedAllocator@shdfnd@physx@@@shdfnd@2@@shdfnd@physx@@IEAAAEAVPxTransform@3@AEBV43@@Z 0000000180028770 f i PhysX3ExtensionsCHECKED:ExtRigidBodyExt.obj
 0001:000278a0       ?processTouches@?$PxHitBuffer@UPxSweepHit@physx@@@physx@@MEAA_NPEBUPxSweepHit@2@I@Z 00000001800288a0 f i PhysX3ExtensionsCHECKED:ExtRigidBodyExt.obj
 0001:000278b0       ?recreate@?$Array@PEAVPxShape@physx@@V?$InlineAllocator@$0IA@VNamedAllocator@shdfnd@physx@@@shdfnd@2@@shdfnd@physx@@IEAAXI@Z 00000001800288b0 f i PhysX3ExtensionsCHECKED:ExtRigidBodyExt.obj
 0001:000279a0       ?recreate@?$Array@VPxMassProperties@physx@@V?$InlineAllocator@$0DEA@VNamedAllocator@shdfnd@physx@@@shdfnd@2@@shdfnd@physx@@IEAAXI@Z 00000001800289a0 f i PhysX3ExtensionsCHECKED:ExtRigidBodyExt.obj
 0001:00027a40       ?recreate@?$Array@VPxTransform@physx@@V?$InlineAllocator@$0BMA@VNamedAllocator@shdfnd@physx@@@shdfnd@2@@shdfnd@physx@@IEAAXI@Z 0000000180028a40 f i PhysX3ExtensionsCHECKED:ExtRigidBodyExt.obj
 0001:00027ae0       ?resize@?$Array@PEAVPxShape@physx@@V?$InlineAllocator@$0IA@VNamedAllocator@shdfnd@physx@@@shdfnd@2@@shdfnd@physx@@QEAAXIAEBQEAVPxShape@3@@Z 0000000180028ae0 f i PhysX3ExtensionsCHECKED:ExtRigidBodyExt.obj
 0001:00027c00       ?rotate@InertiaTensorComputer@Ext@physx@@QEAAXAEBVPxMat33@3@@Z 0000000180028c00 f i PhysX3ExtensionsCHECKED:ExtRigidBodyExt.obj
 0001:000281f0       ?scaleInertia@PxMassProperties@physx@@SA?AVPxMat33@2@AEBV32@AEBVPxQuat@2@AEBVPxVec3@2@@Z 00000001800291f0 f i PhysX3ExtensionsCHECKED:ExtRigidBodyExt.obj
 0001:00029100       ?sum@PxMassProperties@physx@@SA?AV12@PEBV12@PEBVPxTransform@2@I@Z 000000018002a100 f i PhysX3ExtensionsCHECKED:ExtRigidBodyExt.obj
 0001:00029e40       ?transform@InertiaTensorComputer@Ext@physx@@QEAAXAEBVPxTransform@3@@Z 000000018002ae40 f i PhysX3ExtensionsCHECKED:ExtRigidBodyExt.obj
 0001:0002a020       ?transformFast@PxBounds3@physx@@SA?AV12@AEBVPxTransform@2@AEBV12@@Z 000000018002b020 f i PhysX3ExtensionsCHECKED:ExtRigidBodyExt.obj
 0001:0002a7b3       ?getAllocator@shdfnd@physx@@YAAEAVPxAllocatorCallback@2@XZ 000000018002b7b3 f   PxFoundationCHECKED_x64:PxFoundationCHECKED_x64.dll
 0001:0002a7b9       ??0NamedAllocator@shdfnd@physx@@QEAA@PEBD@Z 000000018002b7b9 f   PxFoundationCHECKED_x64:PxFoundationCHECKED_x64.dll
 0001:0002a7bf       ?lock@MutexImpl@shdfnd@physx@@QEAAXXZ 000000018002b7bf f   PxFoundationCHECKED_x64:PxFoundationCHECKED_x64.dll
 0001:0002a7c5       ?unlock@MutexImpl@shdfnd@physx@@QEAAXXZ 000000018002b7c5 f   PxFoundationCHECKED_x64:PxFoundationCHECKED_x64.dll
 0001:0002a7cb       PxGetProfilerCallback      000000018002b7cb f   PxFoundationCHECKED_x64:PxFoundationCHECKED_x64.dll
 0001:0002a7d1       ??0NamedAllocator@shdfnd@physx@@QEAA@AEBV012@@Z 000000018002b7d1 f   PxFoundationCHECKED_x64:PxFoundationCHECKED_x64.dll
 0001:0002a7d7       ??1NamedAllocator@shdfnd@physx@@QEAA@XZ 000000018002b7d7 f   PxFoundationCHECKED_x64:PxFoundationCHECKED_x64.dll
 0001:0002a7dd       ?allocate@NamedAllocator@shdfnd@physx@@QEAAPEAX_KPEBDH@Z 000000018002b7dd f   PxFoundationCHECKED_x64:PxFoundationCHECKED_x64.dll
 0001:0002a7e3       ?deallocate@NamedAllocator@shdfnd@physx@@QEAAXPEAX@Z 000000018002b7e3 f   PxFoundationCHECKED_x64:PxFoundationCHECKED_x64.dll
 0001:0002a7e9       PxGetFoundation            000000018002b7e9 f   PxFoundationCHECKED_x64:PxFoundationCHECKED_x64.dll
 0001:0002a7ef       ??0MutexImpl@shdfnd@physx@@QEAA@XZ 000000018002b7ef f   PxFoundationCHECKED_x64:PxFoundationCHECKED_x64.dll
 0001:0002a7f5       ??1MutexImpl@shdfnd@physx@@QEAA@XZ 000000018002b7f5 f   PxFoundationCHECKED_x64:PxFoundationCHECKED_x64.dll
 0001:0002a7fb       ?getSize@MutexImpl@shdfnd@physx@@SAIXZ 000000018002b7fb f   PxFoundationCHECKED_x64:PxFoundationCHECKED_x64.dll
 0001:0002a801       ?getInstance@Foundation@shdfnd@physx@@SAAEAV123@XZ 000000018002b801 f   PxFoundationCHECKED_x64:PxFoundationCHECKED_x64.dll
 0001:0002a807       ?incRefCount@Foundation@shdfnd@physx@@SAXXZ 000000018002b807 f   PxFoundationCHECKED_x64:PxFoundationCHECKED_x64.dll
 0001:0002a80d       ?decRefCount@Foundation@shdfnd@physx@@SAXXZ 000000018002b80d f   PxFoundationCHECKED_x64:PxFoundationCHECKED_x64.dll
 0001:0002a813       ?error@Foundation@shdfnd@physx@@QEAAXW4Enum@PxErrorCode@3@PEBDH1ZZ 000000018002b813 f   PxFoundationCHECKED_x64:PxFoundationCHECKED_x64.dll
 0001:0002a819       ?PxShortestRotation@physx@@YA?AVPxQuat@1@AEBVPxVec3@1@0@Z 000000018002b819 f   PxFoundationCHECKED_x64:PxFoundationCHECKED_x64.dll
 0001:0002a81f       ?PxDiagonalize@physx@@YA?AVPxVec3@1@AEBVPxMat33@1@AEAVPxQuat@1@@Z 000000018002b81f f   PxFoundationCHECKED_x64:PxFoundationCHECKED_x64.dll
 0001:0002a825       ?sweep@PxMeshQuery@physx@@SA_NAEBVPxVec3@2@MAEBVPxGeometry@2@AEBVPxTransform@2@IPEBVPxTriangle@2@AEAUPxSweepHit@2@V?$PxFlags@W4Enum@PxHitFlag@physx@@G@2@PEBIM_N@Z 000000018002b825 f   PhysX3CommonCHECKED_x64:PhysX3CommonCHECKED_x64.dll
 0001:0002a82b       ??0RenderOutput@Cm@physx@@QEAA@AEAVRenderBuffer@12@@Z 000000018002b82b f   PhysX3CommonCHECKED_x64:PhysX3CommonCHECKED_x64.dll
 0001:0002a831       ??6RenderOutput@Cm@physx@@QEAAAEAV012@I@Z 000000018002b831 f   PhysX3CommonCHECKED_x64:PhysX3CommonCHECKED_x64.dll
 0001:0002a837       ??6RenderOutput@Cm@physx@@QEAAAEAV012@AEBVPxTransform@2@@Z 000000018002b837 f   PhysX3CommonCHECKED_x64:PhysX3CommonCHECKED_x64.dll
 0001:0002a83d       ?outputCapsule@RenderOutput@Cm@physx@@QEAAAEAV123@MMAEBVPxMat44@3@@Z 000000018002b83d f   PhysX3CommonCHECKED_x64:PhysX3CommonCHECKED_x64.dll
 0001:0002a843       ??6Cm@physx@@YAAEAVRenderOutput@01@AEAV201@AEBUDebugBox@01@@Z 000000018002b843 f   PhysX3CommonCHECKED_x64:PhysX3CommonCHECKED_x64.dll
 0001:0002a849       ?PxTransformFromSegment@physx@@YA?AVPxTransform@1@AEBVPxVec3@1@0PEAM@Z 000000018002b849 f   PhysX3CommonCHECKED_x64:PhysX3CommonCHECKED_x64.dll
 0001:0002a84f       ?sweep@PxGeometryQuery@physx@@SA_NAEBVPxVec3@2@MAEBVPxGeometry@2@AEBVPxTransform@2@12AEAUPxSweepHit@2@V?$PxFlags@W4Enum@PxHitFlag@physx@@G@2@M@Z 000000018002b84f f   PhysX3CommonCHECKED_x64:PhysX3CommonCHECKED_x64.dll
 0001:0002a855       ?computePenetration@PxGeometryQuery@physx@@SA_NAEAVPxVec3@2@AEAMAEBVPxGeometry@2@AEBVPxTransform@2@23@Z 000000018002b855 f   PhysX3CommonCHECKED_x64:PhysX3CommonCHECKED_x64.dll
 0001:0002a85b       ?intersectOBBOBB@Gu@physx@@YA_NAEBVPxVec3@2@0AEBVPxMat33@2@001_N@Z 000000018002b85b f   PhysX3CommonCHECKED_x64:PhysX3CommonCHECKED_x64.dll
 0001:0002a861       ?distanceSegmentBoxSquared@Gu@physx@@YAMAEBVPxVec3@2@000AEBVPxMat33@2@PEAMPEAV32@@Z 000000018002b861 f   PhysX3CommonCHECKED_x64:PhysX3CommonCHECKED_x64.dll
 0001:0002a867       ?getTriangle@PxMeshQuery@physx@@SAXAEBVPxTriangleMeshGeometry@2@AEBVPxTransform@2@IAEAVPxTriangle@2@PEAI3@Z 000000018002b867 f   PhysX3CommonCHECKED_x64:PhysX3CommonCHECKED_x64.dll
 0001:0002a86d       ?getTriangle@PxMeshQuery@physx@@SAXAEBVPxHeightFieldGeometry@2@AEBVPxTransform@2@IAEAVPxTriangle@2@PEAI3@Z 000000018002b86d f   PhysX3CommonCHECKED_x64:PhysX3CommonCHECKED_x64.dll
 0001:0002a873       ??6RenderOutput@Cm@physx@@QEAAAEAV012@W4Primitive@012@@Z 000000018002b873 f   PhysX3CommonCHECKED_x64:PhysX3CommonCHECKED_x64.dll
 0001:0002a879       ??6RenderOutput@Cm@physx@@QEAAAEAV012@VPxVec3@2@@Z 000000018002b879 f   PhysX3CommonCHECKED_x64:PhysX3CommonCHECKED_x64.dll
 0001:0002a87f       ?intersectTriangleBox_Unsafe@Gu@physx@@YAHAEBVPxVec3@2@0000@Z 000000018002b87f f   PhysX3CommonCHECKED_x64:PhysX3CommonCHECKED_x64.dll
 0001:0002a885       ?CompleteBoxPruning@Cm@physx@@YA_NPEBVPxBounds3@2@IAEAV?$Array@IVNamedAllocator@shdfnd@physx@@@shdfnd@2@AEBVAxes@Gu@2@@Z 000000018002b885 f   PhysX3CommonCHECKED_x64:PhysX3CommonCHECKED_x64.dll
 0001:0002a88b       ?distanceSegmentSegmentSquared@Gu@physx@@YAMAEBVPxVec3@2@000PEAM1@Z 000000018002b88b f   PhysX3CommonCHECKED_x64:PhysX3CommonCHECKED_x64.dll
 0001:0002a891       ?getRaycastFuncTable@Gu@physx@@YAAEAY06Q6AIAEBVPxGeometry@2@AEBVPxTransform@2@AEBVPxVec3@2@2MV?$PxFlags@W4Enum@PxHitFlag@physx@@G@2@IPEIAUPxRaycastHit@2@@ZXZ 000000018002b891 f   PhysX3CommonCHECKED_x64:PhysX3CommonCHECKED_x64.dll
 0001:0002a897       ?findOverlapTriangleMesh@PxMeshQuery@physx@@SAIAEBVPxGeometry@2@AEBVPxTransform@2@AEBVPxTriangleMeshGeometry@2@1PEAIIIAEA_N@Z 000000018002b897 f   PhysX3CommonCHECKED_x64:PhysX3CommonCHECKED_x64.dll
 0001:0002a89d       ?findOverlapHeightField@PxMeshQuery@physx@@SAIAEBVPxGeometry@2@AEBVPxTransform@2@AEBVPxHeightFieldGeometry@2@1PEAIIIAEA_N@Z 000000018002b89d f   PhysX3CommonCHECKED_x64:PhysX3CommonCHECKED_x64.dll
 0001:0002a8a4       ??3@YAXPEAX_K@Z            000000018002b8a4 f   MSVCRT:delete_scalar_size.obj
 0001:0002a8ac       ??_V@YAXPEAX_K@Z           000000018002b8ac f   MSVCRT:delete_array_size.obj
 0001:0002a8d0       __chkstk                   000000018002b8d0 f   MSVCRT:chkstk.obj
 0001:0002a8d0       _alloca_probe              000000018002b8d0 f   MSVCRT:chkstk.obj
 0001:0002a93c       ?__scrt_initialize_type_info@@YAXXZ 000000018002b93c f   MSVCRT:tncleanup.obj
 0001:0002a950       ?__scrt_uninitialize_type_info@@YAXXZ 000000018002b950 f   MSVCRT:tncleanup.obj
 0001:0002a960       ??1type_info@@UEAA@XZ      000000018002b960 f   MSVCRT:std_type_info_static.obj
 0001:0002a970       ??_Gtype_info@@UEAAPEAXI@Z 000000018002b970 f i MSVCRT:std_type_info_static.obj
 0001:0002a970       ??_Etype_info@@UEAAPEAXI@Z 000000018002b970 f i MSVCRT:std_type_info_static.obj
 0001:0002adc0       _CRT_INIT                  000000018002bdc0 f   MSVCRT:dll_dllmain.obj
 0001:0002adc8       _DllMainCRTStartup         000000018002bdc8 f   MSVCRT:dll_dllmain.obj
 0001:0002ae14       ??3@YAXPEAX@Z              000000018002be14 f   MSVCRT:delete_scalar.obj
 0001:0002ae1c       ??_V@YAXPEAX@Z             000000018002be1c f   MSVCRT:delete_array.obj
 0001:0002aeac       __security_init_cookie     000000018002beac f   MSVCRT:gs_support.obj
 0001:0002af84       DllMain                    000000018002bf84 f   MSVCRT:dll_dllmain_stub.obj
 0001:0002afb0       __local_stdio_printf_options 000000018002bfb0 f i MSVCRT:default_local_stdio_options.obj
 0001:0002afbc       __local_stdio_scanf_options 000000018002bfbc f i MSVCRT:default_local_stdio_options.obj
 0001:0002afc8       __scrt_initialize_default_local_stdio_options 000000018002bfc8 f   MSVCRT:default_local_stdio_options.obj
 0001:0002afec       ??$__crt_fast_decode_pointer@PEAP6AXXZ@@YAPEAP6AXXZQEAP6AXXZ@Z 000000018002bfec f i MSVCRT:utility.obj
 0001:0002b008       ??$__crt_fast_encode_pointer@PEAP6AXXZ@@YAPEAP6AXXZQEAP6AXXZ@Z 000000018002c008 f i MSVCRT:utility.obj
 0001:0002b030       ?__crt_rotate_pointer_value@@YA_K_KH@Z 000000018002c030 f i MSVCRT:utility.obj
 0001:0002b03c       ?configure_argv@__scrt_narrow_argv_policy@@SAHXZ 000000018002c03c f i MSVCRT:utility.obj
 0001:0002b0b4       ?initialize_environment@__scrt_narrow_environment_policy@@SAHXZ 000000018002c0b4 f i MSVCRT:utility.obj
 0001:0002b0f8       NtCurrentTeb               000000018002c0f8 f i MSVCRT:utility.obj
 0001:0002b104       __scrt_acquire_startup_lock 000000018002c104 f   MSVCRT:utility.obj
 0001:0002b14c       __scrt_dllmain_after_initialize_c 000000018002c14c f   MSVCRT:utility.obj
 0001:0002b190       __scrt_dllmain_before_initialize_c 000000018002c190 f   MSVCRT:utility.obj
 0001:0002b1ac       __scrt_dllmain_crt_thread_attach 000000018002c1ac f   MSVCRT:utility.obj
 0001:0002b1e0       __scrt_dllmain_crt_thread_detach 000000018002c1e0 f   MSVCRT:utility.obj
 0001:0002b1fc       __scrt_dllmain_exception_filter 000000018002c1fc f   MSVCRT:utility.obj
 0001:0002b274       __scrt_dllmain_uninitialize_c 000000018002c274 f   MSVCRT:utility.obj
 0001:0002b2b0       __scrt_dllmain_uninitialize_critical 000000018002c2b0 f   MSVCRT:utility.obj
 0001:0002b2cc       __scrt_initialize_crt      000000018002c2cc f   MSVCRT:utility.obj
 0001:0002b328       __scrt_initialize_onexit_tables 000000018002c328 f   MSVCRT:utility.obj
 0001:0002b438       __scrt_is_nonwritable_in_current_image 000000018002c438 f   MSVCRT:utility.obj
 0001:0002b4f8       __scrt_release_startup_lock 000000018002c4f8 f   MSVCRT:utility.obj
 0001:0002b528       __scrt_uninitialize_crt    000000018002c528 f   MSVCRT:utility.obj
 0001:0002b560       _onexit                    000000018002c560 f   MSVCRT:utility.obj
 0001:0002b5c4       at_quick_exit              000000018002c5c4 f   MSVCRT:utility.obj
 0001:0002b608       atexit                     000000018002c608 f   MSVCRT:utility.obj
 0001:0002b624       __scrt_get_dyn_tls_init_callback 000000018002c624 f   MSVCRT:dyn_tls_init.obj
 0001:0002b630       __crt_debugger_hook        000000018002c630 f   MSVCRT:utility_desktop.obj
 0001:0002b63c       __scrt_fastfail            000000018002c63c f   MSVCRT:utility_desktop.obj
 0001:0002b7d8       __scrt_get_show_window_mode 000000018002c7d8 f   MSVCRT:utility_desktop.obj
 0001:0002b820       __scrt_initialize_mta      000000018002c820 f   MSVCRT:utility_desktop.obj
 0001:0002b828       __scrt_initialize_winrt    000000018002c828 f   MSVCRT:utility_desktop.obj
 0001:0002b82c       __scrt_is_managed_app      000000018002c82c f   MSVCRT:utility_desktop.obj
 0001:0002b894       __scrt_set_unhandled_exception_filter 000000018002c894 f   MSVCRT:utility_desktop.obj
 0001:0002b8a8       __scrt_stub_for_initialize_mta 000000018002c8a8 f   MSVCRT:utility_desktop.obj
 0001:0002b8a8       __scrt_exe_initialize_mta  000000018002c8a8 f   MSVCRT:utility_desktop.obj
 0001:0002b8ac       __scrt_unhandled_exception_filter 000000018002c8ac f   MSVCRT:utility_desktop.obj
 0001:0002b8f4       _RTC_Initialize            000000018002c8f4 f   MSVCRT:initsect.obj
 0001:0002b940       _RTC_Terminate             000000018002c940 f   MSVCRT:initsect.obj
 0001:0002b98c       _guard_check_icall_nop     000000018002c98c f i MSVCRT:guard_support.obj
 0001:0002b990       ReadNoFence64              000000018002c990 f i MSVCRT:guard_support.obj
 0001:0002b994       ReadPointerNoFence         000000018002c994 f i MSVCRT:guard_support.obj
 0001:0002b998       _guard_icall_checks_enforced 000000018002c998 f i MSVCRT:guard_support.obj
 0001:0002b9b4       _guard_rf_checks_enforced  000000018002c9b4 f i MSVCRT:guard_support.obj
 0001:0002b9b8       __isa_available_init       000000018002c9b8 f   MSVCRT:cpu_disp.obj
 0001:0002bb94       _get_startup_argv_mode     000000018002cb94 f   MSVCRT:argv_mode.obj
 0001:0002bb9c       __scrt_is_ucrt_dll_in_use  000000018002cb9c f   MSVCRT:ucrt_detection.obj
 0001:0002bbb0       _purecall                  000000018002cbb0 f   vcruntime:VCRUNTIME140.dll
 0001:0002bbb6       __std_type_info_name       000000018002cbb6 f   vcruntime:VCRUNTIME140.dll
 0001:0002bbbc       memcpy                     000000018002cbbc f   vcruntime:VCRUNTIME140.dll
 0001:0002bbc2       memset                     000000018002cbc2 f   vcruntime:VCRUNTIME140.dll
 0001:0002bbc8       __std_type_info_destroy_list 000000018002cbc8 f   vcruntime:VCRUNTIME140.dll
 0001:0002bbce       __C_specific_handler       000000018002cbce f   vcruntime:VCRUNTIME140.dll
 0001:0002bbd4       _fpclass                   000000018002cbd4 f   ucrt:api-ms-win-crt-math-l1-1-0.dll
 0001:0002bbda       _initterm                  000000018002cbda f   ucrt:api-ms-win-crt-runtime-l1-1-0.dll
 0001:0002bbe0       _initterm_e                000000018002cbe0 f   ucrt:api-ms-win-crt-runtime-l1-1-0.dll
 0001:0002bbe6       free                       000000018002cbe6 f   ucrt:api-ms-win-crt-heap-l1-1-0.dll
 0001:0002bbec       _seh_filter_dll            000000018002cbec f   ucrt:api-ms-win-crt-runtime-l1-1-0.dll
 0001:0002bbf2       _configure_narrow_argv     000000018002cbf2 f   ucrt:api-ms-win-crt-runtime-l1-1-0.dll
 0001:0002bbf8       _initialize_narrow_environment 000000018002cbf8 f   ucrt:api-ms-win-crt-runtime-l1-1-0.dll
 0001:0002bbfe       _initialize_onexit_table   000000018002cbfe f   ucrt:api-ms-win-crt-runtime-l1-1-0.dll
 0001:0002bc04       _register_onexit_function  000000018002cc04 f   ucrt:api-ms-win-crt-runtime-l1-1-0.dll
 0001:0002bc0a       _execute_onexit_table      000000018002cc0a f   ucrt:api-ms-win-crt-runtime-l1-1-0.dll
 0001:0002bc10       _crt_atexit                000000018002cc10 f   ucrt:api-ms-win-crt-runtime-l1-1-0.dll
 0001:0002bc16       _crt_at_quick_exit         000000018002cc16 f   ucrt:api-ms-win-crt-runtime-l1-1-0.dll
 0001:0002bc1c       _cexit                     000000018002cc1c f   ucrt:api-ms-win-crt-runtime-l1-1-0.dll
 0001:0002bc22       terminate                  000000018002cc22 f   ucrt:api-ms-win-crt-runtime-l1-1-0.dll
 0001:0002bc28       InitializeSListHead        000000018002cc28 f   kernel32:KERNEL32.dll
 0001:0002bc2e       QueryPerformanceCounter    000000018002cc2e f   kernel32:KERNEL32.dll
 0001:0002bc34       GetCurrentProcessId        000000018002cc34 f   kernel32:KERNEL32.dll
 0001:0002bc3a       GetCurrentThreadId         000000018002cc3a f   kernel32:KERNEL32.dll
 0001:0002bc40       GetSystemTimeAsFileTime    000000018002cc40 f   kernel32:KERNEL32.dll
 0001:0002bc46       DisableThreadLibraryCalls  000000018002cc46 f   kernel32:KERNEL32.dll
 0001:0002bc4c       RtlCaptureContext          000000018002cc4c f   kernel32:KERNEL32.dll
 0001:0002bc52       RtlLookupFunctionEntry     000000018002cc52 f   kernel32:KERNEL32.dll
 0001:0002bc58       RtlVirtualUnwind           000000018002cc58 f   kernel32:KERNEL32.dll
 0001:0002bc5e       IsDebuggerPresent          000000018002cc5e f   kernel32:KERNEL32.dll
 0001:0002bc64       UnhandledExceptionFilter   000000018002cc64 f   kernel32:KERNEL32.dll
 0001:0002bc6a       SetUnhandledExceptionFilter 000000018002cc6a f   kernel32:KERNEL32.dll
 0001:0002bc70       GetStartupInfoW            000000018002cc70 f   kernel32:KERNEL32.dll
 0001:0002bc76       IsProcessorFeaturePresent  000000018002cc76 f   kernel32:KERNEL32.dll
 0001:0002bc7c       GetModuleHandleW           000000018002cc7c f   kernel32:KERNEL32.dll
 0001:0002bc84       __scrt_stub_for_acrt_initialize 000000018002cc84 f   MSVCRT:ucrt_stubs.obj
 0001:0002bc84       __acrt_initialize          000000018002cc84 f   MSVCRT:ucrt_stubs.obj
 0001:0002bc84       __vcrt_initialize          000000018002cc84 f   MSVCRT:ucrt_stubs.obj
 0001:0002bc88       __scrt_stub_for_acrt_thread_attach 000000018002cc88 f   MSVCRT:ucrt_stubs.obj
 0001:0002bc88       __vcrt_thread_attach       000000018002cc88 f   MSVCRT:ucrt_stubs.obj
 0001:0002bc88       __acrt_thread_attach       000000018002cc88 f   MSVCRT:ucrt_stubs.obj
 0001:0002bc8c       __scrt_stub_for_acrt_thread_detach 000000018002cc8c f   MSVCRT:ucrt_stubs.obj
 0001:0002bc8c       __vcrt_thread_detach       000000018002cc8c f   MSVCRT:ucrt_stubs.obj
 0001:0002bc8c       __acrt_thread_detach       000000018002cc8c f   MSVCRT:ucrt_stubs.obj
 0001:0002bc90       __acrt_uninitialize        000000018002cc90 f   MSVCRT:ucrt_stubs.obj
 0001:0002bc90       __scrt_stub_for_acrt_uninitialize 000000018002cc90 f   MSVCRT:ucrt_stubs.obj
 0001:0002bc90       __vcrt_uninitialize        000000018002cc90 f   MSVCRT:ucrt_stubs.obj
 0001:0002bc94       __scrt_stub_for_acrt_uninitialize_critical 000000018002cc94 f   MSVCRT:ucrt_stubs.obj
 0001:0002bc94       __vcrt_uninitialize_critical 000000018002cc94 f   MSVCRT:ucrt_stubs.obj
 0001:0002bc94       __acrt_uninitialize_critical 000000018002cc94 f   MSVCRT:ucrt_stubs.obj
 0001:0002bc98       _is_c_termination_complete 000000018002cc98 f   MSVCRT:ucrt_stubs.obj
 0001:0002bc98       __scrt_stub_for_is_c_termination_complete 000000018002cc98 f   MSVCRT:ucrt_stubs.obj
 0001:0002cfc0       _guard_dispatch_icall_nop  000000018002dfc0 f   MSVCRT:guard_dispatch.obj
 0002:00000000       __xc_a                     0000000180031000     MSVCRT:initializers.obj
 0002:00000250       __xc_z                     0000000180031250     MSVCRT:initializers.obj
 0002:00000360       __xi_a                     0000000180031360     MSVCRT:initializers.obj
 0002:00000470       __xi_z                     0000000180031470     MSVCRT:initializers.obj
 0002:00000580       __xp_a                     0000000180031580     MSVCRT:initializers.obj
 0002:00000690       __xp_z                     0000000180031690     MSVCRT:initializers.obj
 0002:000007a0       __xt_a                     00000001800317a0     MSVCRT:initializers.obj
 0002:000008b0       __xt_z                     00000001800318b0     MSVCRT:initializers.obj
 0002:000009c0       ??_7PxController@physx@@6B@ 00000001800319c0     CctBoxController.obj
 0002:00000ac0       ??_7PxControllerManager@physx@@6B@ 0000000180031ac0     CctBoxController.obj
 0002:00000b70       ??_7PxFoundation@physx@@6B@ 0000000180031b70     CctBoxController.obj
 0002:00000bc0       ??_7PxBoxController@physx@@6B@ 0000000180031bc0     CctBoxController.obj
[...]
 0004:00000e88       $pdata$5$??$computeMeshPenetrationT@VPxTriangleMeshGeometry@physx@@@?A0x05e637a1@@YA_NAEAVPxVec3@physx@@AEAMAEBVPxGeometry@2@AEBVPxTransform@2@AEBVPxTriangleMeshGeometry@2@3IPEAI@Z 0000000180039e88     PhysX3ExtensionsCHECKED:ExtTriangleMeshExt.obj
 0004:00000e94       $pdata$6$??$computeMeshPenetrationT@VPxTriangleMeshGeometry@physx@@@?A0x05e637a1@@YA_NAEAVPxVec3@physx@@AEAMAEBVPxGeometry@2@AEBVPxTransform@2@AEBVPxTriangleMeshGeometry@2@3IPEAI@Z 0000000180039e94     PhysX3ExtensionsCHECKED:ExtTriangleMeshExt.obj
 0004:00000ea0       $pdata$7$??$computeMeshPenetrationT@VPxTriangleMeshGeometry@physx@@@?A0x05e637a1@@YA_NAEAVPxVec3@physx@@AEAMAEBVPxGeometry@2@AEBVPxTransform@2@AEBVPxTriangleMeshGeometry@2@3IPEAI@Z 0000000180039ea0     PhysX3ExtensionsCHECKED:ExtTriangleMeshExt.obj
 0004:00000eac       $pdata$8$??$computeMeshPenetrationT@VPxTriangleMeshGeometry@physx@@@?A0x05e637a1@@YA_NAEAVPxVec3@physx@@AEAMAEBVPxGeometry@2@AEBVPxTransform@2@AEBVPxTriangleMeshGeometry@2@3IPEAI@Z 0000000180039eac     PhysX3ExtensionsCHECKED:ExtTriangleMeshExt.obj
 0004:00000eb8       $pdata$??$computeMeshPenetrationT@VPxHeightFieldGeometry@physx@@@?A0x05e637a1@@YA_NAEAVPxVec3@physx@@AEAMAEBVPxGeometry@2@AEBVPxTransform@2@AEBVPxHeightFieldGeometry@2@3IPEAI@Z 0000000180039eb8     PhysX3ExtensionsCHECKED:ExtTriangleMeshExt.obj
 0004:00000ec4       $pdata$1$??$computeMeshPenetrationT@VPxHeightFieldGeometry@physx@@@?A0x05e637a1@@YA_NAEAVPxVec3@physx@@AEAMAEBVPxGeometry@2@AEBVPxTransform@2@AEBVPxHeightFieldGeometry@2@3IPEAI@Z 0000000180039ec4     PhysX3ExtensionsCHECKED:ExtTriangleMeshExt.obj
 0004:00000ed0       $pdata$3$??$computeMeshPenetrationT@VPxHeightFieldGeometry@physx@@@?A0x05e637a1@@YA_NAEAVPxVec3@physx@@AEAMAEBVPxGeometry@2@AEBVPxTransform@2@AEBVPxHeightFieldGeometry@2@3IPEAI@Z 0000000180039ed0     PhysX3ExtensionsCHECKED:ExtTriangleMeshExt.obj
 0004:00000edc       $pdata$5$??$computeMeshPenetrationT@VPxHeightFieldGeometry@physx@@@?A0x05e637a1@@YA_NAEAVPxVec3@physx@@AEAMAEBVPxGeometry@2@AEBVPxTransform@2@AEBVPxHeightFieldGeometry@2@3IPEAI@Z 0000000180039edc     PhysX3ExtensionsCHECKED:ExtTriangleMeshExt.obj
 0004:00000ee8       $pdata$6$??$computeMeshPenetrationT@VPxHeightFieldGeometry@physx@@@?A0x05e637a1@@YA_NAEAVPxVec3@physx@@AEAMAEBVPxGeometry@2@AEBVPxTransform@2@AEBVPxHeightFieldGeometry@2@3IPEAI@Z 0000000180039ee8     PhysX3ExtensionsCHECKED:ExtTriangleMeshExt.obj
 0004:00000ef4       $pdata$7$??$computeMeshPenetrationT@VPxHeightFieldGeometry@physx@@@?A0x05e637a1@@YA_NAEAVPxVec3@physx@@AEAMAEBVPxGeometry@2@AEBVPxTransform@2@AEBVPxHeightFieldGeometry@2@3IPEAI@Z 0000000180039ef4     PhysX3ExtensionsCHECKED:ExtTriangleMeshExt.obj
 0004:00000f00       $pdata$8$??$computeMeshPenetrationT@VPxHeightFieldGeometry@physx@@@?A0x05e637a1@@YA_NAEAVPxVec3@physx@@AEAMAEBVPxGeometry@2@AEBVPxTransform@2@AEBVPxHeightFieldGeometry@2@3IPEAI@Z 0000000180039f00     PhysX3ExtensionsCHECKED:ExtTriangleMeshExt.obj
 0004:00000f0c       $pdata$?transformFast@PxBounds3@physx@@SA?AV12@AEBVPxTransform@2@AEBV12@@Z 0000000180039f0c     PhysX3ExtensionsCHECKED:ExtRigidBodyExt.obj
 0004:00000f18       $pdata$??_G?$PxHitCallback@UPxSweepHit@physx@@@physx@@UEAAPEAXI@Z 0000000180039f18     PhysX3ExtensionsCHECKED:ExtRigidBodyExt.obj
 0004:00000f24       $pdata$??_G?$PxHitBuffer@UPxSweepHit@physx@@@physx@@UEAAPEAXI@Z 0000000180039f24     PhysX3ExtensionsCHECKED:ExtRigidBodyExt.obj
 0004:00000f30       $pdata$??0PxMassProperties@physx@@QEAA@AEBVPxGeometry@1@@Z 0000000180039f30     PhysX3ExtensionsCHECKED:ExtRigidBodyExt.obj
 0004:00000f3c       $pdata$8$??0PxMassProperties@physx@@QEAA@AEBVPxGeometry@1@@Z 0000000180039f3c     PhysX3ExtensionsCHECKED:ExtRigidBodyExt.obj
 0004:00000f48       $pdata$9$??0PxMassProperties@physx@@QEAA@AEBVPxGeometry@1@@Z 0000000180039f48     PhysX3ExtensionsCHECKED:ExtRigidBodyExt.obj
 0004:00000f54       $pdata$?scaleInertia@PxMassProperties@physx@@SA?AVPxMat33@2@AEBV32@AEBVPxQuat@2@AEBVPxVec3@2@@Z 0000000180039f54     PhysX3ExtensionsCHECKED:ExtRigidBodyExt.obj
 0004:00000f60       $pdata$?sum@PxMassProperties@physx@@SA?AV12@PEBV12@PEBVPxTransform@2@I@Z 0000000180039f60     PhysX3ExtensionsCHECKED:ExtRigidBodyExt.obj
 0004:00000f6c       $pdata$?updateMassAndInertia@PxRigidBodyExt@physx@@SA_NAEAVPxRigidBody@2@PEBMIPEBVPxVec3@2@_N@Z 0000000180039f6c     PhysX3ExtensionsCHECKED:ExtRigidBodyExt.obj
 0004:00000f78       $pdata$?updateMassAndInertia@PxRigidBodyExt@physx@@SA_NAEAVPxRigidBody@2@MPEBVPxVec3@2@_N@Z 0000000180039f78     PhysX3ExtensionsCHECKED:ExtRigidBodyExt.obj
 0004:00000f84       $pdata$?setMassAndUpdateInertia@PxRigidBodyExt@physx@@SA_NAEAVPxRigidBody@2@PEBMIPEBVPxVec3@2@_N@Z 0000000180039f84     PhysX3ExtensionsCHECKED:ExtRigidBodyExt.obj
 0004:00000f90       $pdata$?setMassAndUpdateInertia@PxRigidBodyExt@physx@@SA_NAEAVPxRigidBody@2@MPEBVPxVec3@2@_N@Z 0000000180039f90     PhysX3ExtensionsCHECKED:ExtRigidBodyExt.obj
 0004:00000f9c       $pdata$?computeMassPropertiesFromShapes@PxRigidBodyExt@physx@@SA?AVPxMassProperties@2@PEBQEBVPxShape@2@I@Z 0000000180039f9c     PhysX3ExtensionsCHECKED:ExtRigidBodyExt.obj
 0004:00000fa8       $pdata$?addForceAtLocalPos@PxRigidBodyExt@physx@@SAXAEAVPxRigidBody@2@AEBVPxVec3@2@1W4Enum@PxForceMode@2@_N@Z 0000000180039fa8     PhysX3ExtensionsCHECKED:ExtRigidBodyExt.obj
 0004:00000fb4       $pdata$?addLocalForceAtPos@PxRigidBodyExt@physx@@SAXAEAVPxRigidBody@2@AEBVPxVec3@2@1W4Enum@PxForceMode@2@_N@Z 0000000180039fb4     PhysX3ExtensionsCHECKED:ExtRigidBodyExt.obj
 0004:00000fc0       $pdata$?addLocalForceAtLocalPos@PxRigidBodyExt@physx@@SAXAEAVPxRigidBody@2@AEBVPxVec3@2@1W4Enum@PxForceMode@2@_N@Z 0000000180039fc0     PhysX3ExtensionsCHECKED:ExtRigidBodyExt.obj
 0004:00000fcc       $pdata$?getVelocityAtPos@PxRigidBodyExt@physx@@SA?AVPxVec3@2@AEBVPxRigidBody@2@AEBV32@@Z 0000000180039fcc     PhysX3ExtensionsCHECKED:ExtRigidBodyExt.obj
 0004:00000fd8       $pdata$?getLocalVelocityAtLocalPos@PxRigidBodyExt@physx@@SA?AVPxVec3@2@AEBVPxRigidBody@2@AEBV32@@Z 0000000180039fd8     PhysX3ExtensionsCHECKED:ExtRigidBodyExt.obj
 0004:00000fe4       $pdata$?getVelocityAtOffset@PxRigidBodyExt@physx@@SA?AVPxVec3@2@AEBVPxRigidBody@2@AEBV32@@Z 0000000180039fe4     PhysX3ExtensionsCHECKED:ExtRigidBodyExt.obj
 0004:00000ff0       $pdata$?linearSweepSingle@PxRigidBodyExt@physx@@SA_NAEAVPxRigidBody@2@AEAVPxScene@2@AEBVPxVec3@2@MV?$PxFlags@W4Enum@PxHitFlag@physx@@G@2@AEAUPxSweepHit@2@AEAIAEBUPxQueryFilterData@2@PEAVPxQueryFilterCallback@2@PEBUPxQueryCache@2@M@Z 0000000180039ff0     PhysX3ExtensionsCHECKED:ExtRigidBodyExt.obj
 0004:00000ffc       $pdata$8$?linearSweepSingle@PxRigidBodyExt@physx@@SA_NAEAVPxRigidBody@2@AEAVPxScene@2@AEBVPxVec3@2@MV?$PxFlags@W4Enum@PxHitFlag@physx@@G@2@AEAUPxSweepHit@2@AEAIAEBUPxQueryFilterData@2@PEAVPxQueryFilterCallback@2@PEBUPxQueryCache@2@M@Z 0000000180039ffc     PhysX3ExtensionsCHECKED:ExtRigidBodyExt.obj
 0004:00001008       $pdata$9$?linearSweepSingle@PxRigidBodyExt@physx@@SA_NAEAVPxRigidBody@2@AEAVPxScene@2@AEBVPxVec3@2@MV?$PxFlags@W4Enum@PxHitFlag@physx@@G@2@AEAUPxSweepHit@2@AEAIAEBUPxQueryFilterData@2@PEAVPxQueryFilterCallback@2@PEBUPxQueryCache@2@M@Z 000000018003a008     PhysX3ExtensionsCHECKED:ExtRigidBodyExt.obj
 0004:00001014       $pdata$?linearSweepMultiple@PxRigidBodyExt@physx@@SAIAEAVPxRigidBody@2@AEAVPxScene@2@AEBVPxVec3@2@MV?$PxFlags@W4Enum@PxHitFlag@physx@@G@2@PEAUPxSweepHit@2@PEAIIAEAU72@AEAHAEA_NAEBUPxQueryFilterData@2@PEAVPxQueryFilterCallback@2@PEBUPxQueryCache@2@M@Z 000000018003a014     PhysX3ExtensionsCHECKED:ExtRigidBodyExt.obj
 0004:00001020       $pdata$10$?linearSweepMultiple@PxRigidBodyExt@physx@@SAIAEAVPxRigidBody@2@AEAVPxScene@2@AEBVPxVec3@2@MV?$PxFlags@W4Enum@PxHitFlag@physx@@G@2@PEAUPxSweepHit@2@PEAIIAEAU72@AEAHAEA_NAEBUPxQueryFilterData@2@PEAVPxQueryFilterCallback@2@PEBUPxQueryCache@2@M@Z 000000018003a020     PhysX3ExtensionsCHECKED:ExtRigidBodyExt.obj
 0004:0000102c       $pdata$11$?linearSweepMultiple@PxRigidBodyExt@physx@@SAIAEAVPxRigidBody@2@AEAVPxScene@2@AEBVPxVec3@2@MV?$PxFlags@W4Enum@PxHitFlag@physx@@G@2@PEAUPxSweepHit@2@PEAIIAEAU72@AEAHAEA_NAEBUPxQueryFilterData@2@PEAVPxQueryFilterCallback@2@PEBUPxQueryCache@2@M@Z 000000018003a02c     PhysX3ExtensionsCHECKED:ExtRigidBodyExt.obj
 0004:00001038       $pdata$?computeVelocityDeltaFromImpulse@PxRigidBodyExt@physx@@SAXAEBVPxRigidBody@2@AEBVPxVec3@2@1AEAV42@2@Z 000000018003a038     PhysX3ExtensionsCHECKED:ExtRigidBodyExt.obj
 0004:00001044       $pdata$?computeVelocityDeltaFromImpulse@PxRigidBodyExt@physx@@SAXAEBVPxRigidBody@2@AEBVPxTransform@2@AEBVPxVec3@2@2MMAEAV52@3@Z 000000018003a044     PhysX3ExtensionsCHECKED:ExtRigidBodyExt.obj
 0004:00001050       $pdata$?computeLinearAngularImpulse@PxRigidBodyExt@physx@@SAXAEBVPxRigidBody@2@AEBVPxTransform@2@AEBVPxVec3@2@2MMAEAV52@3@Z 000000018003a050     PhysX3ExtensionsCHECKED:ExtRigidBodyExt.obj
 0004:0000105c       $pdata$?translate@InertiaTensorComputer@Ext@physx@@QEAAXAEBVPxVec3@3@@Z 000000018003a05c     PhysX3ExtensionsCHECKED:ExtRigidBodyExt.obj
 0004:00001068       $pdata$5$?translate@InertiaTensorComputer@Ext@physx@@QEAAXAEBVPxVec3@3@@Z 000000018003a068     PhysX3ExtensionsCHECKED:ExtRigidBodyExt.obj
 0004:00001074       $pdata$9$?translate@InertiaTensorComputer@Ext@physx@@QEAAXAEBVPxVec3@3@@Z 000000018003a074     PhysX3ExtensionsCHECKED:ExtRigidBodyExt.obj
 0004:00001080       $pdata$10$?translate@InertiaTensorComputer@Ext@physx@@QEAAXAEBVPxVec3@3@@Z 000000018003a080     PhysX3ExtensionsCHECKED:ExtRigidBodyExt.obj
 0004:0000108c       $pdata$11$?translate@InertiaTensorComputer@Ext@physx@@QEAAXAEBVPxVec3@3@@Z 000000018003a08c     PhysX3ExtensionsCHECKED:ExtRigidBodyExt.obj
 0004:00001098       $pdata$?setCapsule@InertiaTensorComputer@Ext@physx@@QEAAXHMM@Z 000000018003a098     PhysX3ExtensionsCHECKED:ExtRigidBodyExt.obj
 0004:000010a4       $pdata$?rotate@InertiaTensorComputer@Ext@physx@@QEAAXAEBVPxMat33@3@@Z 000000018003a0a4     PhysX3ExtensionsCHECKED:ExtRigidBodyExt.obj
 0004:000010b0       $pdata$?transform@InertiaTensorComputer@Ext@physx@@QEAAXAEBVPxTransform@3@@Z 000000018003a0b0     PhysX3ExtensionsCHECKED:ExtRigidBodyExt.obj
 0004:000010bc       $pdata$?computeMassAndDiagInertia@@YA_NAEAVInertiaTensorComputer@Ext@physx@@AEAVPxVec3@3@AEAVPxQuat@3@AEAM1_NAEBVPxRigidBody@3@PEBD@Z 000000018003a0bc     PhysX3ExtensionsCHECKED:ExtRigidBodyExt.obj
 0004:000010c8       $pdata$0$?computeMassAndDiagInertia@@YA_NAEAVInertiaTensorComputer@Ext@physx@@AEAVPxVec3@3@AEAVPxQuat@3@AEAM1_NAEBVPxRigidBody@3@PEBD@Z 000000018003a0c8     PhysX3ExtensionsCHECKED:ExtRigidBodyExt.obj
 0004:000010d4       $pdata$7$?computeMassAndDiagInertia@@YA_NAEAVInertiaTensorComputer@Ext@physx@@AEAVPxVec3@3@AEAVPxQuat@3@AEAM1_NAEBVPxRigidBody@3@PEBD@Z 000000018003a0d4     PhysX3ExtensionsCHECKED:ExtRigidBodyExt.obj
 0004:000010e0       $pdata$8$?computeMassAndDiagInertia@@YA_NAEAVInertiaTensorComputer@Ext@physx@@AEAVPxVec3@3@AEAVPxQuat@3@AEAM1_NAEBVPxRigidBody@3@PEBD@Z 000000018003a0e0     PhysX3ExtensionsCHECKED:ExtRigidBodyExt.obj
 0004:000010ec       $pdata$9$?computeMassAndDiagInertia@@YA_NAEAVInertiaTensorComputer@Ext@physx@@AEAVPxVec3@3@AEAVPxQuat@3@AEAM1_NAEBVPxRigidBody@3@PEBD@Z 000000018003a0ec     PhysX3ExtensionsCHECKED:ExtRigidBodyExt.obj
 0004:000010f8       $pdata$?computeMassAndInertia@@YA_N_NAEAVPxRigidBody@physx@@PEBM2I0AEAVInertiaTensorComputer@Ext@2@@Z 000000018003a0f8     PhysX3ExtensionsCHECKED:ExtRigidBodyExt.obj
 0004:00001104       $pdata$7$?computeMassAndInertia@@YA_N_NAEAVPxRigidBody@physx@@PEBM2I0AEAVInertiaTensorComputer@Ext@2@@Z 000000018003a104     PhysX3ExtensionsCHECKED:ExtRigidBodyExt.obj
 0004:00001110       $pdata$15$?computeMassAndInertia@@YA_N_NAEAVPxRigidBody@physx@@PEBM2I0AEAVInertiaTensorComputer@Ext@2@@Z 000000018003a110     PhysX3ExtensionsCHECKED:ExtRigidBodyExt.obj
 0004:0000111c       $pdata$16$?computeMassAndInertia@@YA_N_NAEAVPxRigidBody@physx@@PEBM2I0AEAVInertiaTensorComputer@Ext@2@@Z 000000018003a11c     PhysX3ExtensionsCHECKED:ExtRigidBodyExt.obj
 0004:00001128       $pdata$?resize@?$Array@PEAVPxShape@physx@@V?$InlineAllocator@$0IA@VNamedAllocator@shdfnd@physx@@@shdfnd@2@@shdfnd@physx@@QEAAXIAEBQEAVPxShape@3@@Z 000000018003a128     PhysX3ExtensionsCHECKED:ExtRigidBodyExt.obj
 0004:00001134       $pdata$?allocate@?$Array@PEAVPxShape@physx@@V?$InlineAllocator@$0IA@VNamedAllocator@shdfnd@physx@@@shdfnd@2@@shdfnd@physx@@IEAAPEAPEAVPxShape@3@I@Z 000000018003a134     PhysX3ExtensionsCHECKED:ExtRigidBodyExt.obj
 0004:00001140       $pdata$?recreate@?$Array@PEAVPxShape@physx@@V?$InlineAllocator@$0IA@VNamedAllocator@shdfnd@physx@@@shdfnd@2@@shdfnd@physx@@IEAAXI@Z 000000018003a140     PhysX3ExtensionsCHECKED:ExtRigidBodyExt.obj
 0004:0000114c       $pdata$?updateMassAndInertia@@YA_N_NAEAVPxRigidBody@physx@@PEBMIPEBVPxVec3@2@0@Z 000000018003a14c     PhysX3ExtensionsCHECKED:ExtRigidBodyExt.obj
 0004:00001158       $pdata$?setMassAndUpdateInertia@@YA_N_NAEAVPxRigidBody@physx@@PEBMIPEBVPxVec3@2@0@Z 000000018003a158     PhysX3ExtensionsCHECKED:ExtRigidBodyExt.obj
 0004:00001164       $pdata$?allocate@?$Array@VPxMassProperties@physx@@V?$InlineAllocator@$0DEA@VNamedAllocator@shdfnd@physx@@@shdfnd@2@@shdfnd@physx@@IEAAPEAVPxMassProperties@3@I@Z 000000018003a164     PhysX3ExtensionsCHECKED:ExtRigidBodyExt.obj
 0004:00001170       $pdata$?growAndPushBack@?$Array@VPxMassProperties@physx@@V?$InlineAllocator@$0DEA@VNamedAllocator@shdfnd@physx@@@shdfnd@2@@shdfnd@physx@@IEAAAEAVPxMassProperties@3@AEBV43@@Z 000000018003a170     PhysX3ExtensionsCHECKED:ExtRigidBodyExt.obj
 0004:0000117c       $pdata$?recreate@?$Array@VPxMassProperties@physx@@V?$InlineAllocator@$0DEA@VNamedAllocator@shdfnd@physx@@@shdfnd@2@@shdfnd@physx@@IEAAXI@Z 000000018003a17c     PhysX3ExtensionsCHECKED:ExtRigidBodyExt.obj
 0004:00001188       $pdata$?allocate@?$Array@VPxTransform@physx@@V?$InlineAllocator@$0BMA@VNamedAllocator@shdfnd@physx@@@shdfnd@2@@shdfnd@physx@@IEAAPEAVPxTransform@3@I@Z 000000018003a188     PhysX3ExtensionsCHECKED:ExtRigidBodyExt.obj
 0004:00001194       $pdata$?growAndPushBack@?$Array@VPxTransform@physx@@V?$InlineAllocator@$0BMA@VNamedAllocator@shdfnd@physx@@@shdfnd@2@@shdfnd@physx@@IEAAAEAVPxTransform@3@AEBV43@@Z 000000018003a194     PhysX3ExtensionsCHECKED:ExtRigidBodyExt.obj
 0004:000011a0       $pdata$?recreate@?$Array@VPxTransform@physx@@V?$InlineAllocator@$0BMA@VNamedAllocator@shdfnd@physx@@@shdfnd@2@@shdfnd@physx@@IEAAXI@Z 000000018003a1a0     PhysX3ExtensionsCHECKED:ExtRigidBodyExt.obj
 0004:000011ac       $pdata$?addForceAtPosInternal@@YAXAEAVPxRigidBody@physx@@AEBVPxVec3@2@1W4Enum@PxForceMode@2@_N@Z 000000018003a1ac     PhysX3ExtensionsCHECKED:ExtRigidBodyExt.obj
 0004:000011b8       $pdata$8$?addForceAtPosInternal@@YAXAEAVPxRigidBody@physx@@AEBVPxVec3@2@1W4Enum@PxForceMode@2@_N@Z 000000018003a1b8     PhysX3ExtensionsCHECKED:ExtRigidBodyExt.obj
 0004:000011c4       $pdata$9$?addForceAtPosInternal@@YAXAEAVPxRigidBody@physx@@AEBVPxVec3@2@1W4Enum@PxForceMode@2@_N@Z 000000018003a1c4     PhysX3ExtensionsCHECKED:ExtRigidBodyExt.obj
 0004:000011d0       $pdata$?getVelocityAtPosInternal@@YA?AVPxVec3@physx@@AEBVPxRigidBody@2@AEBV12@@Z 000000018003a1d0     PhysX3ExtensionsCHECKED:ExtRigidBodyExt.obj
 0004:000011e8       $pdata$??_Gtype_info@@UEAAPEAXI@Z 000000018003a1e8     MSVCRT:std_type_info_static.obj
 0004:000011f4       $pdata$?dllmain_crt_process_attach@@YAHQEAUHINSTANCE__@@QEAX@Z 000000018003a1f4     MSVCRT:dll_dllmain.obj
 0004:00001200       $pdata$?fin$0@?0??dllmain_crt_process_attach@@YAHQEAUHINSTANCE__@@QEAX@Z@4HA 000000018003a200     MSVCRT:dll_dllmain.obj
 0004:0000120c       $pdata$?dllmain_crt_process_detach@@YAH_N@Z 000000018003a20c     MSVCRT:dll_dllmain.obj
 0004:00001218       $pdata$?fin$0@?0??dllmain_crt_process_detach@@YAH_N@Z@4HA 000000018003a218     MSVCRT:dll_dllmain.obj
 0004:00001224       $pdata$?dllmain_crt_dispatch@@YAHQEAUHINSTANCE__@@KQEAX@Z 000000018003a224     MSVCRT:dll_dllmain.obj
 0004:00001230       $pdata$?dllmain_dispatch@@YAHQEAUHINSTANCE__@@KQEAX@Z 000000018003a230     MSVCRT:dll_dllmain.obj
 0004:0000123c       $pdata$?filt$0@?0??dllmain_dispatch@@YAHQEAUHINSTANCE__@@KQEAX@Z@4HA 000000018003a23c     MSVCRT:dll_dllmain.obj
 0004:00001248       $pdata$_DllMainCRTStartup  000000018003a248     MSVCRT:dll_dllmain.obj
 0004:00001254       $pdata$__security_init_cookie 000000018003a254     MSVCRT:gs_support.obj
 0004:00001260       $pdata$__get_entropy       000000018003a260     MSVCRT:gs_support.obj
 0004:0000126c       $pdata$DllMain             000000018003a26c     MSVCRT:dll_dllmain_stub.obj
 0004:00001278       $pdata$__scrt_initialize_default_local_stdio_options 000000018003a278     MSVCRT:default_local_stdio_options.obj
 0004:00001284       $pdata$atexit              000000018003a284     MSVCRT:utility.obj
 0004:00001290       $pdata$_onexit             000000018003a290     MSVCRT:utility.obj
 0004:0000129c       $pdata$__scrt_is_nonwritable_in_current_image 000000018003a29c     MSVCRT:utility.obj
 0004:000012a8       $pdata$__scrt_is_nonwritable_in_current_image$filt$0 000000018003a2a8     MSVCRT:utility.obj
 0004:000012b4       $pdata$__scrt_acquire_startup_lock 000000018003a2b4     MSVCRT:utility.obj
 0004:000012c0       $pdata$__scrt_release_startup_lock 000000018003a2c0     MSVCRT:utility.obj
 0004:000012cc       $pdata$__scrt_initialize_crt 000000018003a2cc     MSVCRT:utility.obj
 0004:000012d8       $pdata$__scrt_uninitialize_crt 000000018003a2d8     MSVCRT:utility.obj
 0004:000012e4       $pdata$__scrt_initialize_onexit_tables 000000018003a2e4     MSVCRT:utility.obj
 0004:000012f0       $pdata$__scrt_dllmain_exception_filter 000000018003a2f0     MSVCRT:utility.obj
 0004:000012fc       $pdata$__scrt_dllmain_before_initialize_c 000000018003a2fc     MSVCRT:utility.obj
 0004:00001308       $pdata$__scrt_dllmain_after_initialize_c 000000018003a308     MSVCRT:utility.obj
 0004:00001314       $pdata$__scrt_dllmain_uninitialize_c 000000018003a314     MSVCRT:utility.obj
 0004:00001320       $pdata$__scrt_dllmain_uninitialize_critical 000000018003a320     MSVCRT:utility.obj
 0004:0000132c       $pdata$__scrt_dllmain_crt_thread_attach 000000018003a32c     MSVCRT:utility.obj
 0004:00001338       $pdata$__scrt_dllmain_crt_thread_detach 000000018003a338     MSVCRT:utility.obj
 0004:00001344       $pdata$?configure_argv@__scrt_narrow_argv_policy@@SAHXZ 000000018003a344     MSVCRT:utility.obj
 0004:00001350       $pdata$__scrt_get_show_window_mode 000000018003a350     MSVCRT:utility_desktop.obj
 0004:0000135c       $pdata$__scrt_is_managed_app 000000018003a35c     MSVCRT:utility_desktop.obj
 0004:00001368       $pdata$__scrt_fastfail     000000018003a368     MSVCRT:utility_desktop.obj
 0004:00001374       $pdata$__scrt_unhandled_exception_filter 000000018003a374     MSVCRT:utility_desktop.obj
 0004:00001380       $pdata$_RTC_Initialize     000000018003a380     MSVCRT:initsect.obj
 0004:0000138c       $pdata$_RTC_Terminate      000000018003a38c     MSVCRT:initsect.obj
 0004:00001398       $pdata$__isa_available_init 000000018003a398     MSVCRT:cpu_disp.obj
 0005:00000e76       .idata$6                   000000018003be76     PxFoundationCHECKED_x64:PxFoundationCHECKED_x64.dll
 0005:00001634       .idata$6                   000000018003c634     PhysX3CommonCHECKED_x64:PhysX3CommonCHECKED_x64.dll
 0005:000016c0       .idata$6                   000000018003c6c0     vcruntime:VCRUNTIME140.dll
 0005:000017d8       .idata$6                   000000018003c7d8     ucrt:api-ms-win-crt-math-l1-1-0.dll
 0005:000017f8       .idata$6                   000000018003c7f8     ucrt:api-ms-win-crt-runtime-l1-1-0.dll
 0005:0000181a       .idata$6                   000000018003c81a     ucrt:api-ms-win-crt-heap-l1-1-0.dll
 0005:0000199e       .idata$6                   000000018003c99e     kernel32:KERNEL32.dll
 0007:000001c0       $R000000                   000000018003e1c0     PhysX3CharacterKinematic.res
 0007:00000540       $R000380                   000000018003e540     PhysX3CharacterKinematic.res
