 PhysX3CharacterKinematicPROFILE_x64

 Timestamp is 5f36cad3 (Sat Aug 15 01:33:07 2020)

 Preferred load address is 0000000180000000

 Start         Length     Name                   Class
 0001:00000000 000000a0H .text$di                CODE
 0001:000000a0 00021190H .text$mn                CODE
 0001:00021230 00000012H .text$mn$00             CODE
 0001:00021242 00000081H .text$x                 CODE
 0002:00000000 00000268H .idata$5                DATA
 0002:00000268 00000010H .00cfg                  DATA
 0002:00000278 00000008H .CRT$XCA                DATA
 0002:00000280 00000030H .CRT$XCU                DATA
 0002:000002b0 00000008H .CRT$XCZ                DATA
 0002:000002b8 00000008H .CRT$XIA                DATA
 0002:000002c0 00000008H .CRT$XIZ                DATA
 0002:000002c8 00000008H .CRT$XPA                DATA
 0002:000002d0 00000008H .CRT$XPZ                DATA
 0002:000002d8 00000008H .CRT$XTA                DATA
 0002:000002e0 00000010H .CRT$XTZ                DATA
 0002:000002e8 00000000H .gfids$y                DATA
 0002:000002f0 00001510H .rdata                  DATA
 0002:00001800 00000074H .rdata$r                DATA
 0002:00001874 0000032cH .rdata$zzzdbg           DATA
 0002:00001ba0 00000008H .rtc$IAA                DATA
 0002:00001ba8 00000008H .rtc$IZZ                DATA
 0002:00001bb0 00000008H .rtc$TAA                DATA
 0002:00001bb8 00000008H .rtc$TZZ                DATA
 0002:00001bc0 000024d0H .xdata                  DATA
 0002:00004090 00000834H .edata                  DATA
 0002:000048c4 0000008cH .idata$2                DATA
 0002:00004950 00000018H .idata$3                DATA
 0002:00004968 00000268H .idata$4                DATA
 0002:00004bd0 00000dc6H .idata$6                DATA
 0003:00000000 000000b0H .data                   DATA
 0003:000000b0 00000450H .data$r                 DATA
 0003:00000500 000000e0H .bss                    DATA
 0004:00000000 00001590H .pdata                  DATA
 0005:00000000 000000a0H .rsrc$01                DATA
 0005:000000a0 00000500H .rsrc$02                DATA

  Address         Publics by Value              Rva+Base               Lib:Object

 0000:00000000       __hybrid_code_map_count    0000000000000000     <absolute>
 0000:00000000       __enclave_config           0000000000000000     <absolute>
 0000:00000000       __dynamic_value_reloc_table 0000000000000000     <absolute>
 0000:00000000       __guard_iat_table          0000000000000000     <absolute>
 0000:00000000       __volatile_metadata        0000000000000000     <absolute>
 0000:00000000       ___safe_se_handler_table   0000000000000000     <absolute>
 0000:00000000       ___safe_se_handler_count   0000000000000000     <absolute>
 0000:00000000       __guard_iat_count          0000000000000000     <absolute>
 0000:00000000       __hybrid_code_map          0000000000000000     <absolute>
 0000:00000000       __guard_longjmp_count      0000000000000000     <absolute>
 0000:00000000       __guard_fids_table         0000000000000000     <absolute>
 0000:00000000       __hybrid_auxiliary_iat     0000000000000000     <absolute>
 0000:00000000       __guard_fids_count         0000000000000000     <absolute>
 0000:00000000       __guard_longjmp_table      0000000000000000     <absolute>
 0000:00000100       __guard_flags              0000000000000100     <absolute>
 0000:00000000       __ImageBase                0000000180000000     <linker-defined>
 0001:000000a0       ??0BoxController@Cct@physx@@QEAA@AEBVPxControllerDesc@2@AEAVPxPhysics@2@PEAVPxScene@2@@Z 00000001800010a0 f   CctBoxController.obj
 0001:00000190       ??1BoxController@Cct@physx@@UEAA@XZ 0000000180001190 f   CctBoxController.obj
 0001:000001d0       ?getWorldBox@BoxController@Cct@physx@@UEBA_NAEAUPxExtendedBounds3@3@@Z 00000001800011d0 f   CctBoxController.obj
 0001:00000280       ?setFootPosition@BoxController@Cct@physx@@UEAA_NAEBUPxExtendedVec3@3@@Z 0000000180001280 f   CctBoxController.obj
 0001:00000300       ?getFootPosition@BoxController@Cct@physx@@UEBA?AUPxExtendedVec3@3@XZ 0000000180001300 f   CctBoxController.obj
 0001:00000380       ?invalidateCache@BoxController@Cct@physx@@UEAAXXZ 0000000180001380 f   CctBoxController.obj
 0001:000003e0       ?resize@BoxController@Cct@physx@@UEAAXM@Z 00000001800013e0 f   CctBoxController.obj
 0001:000004a0       ?getHalfHeight@BoxController@Cct@physx@@UEBAMXZ 00000001800014a0 f   CctBoxController.obj
 0001:000004b0       ?getHalfSideExtent@BoxController@Cct@physx@@UEBAMXZ 00000001800014b0 f   CctBoxController.obj
 0001:000004c0       ?getHalfForwardExtent@BoxController@Cct@physx@@UEBAMXZ 00000001800014c0 f   CctBoxController.obj
 0001:000004d0       ?setHalfHeight@BoxController@Cct@physx@@UEAA_NM@Z 00000001800014d0 f   CctBoxController.obj
 0001:000004f0       ?setHalfSideExtent@BoxController@Cct@physx@@UEAA_NM@Z 00000001800014f0 f   CctBoxController.obj
 0001:00000510       ?setHalfForwardExtent@BoxController@Cct@physx@@UEAA_NM@Z 0000000180001510 f   CctBoxController.obj
 0001:00000530       ?updateKinematicProxy@BoxController@Cct@physx@@QEAA_NXZ 0000000180001530 f   CctBoxController.obj
 0001:000005d0       ?getOBB@BoxController@Cct@physx@@QEBAXAEAVPxExtendedBox@3@@Z 00000001800015d0 f   CctBoxController.obj
 0001:000006d0       ??0Allocator@shdfnd@physx@@QEAA@PEBD@Z 00000001800016d0 f i CctBoxController.obj
 0001:000006e0       ??0PxControllerManager@physx@@IEAA@XZ 00000001800016e0 f i CctBoxController.obj
 0001:000006f0       ??0PxControllerManager@physx@@QEAA@AEBV01@@Z 00000001800016f0 f i CctBoxController.obj
 0001:00000700       ??0PxFoundation@physx@@QEAA@AEBV01@@Z 0000000180001700 f i CctBoxController.obj
 0001:00000710       ??0PxFoundation@physx@@QEAA@XZ 0000000180001710 f i CctBoxController.obj
 0001:00000720       ??1PxBoxController@physx@@MEAA@XZ 0000000180001720 f i CctBoxController.obj
 0001:00000730       ??1PxController@physx@@MEAA@XZ 0000000180001730 f i CctBoxController.obj
 0001:00000740       ??1PxControllerManager@physx@@MEAA@XZ 0000000180001740 f i CctBoxController.obj
 0001:00000750       ??1PxFoundation@physx@@MEAA@XZ 0000000180001750 f i CctBoxController.obj
 0001:00000760       ??4Allocator@shdfnd@physx@@QEAAAEAV012@$$QEAV012@@Z 0000000180001760 f i CctBoxController.obj
 0001:00000770       ??4Allocator@shdfnd@physx@@QEAAAEAV012@AEBV012@@Z 0000000180001770 f i CctBoxController.obj
 0001:00000780       ??4MutexImpl@shdfnd@physx@@QEAAAEAV012@AEBV012@@Z 0000000180001780 f i CctBoxController.obj
 0001:00000790       ??4PxControllerManager@physx@@QEAAAEAV01@AEBV01@@Z 0000000180001790 f i CctBoxController.obj
 0001:000007a0       ??4PxFoundation@physx@@QEAAAEAV01@AEBV01@@Z 00000001800017a0 f i CctBoxController.obj
 0001:000007a4       ??_EBoxController@Cct@physx@@W7EAAPEAXI@Z 00000001800017a4 f i CctBoxController.obj
 0001:000007b0       ??_EPxControllerManager@physx@@MEAAPEAXI@Z 00000001800017b0 f i CctBoxController.obj
 0001:00000840       ??_EPxFoundation@physx@@MEAAPEAXI@Z 0000000180001840 f i CctBoxController.obj
 0001:000008d0       ??_FAllocator@shdfnd@physx@@QEAAXXZ 00000001800018d0 f i CctBoxController.obj
 0001:000008e0       ??_EBoxController@Cct@physx@@UEAAPEAXI@Z 00000001800018e0 f i CctBoxController.obj
 0001:000008e0       ??_GBoxController@Cct@physx@@UEAAPEAXI@Z 00000001800018e0 f i CctBoxController.obj
 0001:00000960       ??_GPxBoxController@physx@@MEAAPEAXI@Z 0000000180001960 f i CctBoxController.obj
 0001:00000960       ??_EPxBoxController@physx@@MEAAPEAXI@Z 0000000180001960 f i CctBoxController.obj
 0001:00000990       ??_EPxController@physx@@MEAAPEAXI@Z 0000000180001990 f i CctBoxController.obj
 0001:00000990       ??_GPxController@physx@@MEAAPEAXI@Z 0000000180001990 f i CctBoxController.obj
 0001:000009c0       ??_GPxControllerManager@physx@@MEAAPEAXI@Z 00000001800019c0 f i CctBoxController.obj
 0001:000009f0       ??_GPxFoundation@physx@@MEAAPEAXI@Z 00000001800019f0 f i CctBoxController.obj
 0001:00000a20       ??_H@YAXPEAX_K1P6APEAX0@Z@Z 0000000180001a20 f i CctBoxController.obj
 0001:00000a70       ??_I@YAXPEAX_K1P6AX0@Z@Z   0000000180001a70 f i CctBoxController.obj
 0001:00000ad0       ?__empty_global_delete@@YAXPEAX@Z 0000000180001ad0 f i CctBoxController.obj
 0001:00000ae0       ?__empty_global_delete@@YAXPEAX_K@Z 0000000180001ae0 f i CctBoxController.obj
 0001:00000ae0       ?__global_delete@@YAXPEAX_K@Z 0000000180001ae0 f i CctBoxController.obj
 0001:00000af0       ?getActor@BoxController@Cct@physx@@UEBAPEAVPxRigidDynamic@3@XZ 0000000180001af0 f i CctBoxController.obj
 0001:00000b00       ?getContactOffset@BoxController@Cct@physx@@UEBAMXZ 0000000180001b00 f i CctBoxController.obj
 0001:00000b10       ?getHalfHeightInternal@BoxController@Cct@physx@@UEBAMXZ 0000000180001b10 f i CctBoxController.obj
 0001:00000b20       ?getNonWalkableMode@BoxController@Cct@physx@@UEBA?AW4Enum@PxControllerNonWalkableMode@3@XZ 0000000180001b20 f i CctBoxController.obj
 0001:00000b30       ?getPosition@BoxController@Cct@physx@@UEBAAEBUPxExtendedVec3@3@XZ 0000000180001b30 f i CctBoxController.obj
 0001:00000b40       ?getPxController@BoxController@Cct@physx@@UEAAPEAVPxController@3@XZ 0000000180001b40 f i CctBoxController.obj
 0001:00000b50       ?getScene@BoxController@Cct@physx@@UEAAPEAVPxScene@3@XZ 0000000180001b50 f i CctBoxController.obj
 0001:00000b60       ?getSlopeLimit@BoxController@Cct@physx@@UEBAMXZ 0000000180001b60 f i CctBoxController.obj
 0001:00000b70       ?getState@BoxController@Cct@physx@@UEBAXAEAUPxControllerState@3@@Z 0000000180001b70 f i CctBoxController.obj
 0001:00000b80       ?getStats@BoxController@Cct@physx@@UEBAXAEAUPxControllerStats@3@@Z 0000000180001b80 f i CctBoxController.obj
 0001:00000b90       ?getStepOffset@BoxController@Cct@physx@@UEBAMXZ 0000000180001b90 f i CctBoxController.obj
 0001:00000ba0       ?getType@BoxController@Cct@physx@@UEBA?AW4Enum@PxControllerShapeType@3@XZ 0000000180001ba0 f i CctBoxController.obj
 0001:00000bb0       ?getUpDirection@BoxController@Cct@physx@@UEBA?AVPxVec3@3@XZ 0000000180001bb0 f i CctBoxController.obj
 0001:00000bd0       ?getUserData@BoxController@Cct@physx@@UEBAPEAXXZ 0000000180001bd0 f i CctBoxController.obj
 0001:00000be0       ?release@BoxController@Cct@physx@@UEAAXXZ 0000000180001be0 f i CctBoxController.obj
 0001:00000bf0       ?setContactOffset@BoxController@Cct@physx@@UEAAXM@Z 0000000180001bf0 f i CctBoxController.obj
 0001:00000c00       ?setNonWalkableMode@BoxController@Cct@physx@@UEAAXW4Enum@PxControllerNonWalkableMode@3@@Z 0000000180001c00 f i CctBoxController.obj
 0001:00000c10       ?setPosition@BoxController@Cct@physx@@UEAA_NAEBUPxExtendedVec3@3@@Z 0000000180001c10 f i CctBoxController.obj
 0001:00000c20       ?setSlopeLimit@BoxController@Cct@physx@@UEAAXM@Z 0000000180001c20 f i CctBoxController.obj
 0001:00000c30       ?setStepOffset@BoxController@Cct@physx@@UEAAXM@Z 0000000180001c30 f i CctBoxController.obj
 0001:00000c40       ?setUpDirection@BoxController@Cct@physx@@UEAAXAEBVPxVec3@3@@Z 0000000180001c40 f i CctBoxController.obj
 0001:00000c50       ?setUserData@BoxController@Cct@physx@@UEAAXPEAX@Z 0000000180001c50 f i CctBoxController.obj
 0001:00000c60       ??0CapsuleController@Cct@physx@@QEAA@AEBVPxControllerDesc@2@AEAVPxPhysics@2@PEAVPxScene@2@@Z 0000000180001c60 f   CctCapsuleController.obj
 0001:00000d50       ??1CapsuleController@Cct@physx@@UEAA@XZ 0000000180001d50 f   CctCapsuleController.obj
 0001:00000d90       ?getWorldBox@CapsuleController@Cct@physx@@UEBA_NAEAUPxExtendedBounds3@3@@Z 0000000180001d90 f   CctCapsuleController.obj
 0001:00000e40       ?setFootPosition@CapsuleController@Cct@physx@@UEAA_NAEBUPxExtendedVec3@3@@Z 0000000180001e40 f   CctCapsuleController.obj
 0001:00000ed0       ?getFootPosition@CapsuleController@Cct@physx@@UEBA?AUPxExtendedVec3@3@XZ 0000000180001ed0 f   CctCapsuleController.obj
 0001:00000f60       ?invalidateCache@CapsuleController@Cct@physx@@UEAAXXZ 0000000180001f60 f   CctCapsuleController.obj
 0001:00000fc0       ?resize@CapsuleController@Cct@physx@@UEAAXM@Z 0000000180001fc0 f   CctCapsuleController.obj
 0001:00001090       ?getClimbingMode@CapsuleController@Cct@physx@@UEBA?AW4Enum@PxCapsuleClimbingMode@3@XZ 0000000180002090 f   CctCapsuleController.obj
 0001:000010a0       ?setRadius@CapsuleController@Cct@physx@@UEAA_NM@Z 00000001800020a0 f   CctCapsuleController.obj
 0001:00001130       ?setHeight@CapsuleController@Cct@physx@@UEAA_NM@Z 0000000180002130 f   CctCapsuleController.obj
 0001:000011d0       ?setClimbingMode@CapsuleController@Cct@physx@@UEAA_NW4Enum@PxCapsuleClimbingMode@3@@Z 00000001800021d0 f   CctCapsuleController.obj
 0001:000011f0       ?getCapsule@CapsuleController@Cct@physx@@QEBAXAEAUPxExtendedCapsule@3@@Z 00000001800021f0 f   CctCapsuleController.obj
 0001:000012d0       ??1PxCapsuleController@physx@@MEAA@XZ 00000001800022d0 f i CctCapsuleController.obj
 0001:000012dc       ??_ECapsuleController@Cct@physx@@W7EAAPEAXI@Z 00000001800022dc f i CctCapsuleController.obj
 0001:000012f0       ??_ECapsuleController@Cct@physx@@UEAAPEAXI@Z 00000001800022f0 f i CctCapsuleController.obj
 0001:000012f0       ??_GCapsuleController@Cct@physx@@UEAAPEAXI@Z 00000001800022f0 f i CctCapsuleController.obj
 0001:00001370       ??_EPxCapsuleController@physx@@MEAAPEAXI@Z 0000000180002370 f i CctCapsuleController.obj
 0001:00001370       ??_GPxCapsuleController@physx@@MEAAPEAXI@Z 0000000180002370 f i CctCapsuleController.obj
 0001:000013a0       ?getActor@CapsuleController@Cct@physx@@UEBAPEAVPxRigidDynamic@3@XZ 00000001800023a0 f i CctCapsuleController.obj
 0001:000013b0       ?getContactOffset@CapsuleController@Cct@physx@@UEBAMXZ 00000001800023b0 f i CctCapsuleController.obj
 0001:000013c0       ?getHalfHeightInternal@CapsuleController@Cct@physx@@UEBAMXZ 00000001800023c0 f i CctCapsuleController.obj
 0001:000013e0       ?getHeight@CapsuleController@Cct@physx@@UEBAMXZ 00000001800023e0 f i CctCapsuleController.obj
 0001:000013f0       ?getNonWalkableMode@CapsuleController@Cct@physx@@UEBA?AW4Enum@PxControllerNonWalkableMode@3@XZ 00000001800023f0 f i CctCapsuleController.obj
 0001:00001400       ?getPosition@CapsuleController@Cct@physx@@UEBAAEBUPxExtendedVec3@3@XZ 0000000180002400 f i CctCapsuleController.obj
 0001:00001410       ?getPxController@CapsuleController@Cct@physx@@UEAAPEAVPxController@3@XZ 0000000180002410 f i CctCapsuleController.obj
 0001:00001420       ?getRadius@CapsuleController@Cct@physx@@UEBAMXZ 0000000180002420 f i CctCapsuleController.obj
 0001:00001430       ?getScene@CapsuleController@Cct@physx@@UEAAPEAVPxScene@3@XZ 0000000180002430 f i CctCapsuleController.obj
 0001:00001440       ?getSlopeLimit@CapsuleController@Cct@physx@@UEBAMXZ 0000000180002440 f i CctCapsuleController.obj
 0001:00001450       ?getState@CapsuleController@Cct@physx@@UEBAXAEAUPxControllerState@3@@Z 0000000180002450 f i CctCapsuleController.obj
 0001:00001460       ?getStats@CapsuleController@Cct@physx@@UEBAXAEAUPxControllerStats@3@@Z 0000000180002460 f i CctCapsuleController.obj
 0001:00001470       ?getStepOffset@CapsuleController@Cct@physx@@UEBAMXZ 0000000180002470 f i CctCapsuleController.obj
 0001:00001480       ?getType@CapsuleController@Cct@physx@@UEBA?AW4Enum@PxControllerShapeType@3@XZ 0000000180002480 f i CctCapsuleController.obj
 0001:00001490       ?getUpDirection@CapsuleController@Cct@physx@@UEBA?AVPxVec3@3@XZ 0000000180002490 f i CctCapsuleController.obj
 0001:000014b0       ?getUserData@CapsuleController@Cct@physx@@UEBAPEAXXZ 00000001800024b0 f i CctCapsuleController.obj
 0001:000014c0       ?release@CapsuleController@Cct@physx@@UEAAXXZ 00000001800024c0 f i CctCapsuleController.obj
 0001:000014d0       ?setContactOffset@CapsuleController@Cct@physx@@UEAAXM@Z 00000001800024d0 f i CctCapsuleController.obj
 0001:000014e0       ?setNonWalkableMode@CapsuleController@Cct@physx@@UEAAXW4Enum@PxControllerNonWalkableMode@3@@Z 00000001800024e0 f i CctCapsuleController.obj
 0001:000014f0       ?setPosition@CapsuleController@Cct@physx@@UEAA_NAEBUPxExtendedVec3@3@@Z 00000001800024f0 f i CctCapsuleController.obj
 0001:00001500       ?setSlopeLimit@CapsuleController@Cct@physx@@UEAAXM@Z 0000000180002500 f i CctCapsuleController.obj
 0001:00001510       ?setStepOffset@CapsuleController@Cct@physx@@UEAAXM@Z 0000000180002510 f i CctCapsuleController.obj
 0001:00001520       ?setUpDirection@CapsuleController@Cct@physx@@UEAAXAEBVPxVec3@3@@Z 0000000180002520 f i CctCapsuleController.obj
 0001:00001530       ?setUserData@CapsuleController@Cct@physx@@UEAAXPEAX@Z 0000000180002530 f i CctCapsuleController.obj
 0001:00001540       ??0CCTParams@Cct@physx@@QEAA@XZ 0000000180002540 f   CctCharacterController.obj
 0001:00001580       ??0SweepTest@Cct@physx@@QEAA@_N@Z 0000000180002580 f   CctCharacterController.obj
 0001:000016f0       ??1SweepTest@Cct@physx@@QEAA@XZ 00000001800026f0 f   CctCharacterController.obj
 0001:000017e0       ?moveCharacter@SweepTest@Cct@physx@@QEAA?AV?$PxFlags@W4Enum@PxControllerCollisionFlag@physx@@E@3@PEBUInternalCBData_FindTouchedGeom@23@PEAUInternalCBData_OnHit@23@AEAVSweptVolume@23@AEBVPxVec3@3@AEBUUserObstacles@23@MAEBVPxControllerFilters@3@_N6AEAPEBVPxRigidActor@3@AEAPEBVPxShape@3@_K@Z 00000001800027e0 f   CctCharacterController.obj
 0001:00002370       ?doSweepTest@SweepTest@Cct@physx@@QEAA_NPEBUInternalCBData_FindTouchedGeom@23@PEAUInternalCBData_OnHit@23@AEBUUserObstacles@23@AEAVSweptVolume@23@AEBVPxVec3@3@4IPEAIMAEBVPxControllerFilters@3@W4SweepPass@23@AEAPEBVPxRigidActor@3@AEAPEBVPxShape@3@_K@Z 0000000180003370 f   CctCharacterController.obj
 0001:00003240       ?findTouchedObstacles@SweepTest@Cct@physx@@QEAAXAEBUUserObstacles@23@AEBUPxExtendedBounds3@3@@Z 0000000180004240 f   CctCharacterController.obj
 0001:00003970       ?voidTestCache@SweepTest@Cct@physx@@QEAAXXZ 0000000180004970 f   CctCharacterController.obj
 0001:00003a20       ?onRelease@SweepTest@Cct@physx@@QEAAXAEBVPxBase@3@@Z 0000000180004a20 f   CctCharacterController.obj
 0001:00003b30       ?updateCachedShapesRegistration@SweepTest@Cct@physx@@QEAAXI_N@Z 0000000180004b30 f   CctCharacterController.obj
 0001:00003be0       ?onObstacleRemoved@SweepTest@Cct@physx@@QEAAXI@Z 0000000180004be0 f   CctCharacterController.obj
 0001:00003c00       ?onObstacleUpdated@SweepTest@Cct@physx@@QEAAXIPEBVPxObstacleContext@3@AEBVPxVec3@3@1M@Z 0000000180004c00 f   CctCharacterController.obj
 0001:00003d30       ?onObstacleAdded@SweepTest@Cct@physx@@QEAAXIPEBVPxObstacleContext@3@AEBVPxVec3@3@1M@Z 0000000180004d30 f   CctCharacterController.obj
 0001:00003ee0       ?onOriginShift@SweepTest@Cct@physx@@QEAAXAEBVPxVec3@3@@Z 0000000180004ee0 f   CctCharacterController.obj
 0001:00004080       ?updateTouchedGeoms@SweepTest@Cct@physx@@AEAAXPEBUInternalCBData_FindTouchedGeom@23@AEBUUserObstacles@23@AEBUPxExtendedBounds3@3@AEBVPxControllerFilters@3@AEBVPxVec3@3@@Z 0000000180005080 f   CctCharacterController.obj
 0001:000049f0       ?findTouchedObject@Controller@Cct@physx@@IEAAXAEBVPxControllerFilters@3@PEBVPxObstacleContext@3@AEBVPxVec3@3@@Z 00000001800059f0 f   CctCharacterController.obj
 0001:00005040       ?rideOnTouchedObject@Controller@Cct@physx@@IEAA_NAEAVSweptVolume@23@AEBVPxVec3@3@AEAV53@PEBVPxObstacleContext@3@@Z 0000000180006040 f   CctCharacterController.obj
 0001:000055d0       ?move@Controller@Cct@physx@@IEAA?AV?$PxFlags@W4Enum@PxControllerCollisionFlag@physx@@E@3@AEAVSweptVolume@23@AEBVPxVec3@3@MMAEBVPxControllerFilters@3@PEBVPxObstacleContext@3@_N@Z 00000001800065d0 f   CctCharacterController.obj
 0001:000067b0       ?filterTouchedShape@Controller@Cct@physx@@IEAA_NAEBVPxControllerFilters@3@@Z 00000001800077b0 f   CctCharacterController.obj
 0001:00008090       ?move@BoxController@Cct@physx@@UEAA?AV?$PxFlags@W4Enum@PxControllerCollisionFlag@physx@@E@3@AEBVPxVec3@3@MMAEBVPxControllerFilters@3@PEBVPxObstacleContext@3@@Z 0000000180009090 f   CctCharacterController.obj
 0001:00008250       ?move@CapsuleController@Cct@physx@@UEAA?AV?$PxFlags@W4Enum@PxControllerCollisionFlag@physx@@E@3@AEBVPxVec3@3@MMAEBVPxControllerFilters@3@PEBVPxObstacleContext@3@@Z 0000000180009250 f   CctCharacterController.obj
 0001:00008460       ??0PxMat33@physx@@QEAA@AEBV01@@Z 0000000180009460 f i CctCharacterController.obj
 0001:000084a0       ??0PxVec3@physx@@QEAA@XZ   00000001800094a0 f i CctCharacterController.obj
 0001:000084b0       ??1?$PxHitBuffer@UPxRaycastHit@physx@@@physx@@UEAA@XZ 00000001800094b0 f i CctCharacterController.obj
 0001:000084c0       ??1?$PxHitCallback@UPxRaycastHit@physx@@@physx@@UEAA@XZ 00000001800094c0 f i CctCharacterController.obj
 0001:000084d0       ??1PxQueryFilterCallback@physx@@UEAA@XZ 00000001800094d0 f i CctCharacterController.obj
 0001:000084e0       ??4FPUGuard@shdfnd@physx@@QEAAAEAV012@AEBV012@@Z 00000001800094e0 f i CctCharacterController.obj
 0001:00008500       ??DPxQuat@physx@@QEBA?AV01@AEBV01@@Z 0000000180009500 f i CctCharacterController.obj
 0001:00008640       ??_E?$PxHitBuffer@UPxRaycastHit@physx@@@physx@@UEAAPEAXI@Z 0000000180009640 f i CctCharacterController.obj
 0001:00008640       ??_G?$PxHitBuffer@UPxRaycastHit@physx@@@physx@@UEAAPEAXI@Z 0000000180009640 f i CctCharacterController.obj
 0001:00008670       ??_E?$PxHitCallback@UPxRaycastHit@physx@@@physx@@UEAAPEAXI@Z 0000000180009670 f i CctCharacterController.obj
 0001:00008670       ??_G?$PxHitCallback@UPxRaycastHit@physx@@@physx@@UEAAPEAXI@Z 0000000180009670 f i CctCharacterController.obj
 0001:000086a0       ??_GControllerFilter@@UEAAPEAXI@Z 00000001800096a0 f i CctCharacterController.obj
 0001:000086a0       ??_EControllerFilter@@UEAAPEAXI@Z 00000001800096a0 f i CctCharacterController.obj
 0001:000086d0       ??_GPxQueryFilterCallback@physx@@UEAAPEAXI@Z 00000001800096d0 f i CctCharacterController.obj
 0001:000086d0       ??_EPxQueryFilterCallback@physx@@UEAAPEAXI@Z 00000001800096d0 f i CctCharacterController.obj
 0001:00008e90       ?finalizeQuery@?$PxHitCallback@UPxRaycastHit@physx@@@physx@@UEAAXXZ 0000000180009e90 f i CctCharacterController.obj
 0001:00008ea0       ?getShapeGlobalPose@physx@@YA?AVPxTransform@1@AEBVPxShape@1@AEBVPxRigidActor@1@@Z 0000000180009ea0 f i CctCharacterController.obj
 0001:00009080       ?growAndPushBack@?$Array@PEBXV?$ReflectionAllocator@PEBX@shdfnd@physx@@@shdfnd@physx@@IEAAAEAPEBXAEBQEBX@Z 000000018000a080 f i CctCharacterController.obj
 0001:000091b0       ?growAndPushBack@?$Array@UPxExtendedCapsule@physx@@V?$ReflectionAllocator@UPxExtendedCapsule@physx@@@shdfnd@2@@shdfnd@physx@@IEAAAEAUPxExtendedCapsule@3@AEBU43@@Z 000000018000a1b0 f i CctCharacterController.obj
 0001:00009320       ?growAndPushBack@?$Array@VPxExtendedBox@physx@@V?$ReflectionAllocator@VPxExtendedBox@physx@@@shdfnd@2@@shdfnd@physx@@IEAAAEAVPxExtendedBox@3@AEBV43@@Z 000000018000a320 f i CctCharacterController.obj
 0001:00009690       ?postFilter@ControllerFilter@@UEAA?AW4Enum@PxQueryHitType@physx@@AEBUPxFilterData@4@AEBUPxQueryHit@4@@Z 000000018000a690 f i CctCharacterController.obj
 0001:000096b0       ?preFilter@ControllerFilter@@UEAA?AW4Enum@PxQueryHitType@physx@@AEBUPxFilterData@4@PEBVPxShape@4@PEBVPxRigidActor@4@AEAV?$PxFlags@W4Enum@PxHitFlag@physx@@G@4@@Z 000000018000a6b0 f i CctCharacterController.obj
 0001:000097e0       ?processTouches@?$PxHitBuffer@UPxRaycastHit@physx@@@physx@@MEAA_NPEBUPxRaycastHit@2@I@Z 000000018000a7e0 f i CctCharacterController.obj
 0001:000097f0       ?recreate@?$Array@IV?$ReflectionAllocator@I@shdfnd@physx@@@shdfnd@physx@@IEAAXI@Z 000000018000a7f0 f i CctCharacterController.obj
 0001:00009c50       ?getSceneTimestamp@Cct@physx@@YAIPEBUInternalCBData_FindTouchedGeom@12@@Z 000000018000ac50 f   CctCharacterControllerCallbacks.obj
 0001:00009c70       ?findTouchedGeometry@Cct@physx@@YAXPEBUInternalCBData_FindTouchedGeom@12@AEBUPxExtendedBounds3@2@AEAVTriArray@12@AEAV?$Array@IV?$ReflectionAllocator@I@shdfnd@physx@@@shdfnd@2@3AEBVCCTFilter@12@AEBUCCTParams@12@AEAG@Z 000000018000ac70 f   CctCharacterControllerCallbacks.obj
 0001:0000ac90       ?shapeHitCallback@Cct@physx@@YAIPEBUInternalCBData_OnHit@12@AEBUSweptContact@12@AEBVPxVec3@2@M@Z 000000018000bc90 f   CctCharacterControllerCallbacks.obj
 0001:0000ada0       ?userHitCallback@Cct@physx@@YAIPEBUInternalCBData_OnHit@12@AEBUSweptContact@12@AEBVPxVec3@2@M@Z 000000018000bda0 f   CctCharacterControllerCallbacks.obj
 0001:0000b020       ??0PxOverlapHit@physx@@QEAA@XZ 000000018000c020 f i CctCharacterControllerCallbacks.obj
 0001:0000b040       ??1?$PxHitBuffer@UPxOverlapHit@physx@@@physx@@UEAA@XZ 000000018000c040 f i CctCharacterControllerCallbacks.obj
 0001:0000b050       ??1?$PxHitCallback@UPxOverlapHit@physx@@@physx@@UEAA@XZ 000000018000c050 f i CctCharacterControllerCallbacks.obj
 0001:0000b060       ??_G?$PxHitBuffer@UPxOverlapHit@physx@@@physx@@UEAAPEAXI@Z 000000018000c060 f i CctCharacterControllerCallbacks.obj
 0001:0000b060       ??_E?$PxHitBuffer@UPxOverlapHit@physx@@@physx@@UEAAPEAXI@Z 000000018000c060 f i CctCharacterControllerCallbacks.obj
 0001:0000b090       ??_E?$PxHitCallback@UPxOverlapHit@physx@@@physx@@UEAAPEAXI@Z 000000018000c090 f i CctCharacterControllerCallbacks.obj
 0001:0000b090       ??_G?$PxHitCallback@UPxOverlapHit@physx@@@physx@@UEAAPEAXI@Z 000000018000c090 f i CctCharacterControllerCallbacks.obj
 0001:0000b0c0       ?allocate@?$Array@IV?$ReflectionAllocator@I@shdfnd@physx@@@shdfnd@physx@@IEAAPEAII@Z 000000018000c0c0 f i CctCharacterControllerCallbacks.obj
 0001:0000b810       ?finalizeQuery@?$PxHitCallback@UPxOverlapHit@physx@@@physx@@UEAAXXZ 000000018000c810 f i CctCharacterControllerCallbacks.obj
 0001:0000b820       ?growAndPushBack@?$Array@IV?$ReflectionAllocator@I@shdfnd@physx@@@shdfnd@physx@@IEAAAEAIAEBI@Z 000000018000c820 f i CctCharacterControllerCallbacks.obj
 0001:0000eff0       ?processTouches@?$PxHitBuffer@UPxOverlapHit@physx@@@physx@@MEAA_NPEBUPxOverlapHit@2@I@Z 000000018000fff0 f i CctCharacterControllerCallbacks.obj
 0001:0000f000       ?recreate@?$Array@VPxTriangle@physx@@V?$ReflectionAllocator@VPxTriangle@physx@@@shdfnd@2@@shdfnd@physx@@IEAAXI@Z 0000000180010000 f i CctCharacterControllerCallbacks.obj
 0001:0000f6d0       PxCreateControllerManager  00000001800106d0 f   CctCharacterControllerManager.obj
 0001:0000f780       ??0CharacterControllerManager@Cct@physx@@QEAA@AEAVPxScene@2@_N@Z 0000000180010780 f   CctCharacterControllerManager.obj
 0001:0000f940       ??1CharacterControllerManager@Cct@physx@@UEAA@XZ 0000000180010940 f   CctCharacterControllerManager.obj
 0001:0000fb10       ?release@CharacterControllerManager@Cct@physx@@UEAAXXZ 0000000180010b10 f   CctCharacterControllerManager.obj
 0001:0000fd70       ?getScene@CharacterControllerManager@Cct@physx@@UEBAAEAVPxScene@3@XZ 0000000180010d70 f   CctCharacterControllerManager.obj
 0001:0000fd80       ?getNbControllers@CharacterControllerManager@Cct@physx@@UEBAIXZ 0000000180010d80 f   CctCharacterControllerManager.obj
 0001:0000fd90       ?getController@CharacterControllerManager@Cct@physx@@UEAAPEAVPxController@3@I@Z 0000000180010d90 f   CctCharacterControllerManager.obj
 0001:0000fdf0       ?createController@CharacterControllerManager@Cct@physx@@UEAAPEAVPxController@3@AEBVPxControllerDesc@3@@Z 0000000180010df0 f   CctCharacterControllerManager.obj
 0001:00010010       ?purgeControllers@CharacterControllerManager@Cct@physx@@UEAAXXZ 0000000180011010 f   CctCharacterControllerManager.obj
 0001:00010210       ?getRenderBuffer@CharacterControllerManager@Cct@physx@@UEAAAEAVPxRenderBuffer@3@XZ 0000000180011210 f   CctCharacterControllerManager.obj
 0001:000102e0       ?setDebugRenderingFlags@CharacterControllerManager@Cct@physx@@UEAAXV?$PxFlags@W4Enum@PxControllerDebugRenderFlag@physx@@I@3@@Z 00000001800112e0 f   CctCharacterControllerManager.obj
 0001:00010320       ?getNbObstacleContexts@CharacterControllerManager@Cct@physx@@UEBAIXZ 0000000180011320 f   CctCharacterControllerManager.obj
 0001:00010330       ?getObstacleContext@CharacterControllerManager@Cct@physx@@UEAAPEAVPxObstacleContext@3@I@Z 0000000180011330 f   CctCharacterControllerManager.obj
 0001:00010390       ?createObstacleContext@CharacterControllerManager@Cct@physx@@UEAAPEAVPxObstacleContext@3@XZ 0000000180011390 f   CctCharacterControllerManager.obj
 0001:00010470       ?computeInteractions@CharacterControllerManager@Cct@physx@@UEAAXMPEAVPxControllerFilterCallback@3@@Z 0000000180011470 f   CctCharacterControllerManager.obj
 0001:000106f0       ?setTessellation@CharacterControllerManager@Cct@physx@@UEAAX_NM@Z 00000001800116f0 f   CctCharacterControllerManager.obj
 0001:00010710       ?setOverlapRecoveryModule@CharacterControllerManager@Cct@physx@@UEAAX_N@Z 0000000180011710 f   CctCharacterControllerManager.obj
 0001:00010720       ?setPreciseSweeps@CharacterControllerManager@Cct@physx@@UEAAX_N@Z 0000000180011720 f   CctCharacterControllerManager.obj
 0001:00010730       ?setPreventVerticalSlidingAgainstCeiling@CharacterControllerManager@Cct@physx@@UEAAX_N@Z 0000000180011730 f   CctCharacterControllerManager.obj
 0001:00010740       ?shiftOrigin@CharacterControllerManager@Cct@physx@@UEAAXAEBVPxVec3@3@@Z 0000000180011740 f   CctCharacterControllerManager.obj
 0001:00010810       ?onRelease@CharacterControllerManager@Cct@physx@@UEAAXPEBVPxBase@3@PEAXW4Enum@PxDeletionEventFlag@3@@Z 0000000180011810 f   CctCharacterControllerManager.obj
 0001:000109a0       ?registerObservedObject@CharacterControllerManager@Cct@physx@@QEAAXPEBVPxBase@3@@Z 00000001800119a0 f   CctCharacterControllerManager.obj
 0001:00010a20       ?unregisterObservedObject@CharacterControllerManager@Cct@physx@@QEAAXPEBVPxBase@3@@Z 0000000180011a20 f   CctCharacterControllerManager.obj
 0001:00010ac0       ?onObstacleRemoved@CharacterControllerManager@Cct@physx@@QEBAXI@Z 0000000180011ac0 f   CctCharacterControllerManager.obj
 0001:00010b10       ?onObstacleUpdated@CharacterControllerManager@Cct@physx@@QEBAXIPEBVPxObstacleContext@3@@Z 0000000180011b10 f   CctCharacterControllerManager.obj
 0001:00010c30       ?onObstacleAdded@CharacterControllerManager@Cct@physx@@QEBAXIPEBVPxObstacleContext@3@@Z 0000000180011c30 f   CctCharacterControllerManager.obj
 0001:00010d50       ?releaseController@CharacterControllerManager@Cct@physx@@QEAAXAEAVPxController@3@@Z 0000000180011d50 f   CctCharacterControllerManager.obj
 0001:00010f10       ?getControllers@CharacterControllerManager@Cct@physx@@QEAAPEAPEAVController@23@XZ 0000000180011f10 f   CctCharacterControllerManager.obj
 0001:00010f20       ?releaseObstacleContext@CharacterControllerManager@Cct@physx@@QEAAXAEAVObstacleContext@23@@Z 0000000180011f20 f   CctCharacterControllerManager.obj
 0001:00010f90       ?resetObstaclesBuffers@CharacterControllerManager@Cct@physx@@QEAAXXZ 0000000180011f90 f   CctCharacterControllerManager.obj
 0001:000110c0       ??$resetOrClear@V?$Array@PEBXV?$ReflectionAllocator@PEBX@shdfnd@physx@@@shdfnd@physx@@@@YAXAEAV?$Array@PEBXV?$ReflectionAllocator@PEBX@shdfnd@physx@@@shdfnd@physx@@@Z 00000001800120c0 f i CctCharacterControllerManager.obj
 0001:00011120       ??$resetOrClear@V?$Array@UPxExtendedCapsule@physx@@V?$ReflectionAllocator@UPxExtendedCapsule@physx@@@shdfnd@2@@shdfnd@physx@@@@YAXAEAV?$Array@UPxExtendedCapsule@physx@@V?$ReflectionAllocator@UPxExtendedCapsule@physx@@@shdfnd@2@@shdfnd@physx@@@Z 0000000180012120 f i CctCharacterControllerManager.obj
 0001:00011190       ??$resetOrClear@V?$Array@VPxExtendedBox@physx@@V?$ReflectionAllocator@VPxExtendedBox@physx@@@shdfnd@2@@shdfnd@physx@@@@YAXAEAV?$Array@VPxExtendedBox@physx@@V?$ReflectionAllocator@VPxExtendedBox@physx@@@shdfnd@2@@shdfnd@physx@@@Z 0000000180012190 f i CctCharacterControllerManager.obj
 0001:000111e0       ??1PxDeletionListener@physx@@MEAA@XZ 00000001800121e0 f i CctCharacterControllerManager.obj
 0001:000111f0       ??1PxRenderBuffer@physx@@UEAA@XZ 00000001800121f0 f i CctCharacterControllerManager.obj
 0001:000111fc       ??_ECharacterControllerManager@Cct@physx@@W7EAAPEAXI@Z 00000001800121fc f i CctCharacterControllerManager.obj
 0001:00011210       ??_ECharacterControllerManager@Cct@physx@@UEAAPEAXI@Z 0000000180012210 f i CctCharacterControllerManager.obj
 0001:00011210       ??_GCharacterControllerManager@Cct@physx@@UEAAPEAXI@Z 0000000180012210 f i CctCharacterControllerManager.obj
 0001:00011270       ??_GPxDeletionListener@physx@@MEAAPEAXI@Z 0000000180012270 f i CctCharacterControllerManager.obj
 0001:00011270       ??_EPxDeletionListener@physx@@MEAAPEAXI@Z 0000000180012270 f i CctCharacterControllerManager.obj
 0001:000112a0       ??_EPxRenderBuffer@physx@@UEAAPEAXI@Z 00000001800122a0 f i CctCharacterControllerManager.obj
 0001:000112a0       ??_GPxRenderBuffer@physx@@UEAAPEAXI@Z 00000001800122a0 f i CctCharacterControllerManager.obj
 0001:000112d0       ??_ERenderBuffer@Cm@physx@@UEAAPEAXI@Z 00000001800122d0 f i CctCharacterControllerManager.obj
 0001:000112d0       ??_GRenderBuffer@Cm@physx@@UEAAPEAXI@Z 00000001800122d0 f i CctCharacterControllerManager.obj
 0001:00011f50       ?allocate@?$Array@UPxDebugLine@physx@@V?$ReflectionAllocator@UPxDebugLine@physx@@@shdfnd@2@@shdfnd@physx@@IEAAPEAUPxDebugLine@3@I@Z 0000000180012f50 f i CctCharacterControllerManager.obj
 0001:00011ff0       ?allocate@?$Array@UPxDebugPoint@physx@@V?$ReflectionAllocator@UPxDebugPoint@physx@@@shdfnd@2@@shdfnd@physx@@IEAAPEAUPxDebugPoint@3@I@Z 0000000180012ff0 f i CctCharacterControllerManager.obj
 0001:00012090       ?allocate@?$Array@UPxDebugText@physx@@V?$ReflectionAllocator@UPxDebugText@physx@@@shdfnd@2@@shdfnd@physx@@IEAAPEAUPxDebugText@3@I@Z 0000000180013090 f i CctCharacterControllerManager.obj
 0001:00012130       ?allocate@?$Array@UPxDebugTriangle@physx@@V?$ReflectionAllocator@UPxDebugTriangle@physx@@@shdfnd@2@@shdfnd@physx@@IEAAPEAUPxDebugTriangle@3@I@Z 0000000180013130 f i CctCharacterControllerManager.obj
 0001:000121d0       ?append@RenderBuffer@Cm@physx@@UEAAXAEBVPxRenderBuffer@3@@Z 00000001800131d0 f i CctCharacterControllerManager.obj
 0001:000124b0       ?clear@RenderBuffer@Cm@physx@@UEAAXXZ 00000001800134b0 f i CctCharacterControllerManager.obj
 0001:000129d0       ?copy@?$Array@UPxDebugLine@physx@@V?$ReflectionAllocator@UPxDebugLine@physx@@@shdfnd@2@@shdfnd@physx@@KAXPEAUPxDebugLine@3@0PEBU43@@Z 00000001800139d0 f i CctCharacterControllerManager.obj
 0001:00012b80       ?copy@?$Array@UPxDebugPoint@physx@@V?$ReflectionAllocator@UPxDebugPoint@physx@@@shdfnd@2@@shdfnd@physx@@KAXPEAUPxDebugPoint@3@0PEBU43@@Z 0000000180013b80 f i CctCharacterControllerManager.obj
 0001:00012c80       ?copy@?$Array@UPxDebugText@physx@@V?$ReflectionAllocator@UPxDebugText@physx@@@shdfnd@2@@shdfnd@physx@@KAXPEAUPxDebugText@3@0PEBU43@@Z 0000000180013c80 f i CctCharacterControllerManager.obj
 0001:00012df0       ?copy@?$Array@UPxDebugTriangle@physx@@V?$ReflectionAllocator@UPxDebugTriangle@physx@@@shdfnd@2@@shdfnd@physx@@KAXPEAUPxDebugTriangle@3@0PEBU43@@Z 0000000180013df0 f i CctCharacterControllerManager.obj
 0001:00012ff0       ?create@?$HashBase@PEAVPxShape@physx@@PEAV12@U?$Hash@PEAVPxShape@physx@@@shdfnd@2@UGetKey@?$HashSetBase@PEAVPxShape@physx@@U?$Hash@PEAVPxShape@physx@@@shdfnd@2@VNonTrackingAllocator@42@$0A@@internal@42@VNonTrackingAllocator@42@$0A@@internal@shdfnd@physx@@QEAAPEAPEAVPxShape@4@AEBQEAV54@AEA_N@Z 0000000180013ff0 f i CctCharacterControllerManager.obj
 0001:000131a0       ?create@?$HashBase@V?$Pair@QEBVPxBase@physx@@UObservedRefCounter@Cct@2@@shdfnd@physx@@PEBVPxBase@3@U?$Hash@PEBVPxBase@physx@@@23@UGetKey@?$HashMapBase@PEBVPxBase@physx@@UObservedRefCounter@Cct@2@U?$Hash@PEBVPxBase@physx@@@shdfnd@2@VNonTrackingAllocator@62@@internal@23@VNonTrackingAllocator@23@$00@internal@shdfnd@physx@@QEAAPEAV?$Pair@QEBVPxBase@physx@@UObservedRefCounter@Cct@2@@34@AEBQEBVPxBase@4@AEA_N@Z 00000001800141a0 f i CctCharacterControllerManager.obj
 0001:00013340       ?erase@?$HashBase@V?$Pair@QEBVPxBase@physx@@UObservedRefCounter@Cct@2@@shdfnd@physx@@PEBVPxBase@3@U?$Hash@PEBVPxBase@physx@@@23@UGetKey@?$HashMapBase@PEBVPxBase@physx@@UObservedRefCounter@Cct@2@U?$Hash@PEBVPxBase@physx@@@shdfnd@2@VNonTrackingAllocator@62@@internal@23@VNonTrackingAllocator@23@$00@internal@shdfnd@physx@@QEAA_NAEBQEBVPxBase@4@@Z 0000000180014340 f i CctCharacterControllerManager.obj
 0001:000134f0       ?getAllocator@Foundation@shdfnd@physx@@QEAAAEAVPxAllocatorCallback@3@XZ 00000001800144f0 f i CctCharacterControllerManager.obj
 0001:00013500       ?getAllocatorCallback@Foundation@shdfnd@physx@@UEAAAEAVPxAllocatorCallback@3@XZ 0000000180014500 f i CctCharacterControllerManager.obj
 0001:00013510       ?getErrorCallback@Foundation@shdfnd@physx@@UEAAAEAVPxErrorCallback@3@XZ 0000000180014510 f i CctCharacterControllerManager.obj
 0001:00013520       ?getErrorLevel@Foundation@shdfnd@physx@@UEBA?AW4Enum@PxErrorCode@3@XZ 0000000180014520 f i CctCharacterControllerManager.obj
 0001:00013530       ?getInternalErrorCallback@Foundation@shdfnd@physx@@QEAAAEAVPxErrorCallback@3@XZ 0000000180014530 f i CctCharacterControllerManager.obj
 0001:00013540       ?getLines@RenderBuffer@Cm@physx@@UEBAPEBUPxDebugLine@3@XZ 0000000180014540 f i CctCharacterControllerManager.obj
 0001:00013550       ?getNamedAllocMap@Foundation@shdfnd@physx@@QEAAAEAV?$HashMap@PEBVNamedAllocator@shdfnd@physx@@PEBDU?$Hash@PEBVNamedAllocator@shdfnd@physx@@@23@VNonTrackingAllocator@23@@23@XZ 0000000180014550 f i CctCharacterControllerManager.obj
 0001:00013560       ?getNamedAllocMutex@Foundation@shdfnd@physx@@QEAAAEAV?$MutexT@VAllocator@shdfnd@physx@@@23@XZ 0000000180014560 f i CctCharacterControllerManager.obj
 0001:00013570       ?getNbLines@RenderBuffer@Cm@physx@@UEBAIXZ 0000000180014570 f i CctCharacterControllerManager.obj
 0001:00013580       ?getNbPoints@RenderBuffer@Cm@physx@@UEBAIXZ 0000000180014580 f i CctCharacterControllerManager.obj
 0001:00013590       ?getNbTexts@RenderBuffer@Cm@physx@@UEBAIXZ 0000000180014590 f i CctCharacterControllerManager.obj
 0001:000135a0       ?getNbTriangles@RenderBuffer@Cm@physx@@UEBAIXZ 00000001800145a0 f i CctCharacterControllerManager.obj
 0001:000135b0       ?getPoints@RenderBuffer@Cm@physx@@UEBAPEBUPxDebugPoint@3@XZ 00000001800145b0 f i CctCharacterControllerManager.obj
 0001:000135c0       ?getReportAllocationNames@Foundation@shdfnd@physx@@UEBA_NXZ 00000001800145c0 f i CctCharacterControllerManager.obj
 0001:000135d0       ?getTempAllocFreeTable@Foundation@shdfnd@physx@@QEAAAEAV?$Array@PEATTempAllocatorChunk@shdfnd@physx@@VAllocator@23@@23@XZ 00000001800145d0 f i CctCharacterControllerManager.obj
 0001:000135e0       ?getTempAllocMutex@Foundation@shdfnd@physx@@QEAAAEAV?$MutexT@VAllocator@shdfnd@physx@@@23@XZ 00000001800145e0 f i CctCharacterControllerManager.obj
 0001:000135f0       ?getTexts@RenderBuffer@Cm@physx@@UEBAPEBUPxDebugText@3@XZ 00000001800145f0 f i CctCharacterControllerManager.obj
 0001:00013600       ?getTriangles@RenderBuffer@Cm@physx@@UEBAPEBUPxDebugTriangle@3@XZ 0000000180014600 f i CctCharacterControllerManager.obj
 0001:00013610       ?growAndPushBack@?$Array@PEAVController@Cct@physx@@V?$ReflectionAllocator@PEAVController@Cct@physx@@@shdfnd@3@@shdfnd@physx@@IEAAAEAPEAVController@Cct@3@AEBQEAV453@@Z 0000000180014610 f i CctCharacterControllerManager.obj
 0001:00013740       ?growAndPushBack@?$Array@PEAVObstacleContext@Cct@physx@@V?$ReflectionAllocator@PEAVObstacleContext@Cct@physx@@@shdfnd@3@@shdfnd@physx@@IEAAAEAPEAVObstacleContext@Cct@3@AEBQEAV453@@Z 0000000180014740 f i CctCharacterControllerManager.obj
 0001:00013870       ?growAndPushBack@?$Array@UPxDebugLine@physx@@V?$ReflectionAllocator@UPxDebugLine@physx@@@shdfnd@2@@shdfnd@physx@@IEAAAEAUPxDebugLine@3@AEBU43@@Z 0000000180014870 f i CctCharacterControllerManager.obj
 0001:00013960       ?growAndPushBack@?$Array@UPxDebugPoint@physx@@V?$ReflectionAllocator@UPxDebugPoint@physx@@@shdfnd@2@@shdfnd@physx@@IEAAAEAUPxDebugPoint@3@AEBU43@@Z 0000000180014960 f i CctCharacterControllerManager.obj
 0001:00013a30       ?growAndPushBack@?$Array@UPxDebugText@physx@@V?$ReflectionAllocator@UPxDebugText@physx@@@shdfnd@2@@shdfnd@physx@@IEAAAEAUPxDebugText@3@AEBU43@@Z 0000000180014a30 f i CctCharacterControllerManager.obj
 0001:00013b10       ?growAndPushBack@?$Array@UPxDebugTriangle@physx@@V?$ReflectionAllocator@UPxDebugTriangle@physx@@@shdfnd@2@@shdfnd@physx@@IEAAAEAUPxDebugTriangle@3@AEBU43@@Z 0000000180014b10 f i CctCharacterControllerManager.obj
 0001:00013c10       ?recreate@?$Array@PEBXV?$ReflectionAllocator@PEBX@shdfnd@physx@@@shdfnd@physx@@IEAAXI@Z 0000000180014c10 f i CctCharacterControllerManager.obj
 0001:00013d30       ?recreate@?$Array@UPxDebugLine@physx@@V?$ReflectionAllocator@UPxDebugLine@physx@@@shdfnd@2@@shdfnd@physx@@IEAAXI@Z 0000000180014d30 f i CctCharacterControllerManager.obj
 0001:00013db0       ?recreate@?$Array@UPxDebugPoint@physx@@V?$ReflectionAllocator@UPxDebugPoint@physx@@@shdfnd@2@@shdfnd@physx@@IEAAXI@Z 0000000180014db0 f i CctCharacterControllerManager.obj
 0001:00013e30       ?recreate@?$Array@UPxDebugText@physx@@V?$ReflectionAllocator@UPxDebugText@physx@@@shdfnd@2@@shdfnd@physx@@IEAAXI@Z 0000000180014e30 f i CctCharacterControllerManager.obj
 0001:00013eb0       ?recreate@?$Array@UPxDebugTriangle@physx@@V?$ReflectionAllocator@UPxDebugTriangle@physx@@@shdfnd@2@@shdfnd@physx@@IEAAXI@Z 0000000180014eb0 f i CctCharacterControllerManager.obj
 0001:00013f30       ?recreate@?$Array@UPxExtendedCapsule@physx@@V?$ReflectionAllocator@UPxExtendedCapsule@physx@@@shdfnd@2@@shdfnd@physx@@IEAAXI@Z 0000000180014f30 f i CctCharacterControllerManager.obj
 0001:00014050       ?recreate@?$Array@VPxExtendedBox@physx@@V?$ReflectionAllocator@VPxExtendedBox@physx@@@shdfnd@2@@shdfnd@physx@@IEAAXI@Z 0000000180015050 f i CctCharacterControllerManager.obj
 0001:00014370       ?reserveInternal@?$HashBase@PEAVPxShape@physx@@PEAV12@U?$Hash@PEAVPxShape@physx@@@shdfnd@2@UGetKey@?$HashSetBase@PEAVPxShape@physx@@U?$Hash@PEAVPxShape@physx@@@shdfnd@2@VNonTrackingAllocator@42@$0A@@internal@42@VNonTrackingAllocator@42@$0A@@internal@shdfnd@physx@@AEAAXI@Z 0000000180015370 f i CctCharacterControllerManager.obj
 0001:00014740       ?reserveInternal@?$HashBase@V?$Pair@QEBVPxBase@physx@@UObservedRefCounter@Cct@2@@shdfnd@physx@@PEBVPxBase@3@U?$Hash@PEBVPxBase@physx@@@23@UGetKey@?$HashMapBase@PEBVPxBase@physx@@UObservedRefCounter@Cct@2@U?$Hash@PEBVPxBase@physx@@@shdfnd@2@VNonTrackingAllocator@62@@internal@23@VNonTrackingAllocator@23@$00@internal@shdfnd@physx@@AEAAXI@Z 0000000180015740 f i CctCharacterControllerManager.obj
 0001:00014930       ?resize@?$Array@PEBXV?$ReflectionAllocator@PEBX@shdfnd@physx@@@shdfnd@physx@@QEAAXIAEBQEBX@Z 0000000180015930 f i CctCharacterControllerManager.obj
 0001:00014a10       ?resize@?$Array@UPxExtendedCapsule@physx@@V?$ReflectionAllocator@UPxExtendedCapsule@physx@@@shdfnd@2@@shdfnd@physx@@QEAAXIAEBUPxExtendedCapsule@3@@Z 0000000180015a10 f i CctCharacterControllerManager.obj
 0001:00014a90       ?resize@?$Array@VPxExtendedBox@physx@@V?$ReflectionAllocator@VPxExtendedBox@physx@@@shdfnd@2@@shdfnd@physx@@QEAAXIAEBVPxExtendedBox@3@@Z 0000000180015a90 f i CctCharacterControllerManager.obj
 0001:00014cc0       ?setErrorLevel@Foundation@shdfnd@physx@@UEAAXW4Enum@PxErrorCode@3@@Z 0000000180015cc0 f i CctCharacterControllerManager.obj
 0001:00014cd0       ?setReportAllocationNames@Foundation@shdfnd@physx@@UEAAX_N@Z 0000000180015cd0 f i CctCharacterControllerManager.obj
 0001:00014ce0       ?shift@RenderBuffer@Cm@physx@@QEAAXAEBVPxVec3@3@@Z 0000000180015ce0 f i CctCharacterControllerManager.obj
 0001:00014ed0       ??0Controller@Cct@physx@@QEAA@AEBVPxControllerDesc@2@PEAVPxScene@2@@Z 0000000180015ed0 f   CctController.obj
 0001:000150f0       ??1Controller@Cct@physx@@UEAA@XZ 00000001800160f0 f   CctController.obj
 0001:00015170       ?releaseInternal@Controller@Cct@physx@@QEAAXXZ 0000000180016170 f   CctController.obj
 0001:000151a0       ?getInternalState@Controller@Cct@physx@@QEBAXAEAUPxControllerState@3@@Z 00000001800161a0 f   CctController.obj
 0001:00015270       ?getInternalStats@Controller@Cct@physx@@QEBAXAEAUPxControllerStats@3@@Z 0000000180016270 f   CctController.obj
 0001:000152b0       ?onOriginShift@Controller@Cct@physx@@QEAAXAEBVPxVec3@3@@Z 00000001800162b0 f   CctController.obj
 0001:00015380       ?onRelease@Controller@Cct@physx@@QEAAXAEBVPxBase@3@@Z 0000000180016380 f   CctController.obj
 0001:00015390       ?setUpDirectionInternal@Controller@Cct@physx@@IEAAXAEBVPxVec3@3@@Z 0000000180016390 f   CctController.obj
 0001:00015420       ?getKineShape@Controller@Cct@physx@@IEBAPEAVPxShape@3@XZ 0000000180016420 f   CctController.obj
 0001:00015460       ?createProxyActor@Controller@Cct@physx@@IEAA_NAEAVPxPhysics@3@AEBVPxGeometry@3@AEBVPxMaterial@3@@Z 0000000180016460 f   CctController.obj
 0001:000155a0       ?setPos@Controller@Cct@physx@@IEAA_NAEBUPxExtendedVec3@3@@Z 00000001800165a0 f   CctController.obj
 0001:00015640       ??_EController@Cct@physx@@UEAAPEAXI@Z 0000000180016640 f i CctController.obj
 0001:00015640       ??_GController@Cct@physx@@UEAAPEAXI@Z 0000000180016640 f i CctController.obj
 0001:00015700       ??0HandleManager@Cct@physx@@QEAA@XZ 0000000180016700 f   CctObstacleContext.obj
 0001:00015850       ??1HandleManager@Cct@physx@@QEAA@XZ 0000000180016850 f   CctObstacleContext.obj
 0001:00015880       ?Add@HandleManager@Cct@physx@@QEAAIPEAX@Z 0000000180016880 f   CctObstacleContext.obj
 0001:00015b00       ?Remove@HandleManager@Cct@physx@@QEAAXI@Z 0000000180016b00 f   CctObstacleContext.obj
 0001:00015be0       ?GetObject@HandleManager@Cct@physx@@QEBAPEAXI@Z 0000000180016be0 f   CctObstacleContext.obj
 0001:00015c40       ?UpdateObject@HandleManager@Cct@physx@@QEAA_NIPEAX@Z 0000000180016c40 f   CctObstacleContext.obj
 0001:00015ca0       ?SetupLists@HandleManager@Cct@physx@@AEAA_NPEAPEAXPEAG11@Z 0000000180016ca0 f   CctObstacleContext.obj
 0001:00015d80       ??0ObstacleContext@Cct@physx@@QEAA@AEAVCharacterControllerManager@12@@Z 0000000180016d80 f   CctObstacleContext.obj
 0001:00015dd0       ??1ObstacleContext@Cct@physx@@UEAA@XZ 0000000180016dd0 f   CctObstacleContext.obj
 0001:00015e70       ?release@ObstacleContext@Cct@physx@@UEAAXXZ 0000000180016e70 f   CctObstacleContext.obj
 0001:00015e90       ?getControllerManager@ObstacleContext@Cct@physx@@UEBAAEAVPxControllerManager@3@XZ 0000000180016e90 f   CctObstacleContext.obj
 0001:00015ea0       ?addObstacle@ObstacleContext@Cct@physx@@UEAAIAEBVPxObstacle@3@@Z 0000000180016ea0 f   CctObstacleContext.obj
 0001:00016100       ?removeObstacle@ObstacleContext@Cct@physx@@UEAA_NI@Z 0000000180017100 f   CctObstacleContext.obj
 0001:000163c0       ?updateObstacle@ObstacleContext@Cct@physx@@UEAA_NIAEBVPxObstacle@3@@Z 00000001800173c0 f   CctObstacleContext.obj
 0001:00016550       ?getNbObstacles@ObstacleContext@Cct@physx@@UEBAIXZ 0000000180017550 f   CctObstacleContext.obj
 0001:00016560       ?getObstacle@ObstacleContext@Cct@physx@@UEBAPEBVPxObstacle@3@I@Z 0000000180017560 f   CctObstacleContext.obj
 0001:000165b0       ?getObstacleByHandle@ObstacleContext@Cct@physx@@UEBAPEBVPxObstacle@3@I@Z 00000001800175b0 f   CctObstacleContext.obj
 0001:00016650       ?raycastSingle@ObstacleContext@Cct@physx@@QEBAPEBVPxObstacle@3@AEAUPxRaycastHit@3@AEBVPxVec3@3@1MAEAI@Z 0000000180017650 f   CctObstacleContext.obj
 0001:00016970       ?raycastSingle@ObstacleContext@Cct@physx@@QEBAPEBVPxObstacle@3@AEAUPxRaycastHit@3@AEBIAEBVPxVec3@3@2M@Z 0000000180017970 f   CctObstacleContext.obj
 0001:00016b80       ?onOriginShift@ObstacleContext@Cct@physx@@QEAAXAEBVPxVec3@3@@Z 0000000180017b80 f   CctObstacleContext.obj
 0001:00016c60       ??1PxObstacleContext@physx@@UEAA@XZ 0000000180017c60 f i CctObstacleContext.obj
 0001:00016c70       ??_EObstacleContext@Cct@physx@@UEAAPEAXI@Z 0000000180017c70 f i CctObstacleContext.obj
 0001:00016c70       ??_GObstacleContext@Cct@physx@@UEAAPEAXI@Z 0000000180017c70 f i CctObstacleContext.obj
 0001:00016d60       ??_GPxObstacleContext@physx@@UEAAPEAXI@Z 0000000180017d60 f i CctObstacleContext.obj
 0001:00016d60       ??_EPxObstacleContext@physx@@UEAAPEAXI@Z 0000000180017d60 f i CctObstacleContext.obj
 0001:00016d90       ?growAndPushBack@?$Array@UInternalBoxObstacle@ObstacleContext@Cct@physx@@V?$ReflectionAllocator@UInternalBoxObstacle@ObstacleContext@Cct@physx@@@shdfnd@4@@shdfnd@physx@@IEAAAEAUInternalBoxObstacle@ObstacleContext@Cct@3@AEBU4563@@Z 0000000180017d90 f i CctObstacleContext.obj
 0001:00017150       ?growAndPushBack@?$Array@UInternalCapsuleObstacle@ObstacleContext@Cct@physx@@V?$ReflectionAllocator@UInternalCapsuleObstacle@ObstacleContext@Cct@physx@@@shdfnd@4@@shdfnd@physx@@IEAAAEAUInternalCapsuleObstacle@ObstacleContext@Cct@3@AEBU4563@@Z 0000000180018150 f i CctObstacleContext.obj
 0001:000174f0       ??0SweptBox@Cct@physx@@QEAA@XZ 00000001800184f0 f   CctSweptBox.obj
 0001:00017520       ??1SweptBox@Cct@physx@@UEAA@XZ 0000000180018520 f   CctSweptBox.obj
 0001:00017540       ?computeTemporalBox@SweptBox@Cct@physx@@UEBAXAEBVSweepTest@23@AEAUPxExtendedBounds3@3@AEBUPxExtendedVec3@3@AEBVPxVec3@3@@Z 0000000180018540 f   CctSweptBox.obj
 0001:000175a0       ??_ESweptBox@Cct@physx@@UEAAPEAXI@Z 00000001800185a0 f i CctSweptBox.obj
 0001:000175a0       ??_GSweptBox@Cct@physx@@UEAAPEAXI@Z 00000001800185a0 f i CctSweptBox.obj
 0001:000175e0       ??0SweptCapsule@Cct@physx@@QEAA@XZ 00000001800185e0 f   CctSweptCapsule.obj
 0001:00017610       ??1SweptCapsule@Cct@physx@@UEAA@XZ 0000000180018610 f   CctSweptCapsule.obj
 0001:00017630       ?computeTemporalBox@SweptCapsule@Cct@physx@@UEBAXAEBVSweepTest@23@AEAUPxExtendedBounds3@3@AEBUPxExtendedVec3@3@AEBVPxVec3@3@@Z 0000000180018630 f   CctSweptCapsule.obj
 0001:00017680       ??_ESweptCapsule@Cct@physx@@UEAAPEAXI@Z 0000000180018680 f i CctSweptCapsule.obj
 0001:00017680       ??_GSweptCapsule@Cct@physx@@UEAAPEAXI@Z 0000000180018680 f i CctSweptCapsule.obj
 0001:000176c0       ??0SweptVolume@Cct@physx@@QEAA@XZ 00000001800186c0 f   CctSweptVolume.obj
 0001:000176e0       ??1SweptVolume@Cct@physx@@UEAA@XZ 00000001800186e0 f   CctSweptVolume.obj
 0001:00017700       ?computeTemporalBox@Cct@physx@@YAXAEAUPxExtendedBounds3@2@MMMMAEBVPxVec3@2@AEBUPxExtendedVec3@2@1@Z 0000000180018700 f   CctSweptVolume.obj
 0001:00017a30       ??_ESweptVolume@Cct@physx@@UEAAPEAXI@Z 0000000180018a30 f i CctSweptVolume.obj
 0001:00017a30       ??_GSweptVolume@Cct@physx@@UEAAPEAXI@Z 0000000180018a30 f i CctSweptVolume.obj
 0001:00017a60       ??0PxMeshOverlapUtil@physx@@QEAA@XZ 0000000180018a60 f   PhysX3ExtensionsPROFILE:ExtTriangleMeshExt.obj
 0001:00017a90       ??1PxMeshOverlapUtil@physx@@QEAA@XZ 0000000180018a90 f   PhysX3ExtensionsPROFILE:ExtTriangleMeshExt.obj
 0001:00017ad0       ?findOverlap@PxMeshOverlapUtil@physx@@QEAAIAEBVPxGeometry@2@AEBVPxTransform@2@AEBVPxTriangleMeshGeometry@2@1@Z 0000000180018ad0 f   PhysX3ExtensionsPROFILE:ExtTriangleMeshExt.obj
 0001:00017c30       ?findOverlap@PxMeshOverlapUtil@physx@@QEAAIAEBVPxGeometry@2@AEBVPxTransform@2@AEBVPxHeightFieldGeometry@2@1@Z 0000000180018c30 f   PhysX3ExtensionsPROFILE:ExtTriangleMeshExt.obj
 0001:00017d50       ?PxComputeMeshPenetration@physx@@YA?AVPxVec3@1@IAEBVPxGeometry@1@AEBVPxTransform@1@AEBVPxTriangleMeshGeometry@1@1AEAI@Z 0000000180018d50 f   PhysX3ExtensionsPROFILE:ExtTriangleMeshExt.obj
 0001:00017de0       ?PxComputeTriangleMeshPenetration@physx@@YA_NAEAVPxVec3@1@AEAMAEBVPxGeometry@1@AEBVPxTransform@1@AEBVPxTriangleMeshGeometry@1@3IPEAI@Z 0000000180018de0 f   PhysX3ExtensionsPROFILE:ExtTriangleMeshExt.obj
 0001:00017df0       ?PxComputeHeightFieldPenetration@physx@@YA?AVPxVec3@1@IAEBVPxGeometry@1@AEBVPxTransform@1@AEBVPxHeightFieldGeometry@1@1AEAI@Z 0000000180018df0 f   PhysX3ExtensionsPROFILE:ExtTriangleMeshExt.obj
 0001:00017e80       ?PxComputeHeightFieldPenetration@physx@@YA_NAEAVPxVec3@1@AEAMAEBVPxGeometry@1@AEBVPxTransform@1@AEBVPxHeightFieldGeometry@1@3IPEAI@Z 0000000180018e80 f   PhysX3ExtensionsPROFILE:ExtTriangleMeshExt.obj
 0001:00018230       ?updateMassAndInertia@PxRigidBodyExt@physx@@SA_NAEAVPxRigidBody@2@PEBMIPEBVPxVec3@2@_N@Z 0000000180019230 f   PhysX3ExtensionsPROFILE:ExtRigidBodyExt.obj
 0001:00018260       ?updateMassAndInertia@PxRigidBodyExt@physx@@SA_NAEAVPxRigidBody@2@MPEBVPxVec3@2@_N@Z 0000000180019260 f   PhysX3ExtensionsPROFILE:ExtRigidBodyExt.obj
 0001:000182a0       ?setMassAndUpdateInertia@PxRigidBodyExt@physx@@SA_NAEAVPxRigidBody@2@PEBMIPEBVPxVec3@2@_N@Z 00000001800192a0 f   PhysX3ExtensionsPROFILE:ExtRigidBodyExt.obj
 0001:000182d0       ?setMassAndUpdateInertia@PxRigidBodyExt@physx@@SA_NAEAVPxRigidBody@2@MPEBVPxVec3@2@_N@Z 00000001800192d0 f   PhysX3ExtensionsPROFILE:ExtRigidBodyExt.obj
 0001:00018310       ?computeMassPropertiesFromShapes@PxRigidBodyExt@physx@@SA?AVPxMassProperties@2@PEBQEBVPxShape@2@I@Z 0000000180019310 f   PhysX3ExtensionsPROFILE:ExtRigidBodyExt.obj
 0001:00018580       ?addForceAtPos@PxRigidBodyExt@physx@@SAXAEAVPxRigidBody@2@AEBVPxVec3@2@1W4Enum@PxForceMode@2@_N@Z 0000000180019580 f   PhysX3ExtensionsPROFILE:ExtRigidBodyExt.obj
 0001:000185a0       ?addForceAtLocalPos@PxRigidBodyExt@physx@@SAXAEAVPxRigidBody@2@AEBVPxVec3@2@1W4Enum@PxForceMode@2@_N@Z 00000001800195a0 f   PhysX3ExtensionsPROFILE:ExtRigidBodyExt.obj
 0001:00018770       ?addLocalForceAtPos@PxRigidBodyExt@physx@@SAXAEAVPxRigidBody@2@AEBVPxVec3@2@1W4Enum@PxForceMode@2@_N@Z 0000000180019770 f   PhysX3ExtensionsPROFILE:ExtRigidBodyExt.obj
 0001:00018930       ?addLocalForceAtLocalPos@PxRigidBodyExt@physx@@SAXAEAVPxRigidBody@2@AEBVPxVec3@2@1W4Enum@PxForceMode@2@_N@Z 0000000180019930 f   PhysX3ExtensionsPROFILE:ExtRigidBodyExt.obj
 0001:00018be0       ?getVelocityAtPos@PxRigidBodyExt@physx@@SA?AVPxVec3@2@AEBVPxRigidBody@2@AEBV32@@Z 0000000180019be0 f   PhysX3ExtensionsPROFILE:ExtRigidBodyExt.obj
 0001:00018dd0       ?getLocalVelocityAtLocalPos@PxRigidBodyExt@physx@@SA?AVPxVec3@2@AEBVPxRigidBody@2@AEBV32@@Z 0000000180019dd0 f   PhysX3ExtensionsPROFILE:ExtRigidBodyExt.obj
 0001:000190d0       ?getVelocityAtOffset@PxRigidBodyExt@physx@@SA?AVPxVec3@2@AEBVPxRigidBody@2@AEBV32@@Z 000000018001a0d0 f   PhysX3ExtensionsPROFILE:ExtRigidBodyExt.obj
 0001:000192b0       ?linearSweepSingle@PxRigidBodyExt@physx@@SA_NAEAVPxRigidBody@2@AEAVPxScene@2@AEBVPxVec3@2@MV?$PxFlags@W4Enum@PxHitFlag@physx@@G@2@AEAUPxSweepHit@2@AEAIAEBUPxQueryFilterData@2@PEAVPxQueryFilterCallback@2@PEBUPxQueryCache@2@M@Z 000000018001a2b0 f   PhysX3ExtensionsPROFILE:ExtRigidBodyExt.obj
 0001:00019740       ?linearSweepMultiple@PxRigidBodyExt@physx@@SAIAEAVPxRigidBody@2@AEAVPxScene@2@AEBVPxVec3@2@MV?$PxFlags@W4Enum@PxHitFlag@physx@@G@2@PEAUPxSweepHit@2@PEAIIAEAU72@AEAHAEA_NAEBUPxQueryFilterData@2@PEAVPxQueryFilterCallback@2@PEBUPxQueryCache@2@M@Z 000000018001a740 f   PhysX3ExtensionsPROFILE:ExtRigidBodyExt.obj
 0001:00019fa0       ?computeVelocityDeltaFromImpulse@PxRigidBodyExt@physx@@SAXAEBVPxRigidBody@2@AEBVPxVec3@2@1AEAV42@2@Z 000000018001afa0 f   PhysX3ExtensionsPROFILE:ExtRigidBodyExt.obj
 0001:0001a3b0       ?computeVelocityDeltaFromImpulse@PxRigidBodyExt@physx@@SAXAEBVPxRigidBody@2@AEBVPxTransform@2@AEBVPxVec3@2@2MMAEAV52@3@Z 000000018001b3b0 f   PhysX3ExtensionsPROFILE:ExtRigidBodyExt.obj
 0001:0001a8e0       ?computeLinearAngularImpulse@PxRigidBodyExt@physx@@SAXAEBVPxRigidBody@2@AEBVPxTransform@2@AEBVPxVec3@2@2MMAEAV52@3@Z 000000018001b8e0 f   PhysX3ExtensionsPROFILE:ExtRigidBodyExt.obj
 0001:0001ab80       ??0InertiaTensorComputer@Ext@physx@@QEAA@_N@Z 000000018001bb80 f   PhysX3ExtensionsPROFILE:ExtRigidBodyExt.obj
 0001:0001abb0       ??0InertiaTensorComputer@Ext@physx@@QEAA@AEBVPxMat33@2@AEBVPxVec3@2@M@Z 000000018001bbb0 f   PhysX3ExtensionsPROFILE:ExtRigidBodyExt.obj
 0001:0001ac10       ??1InertiaTensorComputer@Ext@physx@@QEAA@XZ 000000018001bc10 f   PhysX3ExtensionsPROFILE:ExtRigidBodyExt.obj
 0001:0001ac20       ?translate@InertiaTensorComputer@Ext@physx@@QEAAXAEBVPxVec3@3@@Z 000000018001bc20 f   PhysX3ExtensionsPROFILE:ExtRigidBodyExt.obj
 0001:0001b040       ?setBox@InertiaTensorComputer@Ext@physx@@QEAAXAEBVPxVec3@3@@Z 000000018001c040 f   PhysX3ExtensionsPROFILE:ExtRigidBodyExt.obj
 0001:0001b0e0       ?setSphere@InertiaTensorComputer@Ext@physx@@QEAAXM@Z 000000018001c0e0 f   PhysX3ExtensionsPROFILE:ExtRigidBodyExt.obj
 0001:0001b140       ?setCylinder@InertiaTensorComputer@Ext@physx@@QEAAXHMM@Z 000000018001c140 f   PhysX3ExtensionsPROFILE:ExtRigidBodyExt.obj
 0001:0001b210       ?setCapsule@InertiaTensorComputer@Ext@physx@@QEAAXHMM@Z 000000018001c210 f   PhysX3ExtensionsPROFILE:ExtRigidBodyExt.obj
 0001:0001b320       ?setEllipsoid@InertiaTensorComputer@Ext@physx@@QEAAXMMM@Z 000000018001c320 f   PhysX3ExtensionsPROFILE:ExtRigidBodyExt.obj
 0001:0001b3b0       ?computeSphereMass@Ext@physx@@YAMMM@Z 000000018001c3b0 f   PhysX3ExtensionsPROFILE:ExtRigidBodyExt.obj
 0001:0001b3e0       ?computeSphereDensity@Ext@physx@@YAMMM@Z 000000018001c3e0 f   PhysX3ExtensionsPROFILE:ExtRigidBodyExt.obj
 0001:0001b410       ?computeBoxMass@Ext@physx@@YAMAEBVPxVec3@2@M@Z 000000018001c410 f   PhysX3ExtensionsPROFILE:ExtRigidBodyExt.obj
 0001:0001b460       ?computeBoxDensity@Ext@physx@@YAMAEBVPxVec3@2@M@Z 000000018001c460 f   PhysX3ExtensionsPROFILE:ExtRigidBodyExt.obj
 0001:0001b4b0       ?computeEllipsoidMass@Ext@physx@@YAMAEBVPxVec3@2@M@Z 000000018001c4b0 f   PhysX3ExtensionsPROFILE:ExtRigidBodyExt.obj
 0001:0001b500       ?computeEllipsoidDensity@Ext@physx@@YAMAEBVPxVec3@2@M@Z 000000018001c500 f   PhysX3ExtensionsPROFILE:ExtRigidBodyExt.obj
 0001:0001b550       ?computeCylinderMass@Ext@physx@@YAMMMM@Z 000000018001c550 f   PhysX3ExtensionsPROFILE:ExtRigidBodyExt.obj
 0001:0001b570       ?computeCylinderDensity@Ext@physx@@YAMMMM@Z 000000018001c570 f   PhysX3ExtensionsPROFILE:ExtRigidBodyExt.obj
 0001:0001b590       ?computeCapsuleMass@Ext@physx@@YAMMMM@Z 000000018001c590 f   PhysX3ExtensionsPROFILE:ExtRigidBodyExt.obj
 0001:0001b5c0       ?computeCapsuleDensity@Ext@physx@@YAMMMM@Z 000000018001c5c0 f   PhysX3ExtensionsPROFILE:ExtRigidBodyExt.obj
 0001:0001b5f0       ?computeConeMass@Ext@physx@@YAMMMM@Z 000000018001c5f0 f   PhysX3ExtensionsPROFILE:ExtRigidBodyExt.obj
 0001:0001b620       ?computeConeDensity@Ext@physx@@YAMMMM@Z 000000018001c620 f   PhysX3ExtensionsPROFILE:ExtRigidBodyExt.obj
 0001:0001b650       ?computeBoxInertiaTensor@Ext@physx@@YAXAEAVPxVec3@2@MMMM@Z 000000018001c650 f   PhysX3ExtensionsPROFILE:ExtRigidBodyExt.obj
 0001:0001b6a0       ?computeSphereInertiaTensor@Ext@physx@@YAXAEAVPxVec3@2@MM_N@Z 000000018001c6a0 f   PhysX3ExtensionsPROFILE:ExtRigidBodyExt.obj
 0001:0001b6f0       ??0PxMassProperties@physx@@QEAA@AEBVPxGeometry@1@@Z 000000018001c6f0 f i PhysX3ExtensionsPROFILE:ExtRigidBodyExt.obj
 0001:0001bd40       ??1?$PxHitBuffer@UPxSweepHit@physx@@@physx@@UEAA@XZ 000000018001cd40 f i PhysX3ExtensionsPROFILE:ExtRigidBodyExt.obj
 0001:0001bd50       ??1?$PxHitCallback@UPxSweepHit@physx@@@physx@@UEAA@XZ 000000018001cd50 f i PhysX3ExtensionsPROFILE:ExtRigidBodyExt.obj
 0001:0001bd60       ??_E?$PxHitBuffer@UPxSweepHit@physx@@@physx@@UEAAPEAXI@Z 000000018001cd60 f i PhysX3ExtensionsPROFILE:ExtRigidBodyExt.obj
 0001:0001bd60       ??_G?$PxHitBuffer@UPxSweepHit@physx@@@physx@@UEAAPEAXI@Z 000000018001cd60 f i PhysX3ExtensionsPROFILE:ExtRigidBodyExt.obj
 0001:0001bd90       ??_G?$PxHitCallback@UPxSweepHit@physx@@@physx@@UEAAPEAXI@Z 000000018001cd90 f i PhysX3ExtensionsPROFILE:ExtRigidBodyExt.obj
 0001:0001bd90       ??_E?$PxHitCallback@UPxSweepHit@physx@@@physx@@UEAAPEAXI@Z 000000018001cd90 f i PhysX3ExtensionsPROFILE:ExtRigidBodyExt.obj
 0001:0001bdc0       ?addForceAtPosInternal@@YAXAEAVPxRigidBody@physx@@AEBVPxVec3@2@1W4Enum@PxForceMode@2@_N@Z 000000018001cdc0 f i PhysX3ExtensionsPROFILE:ExtRigidBodyExt.obj
 0001:0001c090       ?allocate@?$Array@PEAVPxShape@physx@@V?$InlineAllocator@$0IA@V?$ReflectionAllocator@PEAVPxShape@physx@@@shdfnd@physx@@@shdfnd@2@@shdfnd@physx@@IEAAPEAPEAVPxShape@3@I@Z 000000018001d090 f i PhysX3ExtensionsPROFILE:ExtRigidBodyExt.obj
 0001:0001c150       ?allocate@?$Array@VPxMassProperties@physx@@V?$InlineAllocator@$0DEA@V?$ReflectionAllocator@VPxMassProperties@physx@@@shdfnd@physx@@@shdfnd@2@@shdfnd@physx@@IEAAPEAVPxMassProperties@3@I@Z 000000018001d150 f i PhysX3ExtensionsPROFILE:ExtRigidBodyExt.obj
 0001:0001c210       ?allocate@?$Array@VPxTransform@physx@@V?$InlineAllocator@$0BMA@V?$ReflectionAllocator@VPxTransform@physx@@@shdfnd@physx@@@shdfnd@2@@shdfnd@physx@@IEAAPEAVPxTransform@3@I@Z 000000018001d210 f i PhysX3ExtensionsPROFILE:ExtRigidBodyExt.obj
 0001:0001d480       ?copy@?$Array@VPxMassProperties@physx@@V?$InlineAllocator@$0DEA@V?$ReflectionAllocator@VPxMassProperties@physx@@@shdfnd@physx@@@shdfnd@2@@shdfnd@physx@@KAXPEAVPxMassProperties@3@0PEBV43@@Z 000000018001e480 f i PhysX3ExtensionsPROFILE:ExtRigidBodyExt.obj
 0001:0001d690       ?copy@?$Array@VPxTransform@physx@@V?$InlineAllocator@$0BMA@V?$ReflectionAllocator@VPxTransform@physx@@@shdfnd@physx@@@shdfnd@2@@shdfnd@physx@@KAXPEAVPxTransform@3@0PEBV43@@Z 000000018001e690 f i PhysX3ExtensionsPROFILE:ExtRigidBodyExt.obj
 0001:0001d7f0       ?finalizeQuery@?$PxHitCallback@UPxSweepHit@physx@@@physx@@UEAAXXZ 000000018001e7f0 f i PhysX3ExtensionsPROFILE:ExtRigidBodyExt.obj
 0001:0001d800       ?getVelocityAtPosInternal@@YA?AVPxVec3@physx@@AEBVPxRigidBody@2@AEBV12@@Z 000000018001e800 f i PhysX3ExtensionsPROFILE:ExtRigidBodyExt.obj
 0001:0001d8e0       ?growAndPushBack@?$Array@VPxMassProperties@physx@@V?$InlineAllocator@$0DEA@V?$ReflectionAllocator@VPxMassProperties@physx@@@shdfnd@physx@@@shdfnd@2@@shdfnd@physx@@IEAAAEAVPxMassProperties@3@AEBV43@@Z 000000018001e8e0 f i PhysX3ExtensionsPROFILE:ExtRigidBodyExt.obj
 0001:0001da00       ?growAndPushBack@?$Array@VPxTransform@physx@@V?$InlineAllocator@$0BMA@V?$ReflectionAllocator@VPxTransform@physx@@@shdfnd@physx@@@shdfnd@2@@shdfnd@physx@@IEAAAEAVPxTransform@3@AEBV43@@Z 000000018001ea00 f i PhysX3ExtensionsPROFILE:ExtRigidBodyExt.obj
 0001:0001db00       ?processTouches@?$PxHitBuffer@UPxSweepHit@physx@@@physx@@MEAA_NPEBUPxSweepHit@2@I@Z 000000018001eb00 f i PhysX3ExtensionsPROFILE:ExtRigidBodyExt.obj
 0001:0001db10       ?recreate@?$Array@PEAVPxShape@physx@@V?$InlineAllocator@$0IA@V?$ReflectionAllocator@PEAVPxShape@physx@@@shdfnd@physx@@@shdfnd@2@@shdfnd@physx@@IEAAXI@Z 000000018001eb10 f i PhysX3ExtensionsPROFILE:ExtRigidBodyExt.obj
 0001:0001dbf0       ?recreate@?$Array@VPxMassProperties@physx@@V?$InlineAllocator@$0DEA@V?$ReflectionAllocator@VPxMassProperties@physx@@@shdfnd@physx@@@shdfnd@2@@shdfnd@physx@@IEAAXI@Z 000000018001ebf0 f i PhysX3ExtensionsPROFILE:ExtRigidBodyExt.obj
 0001:0001dc90       ?recreate@?$Array@VPxTransform@physx@@V?$InlineAllocator@$0BMA@V?$ReflectionAllocator@VPxTransform@physx@@@shdfnd@physx@@@shdfnd@2@@shdfnd@physx@@IEAAXI@Z 000000018001ec90 f i PhysX3ExtensionsPROFILE:ExtRigidBodyExt.obj
 0001:0001dd30       ?resize@?$Array@PEAVPxShape@physx@@V?$InlineAllocator@$0IA@V?$ReflectionAllocator@PEAVPxShape@physx@@@shdfnd@physx@@@shdfnd@2@@shdfnd@physx@@QEAAXIAEBQEAVPxShape@3@@Z 000000018001ed30 f i PhysX3ExtensionsPROFILE:ExtRigidBodyExt.obj
 0001:0001de10       ?rotate@InertiaTensorComputer@Ext@physx@@QEAAXAEBVPxMat33@3@@Z 000000018001ee10 f i PhysX3ExtensionsPROFILE:ExtRigidBodyExt.obj
 0001:0001e2d0       ?scaleInertia@PxMassProperties@physx@@SA?AVPxMat33@2@AEBV32@AEBVPxQuat@2@AEBVPxVec3@2@@Z 000000018001f2d0 f i PhysX3ExtensionsPROFILE:ExtRigidBodyExt.obj
 0001:0001eee0       ?sum@PxMassProperties@physx@@SA?AV12@PEBV12@PEBVPxTransform@2@I@Z 000000018001fee0 f i PhysX3ExtensionsPROFILE:ExtRigidBodyExt.obj
 0001:0001f980       ?transform@InertiaTensorComputer@Ext@physx@@QEAAXAEBVPxTransform@3@@Z 0000000180020980 f i PhysX3ExtensionsPROFILE:ExtRigidBodyExt.obj
 0001:0001fb00       ?transformFast@PxBounds3@physx@@SA?AV12@AEBVPxTransform@2@AEBV12@@Z 0000000180020b00 f i PhysX3ExtensionsPROFILE:ExtRigidBodyExt.obj
 0001:00020119       ?getAllocator@shdfnd@physx@@YAAEAVPxAllocatorCallback@2@XZ 0000000180021119 f   PxFoundationPROFILE_x64:PxFoundationPROFILE_x64.dll
 0001:0002011f       ?lock@MutexImpl@shdfnd@physx@@QEAAXXZ 000000018002111f f   PxFoundationPROFILE_x64:PxFoundationPROFILE_x64.dll
 0001:00020125       ?unlock@MutexImpl@shdfnd@physx@@QEAAXXZ 0000000180021125 f   PxFoundationPROFILE_x64:PxFoundationPROFILE_x64.dll
 0001:0002012b       PxGetFoundation            000000018002112b f   PxFoundationPROFILE_x64:PxFoundationPROFILE_x64.dll
 0001:00020131       PxGetProfilerCallback      0000000180021131 f   PxFoundationPROFILE_x64:PxFoundationPROFILE_x64.dll
 0001:00020137       ??0MutexImpl@shdfnd@physx@@QEAA@XZ 0000000180021137 f   PxFoundationPROFILE_x64:PxFoundationPROFILE_x64.dll
 0001:0002013d       ??1MutexImpl@shdfnd@physx@@QEAA@XZ 000000018002113d f   PxFoundationPROFILE_x64:PxFoundationPROFILE_x64.dll
 0001:00020143       ?getSize@MutexImpl@shdfnd@physx@@SAIXZ 0000000180021143 f   PxFoundationPROFILE_x64:PxFoundationPROFILE_x64.dll
 0001:00020149       ?getInstance@Foundation@shdfnd@physx@@SAAEAV123@XZ 0000000180021149 f   PxFoundationPROFILE_x64:PxFoundationPROFILE_x64.dll
 0001:0002014f       ?incRefCount@Foundation@shdfnd@physx@@SAXXZ 000000018002114f f   PxFoundationPROFILE_x64:PxFoundationPROFILE_x64.dll
 0001:00020155       ?decRefCount@Foundation@shdfnd@physx@@SAXXZ 0000000180021155 f   PxFoundationPROFILE_x64:PxFoundationPROFILE_x64.dll
 0001:0002015b       ?error@Foundation@shdfnd@physx@@QEAAXW4Enum@PxErrorCode@3@PEBDH1ZZ 000000018002115b f   PxFoundationPROFILE_x64:PxFoundationPROFILE_x64.dll
 0001:00020161       ?PxShortestRotation@physx@@YA?AVPxQuat@1@AEBVPxVec3@1@0@Z 0000000180021161 f   PxFoundationPROFILE_x64:PxFoundationPROFILE_x64.dll
 0001:00020167       ?PxDiagonalize@physx@@YA?AVPxVec3@1@AEBVPxMat33@1@AEAVPxQuat@1@@Z 0000000180021167 f   PxFoundationPROFILE_x64:PxFoundationPROFILE_x64.dll
 0001:0002016d       ?sweep@PxMeshQuery@physx@@SA_NAEBVPxVec3@2@MAEBVPxGeometry@2@AEBVPxTransform@2@IPEBVPxTriangle@2@AEAUPxSweepHit@2@V?$PxFlags@W4Enum@PxHitFlag@physx@@G@2@PEBIM_N@Z 000000018002116d f   PhysX3CommonPROFILE_x64:PhysX3CommonPROFILE_x64.dll
 0001:00020173       ??0RenderOutput@Cm@physx@@QEAA@AEAVRenderBuffer@12@@Z 0000000180021173 f   PhysX3CommonPROFILE_x64:PhysX3CommonPROFILE_x64.dll
 0001:00020179       ??6RenderOutput@Cm@physx@@QEAAAEAV012@I@Z 0000000180021179 f   PhysX3CommonPROFILE_x64:PhysX3CommonPROFILE_x64.dll
 0001:0002017f       ??6RenderOutput@Cm@physx@@QEAAAEAV012@AEBVPxTransform@2@@Z 000000018002117f f   PhysX3CommonPROFILE_x64:PhysX3CommonPROFILE_x64.dll
 0001:00020185       ?outputCapsule@RenderOutput@Cm@physx@@QEAAAEAV123@MMAEBVPxMat44@3@@Z 0000000180021185 f   PhysX3CommonPROFILE_x64:PhysX3CommonPROFILE_x64.dll
 0001:0002018b       ??6Cm@physx@@YAAEAVRenderOutput@01@AEAV201@AEBUDebugBox@01@@Z 000000018002118b f   PhysX3CommonPROFILE_x64:PhysX3CommonPROFILE_x64.dll
 0001:00020191       ?PxTransformFromSegment@physx@@YA?AVPxTransform@1@AEBVPxVec3@1@0PEAM@Z 0000000180021191 f   PhysX3CommonPROFILE_x64:PhysX3CommonPROFILE_x64.dll
 0001:00020197       ?sweep@PxGeometryQuery@physx@@SA_NAEBVPxVec3@2@MAEBVPxGeometry@2@AEBVPxTransform@2@12AEAUPxSweepHit@2@V?$PxFlags@W4Enum@PxHitFlag@physx@@G@2@M@Z 0000000180021197 f   PhysX3CommonPROFILE_x64:PhysX3CommonPROFILE_x64.dll
 0001:0002019d       ?computePenetration@PxGeometryQuery@physx@@SA_NAEAVPxVec3@2@AEAMAEBVPxGeometry@2@AEBVPxTransform@2@23@Z 000000018002119d f   PhysX3CommonPROFILE_x64:PhysX3CommonPROFILE_x64.dll
 0001:000201a3       ?intersectOBBOBB@Gu@physx@@YA_NAEBVPxVec3@2@0AEBVPxMat33@2@001_N@Z 00000001800211a3 f   PhysX3CommonPROFILE_x64:PhysX3CommonPROFILE_x64.dll
 0001:000201a9       ?distanceSegmentBoxSquared@Gu@physx@@YAMAEBVPxVec3@2@000AEBVPxMat33@2@PEAMPEAV32@@Z 00000001800211a9 f   PhysX3CommonPROFILE_x64:PhysX3CommonPROFILE_x64.dll
 0001:000201af       ?getTriangle@PxMeshQuery@physx@@SAXAEBVPxTriangleMeshGeometry@2@AEBVPxTransform@2@IAEAVPxTriangle@2@PEAI3@Z 00000001800211af f   PhysX3CommonPROFILE_x64:PhysX3CommonPROFILE_x64.dll
 0001:000201b5       ?getTriangle@PxMeshQuery@physx@@SAXAEBVPxHeightFieldGeometry@2@AEBVPxTransform@2@IAEAVPxTriangle@2@PEAI3@Z 00000001800211b5 f   PhysX3CommonPROFILE_x64:PhysX3CommonPROFILE_x64.dll
 0001:000201bb       ??6RenderOutput@Cm@physx@@QEAAAEAV012@W4Primitive@012@@Z 00000001800211bb f   PhysX3CommonPROFILE_x64:PhysX3CommonPROFILE_x64.dll
 0001:000201c1       ??6RenderOutput@Cm@physx@@QEAAAEAV012@VPxVec3@2@@Z 00000001800211c1 f   PhysX3CommonPROFILE_x64:PhysX3CommonPROFILE_x64.dll
 0001:000201c7       ?intersectTriangleBox_Unsafe@Gu@physx@@YAHAEBVPxVec3@2@0000@Z 00000001800211c7 f   PhysX3CommonPROFILE_x64:PhysX3CommonPROFILE_x64.dll
 0001:000201cd       ?CompleteBoxPruning@Cm@physx@@YA_NPEBVPxBounds3@2@IAEAV?$Array@IV?$ReflectionAllocator@I@shdfnd@physx@@@shdfnd@2@AEBVAxes@Gu@2@@Z 00000001800211cd f   PhysX3CommonPROFILE_x64:PhysX3CommonPROFILE_x64.dll
 0001:000201d3       ?distanceSegmentSegmentSquared@Gu@physx@@YAMAEBVPxVec3@2@000PEAM1@Z 00000001800211d3 f   PhysX3CommonPROFILE_x64:PhysX3CommonPROFILE_x64.dll
 0001:000201d9       ?getRaycastFuncTable@Gu@physx@@YAAEAY06Q6AIAEBVPxGeometry@2@AEBVPxTransform@2@AEBVPxVec3@2@2MV?$PxFlags@W4Enum@PxHitFlag@physx@@G@2@IPEIAUPxRaycastHit@2@@ZXZ 00000001800211d9 f   PhysX3CommonPROFILE_x64:PhysX3CommonPROFILE_x64.dll
 0001:000201df       ?findOverlapTriangleMesh@PxMeshQuery@physx@@SAIAEBVPxGeometry@2@AEBVPxTransform@2@AEBVPxTriangleMeshGeometry@2@1PEAIIIAEA_N@Z 00000001800211df f   PhysX3CommonPROFILE_x64:PhysX3CommonPROFILE_x64.dll
 0001:000201e5       ?findOverlapHeightField@PxMeshQuery@physx@@SAIAEBVPxGeometry@2@AEBVPxTransform@2@AEBVPxHeightFieldGeometry@2@1PEAIIIAEA_N@Z 00000001800211e5 f   PhysX3CommonPROFILE_x64:PhysX3CommonPROFILE_x64.dll
 0001:000201ec       ??3@YAXPEAX_K@Z            00000001800211ec f   MSVCRT:delete_scalar_size.obj
 0001:000201f4       ??_V@YAXPEAX_K@Z           00000001800211f4 f   MSVCRT:delete_array_size.obj
 0001:000201fc       ?__scrt_initialize_type_info@@YAXXZ 00000001800211fc f   MSVCRT:tncleanup.obj
 0001:0002020c       ?__scrt_uninitialize_type_info@@YAXXZ 000000018002120c f   MSVCRT:tncleanup.obj
 0001:00020218       ??1type_info@@UEAA@XZ      0000000180021218 f   MSVCRT:std_type_info_static.obj
 0001:00020224       ??_Gtype_info@@UEAAPEAXI@Z 0000000180021224 f i MSVCRT:std_type_info_static.obj
 0001:00020224       ??_Etype_info@@UEAAPEAXI@Z 0000000180021224 f i MSVCRT:std_type_info_static.obj
 0001:00020260       __chkstk                   0000000180021260 f   MSVCRT:chkstk.obj
 0001:00020260       _alloca_probe              0000000180021260 f   MSVCRT:chkstk.obj
 0001:00020600       _CRT_INIT                  0000000180021600 f   MSVCRT:dll_dllmain.obj
 0001:00020608       _DllMainCRTStartup         0000000180021608 f   MSVCRT:dll_dllmain.obj
 0001:00020648       ??3@YAXPEAX@Z              0000000180021648 f   MSVCRT:delete_scalar.obj
 0001:00020650       ??_V@YAXPEAX@Z             0000000180021650 f   MSVCRT:delete_array.obj
 0001:000206c4       __security_init_cookie     00000001800216c4 f   MSVCRT:gs_support.obj
 0001:00020770       DllMain                    0000000180021770 f   MSVCRT:dll_dllmain_stub.obj
 0001:00020794       __local_stdio_printf_options 0000000180021794 f i MSVCRT:default_local_stdio_options.obj
 0001:0002079c       __local_stdio_scanf_options 000000018002179c f i MSVCRT:default_local_stdio_options.obj
 0001:000207a4       __scrt_initialize_default_local_stdio_options 00000001800217a4 f   MSVCRT:default_local_stdio_options.obj
 0001:000207c0       ??$__crt_fast_decode_pointer@PEAP6AXXZ@@YAPEAP6AXXZQEAP6AXXZ@Z 00000001800217c0 f i MSVCRT:utility.obj
 0001:000207d8       ??$__crt_fast_encode_pointer@PEAP6AXXZ@@YAPEAP6AXXZQEAP6AXXZ@Z 00000001800217d8 f i MSVCRT:utility.obj
 0001:000207f8       ?__crt_rotate_pointer_value@@YA_K_KH@Z 00000001800217f8 f i MSVCRT:utility.obj
 0001:00020804       ?configure_argv@__scrt_narrow_argv_policy@@SAHXZ 0000000180021804 f i MSVCRT:utility.obj
 0001:00020864       ?initialize_environment@__scrt_narrow_environment_policy@@SAHXZ 0000000180021864 f i MSVCRT:utility.obj
 0001:0002089c       NtCurrentTeb               000000018002189c f i MSVCRT:utility.obj
 0001:000208a8       __scrt_acquire_startup_lock 00000001800218a8 f   MSVCRT:utility.obj
 0001:000208e4       __scrt_dllmain_after_initialize_c 00000001800218e4 f   MSVCRT:utility.obj
 0001:00020918       __scrt_dllmain_before_initialize_c 0000000180021918 f   MSVCRT:utility.obj
 0001:00020930       __scrt_dllmain_crt_thread_attach 0000000180021930 f   MSVCRT:utility.obj
 0001:00020958       __scrt_dllmain_crt_thread_detach 0000000180021958 f   MSVCRT:utility.obj
 0001:00020970       __scrt_dllmain_exception_filter 0000000180021970 f   MSVCRT:utility.obj
 0001:000209d0       __scrt_dllmain_uninitialize_c 00000001800219d0 f   MSVCRT:utility.obj
 0001:00020a00       __scrt_dllmain_uninitialize_critical 0000000180021a00 f   MSVCRT:utility.obj
 0001:00020a14       __scrt_initialize_crt      0000000180021a14 f   MSVCRT:utility.obj
 0001:00020a60       __scrt_initialize_onexit_tables 0000000180021a60 f   MSVCRT:utility.obj
 0001:00020b38       __scrt_is_nonwritable_in_current_image 0000000180021b38 f   MSVCRT:utility.obj
 0001:00020bd4       __scrt_release_startup_lock 0000000180021bd4 f   MSVCRT:utility.obj
 0001:00020bf8       __scrt_uninitialize_crt    0000000180021bf8 f   MSVCRT:utility.obj
 0001:00020c24       _onexit                    0000000180021c24 f   MSVCRT:utility.obj
 0001:00020c74       at_quick_exit              0000000180021c74 f   MSVCRT:utility.obj
 0001:00020cac       atexit                     0000000180021cac f   MSVCRT:utility.obj
 0001:00020cc4       __scrt_get_dyn_tls_init_callback 0000000180021cc4 f   MSVCRT:dyn_tls_init.obj
 0001:00020ccc       __crt_debugger_hook        0000000180021ccc f   MSVCRT:utility_desktop.obj
 0001:00020cd4       __scrt_fastfail            0000000180021cd4 f   MSVCRT:utility_desktop.obj
 0001:00020e20       __scrt_get_show_window_mode 0000000180021e20 f   MSVCRT:utility_desktop.obj
 0001:00020e5c       __scrt_initialize_mta      0000000180021e5c f   MSVCRT:utility_desktop.obj
 0001:00020e64       __scrt_initialize_winrt    0000000180021e64 f   MSVCRT:utility_desktop.obj
 0001:00020e68       __scrt_is_managed_app      0000000180021e68 f   MSVCRT:utility_desktop.obj
 0001:00020ebc       __scrt_set_unhandled_exception_filter 0000000180021ebc f   MSVCRT:utility_desktop.obj
 0001:00020ecc       __scrt_exe_initialize_mta  0000000180021ecc f   MSVCRT:utility_desktop.obj
 0001:00020ecc       __scrt_stub_for_initialize_mta 0000000180021ecc f   MSVCRT:utility_desktop.obj
 0001:00020ed0       __scrt_unhandled_exception_filter 0000000180021ed0 f   MSVCRT:utility_desktop.obj
 0001:00020f08       _RTC_Initialize            0000000180021f08 f   MSVCRT:initsect.obj
 0001:00020f44       _RTC_Terminate             0000000180021f44 f   MSVCRT:initsect.obj
 0001:00020f80       _guard_check_icall_nop     0000000180021f80 f i MSVCRT:guard_support.obj
 0001:00020f84       ReadNoFence64              0000000180021f84 f i MSVCRT:guard_support.obj
 0001:00020f88       ReadPointerNoFence         0000000180021f88 f i MSVCRT:guard_support.obj
 0001:00020f8c       _guard_icall_checks_enforced 0000000180021f8c f i MSVCRT:guard_support.obj
 0001:00020fa4       _guard_rf_checks_enforced  0000000180021fa4 f i MSVCRT:guard_support.obj
 0001:00020fa8       __isa_available_init       0000000180021fa8 f   MSVCRT:cpu_disp.obj
 0001:00021124       _get_startup_argv_mode     0000000180022124 f   MSVCRT:argv_mode.obj
 0001:0002112c       __scrt_is_ucrt_dll_in_use  000000018002212c f   MSVCRT:ucrt_detection.obj
 0001:00021140       _purecall                  0000000180022140 f   vcruntime:VCRUNTIME140.dll
 0001:00021146       __std_type_info_name       0000000180022146 f   vcruntime:VCRUNTIME140.dll
 0001:0002114c       memcpy                     000000018002214c f   vcruntime:VCRUNTIME140.dll
 0001:00021152       memset                     0000000180022152 f   vcruntime:VCRUNTIME140.dll
 0001:00021158       __std_type_info_destroy_list 0000000180022158 f   vcruntime:VCRUNTIME140.dll
 0001:0002115e       __C_specific_handler       000000018002215e f   vcruntime:VCRUNTIME140.dll
 0001:00021164       _fpclass                   0000000180022164 f   ucrt:api-ms-win-crt-math-l1-1-0.dll
 0001:0002116a       _initterm                  000000018002216a f   ucrt:api-ms-win-crt-runtime-l1-1-0.dll
 0001:00021170       _initterm_e                0000000180022170 f   ucrt:api-ms-win-crt-runtime-l1-1-0.dll
 0001:00021176       free                       0000000180022176 f   ucrt:api-ms-win-crt-heap-l1-1-0.dll
 0001:0002117c       _seh_filter_dll            000000018002217c f   ucrt:api-ms-win-crt-runtime-l1-1-0.dll
 0001:00021182       _configure_narrow_argv     0000000180022182 f   ucrt:api-ms-win-crt-runtime-l1-1-0.dll
 0001:00021188       _initialize_narrow_environment 0000000180022188 f   ucrt:api-ms-win-crt-runtime-l1-1-0.dll
 0001:0002118e       _initialize_onexit_table   000000018002218e f   ucrt:api-ms-win-crt-runtime-l1-1-0.dll
 0001:00021194       _register_onexit_function  0000000180022194 f   ucrt:api-ms-win-crt-runtime-l1-1-0.dll
 0001:0002119a       _execute_onexit_table      000000018002219a f   ucrt:api-ms-win-crt-runtime-l1-1-0.dll
 0001:000211a0       _crt_atexit                00000001800221a0 f   ucrt:api-ms-win-crt-runtime-l1-1-0.dll
 0001:000211a6       _crt_at_quick_exit         00000001800221a6 f   ucrt:api-ms-win-crt-runtime-l1-1-0.dll
 0001:000211ac       _cexit                     00000001800221ac f   ucrt:api-ms-win-crt-runtime-l1-1-0.dll
 0001:000211b2       terminate                  00000001800221b2 f   ucrt:api-ms-win-crt-runtime-l1-1-0.dll
 0001:000211b8       InitializeSListHead        00000001800221b8 f   kernel32:KERNEL32.dll
 0001:000211be       QueryPerformanceCounter    00000001800221be f   kernel32:KERNEL32.dll
 0001:000211c4       GetCurrentProcessId        00000001800221c4 f   kernel32:KERNEL32.dll
 0001:000211ca       GetCurrentThreadId         00000001800221ca f   kernel32:KERNEL32.dll
 0001:000211d0       GetSystemTimeAsFileTime    00000001800221d0 f   kernel32:KERNEL32.dll
 0001:000211d6       DisableThreadLibraryCalls  00000001800221d6 f   kernel32:KERNEL32.dll
 0001:000211dc       RtlCaptureContext          00000001800221dc f   kernel32:KERNEL32.dll
 0001:000211e2       RtlLookupFunctionEntry     00000001800221e2 f   kernel32:KERNEL32.dll
 0001:000211e8       RtlVirtualUnwind           00000001800221e8 f   kernel32:KERNEL32.dll
 0001:000211ee       IsDebuggerPresent          00000001800221ee f   kernel32:KERNEL32.dll
 0001:000211f4       UnhandledExceptionFilter   00000001800221f4 f   kernel32:KERNEL32.dll
 0001:000211fa       SetUnhandledExceptionFilter 00000001800221fa f   kernel32:KERNEL32.dll
 0001:00021200       GetStartupInfoW            0000000180022200 f   kernel32:KERNEL32.dll
 0001:00021206       IsProcessorFeaturePresent  0000000180022206 f   kernel32:KERNEL32.dll
 0001:0002120c       GetModuleHandleW           000000018002220c f   kernel32:KERNEL32.dll
 0001:00021214       __scrt_stub_for_acrt_initialize 0000000180022214 f   MSVCRT:ucrt_stubs.obj
 0001:00021214       __vcrt_initialize          0000000180022214 f   MSVCRT:ucrt_stubs.obj
 0001:00021214       __acrt_initialize          0000000180022214 f   MSVCRT:ucrt_stubs.obj
 0001:00021218       __vcrt_thread_attach       0000000180022218 f   MSVCRT:ucrt_stubs.obj
 0001:00021218       __acrt_thread_attach       0000000180022218 f   MSVCRT:ucrt_stubs.obj
 0001:00021218       __scrt_stub_for_acrt_thread_attach 0000000180022218 f   MSVCRT:ucrt_stubs.obj
 0001:0002121c       __scrt_stub_for_acrt_thread_detach 000000018002221c f   MSVCRT:ucrt_stubs.obj
 0001:0002121c       __vcrt_thread_detach       000000018002221c f   MSVCRT:ucrt_stubs.obj
 0001:0002121c       __acrt_thread_detach       000000018002221c f   MSVCRT:ucrt_stubs.obj
 0001:00021220       __scrt_stub_for_acrt_uninitialize 0000000180022220 f   MSVCRT:ucrt_stubs.obj
 0001:00021220       __vcrt_uninitialize        0000000180022220 f   MSVCRT:ucrt_stubs.obj
 0001:00021220       __acrt_uninitialize        0000000180022220 f   MSVCRT:ucrt_stubs.obj
 0001:00021224       __scrt_stub_for_acrt_uninitialize_critical 0000000180022224 f   MSVCRT:ucrt_stubs.obj
 0001:00021224       __acrt_uninitialize_critical 0000000180022224 f   MSVCRT:ucrt_stubs.obj
[...]
 0004:00001050       $pdata$8$??$computeMeshPenetrationT@VPxHeightFieldGeometry@physx@@@?A0x05e637a1@@YA_NAEAVPxVec3@physx@@AEAMAEBVPxGeometry@2@AEBVPxTransform@2@AEBVPxHeightFieldGeometry@2@3IPEAI@Z 000000018002b050     PhysX3ExtensionsPROFILE:ExtTriangleMeshExt.obj
 0004:0000105c       $pdata$?transformFast@PxBounds3@physx@@SA?AV12@AEBVPxTransform@2@AEBV12@@Z 000000018002b05c     PhysX3ExtensionsPROFILE:ExtRigidBodyExt.obj
 0004:00001068       $pdata$??_G?$PxHitCallback@UPxSweepHit@physx@@@physx@@UEAAPEAXI@Z 000000018002b068     PhysX3ExtensionsPROFILE:ExtRigidBodyExt.obj
 0004:00001074       $pdata$??_G?$PxHitBuffer@UPxSweepHit@physx@@@physx@@UEAAPEAXI@Z 000000018002b074     PhysX3ExtensionsPROFILE:ExtRigidBodyExt.obj
 0004:00001080       $pdata$??0PxMassProperties@physx@@QEAA@AEBVPxGeometry@1@@Z 000000018002b080     PhysX3ExtensionsPROFILE:ExtRigidBodyExt.obj
 0004:0000108c       $pdata$8$??0PxMassProperties@physx@@QEAA@AEBVPxGeometry@1@@Z 000000018002b08c     PhysX3ExtensionsPROFILE:ExtRigidBodyExt.obj
 0004:00001098       $pdata$9$??0PxMassProperties@physx@@QEAA@AEBVPxGeometry@1@@Z 000000018002b098     PhysX3ExtensionsPROFILE:ExtRigidBodyExt.obj
 0004:000010a4       $pdata$?scaleInertia@PxMassProperties@physx@@SA?AVPxMat33@2@AEBV32@AEBVPxQuat@2@AEBVPxVec3@2@@Z 000000018002b0a4     PhysX3ExtensionsPROFILE:ExtRigidBodyExt.obj
 0004:000010b0       $pdata$?sum@PxMassProperties@physx@@SA?AV12@PEBV12@PEBVPxTransform@2@I@Z 000000018002b0b0     PhysX3ExtensionsPROFILE:ExtRigidBodyExt.obj
 0004:000010bc       $pdata$?updateMassAndInertia@PxRigidBodyExt@physx@@SA_NAEAVPxRigidBody@2@PEBMIPEBVPxVec3@2@_N@Z 000000018002b0bc     PhysX3ExtensionsPROFILE:ExtRigidBodyExt.obj
 0004:000010c8       $pdata$?updateMassAndInertia@PxRigidBodyExt@physx@@SA_NAEAVPxRigidBody@2@MPEBVPxVec3@2@_N@Z 000000018002b0c8     PhysX3ExtensionsPROFILE:ExtRigidBodyExt.obj
 0004:000010d4       $pdata$?setMassAndUpdateInertia@PxRigidBodyExt@physx@@SA_NAEAVPxRigidBody@2@PEBMIPEBVPxVec3@2@_N@Z 000000018002b0d4     PhysX3ExtensionsPROFILE:ExtRigidBodyExt.obj
 0004:000010e0       $pdata$?setMassAndUpdateInertia@PxRigidBodyExt@physx@@SA_NAEAVPxRigidBody@2@MPEBVPxVec3@2@_N@Z 000000018002b0e0     PhysX3ExtensionsPROFILE:ExtRigidBodyExt.obj
 0004:000010ec       $pdata$?computeMassPropertiesFromShapes@PxRigidBodyExt@physx@@SA?AVPxMassProperties@2@PEBQEBVPxShape@2@I@Z 000000018002b0ec     PhysX3ExtensionsPROFILE:ExtRigidBodyExt.obj
 0004:000010f8       $pdata$1$?computeMassPropertiesFromShapes@PxRigidBodyExt@physx@@SA?AVPxMassProperties@2@PEBQEBVPxShape@2@I@Z 000000018002b0f8     PhysX3ExtensionsPROFILE:ExtRigidBodyExt.obj
 0004:00001104       $pdata$2$?computeMassPropertiesFromShapes@PxRigidBodyExt@physx@@SA?AVPxMassProperties@2@PEBQEBVPxShape@2@I@Z 000000018002b104     PhysX3ExtensionsPROFILE:ExtRigidBodyExt.obj
 0004:00001110       $pdata$3$?computeMassPropertiesFromShapes@PxRigidBodyExt@physx@@SA?AVPxMassProperties@2@PEBQEBVPxShape@2@I@Z 000000018002b110     PhysX3ExtensionsPROFILE:ExtRigidBodyExt.obj
 0004:0000111c       $pdata$4$?computeMassPropertiesFromShapes@PxRigidBodyExt@physx@@SA?AVPxMassProperties@2@PEBQEBVPxShape@2@I@Z 000000018002b11c     PhysX3ExtensionsPROFILE:ExtRigidBodyExt.obj
 0004:00001128       $pdata$?addForceAtLocalPos@PxRigidBodyExt@physx@@SAXAEAVPxRigidBody@2@AEBVPxVec3@2@1W4Enum@PxForceMode@2@_N@Z 000000018002b128     PhysX3ExtensionsPROFILE:ExtRigidBodyExt.obj
 0004:00001134       $pdata$?addLocalForceAtPos@PxRigidBodyExt@physx@@SAXAEAVPxRigidBody@2@AEBVPxVec3@2@1W4Enum@PxForceMode@2@_N@Z 000000018002b134     PhysX3ExtensionsPROFILE:ExtRigidBodyExt.obj
 0004:00001140       $pdata$?addLocalForceAtLocalPos@PxRigidBodyExt@physx@@SAXAEAVPxRigidBody@2@AEBVPxVec3@2@1W4Enum@PxForceMode@2@_N@Z 000000018002b140     PhysX3ExtensionsPROFILE:ExtRigidBodyExt.obj
 0004:0000114c       $pdata$?getVelocityAtPos@PxRigidBodyExt@physx@@SA?AVPxVec3@2@AEBVPxRigidBody@2@AEBV32@@Z 000000018002b14c     PhysX3ExtensionsPROFILE:ExtRigidBodyExt.obj
 0004:00001158       $pdata$?getLocalVelocityAtLocalPos@PxRigidBodyExt@physx@@SA?AVPxVec3@2@AEBVPxRigidBody@2@AEBV32@@Z 000000018002b158     PhysX3ExtensionsPROFILE:ExtRigidBodyExt.obj
 0004:00001164       $pdata$?getVelocityAtOffset@PxRigidBodyExt@physx@@SA?AVPxVec3@2@AEBVPxRigidBody@2@AEBV32@@Z 000000018002b164     PhysX3ExtensionsPROFILE:ExtRigidBodyExt.obj
 0004:00001170       $pdata$?linearSweepSingle@PxRigidBodyExt@physx@@SA_NAEAVPxRigidBody@2@AEAVPxScene@2@AEBVPxVec3@2@MV?$PxFlags@W4Enum@PxHitFlag@physx@@G@2@AEAUPxSweepHit@2@AEAIAEBUPxQueryFilterData@2@PEAVPxQueryFilterCallback@2@PEBUPxQueryCache@2@M@Z 000000018002b170     PhysX3ExtensionsPROFILE:ExtRigidBodyExt.obj
 0004:0000117c       $pdata$8$?linearSweepSingle@PxRigidBodyExt@physx@@SA_NAEAVPxRigidBody@2@AEAVPxScene@2@AEBVPxVec3@2@MV?$PxFlags@W4Enum@PxHitFlag@physx@@G@2@AEAUPxSweepHit@2@AEAIAEBUPxQueryFilterData@2@PEAVPxQueryFilterCallback@2@PEBUPxQueryCache@2@M@Z 000000018002b17c     PhysX3ExtensionsPROFILE:ExtRigidBodyExt.obj
 0004:00001188       $pdata$9$?linearSweepSingle@PxRigidBodyExt@physx@@SA_NAEAVPxRigidBody@2@AEAVPxScene@2@AEBVPxVec3@2@MV?$PxFlags@W4Enum@PxHitFlag@physx@@G@2@AEAUPxSweepHit@2@AEAIAEBUPxQueryFilterData@2@PEAVPxQueryFilterCallback@2@PEBUPxQueryCache@2@M@Z 000000018002b188     PhysX3ExtensionsPROFILE:ExtRigidBodyExt.obj
 0004:00001194       $pdata$?linearSweepMultiple@PxRigidBodyExt@physx@@SAIAEAVPxRigidBody@2@AEAVPxScene@2@AEBVPxVec3@2@MV?$PxFlags@W4Enum@PxHitFlag@physx@@G@2@PEAUPxSweepHit@2@PEAIIAEAU72@AEAHAEA_NAEBUPxQueryFilterData@2@PEAVPxQueryFilterCallback@2@PEBUPxQueryCache@2@M@Z 000000018002b194     PhysX3ExtensionsPROFILE:ExtRigidBodyExt.obj
 0004:000011a0       $pdata$10$?linearSweepMultiple@PxRigidBodyExt@physx@@SAIAEAVPxRigidBody@2@AEAVPxScene@2@AEBVPxVec3@2@MV?$PxFlags@W4Enum@PxHitFlag@physx@@G@2@PEAUPxSweepHit@2@PEAIIAEAU72@AEAHAEA_NAEBUPxQueryFilterData@2@PEAVPxQueryFilterCallback@2@PEBUPxQueryCache@2@M@Z 000000018002b1a0     PhysX3ExtensionsPROFILE:ExtRigidBodyExt.obj
 0004:000011ac       $pdata$11$?linearSweepMultiple@PxRigidBodyExt@physx@@SAIAEAVPxRigidBody@2@AEAVPxScene@2@AEBVPxVec3@2@MV?$PxFlags@W4Enum@PxHitFlag@physx@@G@2@PEAUPxSweepHit@2@PEAIIAEAU72@AEAHAEA_NAEBUPxQueryFilterData@2@PEAVPxQueryFilterCallback@2@PEBUPxQueryCache@2@M@Z 000000018002b1ac     PhysX3ExtensionsPROFILE:ExtRigidBodyExt.obj
 0004:000011b8       $pdata$?computeVelocityDeltaFromImpulse@PxRigidBodyExt@physx@@SAXAEBVPxRigidBody@2@AEBVPxVec3@2@1AEAV42@2@Z 000000018002b1b8     PhysX3ExtensionsPROFILE:ExtRigidBodyExt.obj
 0004:000011c4       $pdata$?computeVelocityDeltaFromImpulse@PxRigidBodyExt@physx@@SAXAEBVPxRigidBody@2@AEBVPxTransform@2@AEBVPxVec3@2@2MMAEAV52@3@Z 000000018002b1c4     PhysX3ExtensionsPROFILE:ExtRigidBodyExt.obj
 0004:000011d0       $pdata$?computeLinearAngularImpulse@PxRigidBodyExt@physx@@SAXAEBVPxRigidBody@2@AEBVPxTransform@2@AEBVPxVec3@2@2MMAEAV52@3@Z 000000018002b1d0     PhysX3ExtensionsPROFILE:ExtRigidBodyExt.obj
 0004:000011dc       $pdata$?translate@InertiaTensorComputer@Ext@physx@@QEAAXAEBVPxVec3@3@@Z 000000018002b1dc     PhysX3ExtensionsPROFILE:ExtRigidBodyExt.obj
 0004:000011e8       $pdata$5$?translate@InertiaTensorComputer@Ext@physx@@QEAAXAEBVPxVec3@3@@Z 000000018002b1e8     PhysX3ExtensionsPROFILE:ExtRigidBodyExt.obj
 0004:000011f4       $pdata$9$?translate@InertiaTensorComputer@Ext@physx@@QEAAXAEBVPxVec3@3@@Z 000000018002b1f4     PhysX3ExtensionsPROFILE:ExtRigidBodyExt.obj
 0004:00001200       $pdata$10$?translate@InertiaTensorComputer@Ext@physx@@QEAAXAEBVPxVec3@3@@Z 000000018002b200     PhysX3ExtensionsPROFILE:ExtRigidBodyExt.obj
 0004:0000120c       $pdata$11$?translate@InertiaTensorComputer@Ext@physx@@QEAAXAEBVPxVec3@3@@Z 000000018002b20c     PhysX3ExtensionsPROFILE:ExtRigidBodyExt.obj
 0004:00001218       $pdata$?setCapsule@InertiaTensorComputer@Ext@physx@@QEAAXHMM@Z 000000018002b218     PhysX3ExtensionsPROFILE:ExtRigidBodyExt.obj
 0004:00001224       $pdata$?rotate@InertiaTensorComputer@Ext@physx@@QEAAXAEBVPxMat33@3@@Z 000000018002b224     PhysX3ExtensionsPROFILE:ExtRigidBodyExt.obj
 0004:00001230       $pdata$?transform@InertiaTensorComputer@Ext@physx@@QEAAXAEBVPxTransform@3@@Z 000000018002b230     PhysX3ExtensionsPROFILE:ExtRigidBodyExt.obj
 0004:0000123c       $pdata$?computeMassAndDiagInertia@@YA_NAEAVInertiaTensorComputer@Ext@physx@@AEAVPxVec3@3@AEAVPxQuat@3@AEAM1_NAEBVPxRigidBody@3@PEBD@Z 000000018002b23c     PhysX3ExtensionsPROFILE:ExtRigidBodyExt.obj
 0004:00001248       $pdata$0$?computeMassAndDiagInertia@@YA_NAEAVInertiaTensorComputer@Ext@physx@@AEAVPxVec3@3@AEAVPxQuat@3@AEAM1_NAEBVPxRigidBody@3@PEBD@Z 000000018002b248     PhysX3ExtensionsPROFILE:ExtRigidBodyExt.obj
 0004:00001254       $pdata$7$?computeMassAndDiagInertia@@YA_NAEAVInertiaTensorComputer@Ext@physx@@AEAVPxVec3@3@AEAVPxQuat@3@AEAM1_NAEBVPxRigidBody@3@PEBD@Z 000000018002b254     PhysX3ExtensionsPROFILE:ExtRigidBodyExt.obj
 0004:00001260       $pdata$8$?computeMassAndDiagInertia@@YA_NAEAVInertiaTensorComputer@Ext@physx@@AEAVPxVec3@3@AEAVPxQuat@3@AEAM1_NAEBVPxRigidBody@3@PEBD@Z 000000018002b260     PhysX3ExtensionsPROFILE:ExtRigidBodyExt.obj
 0004:0000126c       $pdata$9$?computeMassAndDiagInertia@@YA_NAEAVInertiaTensorComputer@Ext@physx@@AEAVPxVec3@3@AEAVPxQuat@3@AEAM1_NAEBVPxRigidBody@3@PEBD@Z 000000018002b26c     PhysX3ExtensionsPROFILE:ExtRigidBodyExt.obj
 0004:00001278       $pdata$?computeMassAndInertia@@YA_N_NAEAVPxRigidBody@physx@@PEBM2I0AEAVInertiaTensorComputer@Ext@2@@Z 000000018002b278     PhysX3ExtensionsPROFILE:ExtRigidBodyExt.obj
 0004:00001284       $pdata$14$?computeMassAndInertia@@YA_N_NAEAVPxRigidBody@physx@@PEBM2I0AEAVInertiaTensorComputer@Ext@2@@Z 000000018002b284     PhysX3ExtensionsPROFILE:ExtRigidBodyExt.obj
 0004:00001290       $pdata$15$?computeMassAndInertia@@YA_N_NAEAVPxRigidBody@physx@@PEBM2I0AEAVInertiaTensorComputer@Ext@2@@Z 000000018002b290     PhysX3ExtensionsPROFILE:ExtRigidBodyExt.obj
 0004:0000129c       $pdata$?resize@?$Array@PEAVPxShape@physx@@V?$InlineAllocator@$0IA@V?$ReflectionAllocator@PEAVPxShape@physx@@@shdfnd@physx@@@shdfnd@2@@shdfnd@physx@@QEAAXIAEBQEAVPxShape@3@@Z 000000018002b29c     PhysX3ExtensionsPROFILE:ExtRigidBodyExt.obj
 0004:000012a8       $pdata$?allocate@?$Array@PEAVPxShape@physx@@V?$InlineAllocator@$0IA@V?$ReflectionAllocator@PEAVPxShape@physx@@@shdfnd@physx@@@shdfnd@2@@shdfnd@physx@@IEAAPEAPEAVPxShape@3@I@Z 000000018002b2a8     PhysX3ExtensionsPROFILE:ExtRigidBodyExt.obj
 0004:000012b4       $pdata$1$?allocate@?$Array@PEAVPxShape@physx@@V?$InlineAllocator@$0IA@V?$ReflectionAllocator@PEAVPxShape@physx@@@shdfnd@physx@@@shdfnd@2@@shdfnd@physx@@IEAAPEAPEAVPxShape@3@I@Z 000000018002b2b4     PhysX3ExtensionsPROFILE:ExtRigidBodyExt.obj
 0004:000012c0       $pdata$3$?allocate@?$Array@PEAVPxShape@physx@@V?$InlineAllocator@$0IA@V?$ReflectionAllocator@PEAVPxShape@physx@@@shdfnd@physx@@@shdfnd@2@@shdfnd@physx@@IEAAPEAPEAVPxShape@3@I@Z 000000018002b2c0     PhysX3ExtensionsPROFILE:ExtRigidBodyExt.obj
 0004:000012cc       $pdata$4$?allocate@?$Array@PEAVPxShape@physx@@V?$InlineAllocator@$0IA@V?$ReflectionAllocator@PEAVPxShape@physx@@@shdfnd@physx@@@shdfnd@2@@shdfnd@physx@@IEAAPEAPEAVPxShape@3@I@Z 000000018002b2cc     PhysX3ExtensionsPROFILE:ExtRigidBodyExt.obj
 0004:000012d8       $pdata$?recreate@?$Array@PEAVPxShape@physx@@V?$InlineAllocator@$0IA@V?$ReflectionAllocator@PEAVPxShape@physx@@@shdfnd@physx@@@shdfnd@2@@shdfnd@physx@@IEAAXI@Z 000000018002b2d8     PhysX3ExtensionsPROFILE:ExtRigidBodyExt.obj
 0004:000012e4       $pdata$?updateMassAndInertia@@YA_N_NAEAVPxRigidBody@physx@@PEBMIPEBVPxVec3@2@0@Z 000000018002b2e4     PhysX3ExtensionsPROFILE:ExtRigidBodyExt.obj
 0004:000012f0       $pdata$?setMassAndUpdateInertia@@YA_N_NAEAVPxRigidBody@physx@@PEBMIPEBVPxVec3@2@0@Z 000000018002b2f0     PhysX3ExtensionsPROFILE:ExtRigidBodyExt.obj
 0004:000012fc       $pdata$?allocate@?$Array@VPxMassProperties@physx@@V?$InlineAllocator@$0DEA@V?$ReflectionAllocator@VPxMassProperties@physx@@@shdfnd@physx@@@shdfnd@2@@shdfnd@physx@@IEAAPEAVPxMassProperties@3@I@Z 000000018002b2fc     PhysX3ExtensionsPROFILE:ExtRigidBodyExt.obj
 0004:00001308       $pdata$1$?allocate@?$Array@VPxMassProperties@physx@@V?$InlineAllocator@$0DEA@V?$ReflectionAllocator@VPxMassProperties@physx@@@shdfnd@physx@@@shdfnd@2@@shdfnd@physx@@IEAAPEAVPxMassProperties@3@I@Z 000000018002b308     PhysX3ExtensionsPROFILE:ExtRigidBodyExt.obj
 0004:00001314       $pdata$3$?allocate@?$Array@VPxMassProperties@physx@@V?$InlineAllocator@$0DEA@V?$ReflectionAllocator@VPxMassProperties@physx@@@shdfnd@physx@@@shdfnd@2@@shdfnd@physx@@IEAAPEAVPxMassProperties@3@I@Z 000000018002b314     PhysX3ExtensionsPROFILE:ExtRigidBodyExt.obj
 0004:00001320       $pdata$4$?allocate@?$Array@VPxMassProperties@physx@@V?$InlineAllocator@$0DEA@V?$ReflectionAllocator@VPxMassProperties@physx@@@shdfnd@physx@@@shdfnd@2@@shdfnd@physx@@IEAAPEAVPxMassProperties@3@I@Z 000000018002b320     PhysX3ExtensionsPROFILE:ExtRigidBodyExt.obj
 0004:0000132c       $pdata$?growAndPushBack@?$Array@VPxMassProperties@physx@@V?$InlineAllocator@$0DEA@V?$ReflectionAllocator@VPxMassProperties@physx@@@shdfnd@physx@@@shdfnd@2@@shdfnd@physx@@IEAAAEAVPxMassProperties@3@AEBV43@@Z 000000018002b32c     PhysX3ExtensionsPROFILE:ExtRigidBodyExt.obj
 0004:00001338       $pdata$?recreate@?$Array@VPxMassProperties@physx@@V?$InlineAllocator@$0DEA@V?$ReflectionAllocator@VPxMassProperties@physx@@@shdfnd@physx@@@shdfnd@2@@shdfnd@physx@@IEAAXI@Z 000000018002b338     PhysX3ExtensionsPROFILE:ExtRigidBodyExt.obj
 0004:00001344       $pdata$?allocate@?$Array@VPxTransform@physx@@V?$InlineAllocator@$0BMA@V?$ReflectionAllocator@VPxTransform@physx@@@shdfnd@physx@@@shdfnd@2@@shdfnd@physx@@IEAAPEAVPxTransform@3@I@Z 000000018002b344     PhysX3ExtensionsPROFILE:ExtRigidBodyExt.obj
 0004:00001350       $pdata$1$?allocate@?$Array@VPxTransform@physx@@V?$InlineAllocator@$0BMA@V?$ReflectionAllocator@VPxTransform@physx@@@shdfnd@physx@@@shdfnd@2@@shdfnd@physx@@IEAAPEAVPxTransform@3@I@Z 000000018002b350     PhysX3ExtensionsPROFILE:ExtRigidBodyExt.obj
 0004:0000135c       $pdata$3$?allocate@?$Array@VPxTransform@physx@@V?$InlineAllocator@$0BMA@V?$ReflectionAllocator@VPxTransform@physx@@@shdfnd@physx@@@shdfnd@2@@shdfnd@physx@@IEAAPEAVPxTransform@3@I@Z 000000018002b35c     PhysX3ExtensionsPROFILE:ExtRigidBodyExt.obj
 0004:00001368       $pdata$4$?allocate@?$Array@VPxTransform@physx@@V?$InlineAllocator@$0BMA@V?$ReflectionAllocator@VPxTransform@physx@@@shdfnd@physx@@@shdfnd@2@@shdfnd@physx@@IEAAPEAVPxTransform@3@I@Z 000000018002b368     PhysX3ExtensionsPROFILE:ExtRigidBodyExt.obj
 0004:00001374       $pdata$?growAndPushBack@?$Array@VPxTransform@physx@@V?$InlineAllocator@$0BMA@V?$ReflectionAllocator@VPxTransform@physx@@@shdfnd@physx@@@shdfnd@2@@shdfnd@physx@@IEAAAEAVPxTransform@3@AEBV43@@Z 000000018002b374     PhysX3ExtensionsPROFILE:ExtRigidBodyExt.obj
 0004:00001380       $pdata$?recreate@?$Array@VPxTransform@physx@@V?$InlineAllocator@$0BMA@V?$ReflectionAllocator@VPxTransform@physx@@@shdfnd@physx@@@shdfnd@2@@shdfnd@physx@@IEAAXI@Z 000000018002b380     PhysX3ExtensionsPROFILE:ExtRigidBodyExt.obj
 0004:0000138c       $pdata$?addForceAtPosInternal@@YAXAEAVPxRigidBody@physx@@AEBVPxVec3@2@1W4Enum@PxForceMode@2@_N@Z 000000018002b38c     PhysX3ExtensionsPROFILE:ExtRigidBodyExt.obj
 0004:00001398       $pdata$8$?addForceAtPosInternal@@YAXAEAVPxRigidBody@physx@@AEBVPxVec3@2@1W4Enum@PxForceMode@2@_N@Z 000000018002b398     PhysX3ExtensionsPROFILE:ExtRigidBodyExt.obj
 0004:000013a4       $pdata$9$?addForceAtPosInternal@@YAXAEAVPxRigidBody@physx@@AEBVPxVec3@2@1W4Enum@PxForceMode@2@_N@Z 000000018002b3a4     PhysX3ExtensionsPROFILE:ExtRigidBodyExt.obj
 0004:000013b0       $pdata$?getVelocityAtPosInternal@@YA?AVPxVec3@physx@@AEBVPxRigidBody@2@AEBV12@@Z 000000018002b3b0     PhysX3ExtensionsPROFILE:ExtRigidBodyExt.obj
 0004:000013bc       $pdata$??_Gtype_info@@UEAAPEAXI@Z 000000018002b3bc     MSVCRT:std_type_info_static.obj
 0004:000013d4       $pdata$?dllmain_crt_process_attach@@YAHQEAUHINSTANCE__@@QEAX@Z 000000018002b3d4     MSVCRT:dll_dllmain.obj
 0004:000013e0       $pdata$?fin$0@?0??dllmain_crt_process_attach@@YAHQEAUHINSTANCE__@@QEAX@Z@4HA 000000018002b3e0     MSVCRT:dll_dllmain.obj
 0004:000013ec       $pdata$?dllmain_crt_process_detach@@YAH_N@Z 000000018002b3ec     MSVCRT:dll_dllmain.obj
 0004:000013f8       $pdata$?fin$0@?0??dllmain_crt_process_detach@@YAH_N@Z@4HA 000000018002b3f8     MSVCRT:dll_dllmain.obj
 0004:00001404       $pdata$?dllmain_crt_dispatch@@YAHQEAUHINSTANCE__@@KQEAX@Z 000000018002b404     MSVCRT:dll_dllmain.obj
 0004:00001410       $pdata$?dllmain_dispatch@@YAHQEAUHINSTANCE__@@KQEAX@Z 000000018002b410     MSVCRT:dll_dllmain.obj
 0004:0000141c       $pdata$?filt$0@?0??dllmain_dispatch@@YAHQEAUHINSTANCE__@@KQEAX@Z@4HA 000000018002b41c     MSVCRT:dll_dllmain.obj
 0004:00001428       $pdata$_DllMainCRTStartup  000000018002b428     MSVCRT:dll_dllmain.obj
 0004:00001434       $pdata$__security_init_cookie 000000018002b434     MSVCRT:gs_support.obj
 0004:00001440       $pdata$__get_entropy       000000018002b440     MSVCRT:gs_support.obj
 0004:0000144c       $pdata$DllMain             000000018002b44c     MSVCRT:dll_dllmain_stub.obj
 0004:00001458       $pdata$__scrt_initialize_default_local_stdio_options 000000018002b458     MSVCRT:default_local_stdio_options.obj
 0004:00001464       $pdata$atexit              000000018002b464     MSVCRT:utility.obj
 0004:00001470       $pdata$_onexit             000000018002b470     MSVCRT:utility.obj
 0004:0000147c       $pdata$__scrt_is_nonwritable_in_current_image 000000018002b47c     MSVCRT:utility.obj
 0004:00001488       $pdata$__scrt_is_nonwritable_in_current_image$filt$0 000000018002b488     MSVCRT:utility.obj
 0004:00001494       $pdata$__scrt_acquire_startup_lock 000000018002b494     MSVCRT:utility.obj
 0004:000014a0       $pdata$__scrt_release_startup_lock 000000018002b4a0     MSVCRT:utility.obj
 0004:000014ac       $pdata$__scrt_initialize_crt 000000018002b4ac     MSVCRT:utility.obj
 0004:000014b8       $pdata$__scrt_uninitialize_crt 000000018002b4b8     MSVCRT:utility.obj
 0004:000014c4       $pdata$__scrt_initialize_onexit_tables 000000018002b4c4     MSVCRT:utility.obj
 0004:000014d0       $pdata$__scrt_dllmain_exception_filter 000000018002b4d0     MSVCRT:utility.obj
 0004:000014dc       $pdata$__scrt_dllmain_before_initialize_c 000000018002b4dc     MSVCRT:utility.obj
 0004:000014e8       $pdata$__scrt_dllmain_after_initialize_c 000000018002b4e8     MSVCRT:utility.obj
 0004:000014f4       $pdata$__scrt_dllmain_uninitialize_c 000000018002b4f4     MSVCRT:utility.obj
 0004:00001500       $pdata$__scrt_dllmain_uninitialize_critical 000000018002b500     MSVCRT:utility.obj
 0004:0000150c       $pdata$__scrt_dllmain_crt_thread_attach 000000018002b50c     MSVCRT:utility.obj
 0004:00001518       $pdata$__scrt_dllmain_crt_thread_detach 000000018002b518     MSVCRT:utility.obj
 0004:00001524       $pdata$?configure_argv@__scrt_narrow_argv_policy@@SAHXZ 000000018002b524     MSVCRT:utility.obj
 0004:00001530       $pdata$__scrt_get_show_window_mode 000000018002b530     MSVCRT:utility_desktop.obj
 0004:0000153c       $pdata$__scrt_is_managed_app 000000018002b53c     MSVCRT:utility_desktop.obj
 0004:00001548       $pdata$__scrt_fastfail     000000018002b548     MSVCRT:utility_desktop.obj
 0004:00001554       $pdata$__scrt_unhandled_exception_filter 000000018002b554     MSVCRT:utility_desktop.obj
 0004:00001560       $pdata$_RTC_Initialize     000000018002b560     MSVCRT:initsect.obj
 0004:0000156c       $pdata$_RTC_Terminate      000000018002b56c     MSVCRT:initsect.obj
 0004:00001578       $pdata$__isa_available_init 000000018002b578     MSVCRT:cpu_disp.obj
 0005:000000a0       $R000000                   000000018002c0a0     PhysX3CharacterKinematic.res
 0005:00000420       $R000380                   000000018002c420     PhysX3CharacterKinematic.res
