 PhysX3CookingCHECKED_x64

 Timestamp is 5f36ca83 (Sat Aug 15 01:31:47 2020)

 Preferred load address is 0000000180000000

 Start         Length     Name                   Class
 0001:00000000 00002e10H .text$di                CODE
 0001:00002e10 0003e120H .text$mn                CODE
 0001:00040f30 00001016H .text$mn$00             CODE
 0001:00041f46 000010a1H .text$x                 CODE
 0002:00000000 00000110H .CRT$XCA                DATA
 0002:00000110 00000308H .CRT$XCU                DATA
 0002:00000418 00000110H .CRT$XCZ                DATA
 0002:00000528 00000110H .CRT$XIA                DATA
 0002:00000638 00000110H .CRT$XIZ                DATA
 0002:00000748 00000110H .CRT$XPA                DATA
 0002:00000858 00000110H .CRT$XPZ                DATA
 0002:00000968 00000110H .CRT$XTA                DATA
 0002:00000a78 00000118H .CRT$XTZ                DATA
 0002:00000b90 00002df0H .rdata                  DATA
 0002:00003980 00000188H .rdata$r                DATA
 0002:00003b08 000001b8H .rdata$zzzdbg           DATA
 0002:00003cc0 00000110H .rtc$IAA                DATA
 0002:00003dd0 00000110H .rtc$IZZ                DATA
 0002:00003ee0 00000110H .rtc$TAA                DATA
 0002:00003ff0 00000110H .rtc$TZZ                DATA
 0002:00004100 00004450H .xdata                  DATA
 0002:00008550 000001a3H .edata                  DATA
 0003:00000000 00000168H .data                   DATA
 0003:00000168 00000568H .data$r                 DATA
 0003:000006d0 000004f9H .bss                    DATA
 0004:00000000 00002634H .pdata                  DATA
 0005:00000000 00000370H .idata$5                DATA
 0005:00000370 00000064H .idata$2                DATA
 0005:000003d4 00000014H .idata$3                DATA
 0005:000003e8 00000370H .idata$4                DATA
 0005:00000758 0000057eH .idata$6                DATA
 0006:00000000 00000040H .didat$2                DATA
 0006:00000040 00000020H .didat$3                DATA
 0006:00000060 00000280H .didat$4                DATA
 0006:000002e0 00000280H .didat$5                DATA
 0006:00000560 00000b90H .didat$6                DATA
 0006:000010f0 000002c0H .didat$7                DATA
 0007:00000000 0000011bH .00cfg                  DATA
 0008:00000000 00000940H _RDATA                  DATA
 0009:00000000 000001c0H .rsrc$01                DATA
 0009:000001c0 000006a9H .rsrc$02                DATA

  Address         Publics by Value              Rva+Base               Lib:Object

 0000:00000000       __guard_fids_table         0000000000000000     <absolute>
 0000:00000000       __hybrid_code_map_count    0000000000000000     <absolute>
 0000:00000000       __hybrid_code_map          0000000000000000     <absolute>
 0000:00000000       __enclave_config           0000000000000000     <absolute>
 0000:00000000       __guard_fids_count         0000000000000000     <absolute>
 0000:00000000       __guard_iat_table          0000000000000000     <absolute>
 0000:00000000       __dynamic_value_reloc_table 0000000000000000     <absolute>
 0000:00000000       __guard_longjmp_table      0000000000000000     <absolute>
 0000:00000000       ___safe_se_handler_count   0000000000000000     <absolute>
 0000:00000000       __volatile_metadata        0000000000000000     <absolute>
 0000:00000000       __hybrid_auxiliary_iat     0000000000000000     <absolute>
 0000:00000000       __guard_longjmp_count      0000000000000000     <absolute>
 0000:00000000       ___safe_se_handler_table   0000000000000000     <absolute>
 0000:00000000       __guard_iat_count          0000000000000000     <absolute>
 0000:00000100       __guard_flags              0000000000000100     <absolute>
 0000:00000000       __ImageBase                0000000180000000     <linker-defined>
 0001:00002e10       PxSetPhysXCookingDelayLoadHook 0000000180003e10 f   WindowsCookingDelayLoadHook.obj
 0001:00002e20       ?delayHook@@YAP6A_JXZIPEAUDelayLoadInfo@@@Z 0000000180003e20 f   WindowsCookingDelayLoadHook.obj
 0001:00002e80       ?physXCommonDliNotePreLoadLibrary@Cm@physx@@YAP6A_JXZPEBDPEBVPxDelayLoadHook@2@@Z 0000000180003e80 f i WindowsCookingDelayLoadHook.obj
 0001:000031a0       ?saveHeightField@physx@@YA_NAEBVHeightField@Gu@1@AEAVPxOutputStream@1@_N@Z 00000001800041a0 f   HeightFieldCooking.obj
 0001:00003480       ?__empty_global_delete@@YAXPEAX@Z 0000000180004480 f i HeightFieldCooking.obj
 0001:00003490       ?__empty_global_delete@@YAXPEAX_K@Z 0000000180004490 f i HeightFieldCooking.obj
 0001:00003490       ?__global_array_delete@@YAXPEAX_K@Z 0000000180004490 f i HeightFieldCooking.obj
 0001:00003490       ?__global_delete@@YAXPEAX_K@Z 0000000180004490 f i HeightFieldCooking.obj
 0001:000034a0       ?buildFromTriangles@RTreeCooker@physx@@SAXAEAURTree@Gu@2@PEBVPxVec3@2@IPEBGPEBIIAEAV?$Array@IVNamedAllocator@shdfnd@physx@@@shdfnd@2@PEAURemapCallback@12@MW4Enum@PxMeshCookingHint@2@@Z 00000001800044a0 f   RTreeCooking.obj
 0001:00003830       ??$partition@UBoundsLTE@physx@@@quickSelect@physx@@YAIPEIAIIIIAEBUBoundsLTE@1@@Z 0000000180004830 f i RTreeCooking.obj
 0001:00003a30       ??$quickSelectFirstK@UBoundsLTE@physx@@@quickSelect@physx@@YAXPEIAIIIIAEBUBoundsLTE@1@@Z 0000000180004a30 f i RTreeCooking.obj
 0001:00003c90       ??$smallSort@I$$CBUSortBoundsPredicate@physx@@@internal@shdfnd@physx@@YAXPEAIHHAEBUSortBoundsPredicate@2@@Z 0000000180004c90 f i RTreeCooking.obj
 0001:00004010       ??$sort@I@shdfnd@physx@@YAXPEAII@Z 0000000180005010 f i RTreeCooking.obj
 0001:00004070       ??$sort@IU?$Less@I@shdfnd@physx@@VNamedAllocator@23@@shdfnd@physx@@YAXPEAIIAEBU?$Less@I@01@AEBVNamedAllocator@01@I@Z 0000000180005070 f i RTreeCooking.obj
 0001:000044f0       ??$sort@IUSortBoundsPredicate@physx@@@shdfnd@physx@@YAXPEAIIAEBUSortBoundsPredicate@1@@Z 00000001800054f0 f i RTreeCooking.obj
 0001:00004560       ??$sort@IUSortBoundsPredicate@physx@@VNamedAllocator@shdfnd@2@@shdfnd@physx@@YAXPEAIIAEBUSortBoundsPredicate@1@AEBVNamedAllocator@01@I@Z 0000000180005560 f i RTreeCooking.obj
 0001:00004ac0       ??0?$InlineArray@UInterval@physx@@$0EAA@VNamedAllocator@shdfnd@2@@shdfnd@physx@@QEAA@AEBVNamedAllocator@12@@Z 0000000180005ac0 f i RTreeCooking.obj
 0001:00004be0       ??_H@YAXPEAX_K1P6APEAX0@Z@Z 0000000180005be0 f i RTreeCooking.obj
 0001:00004c40       ?allocate@?$Array@UInterval@physx@@V?$InlineAllocator@$0CAAA@VNamedAllocator@shdfnd@physx@@@shdfnd@2@@shdfnd@physx@@IEAAPEAUInterval@3@I@Z 0000000180005c40 f i RTreeCooking.obj
 0001:00005e40       ?copy@?$Array@URTreeNodeNQ@physx@@VNamedAllocator@shdfnd@2@@shdfnd@physx@@KAXPEAURTreeNodeNQ@3@0PEBU43@@Z 0000000180006e40 f i RTreeCooking.obj
 0001:00006070       ?copy@?$Array@VPxVec3@physx@@VNamedAllocator@shdfnd@2@@shdfnd@physx@@KAXPEAVPxVec3@3@0PEBV43@@Z 0000000180007070 f i RTreeCooking.obj
 0001:00006170       ?growAndPushBack@?$Array@IVNamedAllocator@shdfnd@physx@@@shdfnd@physx@@IEAAAEAIAEBI@Z 0000000180007170 f i RTreeCooking.obj
 0001:00006290       ?growAndPushBack@?$Array@UInterval@physx@@V?$InlineAllocator@$0CAAA@VNamedAllocator@shdfnd@physx@@@shdfnd@2@@shdfnd@physx@@IEAAAEAUInterval@3@AEBU43@@Z 0000000180007290 f i RTreeCooking.obj
 0001:000063c0       ?growAndPushBack@?$Array@UPxBounds3V@physx@@VNamedAllocator@shdfnd@2@@shdfnd@physx@@IEAAAEAUPxBounds3V@3@AEBU43@@Z 00000001800073c0 f i RTreeCooking.obj
 0001:000064f0       ?growAndPushBack@?$Array@URTreeNodeNQ@physx@@VNamedAllocator@shdfnd@2@@shdfnd@physx@@IEAAAEAURTreeNodeNQ@3@AEBU43@@Z 00000001800074f0 f i RTreeCooking.obj
 0001:00006630       ?growAndPushBack@?$Array@URTreeNodeQ@Gu@physx@@VNamedAllocator@shdfnd@3@@shdfnd@physx@@IEAAAEAURTreeNodeQ@Gu@3@AEBU453@@Z 0000000180007630 f i RTreeCooking.obj
 0001:00006780       ?growAndPushBack@?$Array@VPxVec3@physx@@VNamedAllocator@shdfnd@2@@shdfnd@physx@@IEAAAEAVPxVec3@3@AEBV43@@Z 0000000180007780 f i RTreeCooking.obj
 0001:00006890       ?recreate@?$Array@IVNamedAllocator@shdfnd@physx@@@shdfnd@physx@@IEAAXI@Z 0000000180007890 f i RTreeCooking.obj
 0001:000069a0       ?recreate@?$Array@UPxBounds3V@physx@@VNamedAllocator@shdfnd@2@@shdfnd@physx@@IEAAXI@Z 00000001800079a0 f i RTreeCooking.obj
 0001:00006ab0       ?recreate@?$Array@URTreeNodeNQ@physx@@VNamedAllocator@shdfnd@2@@shdfnd@physx@@IEAAXI@Z 0000000180007ab0 f i RTreeCooking.obj
 0001:00006b70       ?recreate@?$Array@URTreeNodeQ@Gu@physx@@VNamedAllocator@shdfnd@3@@shdfnd@physx@@IEAAXI@Z 0000000180007b70 f i RTreeCooking.obj
 0001:00006c80       ?recreate@?$Array@VPxVec3@physx@@VNamedAllocator@shdfnd@2@@shdfnd@physx@@IEAAXI@Z 0000000180007c80 f i RTreeCooking.obj
 0001:00006d50       ?resize@?$Array@IVNamedAllocator@shdfnd@physx@@@shdfnd@physx@@QEAAXIAEBI@Z 0000000180007d50 f i RTreeCooking.obj
 0001:00006e60       ?resizeUninitialized@?$Array@URTreeNodeNQ@physx@@VNamedAllocator@shdfnd@2@@shdfnd@physx@@QEAAXI@Z 0000000180007e60 f i RTreeCooking.obj
 0001:00006eb0       ?sort4@SubSortQuick@physx@@QEAAXPEIAIIAEAV?$Array@URTreeNodeNQ@physx@@VNamedAllocator@shdfnd@2@@shdfnd@2@AEAIAEAUPxBounds3V@2@I@Z 0000000180007eb0 f i RTreeCooking.obj
 0001:00007330       ?sort4@SubSortSAH@physx@@QEAAXPEAIIAEAV?$Array@URTreeNodeNQ@physx@@VNamedAllocator@shdfnd@2@@shdfnd@2@AEAIIPEAURTreeNodeNQ@2@@Z 0000000180008330 f i RTreeCooking.obj
 0001:00007c00       ?split@SubSortSAH@physx@@QEAAIPEAII@Z 0000000180008c00 f i RTreeCooking.obj
 0001:00008590       ??0TriangleMeshBuilder@physx@@QEAA@AEAVTriangleMeshData@Gu@1@AEBUPxCookingParams@1@@Z 0000000180009590 f   TriangleMeshBuilder.obj
 0001:000085c0       ??1TriangleMeshBuilder@physx@@UEAA@XZ 00000001800095c0 f   TriangleMeshBuilder.obj
 0001:00008630       ?cleanMesh@TriangleMeshBuilder@physx@@QEAA_N_NPEAW4Enum@PxTriangleMeshCookingResult@2@@Z 0000000180009630 f   TriangleMeshBuilder.obj
 0001:00008af0       ?remapTopology@TriangleMeshBuilder@physx@@QEAAXPEBI@Z 0000000180009af0 f   TriangleMeshBuilder.obj
 0001:00008d50       ?createSharedEdgeData@TriangleMeshBuilder@physx@@QEAAX_N0@Z 0000000180009d50 f   TriangleMeshBuilder.obj
 0001:000091c0       ?recordTriangleIndices@TriangleMeshBuilder@physx@@QEAAXXZ 000000018000a1c0 f   TriangleMeshBuilder.obj
 0001:00009260       ?createGRBMidPhaseAndData@TriangleMeshBuilder@physx@@QEAAXI@Z 000000018000a260 f   TriangleMeshBuilder.obj
 0001:00009600       ?createGRBData@TriangleMeshBuilder@physx@@QEAAXXZ 000000018000a600 f   TriangleMeshBuilder.obj
 0001:000096f0       ?loadFromDesc@TriangleMeshBuilder@physx@@QEAA_NAEBVPxTriangleMeshDesc@2@PEAW4Enum@PxTriangleMeshCookingResult@2@_N@Z 000000018000a6f0 f   TriangleMeshBuilder.obj
 0001:00009b60       ?save@TriangleMeshBuilder@physx@@QEBA_NAEAVPxOutputStream@2@_NAEBUPxCookingParams@2@@Z 000000018000ab60 f   TriangleMeshBuilder.obj
 0001:0000a160       ?checkMeshIndicesSize@TriangleMeshBuilder@physx@@QEAAXXZ 000000018000b160 f   TriangleMeshBuilder.obj
 0001:0000a270       ?computeLocalBounds@TriangleMeshBuilder@physx@@IEAAXXZ 000000018000b270 f   TriangleMeshBuilder.obj
 0001:0000a310       ?importMesh@TriangleMeshBuilder@physx@@IEAA_NAEBVPxTriangleMeshDesc@2@AEBUPxCookingParams@2@PEAW4Enum@PxTriangleMeshCookingResult@2@_N@Z 000000018000b310 f   TriangleMeshBuilder.obj
 0001:0000a630       ?releaseEdgeList@TriangleMeshBuilder@physx@@IEAAXXZ 000000018000b630 f   TriangleMeshBuilder.obj
 0001:0000a690       ?createEdgeList@TriangleMeshBuilder@physx@@IEAAXXZ 000000018000b690 f   TriangleMeshBuilder.obj
 0001:0000a7b0       ??0RTreeTriangleMeshBuilder@physx@@QEAA@AEBUPxCookingParams@1@@Z 000000018000b7b0 f   TriangleMeshBuilder.obj
 0001:0000a870       ??1RTreeTriangleMeshBuilder@physx@@UEAA@XZ 000000018000b870 f   TriangleMeshBuilder.obj
 0001:0000a8a0       ?createMidPhaseStructure@RTreeTriangleMeshBuilder@physx@@UEAAXXZ 000000018000b8a0 f   TriangleMeshBuilder.obj
 0001:0000a9e0       ?saveMidPhaseStructure@RTreeTriangleMeshBuilder@physx@@UEBAXAEAVPxOutputStream@2@_N@Z 000000018000b9e0 f   TriangleMeshBuilder.obj
 0001:0000ac30       ??0BV4TriangleMeshBuilder@physx@@QEAA@AEBUPxCookingParams@1@@Z 000000018000bc30 f   TriangleMeshBuilder.obj
 0001:0000ad00       ??1BV4TriangleMeshBuilder@physx@@UEAA@XZ 000000018000bd00 f   TriangleMeshBuilder.obj
 0001:0000ad60       ?createMidPhaseStructure@BV4TriangleMeshBuilder@physx@@UEAAXXZ 000000018000bd60 f   TriangleMeshBuilder.obj
 0001:0000aff0       ?saveMidPhaseStructure@BV4TriangleMeshBuilder@physx@@UEBAXAEAVPxOutputStream@2@_N@Z 000000018000bff0 f   TriangleMeshBuilder.obj
 0001:0000b1f0       ?onMeshIndexFormatChange@BV4TriangleMeshBuilder@physx@@UEAAXXZ 000000018000c1f0 f   TriangleMeshBuilder.obj
 0001:0000b230       ?createMidPhaseStructure@BV32TriangleMeshBuilder@physx@@SAXAEBUPxCookingParams@2@AEAVTriangleMeshData@Gu@2@AEAVBV32Tree@52@@Z 000000018000c230 f   TriangleMeshBuilder.obj
 0001:0000b3b0       ?saveMidPhaseStructure@BV32TriangleMeshBuilder@physx@@SAXPEAVBV32Tree@Gu@2@AEAVPxOutputStream@2@_N@Z 000000018000c3b0 f   TriangleMeshBuilder.obj
 0001:0000b550       ?findSharpVertices@GrbTrimeshCookerHelper@physx@@YAXAEAV?$Array@USortedNeighbor@GrbTrimeshCookerHelper@physx@@VNamedAllocator@shdfnd@3@@shdfnd@2@AEAV?$Array@USharpEdgeRange@GrbTrimeshCookerHelper@physx@@VNamedAllocator@shdfnd@3@@42@PEBUuint3@2@PEBUuint4@2@II@Z 000000018000c550 f   TriangleMeshBuilder.obj
 0001:0000b910       ?buildVertexConnectionNew_p1@GrbTrimeshCookerHelper@physx@@YAIAEAV?$Array@USortedNeighbor@GrbTrimeshCookerHelper@physx@@VNamedAllocator@shdfnd@3@@shdfnd@2@AEAV?$Array@USharpEdgeRange@GrbTrimeshCookerHelper@physx@@VNamedAllocator@shdfnd@3@@42@PEBUuint3@2@PEBUuint4@2@II@Z 000000018000c910 f   TriangleMeshBuilder.obj
 0001:0000bac0       ?buildVertexConnectionNew_p2@GrbTrimeshCookerHelper@physx@@YAXPEAI00AEAV?$Array@USortedNeighbor@GrbTrimeshCookerHelper@physx@@VNamedAllocator@shdfnd@3@@shdfnd@2@AEAV?$Array@USharpEdgeRange@GrbTrimeshCookerHelper@physx@@VNamedAllocator@shdfnd@3@@42@I@Z 000000018000cac0 f   TriangleMeshBuilder.obj
 0001:0000c8e0       ??$?_UG@@YAPEAX_KV?$ReflectionAllocator@G@shdfnd@physx@@PEBDH@Z 000000018000d8e0 f i TriangleMeshBuilder.obj
 0001:0000c9a0       ??$?_UI@@YAPEAX_KV?$ReflectionAllocator@I@shdfnd@physx@@PEBDH@Z 000000018000d9a0 f i TriangleMeshBuilder.obj
 0001:0000ca60       ??$median3@USortedNeighbor@GrbTrimeshCookerHelper@physx@@$$CBU?$Less@USortedNeighbor@GrbTrimeshCookerHelper@physx@@@shdfnd@3@@internal@shdfnd@physx@@YAXPEAUSortedNeighbor@GrbTrimeshCookerHelper@2@HHAEBU?$Less@USortedNeighbor@GrbTrimeshCookerHelper@physx@@@12@@Z 000000018000da60 f i TriangleMeshBuilder.obj
 0001:0000cbe0       ??$sort@UEdgeTriLookup@physx@@@shdfnd@physx@@YAXPEAUEdgeTriLookup@1@I@Z 000000018000dbe0 f i TriangleMeshBuilder.obj
 0001:0000cc40       ??$sort@UEdgeTriLookup@physx@@U?$Less@UEdgeTriLookup@physx@@@shdfnd@2@VNamedAllocator@42@@shdfnd@physx@@YAXPEAUEdgeTriLookup@1@IAEBU?$Less@UEdgeTriLookup@physx@@@01@AEBVNamedAllocator@01@I@Z 000000018000dc40 f i TriangleMeshBuilder.obj
 0001:0000d260       ??$sort@USortedNeighbor@GrbTrimeshCookerHelper@physx@@@shdfnd@physx@@YAXPEAUSortedNeighbor@GrbTrimeshCookerHelper@1@I@Z 000000018000e260 f i TriangleMeshBuilder.obj
 0001:0000d2c0       ??$sort@USortedNeighbor@GrbTrimeshCookerHelper@physx@@U?$Less@USortedNeighbor@GrbTrimeshCookerHelper@physx@@@shdfnd@3@VNamedAllocator@53@@shdfnd@physx@@YAXPEAUSortedNeighbor@GrbTrimeshCookerHelper@1@IAEBU?$Less@USortedNeighbor@GrbTrimeshCookerHelper@physx@@@01@AEBVNamedAllocator@01@I@Z 000000018000e2c0 f i TriangleMeshBuilder.obj
 0001:0000d840       ??0PxVec4@physx@@QEAA@XZ   000000018000e840 f i TriangleMeshBuilder.obj
 0001:0000d850       ??1BV4TriangleData@Gu@physx@@UEAA@XZ 000000018000e850 f i TriangleMeshBuilder.obj
 0001:0000d8a0       ??1RTreeTriangleData@Gu@physx@@UEAA@XZ 000000018000e8a0 f i TriangleMeshBuilder.obj
 0001:0000d920       ??1RemapCallback@RTreeCooker@physx@@UEAA@XZ 000000018000e920 f i TriangleMeshBuilder.obj
 0001:0000d930       ??1TriangleMeshData@Gu@physx@@UEAA@XZ 000000018000e930 f i TriangleMeshBuilder.obj
 0001:0000db00       ??_GBV4TriangleData@Gu@physx@@UEAAPEAXI@Z 000000018000eb00 f i TriangleMeshBuilder.obj
 0001:0000db00       ??_EBV4TriangleData@Gu@physx@@UEAAPEAXI@Z 000000018000eb00 f i TriangleMeshBuilder.obj
 0001:0000dbb0       ??_GBV4TriangleMeshBuilder@physx@@UEAAPEAXI@Z 000000018000ebb0 f i TriangleMeshBuilder.obj
 0001:0000dbb0       ??_EBV4TriangleMeshBuilder@physx@@UEAAPEAXI@Z 000000018000ebb0 f i TriangleMeshBuilder.obj
 0001:0000dc50       ??_GRTreeCookerRemap@physx@@UEAAPEAXI@Z 000000018000ec50 f i TriangleMeshBuilder.obj
 0001:0000dc50       ??_ERTreeCookerRemap@physx@@UEAAPEAXI@Z 000000018000ec50 f i TriangleMeshBuilder.obj
 0001:0000dc90       ??_ERTreeTriangleData@Gu@physx@@UEAAPEAXI@Z 000000018000ec90 f i TriangleMeshBuilder.obj
 0001:0000dc90       ??_GRTreeTriangleData@Gu@physx@@UEAAPEAXI@Z 000000018000ec90 f i TriangleMeshBuilder.obj
 0001:0000dd10       ??_ERTreeTriangleMeshBuilder@physx@@UEAAPEAXI@Z 000000018000ed10 f i TriangleMeshBuilder.obj
 0001:0000dd10       ??_GRTreeTriangleMeshBuilder@physx@@UEAAPEAXI@Z 000000018000ed10 f i TriangleMeshBuilder.obj
 0001:0000dd70       ??_GRemapCallback@RTreeCooker@physx@@UEAAPEAXI@Z 000000018000ed70 f i TriangleMeshBuilder.obj
 0001:0000dd70       ??_ERemapCallback@RTreeCooker@physx@@UEAAPEAXI@Z 000000018000ed70 f i TriangleMeshBuilder.obj
 0001:0000ddb0       ??_GTriangleMeshBuilder@physx@@UEAAPEAXI@Z 000000018000edb0 f i TriangleMeshBuilder.obj
 0001:0000ddb0       ??_ETriangleMeshBuilder@physx@@UEAAPEAXI@Z 000000018000edb0 f i TriangleMeshBuilder.obj
 0001:0000de00       ??_ETriangleMeshData@Gu@physx@@UEAAPEAXI@Z 000000018000ee00 f i TriangleMeshBuilder.obj
 0001:0000de00       ??_GTriangleMeshData@Gu@physx@@UEAAPEAXI@Z 000000018000ee00 f i TriangleMeshBuilder.obj
 0001:0000de80       ?allocateTriangles@TriangleMeshData@Gu@physx@@QEAAPEAXI_NI@Z 000000018000ee80 f i TriangleMeshBuilder.obj
 0001:0000df90       ?allocateVertices@TriangleMeshData@Gu@physx@@QEAAPEAVPxVec3@3@I@Z 000000018000ef90 f i TriangleMeshBuilder.obj
 0001:0000e840       ?getMidphaseID@BV4TriangleMeshBuilder@physx@@UEBA?AW4Enum@PxMeshMidPhase@2@XZ 000000018000f840 f i TriangleMeshBuilder.obj
 0001:0000e850       ?getMidphaseID@RTreeTriangleMeshBuilder@physx@@UEBA?AW4Enum@PxMeshMidPhase@2@XZ 000000018000f850 f i TriangleMeshBuilder.obj
 0001:0000e860       ?growAndPushBack@?$Array@USortedNeighbor@GrbTrimeshCookerHelper@physx@@VNamedAllocator@shdfnd@3@@shdfnd@physx@@IEAAAEAUSortedNeighbor@GrbTrimeshCookerHelper@3@AEBU453@@Z 000000018000f860 f i TriangleMeshBuilder.obj
 0001:0000e990       ?onMeshIndexFormatChange@TriangleMeshBuilder@physx@@UEAAXXZ 000000018000f990 f i TriangleMeshBuilder.obj
 0001:0000e9a0       ?recreate@?$Array@USharpEdgeRange@GrbTrimeshCookerHelper@physx@@VNamedAllocator@shdfnd@3@@shdfnd@physx@@IEAAXI@Z 000000018000f9a0 f i TriangleMeshBuilder.obj
 0001:0000eab0       ?recreate@?$Array@USortedNeighbor@GrbTrimeshCookerHelper@physx@@VNamedAllocator@shdfnd@3@@shdfnd@physx@@IEAAXI@Z 000000018000fab0 f i TriangleMeshBuilder.obj
 0001:0000ebd0       ?remap@RTreeCookerRemap@physx@@UEAAXPEAIII@Z 000000018000fbd0 f i TriangleMeshBuilder.obj
 0001:0000ebf0       ?resize@?$Array@USharpEdgeRange@GrbTrimeshCookerHelper@physx@@VNamedAllocator@shdfnd@3@@shdfnd@physx@@QEAAXIAEBUSharpEdgeRange@GrbTrimeshCookerHelper@3@@Z 000000018000fbf0 f i TriangleMeshBuilder.obj
 0001:0000ed00       ?resizeUninitialized@?$Array@USortedNeighbor@GrbTrimeshCookerHelper@physx@@VNamedAllocator@shdfnd@3@@shdfnd@physx@@QEAAXI@Z 000000018000fd00 f i TriangleMeshBuilder.obj
 0001:0000ed50       ??0BigConvexDataBuilder@physx@@QEAA@PEBUConvexHullData@Gu@1@PEAVBigConvexData@1@PEBVPxVec3@1@@Z 000000018000fd50 f   BigConvexDataBuilder.obj
 0001:0000ed70       ??1BigConvexDataBuilder@physx@@QEAA@XZ 000000018000fd70 f   BigConvexDataBuilder.obj
 0001:0000ed80       ?precompute@BigConvexDataBuilder@physx@@QEAA_NI@Z 000000018000fd80 f   BigConvexDataBuilder.obj
 0001:0000f9d0       ?initialize@BigConvexDataBuilder@physx@@QEAA_NXZ 00000001800109d0 f   BigConvexDataBuilder.obj
 0001:0000fa80       ?save@BigConvexDataBuilder@physx@@QEBA_NAEAVPxOutputStream@2@_N@Z 0000000180010a80 f   BigConvexDataBuilder.obj
 0001:0000fcd0       ?computeValencies@BigConvexDataBuilder@physx@@QEAA_NAEBVConvexHullBuilder@2@@Z 0000000180010cd0 f   BigConvexDataBuilder.obj
 0001:000100d0       ?saveValencies@BigConvexDataBuilder@physx@@QEBA_NAEAVPxOutputStream@2@_N@Z 00000001800110d0 f   BigConvexDataBuilder.obj
 0001:000107c0       ??0ConvexHullBuilder@physx@@QEAA@PEAUConvexHullData@Gu@1@_N@Z 00000001800117c0 f   ConvexHullBuilder.obj
 0001:000107f0       ??1ConvexHullBuilder@physx@@QEAA@XZ 00000001800117f0 f   ConvexHullBuilder.obj
 0001:00010900       ?init@ConvexHullBuilder@physx@@QEAA_NIPEBVPxVec3@2@PEBIIIPEBUPxHullPolygon@2@_NPEAVConvexHullLib@2@@Z 0000000180011900 f   ConvexHullBuilder.obj
 0001:00010ce0       ?save@ConvexHullBuilder@physx@@QEBA_NAEAVPxOutputStream@2@_N@Z 0000000180011ce0 f   ConvexHullBuilder.obj
 0001:00011020       ?copy@ConvexHullBuilder@physx@@QEAA_NAEAUConvexHullData@Gu@2@AEAI@Z 0000000180012020 f   ConvexHullBuilder.obj
 0001:00011290       ?createEdgeList@ConvexHullBuilder@physx@@QEAA_N_NI@Z 0000000180012290 f   ConvexHullBuilder.obj
 0001:00011aa0       ?checkHullPolygons@ConvexHullBuilder@physx@@QEBA_NXZ 0000000180012aa0 f   ConvexHullBuilder.obj
 0001:00012080       ?calculateVertexMapTable@ConvexHullBuilder@physx@@QEAA_NI_N@Z 0000000180013080 f   ConvexHullBuilder.obj
 0001:00012240       ?computeGeomCenter@ConvexHullBuilder@physx@@IEBA_NAEAVPxVec3@2@IPEAUHullTriangleData@2@@Z 0000000180013240 f   ConvexHullBuilder.obj
 0001:00012c50       ??$?_UE@@YAPEAX_KV?$ReflectionAllocator@E@shdfnd@physx@@PEBDH@Z 0000000180013c50 f i ConvexHullBuilder.obj
 0001:00012d10       ??0PxVec3@physx@@QEAA@XZ   0000000180013d10 f i ConvexHullBuilder.obj
 0001:00012d20       ??1ConvexHullLib@physx@@UEAA@XZ 0000000180013d20 f   ConvexHullLib.obj
 0001:00012d80       ?cleanupVertices@ConvexHullLib@physx@@IEAA_NIPEBVPxVec3@2@IAEAIPEAV32@AEAV32@3@Z 0000000180013d80 f   ConvexHullLib.obj
 0001:000131d0       ?shiftAndcleanupVertices@ConvexHullLib@physx@@IEAA_NIPEBVPxVec3@2@IAEAIPEAV32@AEAV32@3@Z 00000001800141d0 f   ConvexHullLib.obj
 0001:000136e0       ?swapLargestFace@ConvexHullLib@physx@@IEAAXAEAVPxConvexMeshDesc@2@@Z 00000001800146e0 f   ConvexHullLib.obj
 0001:000138d0       ?shiftConvexMeshDesc@ConvexHullLib@physx@@IEAAXAEAVPxConvexMeshDesc@2@@Z 00000001800148d0 f   ConvexHullLib.obj
 0001:00013cb0       ??_EConvexHullLib@physx@@UEAAPEAXI@Z 0000000180014cb0 f i ConvexHullLib.obj
 0001:00013cb0       ??_GConvexHullLib@physx@@UEAAPEAXI@Z 0000000180014cb0 f i ConvexHullLib.obj
 0001:00014380       ??0ConvexHull@physx@@QEAA@AEBVPxVec3@1@0AEBV?$Array@VPxPlane@physx@@VNamedAllocator@shdfnd@2@@shdfnd@1@@Z 0000000180015380 f   ConvexHullUtils.obj
 0001:00014df0       ??0ConvexHull@physx@@QEAA@AEBVPxVec3@1@AEBVPxTransform@1@AEBV?$Array@VPxPlane@physx@@VNamedAllocator@shdfnd@2@@shdfnd@1@@Z 0000000180015df0 f   ConvexHullUtils.obj
 0001:00016130       ?findCandidatePlane@ConvexHull@physx@@QEBAHMM@Z 0000000180017130 f   ConvexHullUtils.obj
 0001:00016590       ?assertIntact@ConvexHull@physx@@QEBA_NM@Z 0000000180017590 f   ConvexHullUtils.obj
 0001:000168b0       ?maxNumVertsPerFace@ConvexHull@physx@@QEBAIXZ 00000001800178b0 f   ConvexHullUtils.obj
 0001:00016930       ?convexHullCrop@physx@@YAPEAVConvexHull@1@AEBV21@AEBVPxPlane@1@M@Z 0000000180017930 f   ConvexHullUtils.obj
 0001:000177c0       ?computeOBBFromConvex@physx@@YA_NAEBVPxConvexMeshDesc@1@AEAVPxVec3@1@AEAVPxTransform@1@@Z 00000001800187c0 f   ConvexHullUtils.obj
 0001:00017eb0       ?computeOBBSIMD@local@@YAXIPEBT__m128@@AEAT2@AEBT2@1@Z 0000000180018eb0 f   ConvexHullUtils.obj
 0001:00019070       ??0HalfEdge@ConvexHull@physx@@QEAA@XZ 000000018001a070 f i ConvexHullUtils.obj
 0001:00019080       ??0PxPlane@physx@@QEAA@XZ  000000018001a080 f i ConvexHullUtils.obj
 0001:00019090       ?copy@?$Array@VPxPlane@physx@@VNamedAllocator@shdfnd@2@@shdfnd@physx@@KAXPEAVPxPlane@3@0PEBV43@@Z 000000018001a090 f i ConvexHullUtils.obj
 0001:000191d0       ?getInverse@PxMat33@physx@@QEBA?BV12@XZ 000000018001a1d0 f i ConvexHullUtils.obj
 0001:000194b0       ?growAndPushBack@?$Array@VHalfEdge@ConvexHull@physx@@VNamedAllocator@shdfnd@3@@shdfnd@physx@@IEAAAEAVHalfEdge@ConvexHull@3@AEBV453@@Z 000000018001a4b0 f i ConvexHullUtils.obj
 0001:000195d0       ?growAndPushBack@?$Array@VPxPlane@physx@@VNamedAllocator@shdfnd@2@@shdfnd@physx@@IEAAAEAVPxPlane@3@AEBV43@@Z 000000018001a5d0 f i ConvexHullUtils.obj
 0001:000196f0       ?recreate@?$Array@VHalfEdge@ConvexHull@physx@@VNamedAllocator@shdfnd@3@@shdfnd@physx@@IEAAXI@Z 000000018001a6f0 f i ConvexHullUtils.obj
 0001:00019800       ?recreate@?$Array@VPxPlane@physx@@VNamedAllocator@shdfnd@2@@shdfnd@physx@@IEAAXI@Z 000000018001a800 f i ConvexHullUtils.obj
 0001:000198c0       ?resize@?$Array@VHalfEdge@ConvexHull@physx@@VNamedAllocator@shdfnd@3@@shdfnd@physx@@QEAAXIAEBVHalfEdge@ConvexHull@3@@Z 000000018001a8c0 f i ConvexHullUtils.obj
 0001:000199d0       ?resize@?$Array@VPxPlane@physx@@VNamedAllocator@shdfnd@2@@shdfnd@physx@@QEAAXIAEBVPxPlane@3@@Z 000000018001a9d0 f i ConvexHullUtils.obj
 0001:00019b30       ?resize@?$Array@VPxVec3@physx@@VNamedAllocator@shdfnd@2@@shdfnd@physx@@QEAAXIAEBVPxVec3@3@@Z 000000018001ab30 f i ConvexHullUtils.obj
 0001:00019c50       ??0ConvexMeshBuilder@physx@@QEAA@_N@Z 000000018001ac50 f   ConvexMeshBuilder.obj
 0001:00019cc0       ??1ConvexMeshBuilder@physx@@QEAA@XZ 000000018001acc0 f   ConvexMeshBuilder.obj
 0001:00019d20       ?build@ConvexMeshBuilder@physx@@QEAA_NAEBVPxConvexMeshDesc@2@I_NPEAVConvexHullLib@2@@Z 000000018001ad20 f   ConvexMeshBuilder.obj
 0001:0001a070       ?save@ConvexMeshBuilder@physx@@QEBA_NAEAVPxOutputStream@2@_N@Z 000000018001b070 f   ConvexMeshBuilder.obj
 0001:0001a2a0       ?copy@ConvexMeshBuilder@physx@@QEAA_NAEAUConvexHullData@Gu@2@AEAI@Z 000000018001b2a0 f   ConvexMeshBuilder.obj
 0001:0001a330       ?loadConvexHull@ConvexMeshBuilder@physx@@QEAA_NAEBVPxConvexMeshDesc@2@PEAVConvexHullLib@2@@Z 000000018001b330 f   ConvexMeshBuilder.obj
 0001:0001a5e0       ?computeHullPolygons@ConvexMeshBuilder@physx@@QEAA_NAEBIPEBVPxVec3@2@0PEBIAEAVPxAllocatorCallback@2@AEAIAEAPEAV32@4AEAPEAI4AEAPEAUPxHullPolygon@2@@Z 000000018001b5e0 f   ConvexMeshBuilder.obj
 0001:0001a800       ?computeGaussMaps@ConvexMeshBuilder@physx@@QEAA_NXZ 000000018001b800 f   ConvexMeshBuilder.obj
 0001:0001a920       ?computeMassInfo@ConvexMeshBuilder@physx@@QEAAX_N@Z 000000018001b920 f   ConvexMeshBuilder.obj
 0001:0001ad00       ?computeInternalObjects@ConvexMeshBuilder@physx@@QEAAXXZ 000000018001bd00 f   ConvexMeshBuilder.obj
 0001:0001b6d0       ?isFinite@PxVec3@physx@@QEBA_NXZ 000000018001c6d0 f i ConvexMeshBuilder.obj
 0001:0001b740       ??0ConvexPolygonsBuilder@physx@@QEAA@PEAUConvexHullData@Gu@1@_N@Z 000000018001c740 f   ConvexPolygonsBuilder.obj
 0001:0001b770       ??1ConvexPolygonsBuilder@physx@@QEAA@XZ 000000018001c770 f   ConvexPolygonsBuilder.obj
 0001:0001b7c0       ?computeHullPolygons@ConvexPolygonsBuilder@physx@@QEAA_NAEBIPEBVPxVec3@2@0PEBI@Z 000000018001c7c0 f   ConvexPolygonsBuilder.obj
 0001:0001ba80       ?createPolygonData@ConvexPolygonsBuilder@physx@@AEAA_NXZ 000000018001ca80 f   ConvexPolygonsBuilder.obj
 0001:0001c680       ?createTrianglesFromPolygons@ConvexPolygonsBuilder@physx@@AEAA_NXZ 000000018001d680 f   ConvexPolygonsBuilder.obj
 0001:0001d520       ??$?_UUHullTriangleData@physx@@@@YAPEAX_KV?$ReflectionAllocator@UHullTriangleData@physx@@@shdfnd@physx@@PEBDH@Z 000000018001e520 f i ConvexPolygonsBuilder.obj
 0001:0001d5e0       ??$copy@VNamedAllocator@shdfnd@physx@@@?$Array@VPair@@VNamedAllocator@shdfnd@physx@@@shdfnd@physx@@IEAAXAEBV012@@Z 000000018001e5e0 f i ConvexPolygonsBuilder.obj
 0001:000202a0       ?growAndPushBack@?$Array@VPair@@VNamedAllocator@shdfnd@physx@@@shdfnd@physx@@IEAAAEAVPair@@AEBV4@@Z 00000001800212a0 f i ConvexPolygonsBuilder.obj
 0001:000203e0       ??0InflationConvexHullLib@physx@@QEAA@AEBVPxConvexMeshDesc@1@AEBUPxCookingParams@1@@Z 00000001800213e0 f   InflationConvexHullLib.obj
 0001:00020420       ??1InflationConvexHullLib@physx@@UEAA@XZ 0000000180021420 f   InflationConvexHullLib.obj
 0001:000204b0       ?createConvexHull@InflationConvexHullLib@physx@@UEAA?AW4Enum@PxConvexMeshCookingResult@2@XZ 00000001800214b0 f   InflationConvexHullLib.obj
 0001:000205d0       ?fillConvexMeshDesc@InflationConvexHullLib@physx@@UEAAXAEAVPxConvexMeshDesc@2@@Z 00000001800215d0 f   InflationConvexHullLib.obj
 0001:00020650       ?computeHull@InflationConvexHullLib@physx@@IEAA?AW4ErrorCode@ConvexHullLibResult@2@IPEBVPxVec3@2@@Z 0000000180021650 f   InflationConvexHullLib.obj
 0001:00020890       ?calchull@InflationConvexHullLib@physx@@IEAA?AW4ErrorCode@ConvexHullLibResult@2@PEBVPxVec3@2@IAEAPEAVConvexHull@2@@Z 0000000180021890 f   InflationConvexHullLib.obj
 0001:00020b50       ?calchullgen@InflationConvexHullLib@physx@@IEAA?AW4ErrorCode@ConvexHullLibResult@2@PEBVPxVec3@2@IAEAVHullTriangles@local@@@Z 0000000180021b50 f   InflationConvexHullLib.obj
 0001:00021c00       ?calchullplanes@InflationConvexHullLib@physx@@IEAA_NPEBVPxVec3@2@AEAVHullTriangles@local@@AEAV?$Array@VPxPlane@physx@@VNamedAllocator@shdfnd@2@@shdfnd@2@@Z 0000000180022c00 f   InflationConvexHullLib.obj
 0001:00022320       ?overhull@InflationConvexHullLib@physx@@IEAA_NPEBVPxVec3@2@IAEBV?$Array@VPxPlane@physx@@VNamedAllocator@shdfnd@2@@shdfnd@2@AEAPEAVConvexHull@2@@Z 0000000180023320 f   InflationConvexHullLib.obj
 0001:000229a0       ?expandHull@InflationConvexHullLib@physx@@IEAA?AW4ErrorCode@ConvexHullLibResult@2@PEBVPxVec3@2@IAEBVHullTriangles@local@@AEAPEAVConvexHull@2@@Z 00000001800239a0 f   InflationConvexHullLib.obj
 0001:00023a90       ?expandHullOBB@InflationConvexHullLib@physx@@IEAA?AW4ErrorCode@ConvexHullLibResult@2@PEBVPxVec3@2@IAEBVHullTriangles@local@@AEAPEAVConvexHull@2@@Z 0000000180024a90 f   InflationConvexHullLib.obj
 0001:000241c0       ?maxIndexInDirFiltered@local@@YAHPEBVPxVec3@physx@@IAEBV23@PEA_N@Z 00000001800251c0 f   InflationConvexHullLib.obj
 0001:00024470       ?maxIndexInDirSterid@local@@YAHPEBVPxVec3@physx@@IAEBV23@AEAV?$Array@EVNamedAllocator@shdfnd@physx@@@shdfnd@3@@Z 0000000180025470 f   InflationConvexHullLib.obj
 0001:00025a60       ??_GConvexHull@physx@@QEAAPEAXI@Z 0000000180026a60 f i InflationConvexHullLib.obj
 0001:00025b70       ??_EInflationConvexHullLib@physx@@UEAAPEAXI@Z 0000000180026b70 f i InflationConvexHullLib.obj
 0001:00025b70       ??_GInflationConvexHullLib@physx@@UEAAPEAXI@Z 0000000180026b70 f i InflationConvexHullLib.obj
 0001:00025c70       ?b2bfix@HullTriangles@local@@IEAAXPEAVTri@2@0@Z 0000000180026c70 f i InflationConvexHullLib.obj
 0001:00026140       ?createEdgeList@InflationConvexHullLib@physx@@UEAA_NIPEBEPEAPEAEPEAPEAG2@Z 0000000180027140 f i InflationConvexHullLib.obj
 0001:00026150       ?createTri@HullTriangles@local@@QEAAPEAVTri@2@HHH@Z 0000000180027150 f i InflationConvexHullLib.obj
 0001:00026290       ?findExtrudable@HullTriangles@local@@QEBAPEAVTri@2@M@Z 0000000180027290 f i InflationConvexHullLib.obj
 0001:00026da0       ?getNormal@Tri@local@@QEBA?AVPxVec3@physx@@PEBV34@@Z 0000000180027da0 f i InflationConvexHullLib.obj
 0001:00026ef0       ?growAndPushBack@?$Array@EVNamedAllocator@shdfnd@physx@@@shdfnd@physx@@IEAAAEAEAEBE@Z 0000000180027ef0 f i InflationConvexHullLib.obj
 0001:00027030       ?growAndPushBack@?$Array@HVNamedAllocator@shdfnd@physx@@@shdfnd@physx@@IEAAAEAHAEBH@Z 0000000180028030 f i InflationConvexHullLib.obj
 0001:00027150       ?growAndPushBack@?$Array@PEAVTri@local@@VNamedAllocator@shdfnd@physx@@@shdfnd@physx@@IEAAAEAPEAVTri@local@@AEBQEAV45@@Z 0000000180028150 f i InflationConvexHullLib.obj
 0001:00027280       ?growAndPushBack@?$Array@UExpandPlane@local@@VNamedAllocator@shdfnd@physx@@@shdfnd@physx@@IEAAAEAUExpandPlane@local@@AEBU45@@Z 0000000180028280 f i InflationConvexHullLib.obj
 0001:00027640       ?neib@Tri@local@@QEAAAEAHHH@Z 0000000180028640 f i InflationConvexHullLib.obj
 0001:00027720       ?recreate@?$Array@EVNamedAllocator@shdfnd@physx@@@shdfnd@physx@@IEAAXI@Z 0000000180028720 f i InflationConvexHullLib.obj
 0001:00027830       ?recreate@?$Array@HVNamedAllocator@shdfnd@physx@@@shdfnd@physx@@IEAAXI@Z 0000000180028830 f i InflationConvexHullLib.obj
 0001:00027940       ?recreate@?$Array@PEAVTri@local@@VNamedAllocator@shdfnd@physx@@@shdfnd@physx@@IEAAXI@Z 0000000180028940 f i InflationConvexHullLib.obj
 0001:00027a50       ?removeb2b@HullTriangles@local@@IEAAXPEAVTri@2@0@Z 0000000180028a50 f i InflationConvexHullLib.obj
 0001:00027ae0       ?resize@?$Array@HVNamedAllocator@shdfnd@physx@@@shdfnd@physx@@QEAAXIAEBH@Z 0000000180028ae0 f i InflationConvexHullLib.obj
 0001:00027bf0       ??0QuickHullConvexHullLib@physx@@QEAA@AEBVPxConvexMeshDesc@1@AEBUPxCookingParams@1@@Z 0000000180028bf0 f   QuickHullConvexHullLib.obj
 0001:00027cf0       ??1QuickHullConvexHullLib@physx@@UEAA@XZ 0000000180028cf0 f   QuickHullConvexHullLib.obj
 0001:00027dc0       ?createConvexHull@QuickHullConvexHullLib@physx@@UEAA?AW4Enum@PxConvexMeshCookingResult@2@XZ 0000000180028dc0 f   QuickHullConvexHullLib.obj
 0001:00028370       ?fillConvexMeshDesc@QuickHullConvexHullLib@physx@@UEAAXAEAVPxConvexMeshDesc@2@@Z 0000000180029370 f   QuickHullConvexHullLib.obj
 0001:000283c0       ?createEdgeList@QuickHullConvexHullLib@physx@@UEAA_NIPEBEPEAPEAEPEAPEAG2@Z 00000001800293c0 f   QuickHullConvexHullLib.obj
 0001:00028600       ?expandHullOBB@QuickHullConvexHullLib@physx@@IEAA?AW4Enum@PxConvexMeshCookingResult@2@XZ 0000000180029600 f   QuickHullConvexHullLib.obj
 0001:00028a80       ?expandHull@QuickHullConvexHullLib@physx@@IEAA?AW4Enum@PxConvexMeshCookingResult@2@XZ 0000000180029a80 f   QuickHullConvexHullLib.obj
 0001:00029340       ?cleanupForSimplex@QuickHullConvexHullLib@physx@@IEAA_NPEAVPxVec3@2@IPEAUQuickHullVertex@local@@1AEAM2@Z 000000018002a340 f   QuickHullConvexHullLib.obj
 0001:00029ec0       ?fillConvexMeshDescFromQuickHull@QuickHullConvexHullLib@physx@@IEAAXAEAVPxConvexMeshDesc@2@@Z 000000018002aec0 f   QuickHullConvexHullLib.obj
 0001:0002a260       ?fillConvexMeshDescFromCroppedHull@QuickHullConvexHullLib@physx@@IEAAXAEAVPxConvexMeshDesc@2@@Z 000000018002b260 f   QuickHullConvexHullLib.obj
 0001:0002a460       ?getOppositeFaceDistance@QuickHullHalfEdge@local@@QEBAMXZ 000000018002b460 f   QuickHullConvexHullLib.obj
 0001:0002a4a0       ?mergeAdjacentFace@QuickHullFace@local@@QEAA_NPEAUQuickHullHalfEdge@2@AEAV?$Array@PEAUQuickHullFace@local@@VNamedAllocator@shdfnd@physx@@@shdfnd@physx@@@Z 000000018002b4a0 f   QuickHullConvexHullLib.obj
 0001:0002a8f0       ?checkFaceConsistency@QuickHullFace@local@@QEAA_NXZ 000000018002b8f0 f   QuickHullConvexHullLib.obj
 0001:0002a900       ?connectHalfEdges@QuickHullFace@local@@AEAAPEAU12@PEAUQuickHullHalfEdge@2@0@Z 000000018002b900 f   QuickHullConvexHullLib.obj
 0001:0002ac70       ??0QuickHull@local@@QEAA@AEBUPxCookingParams@physx@@AEBVPxConvexMeshDesc@3@@Z 000000018002bc70 f   QuickHullConvexHullLib.obj
 0001:0002ae80       ??1QuickHull@local@@QEAA@XZ 000000018002be80 f   QuickHullConvexHullLib.obj
 0001:0002afe0       ?preallocate@QuickHull@local@@QEAAXI@Z 000000018002bfe0 f   QuickHullConvexHullLib.obj
 0001:0002b130       ?parseInputVertices@QuickHull@local@@QEAAXPEBVPxVec3@physx@@I@Z 000000018002c130 f   QuickHullConvexHullLib.obj
 0001:0002b2a0       ?releaseHull@QuickHull@local@@QEAAXXZ 000000018002c2a0 f   QuickHullConvexHullLib.obj
 0001:0002b300       ?setPrecomputedMinMax@QuickHull@local@@QEAAXPEBUQuickHullVertex@2@0MM@Z 000000018002c300 f   QuickHullConvexHullLib.obj
 0001:0002b490       ?buildHull@QuickHull@local@@QEAA?AW4Enum@QuickHullResult@2@XZ 000000018002c490 f   QuickHullConvexHullLib.obj
 0001:0002b6f0       ?maxNumVertsPerFace@QuickHull@local@@QEBAIXZ 000000018002c6f0 f   QuickHullConvexHullLib.obj
 0001:0002b730       ?computeMinMaxVerts@QuickHull@local@@IEAAXXZ 000000018002c730 f   QuickHullConvexHullLib.obj
 0001:0002bb10       ?findSimplex@QuickHull@local@@IEAA_NXZ 000000018002cb10 f   QuickHullConvexHullLib.obj
 0001:0002c7b0       ?addSimplex@QuickHull@local@@IEAAXPEAUQuickHullVertex@2@_N@Z 000000018002d7b0 f   QuickHullConvexHullLib.obj
 0001:0002cc80       ?nextPointToAdd@QuickHull@local@@IEAAPEAUQuickHullVertex@2@AEAPEAUQuickHullFace@2@@Z 000000018002dc80 f   QuickHullConvexHullLib.obj
 0001:0002cde0       ?addPointToHull@QuickHull@local@@IEAA_NPEBUQuickHullVertex@2@AEAUQuickHullFace@2@AEA_N@Z 000000018002dde0 f   QuickHullConvexHullLib.obj
 0001:0002d1d0       ?createTriangle@QuickHull@local@@IEAAPEAUQuickHullFace@2@AEBUQuickHullVertex@2@00@Z 000000018002e1d0 f   QuickHullConvexHullLib.obj
 0001:0002d580       ?addPointToFace@QuickHull@local@@IEAAXAEAUQuickHullFace@2@PEAUQuickHullVertex@2@M@Z 000000018002e580 f   QuickHullConvexHullLib.obj
 0001:0002d5d0       ?removeEyePointFromFace@QuickHull@local@@IEAAXAEAUQuickHullFace@2@PEBUQuickHullVertex@2@@Z 000000018002e5d0 f   QuickHullConvexHullLib.obj
 0001:0002d5f0       ?calculateHorizon@QuickHull@local@@IEAAXAEBVPxVec3@physx@@PEAUQuickHullHalfEdge@2@AEAUQuickHullFace@2@AEAV?$Array@PEAUQuickHullHalfEdge@local@@VNamedAllocator@shdfnd@physx@@@shdfnd@4@AEAV?$Array@PEAUQuickHullFace@local@@VNamedAllocator@shdfnd@physx@@@84@@Z 000000018002e5f0 f   QuickHullConvexHullLib.obj
 0001:0002d7a0       ?addNewFacesFromHorizon@QuickHull@local@@IEAAXPEBUQuickHullVertex@2@AEBV?$Array@PEAUQuickHullHalfEdge@local@@VNamedAllocator@shdfnd@physx@@@shdfnd@physx@@AEAV?$Array@PEAUQuickHullFace@local@@VNamedAllocator@shdfnd@physx@@@56@@Z 000000018002e7a0 f   QuickHullConvexHullLib.obj
 0001:0002d8f0       ?doAdjacentMerge@QuickHull@local@@IEAA_NAEAUQuickHullFace@2@_NAEA_N@Z 000000018002e8f0 f   QuickHullConvexHullLib.obj
 0001:0002db60       ?doPostAdjacentMerge@QuickHull@local@@IEAA_NAEAUQuickHullFace@2@M@Z 000000018002eb60 f   QuickHullConvexHullLib.obj
 0001:0002dca0       ?deleteFacePoints@QuickHull@local@@IEAAXAEAUQuickHullFace@2@PEAU32@@Z 000000018002eca0 f   QuickHullConvexHullLib.obj
 0001:0002ddb0       ?resolveUnclaimedPoints@QuickHull@local@@IEAAXAEBV?$Array@PEAUQuickHullFace@local@@VNamedAllocator@shdfnd@physx@@@shdfnd@physx@@@Z 000000018002edb0 f   QuickHullConvexHullLib.obj
 0001:0002e000       ?postMergeHull@QuickHull@local@@IEAAXXZ 000000018002f000 f   QuickHullConvexHullLib.obj
 0001:0002e180       ?canMergeFaces@QuickHull@local@@IEAA_NAEBUQuickHullHalfEdge@2@@Z 000000018002f180 f   QuickHullConvexHullLib.obj
 0001:0002e9c0       ?getExpandPoint@local@@YAXAEBUQuickHullHalfEdge@1@AEAUExpandPoint@1@PEBV?$Array@IVNamedAllocator@shdfnd@physx@@@shdfnd@physx@@@Z 000000018002f9c0 f   QuickHullConvexHullLib.obj
 0001:0002ea50       ?addExpandPoint@local@@YAXAEBUExpandPoint@1@AEAV?$Array@UExpandPoint@local@@VNamedAllocator@shdfnd@physx@@@shdfnd@physx@@@Z 000000018002fa50 f   QuickHullConvexHullLib.obj
 0001:00030700       ??0PxPlane@physx@@QEAA@AEBV01@@Z 0000000180031700 f i QuickHullConvexHullLib.obj
 0001:00030720       ??0QuickHullVertex@local@@QEAA@XZ 0000000180031720 f i QuickHullConvexHullLib.obj
 0001:00030730       ??1?$MemBlock@UQuickHullFace@local@@$00@local@@QEAA@XZ 0000000180031730 f i QuickHullConvexHullLib.obj
 0001:000307e0       ??1?$MemBlock@UQuickHullHalfEdge@local@@$0A@@local@@QEAA@XZ 00000001800317e0 f i QuickHullConvexHullLib.obj
 0001:00030890       ??_GQuickHullConvexHullLib@physx@@UEAAPEAXI@Z 0000000180031890 f i QuickHullConvexHullLib.obj
 0001:00030890       ??_EQuickHullConvexHullLib@physx@@UEAAPEAXI@Z 0000000180031890 f i QuickHullConvexHullLib.obj
 0001:000309d0       ??__G@YAXPEAX0_K1P6APEAX00@Z@Z 00000001800319d0 f i QuickHullConvexHullLib.obj
 0001:00030a50       ?copy@?$Array@UExpandPoint@local@@VNamedAllocator@shdfnd@physx@@@shdfnd@physx@@KAXPEAUExpandPoint@local@@0PEBU45@@Z 0000000180031a50 f i QuickHullConvexHullLib.obj
 0001:00030b30       ?getFreeItem@?$MemBlock@UQuickHullFace@local@@$00@local@@QEAAPEAUQuickHullFace@2@XZ 0000000180031b30 f i QuickHullConvexHullLib.obj
 0001:00030cc0       ?getFreeItem@?$MemBlock@UQuickHullHalfEdge@local@@$0A@@local@@QEAAPEAUQuickHullHalfEdge@2@XZ 0000000180031cc0 f i QuickHullConvexHullLib.obj
 0001:00030de0       ?growAndPushBack@?$Array@PEAUQuickHullFace@local@@VNamedAllocator@shdfnd@physx@@@shdfnd@physx@@IEAAAEAPEAUQuickHullFace@local@@AEBQEAU45@@Z 0000000180031de0 f i QuickHullConvexHullLib.obj
 0001:00030f10       ?growAndPushBack@?$Array@PEAUQuickHullHalfEdge@local@@VNamedAllocator@shdfnd@physx@@@shdfnd@physx@@IEAAAEAPEAUQuickHullHalfEdge@local@@AEBQEAU45@@Z 0000000180031f10 f i QuickHullConvexHullLib.obj
 0001:00031040       ?growAndPushBack@?$Array@PEAUQuickHullVertex@local@@VNamedAllocator@shdfnd@physx@@@shdfnd@physx@@IEAAAEAPEAUQuickHullVertex@local@@AEBQEAU45@@Z 0000000180032040 f i QuickHullConvexHullLib.obj
 0001:00031170       ?growAndPushBack@?$Array@UExpandPoint@local@@VNamedAllocator@shdfnd@physx@@@shdfnd@physx@@IEAAAEAUExpandPoint@local@@AEBU45@@Z 0000000180032170 f i QuickHullConvexHullLib.obj
 0001:000312e0       ?init@?$MemBlock@UQuickHullFace@local@@$00@local@@QEAAXI@Z 00000001800322e0 f i QuickHullConvexHullLib.obj
 0001:000313f0       ?init@?$MemBlock@UQuickHullHalfEdge@local@@$0A@@local@@QEAAXI@Z 00000001800323f0 f i QuickHullConvexHullLib.obj
 0001:000314b0       ?recreate@?$Array@PEAUQuickHullFace@local@@VNamedAllocator@shdfnd@physx@@@shdfnd@physx@@IEAAXI@Z 00000001800324b0 f i QuickHullConvexHullLib.obj
 0001:000315c0       ?recreate@?$Array@PEAUQuickHullHalfEdge@local@@VNamedAllocator@shdfnd@physx@@@shdfnd@physx@@IEAAXI@Z 00000001800325c0 f i QuickHullConvexHullLib.obj
 0001:000316d0       ?recreate@?$Array@PEAUQuickHullVertex@local@@VNamedAllocator@shdfnd@physx@@@shdfnd@physx@@IEAAXI@Z 00000001800326d0 f i QuickHullConvexHullLib.obj
 0001:000317e0       ?recreate@?$Array@UExpandPoint@local@@VNamedAllocator@shdfnd@physx@@@shdfnd@physx@@IEAAXI@Z 00000001800327e0 f i QuickHullConvexHullLib.obj
 0001:000318a0       ?computeVolumeIntegrals@physx@@YA_NAEBVPxSimpleTriangleMesh@1@MAEAUPxIntegrals@1@@Z 00000001800328a0 f   VolumeIntegration.obj
 0001:00031910       ?computeVolumeIntegralsEberly@physx@@YA_NAEBVPxConvexMeshDesc@1@MAEAUPxIntegrals@1@AEBVPxVec3@1@@Z 0000000180032910 f   VolumeIntegration.obj
 0001:00031960       ?computeVolumeIntegralsEberlySIMD@physx@@YA_NAEBVPxConvexMeshDesc@1@MAEAUPxIntegrals@1@AEBVPxVec3@1@@Z 0000000180032960 f   VolumeIntegration.obj
 0001:00034710       ?ComputeNbBoundaryEdges@AdjTriangle@physx@@QEBAIXZ 0000000180035710 f   Adjacencies.obj
 0001:00034760       ?ComputeNbNeighbors@AdjTriangle@physx@@QEBAIXZ 0000000180035760 f   Adjacencies.obj
 0001:000347b0       ?HasNeighbor@AdjTriangle@physx@@QEBA_NIPEAI@Z 00000001800357b0 f   Adjacencies.obj
 0001:00034820       ?Flip@AdjTriangle@physx@@QEAAXXZ 0000000180035820 f   Adjacencies.obj
 0001:00034840       ??0Adjacencies@physx@@QEAA@XZ 0000000180035840 f   Adjacencies.obj
 0001:00034860       ??1Adjacencies@physx@@QEAA@XZ 0000000180035860 f   Adjacencies.obj
 0001:000348d0       ?Load@Adjacencies@physx@@QEAA_NAEAVPxInputStream@2@@Z 00000001800358d0 f   Adjacencies.obj
 0001:000349b0       ?ComputeNbBoundaryEdges@Adjacencies@physx@@QEBAIXZ 00000001800359b0 f   Adjacencies.obj
 0001:00034a30       ?GetBoundaryVertices@Adjacencies@physx@@QEBA_NIPEA_NPEBU?$TriangleT@I@Gu@2@@Z 0000000180035a30 f   Adjacencies.obj
 0001:00034b90       ?MakeLastRef@Adjacencies@physx@@QEAA_NAEAVAdjTriangle@2@IPEAU?$TriangleT@I@Gu@2@@Z 0000000180035b90 f   Adjacencies.obj
 0001:00034de0       ?AssignNewEdgeCode@Adjacencies@physx@@AEAAXIE@Z 0000000180035de0 f   Adjacencies.obj
 0001:00034e30       ??0AdjacenciesBuilder@physx@@QEAA@XZ 0000000180035e30 f   Adjacencies.obj
 0001:00034e50       ??1AdjacenciesBuilder@physx@@QEAA@XZ 0000000180035e50 f   Adjacencies.obj
 0001:00034e60       ?Init@AdjacenciesBuilder@physx@@QEAA_NAEBUADJACENCIESCREATE@2@@Z 0000000180035e60 f   Adjacencies.obj
 0001:00035490       ??$?_UV?$ReflectionAllocator@VAdjTriangle@physx@@@shdfnd@physx@@@UserAllocated@shdfnd@physx@@SAPEAX_KV?$ReflectionAllocator@VAdjTriangle@physx@@@12@PEBDH@Z 0000000180036490 f i Adjacencies.obj
 0001:00035550       ??0AdjEdge@@QEAA@XZ        0000000180036550 f i Adjacencies.obj
 0001:00035560       ??0AdjTriangle@physx@@QEAA@XZ 0000000180036560 f i Adjacencies.obj
 0001:00035570       ??1AdjEdge@@QEAA@XZ        0000000180036570 f i Adjacencies.obj
 0001:00035580       ??1AdjTriangle@physx@@QEAA@XZ 0000000180036580 f i Adjacencies.obj
 0001:00035590       ??_EAdjEdge@@QEAAPEAXI@Z   0000000180036590 f i Adjacencies.obj
 0001:00035630       ??_EAdjTriangle@physx@@QEAAPEAXI@Z 0000000180036630 f i Adjacencies.obj
 0001:000356d0       ??_I@YAXPEAX_K1P6AX0@Z@Z   00000001800366d0 f i Adjacencies.obj
 0001:00035d20       PxCreateCooking            0000000180036d20 f   Cooking.obj
 0001:00035e40       ?release@Cooking@physx@@UEAAXXZ 0000000180036e40 f   Cooking.obj
 0001:00035e70       ?setParams@Cooking@physx@@UEAAXAEBUPxCookingParams@2@@Z 0000000180036e70 f   Cooking.obj
 0001:00035ef0       ?getParams@Cooking@physx@@UEBAAEBUPxCookingParams@2@XZ 0000000180036ef0 f   Cooking.obj
 0001:00035f00       ?platformMismatch@Cooking@physx@@UEBA_NXZ 0000000180036f00 f   Cooking.obj
 0001:00035f20       ?cookTriangleMesh@Cooking@physx@@UEBA_NAEBVPxTriangleMeshDesc@2@AEAVPxOutputStream@2@PEAW4Enum@PxTriangleMeshCookingResult@2@@Z 0000000180036f20 f   Cooking.obj
 0001:00036090       ?createTriangleMesh@Cooking@physx@@UEBAPEAVPxTriangleMesh@2@AEBVPxTriangleMeshDesc@2@AEAVPxPhysicsInsertionCallback@2@PEAW4Enum@PxTriangleMeshCookingResult@2@@Z 0000000180037090 f   Cooking.obj
 0001:00036200       ?validateTriangleMesh@Cooking@physx@@UEBA_NAEBVPxTriangleMeshDesc@2@@Z 0000000180037200 f   Cooking.obj
 0001:00036310       ?cookConvexMesh@Cooking@physx@@UEBA_NAEBVPxConvexMeshDesc@2@AEAVPxOutputStream@2@PEAW4Enum@PxConvexMeshCookingResult@2@@Z 0000000180037310 f   Cooking.obj
 0001:00036580       ?createConvexMesh@Cooking@physx@@UEBAPEAVPxConvexMesh@2@AEBVPxConvexMeshDesc@2@AEAVPxPhysicsInsertionCallback@2@PEAW4Enum@PxConvexMeshCookingResult@2@@Z 0000000180037580 f   Cooking.obj
 0001:000368a0       ?validateConvexMesh@Cooking@physx@@UEBA_NAEBVPxConvexMeshDesc@2@@Z 00000001800378a0 f   Cooking.obj
 0001:00036910       ?computeHullPolygons@Cooking@physx@@UEBA_NAEBVPxSimpleTriangleMesh@2@AEAVPxAllocatorCallback@2@AEAIAEAPEAVPxVec3@2@2AEAPEAI2AEAPEAUPxHullPolygon@2@@Z 0000000180037910 f   Cooking.obj
 0001:00036af0       ?cookHeightField@Cooking@physx@@UEBA_NAEBVPxHeightFieldDesc@2@AEAVPxOutputStream@2@@Z 0000000180037af0 f   Cooking.obj
 0001:00036c40       ?createHeightField@Cooking@physx@@UEBAPEAVPxHeightField@2@AEBVPxHeightFieldDesc@2@AEAVPxPhysicsInsertionCallback@2@@Z 0000000180037c40 f   Cooking.obj
 0001:00036e40       ?cookConvexMeshInternal@Cooking@physx@@AEBA_NAEBVPxConvexMeshDesc@2@AEAVConvexMeshBuilder@2@PEAVConvexHullLib@2@PEAW4Enum@PxConvexMeshCookingResult@2@@Z 0000000180037e40 f   Cooking.obj
 0001:00037120       ?cookTriangleMesh@Cooking@physx@@AEBA_NAEAVTriangleMeshBuilder@2@AEBVPxTriangleMeshDesc@2@AEAVPxOutputStream@2@PEAW4Enum@PxTriangleMeshCookingResult@2@@Z 0000000180038120 f   Cooking.obj
 0001:000371c0       ?createTriangleMesh@Cooking@physx@@AEBAPEAVPxTriangleMesh@2@AEAVTriangleMeshBuilder@2@AEBVPxTriangleMeshDesc@2@AEAVPxPhysicsInsertionCallback@2@PEAW4Enum@PxTriangleMeshCookingResult@2@@Z 00000001800381c0 f   Cooking.obj
 0001:000377c0       ??1PxCooking@physx@@MEAA@XZ 00000001800387c0 f i Cooking.obj
 0001:000377d0       ??_GCooking@physx@@UEAAPEAXI@Z 00000001800387d0 f i Cooking.obj
 0001:000377d0       ??_ECooking@physx@@UEAAPEAXI@Z 00000001800387d0 f i Cooking.obj
 0001:00037830       ??_GPxCooking@physx@@MEAAPEAXI@Z 0000000180038830 f i Cooking.obj
 0001:00037830       ??_EPxCooking@physx@@MEAAPEAXI@Z 0000000180038830 f i Cooking.obj
 0001:00037870       ??0ReducedVertexCloud@physx@@QEAA@PEBVPxVec3@1@I@Z 0000000180038870 f   CookingUtils.obj
 0001:00037890       ??1ReducedVertexCloud@physx@@QEAA@XZ 0000000180038890 f   CookingUtils.obj
 0001:000378a0       ?Clean@ReducedVertexCloud@physx@@QEAAAEAV12@XZ 00000001800388a0 f   CookingUtils.obj
 0001:00037910       ?Reduce@ReducedVertexCloud@physx@@QEAA_NPEAUREDUCEDCLOUD@2@@Z 0000000180038910 f   CookingUtils.obj
 0001:00037d30       ??0EdgeList@Gu@physx@@QEAA@XZ 0000000180038d30 f   EdgeList.obj
 0001:00037d50       ??1EdgeList@Gu@physx@@QEAA@XZ 0000000180038d50 f   EdgeList.obj
 0001:00037e00       ?load@EdgeList@Gu@physx@@QEAA_NAEAVPxInputStream@3@@Z 0000000180038e00 f   EdgeList.obj
 0001:00038020       ??0EdgeListBuilder@Gu@physx@@QEAA@XZ 0000000180039020 f   EdgeList.obj
 0001:00038040       ??1EdgeListBuilder@Gu@physx@@QEAA@XZ 0000000180039040 f   EdgeList.obj
 0001:00038050       ?init@EdgeListBuilder@Gu@physx@@QEAA_NAEBUEDGELISTCREATE@23@@Z 0000000180039050 f   EdgeList.obj
 0001:00038190       ?createFacesToEdges@EdgeListBuilder@Gu@physx@@AEAA_NIPEBIPEBG@Z 0000000180039190 f   EdgeList.obj
 0001:00038600       ?createEdgesToFaces@EdgeListBuilder@Gu@physx@@AEAA_NIPEBIPEBG@Z 0000000180039600 f   EdgeList.obj
 0001:00038860       ?computeActiveEdges@EdgeListBuilder@Gu@physx@@AEAA_NIPEBIPEBGPEBVPxVec3@3@M@Z 0000000180039860 f   EdgeList.obj
 0001:0003a740       ??0MeshCleaner@physx@@QEAA@IPEBVPxVec3@1@IPEBIM@Z 000000018003b740 f   MeshCleaner.obj
 0001:0003b110       ??1MeshCleaner@physx@@QEAA@XZ 000000018003c110 f   MeshCleaner.obj
 0001:0003b430       ?createQuantizer@physx@@YAPEAVQuantizer@1@XZ 000000018003c430 f   Quantizer.obj
 0001:0003b560       ?kmeans_cluster3d@@YAIPEBVPxVec3@physx@@IIPEAV12@PEAIMM@Z 000000018003c560 f   Quantizer.obj
 0001:0003b5c0       ??$kmeans_cluster@VPxVec3@physx@@M@@YAIPEBVPxVec3@physx@@IIPEAV01@PEAIMM@Z 000000018003c5c0 f i Quantizer.obj
 0001:0003c0d0       ??1Quantizer@physx@@MEAA@XZ 000000018003d0d0 f i Quantizer.obj
 0001:0003c0e0       ??1QuantizerImpl@@EEAA@XZ  000000018003d0e0 f i Quantizer.obj
 0001:0003c180       ??_GQuantizer@physx@@MEAAPEAXI@Z 000000018003d180 f i Quantizer.obj
 0001:0003c180       ??_EQuantizer@physx@@MEAAPEAXI@Z 000000018003d180 f i Quantizer.obj
 0001:0003c1c0       ??_EQuantizerImpl@@EEAAPEAXI@Z 000000018003d1c0 f i Quantizer.obj
 0001:0003c1c0       ??_GQuantizerImpl@@EEAAPEAXI@Z 000000018003d1c0 f i Quantizer.obj
 0001:0003c2c0       ?getDenormalizeCenter@QuantizerImpl@@UEBAAEBVPxVec3@physx@@XZ 000000018003d2c0 f i Quantizer.obj
 0001:0003c2d0       ?getDenormalizeScale@QuantizerImpl@@UEBAAEBVPxVec3@physx@@XZ 000000018003d2d0 f i Quantizer.obj
 0001:0003c2e0       ?kmeansQuantize3D@QuantizerImpl@@UEAAPEBVPxVec3@physx@@IPEBV23@I_NIAEAI@Z 000000018003d2e0 f i Quantizer.obj
 0001:0003c620       ?normalizeInput@QuantizerImpl@@AEAAXIPEBVPxVec3@physx@@I@Z 000000018003d620 f i Quantizer.obj
 0001:0003cb70       ?release@QuantizerImpl@@UEAAXXZ 000000018003db70 f i Quantizer.obj
 0001:0003cb86       LoadLibraryA               000000018003db86 f   kernel32:KERNEL32.dll
 0001:0003cb8c       __imp_load_?getAllocator@shdfnd@physx@@YAAEAVPxAllocatorCallback@2@XZ 000000018003db8c f   PxFoundationCHECKED_x64:PxFoundationCHECKED_x64.dll
 0001:0003cb98       ?getAllocator@shdfnd@physx@@YAAEAVPxAllocatorCallback@2@XZ 000000018003db98 f   PxFoundationCHECKED_x64:PxFoundationCHECKED_x64.dll
 0001:0003cb9e       __tailMerge_pxfoundationchecked_x64_dll 000000018003db9e     PxFoundationCHECKED_x64:PxFoundationCHECKED_x64.dll
 0001:0003cc17       __imp_load_??0NamedAllocator@shdfnd@physx@@QEAA@PEBD@Z 000000018003dc17 f   PxFoundationCHECKED_x64:PxFoundationCHECKED_x64.dll
 0001:0003cc23       ??0NamedAllocator@shdfnd@physx@@QEAA@PEBD@Z 000000018003dc23 f   PxFoundationCHECKED_x64:PxFoundationCHECKED_x64.dll
 0001:0003cc29       __imp_load_??0NamedAllocator@shdfnd@physx@@QEAA@AEBV012@@Z 000000018003dc29 f   PxFoundationCHECKED_x64:PxFoundationCHECKED_x64.dll
 0001:0003cc35       ??0NamedAllocator@shdfnd@physx@@QEAA@AEBV012@@Z 000000018003dc35 f   PxFoundationCHECKED_x64:PxFoundationCHECKED_x64.dll
 0001:0003cc3b       __imp_load_??1NamedAllocator@shdfnd@physx@@QEAA@XZ 000000018003dc3b f   PxFoundationCHECKED_x64:PxFoundationCHECKED_x64.dll
 0001:0003cc47       ??1NamedAllocator@shdfnd@physx@@QEAA@XZ 000000018003dc47 f   PxFoundationCHECKED_x64:PxFoundationCHECKED_x64.dll
 0001:0003cc4d       __imp_load_?allocate@NamedAllocator@shdfnd@physx@@QEAAPEAX_KPEBDH@Z 000000018003dc4d f   PxFoundationCHECKED_x64:PxFoundationCHECKED_x64.dll
 0001:0003cc59       ?allocate@NamedAllocator@shdfnd@physx@@QEAAPEAX_KPEBDH@Z 000000018003dc59 f   PxFoundationCHECKED_x64:PxFoundationCHECKED_x64.dll
 0001:0003cc5f       __imp_load_?deallocate@NamedAllocator@shdfnd@physx@@QEAAXPEAX@Z 000000018003dc5f f   PxFoundationCHECKED_x64:PxFoundationCHECKED_x64.dll
 0001:0003cc6b       ?deallocate@NamedAllocator@shdfnd@physx@@QEAAXPEAX@Z 000000018003dc6b f   PxFoundationCHECKED_x64:PxFoundationCHECKED_x64.dll
 0001:0003cc71       __imp_load_?allocate@TempAllocator@shdfnd@physx@@QEAAPEAX_KPEBDH@Z 000000018003dc71 f   PxFoundationCHECKED_x64:PxFoundationCHECKED_x64.dll
 0001:0003cc7d       ?allocate@TempAllocator@shdfnd@physx@@QEAAPEAX_KPEBDH@Z 000000018003dc7d f   PxFoundationCHECKED_x64:PxFoundationCHECKED_x64.dll
 0001:0003cc83       __imp_load_?deallocate@TempAllocator@shdfnd@physx@@QEAAXPEAX@Z 000000018003dc83 f   PxFoundationCHECKED_x64:PxFoundationCHECKED_x64.dll
 0001:0003cc8f       ?deallocate@TempAllocator@shdfnd@physx@@QEAAXPEAX@Z 000000018003dc8f f   PxFoundationCHECKED_x64:PxFoundationCHECKED_x64.dll
 0001:0003cc95       __imp_load_PxGetFoundation 000000018003dc95 f   PxFoundationCHECKED_x64:PxFoundationCHECKED_x64.dll
 0001:0003cca1       PxGetFoundation            000000018003dca1 f   PxFoundationCHECKED_x64:PxFoundationCHECKED_x64.dll
 0001:0003cca7       __imp_load_?getInstance@Foundation@shdfnd@physx@@SAAEAV123@XZ 000000018003dca7 f   PxFoundationCHECKED_x64:PxFoundationCHECKED_x64.dll
 0001:0003ccb3       ?getInstance@Foundation@shdfnd@physx@@SAAEAV123@XZ 000000018003dcb3 f   PxFoundationCHECKED_x64:PxFoundationCHECKED_x64.dll
 0001:0003ccb9       __imp_load_?error@Foundation@shdfnd@physx@@QEAAXW4Enum@PxErrorCode@3@PEBDH1ZZ 000000018003dcb9 f   PxFoundationCHECKED_x64:PxFoundationCHECKED_x64.dll
 0001:0003ccc5       ?error@Foundation@shdfnd@physx@@QEAAXW4Enum@PxErrorCode@3@PEBDH1ZZ 000000018003dcc5 f   PxFoundationCHECKED_x64:PxFoundationCHECKED_x64.dll
 0001:0003cccb       __imp_load_?PxDiagonalize@physx@@YA?AVPxVec3@1@AEBVPxMat33@1@AEAVPxQuat@1@@Z 000000018003dccb f   PxFoundationCHECKED_x64:PxFoundationCHECKED_x64.dll
 0001:0003ccd7       ?PxDiagonalize@physx@@YA?AVPxVec3@1@AEBVPxMat33@1@AEAVPxQuat@1@@Z 000000018003dcd7 f   PxFoundationCHECKED_x64:PxFoundationCHECKED_x64.dll
 0001:0003ccdd       __imp_load_?incRefCount@Foundation@shdfnd@physx@@SAXXZ 000000018003dcdd f   PxFoundationCHECKED_x64:PxFoundationCHECKED_x64.dll
 0001:0003cce9       ?incRefCount@Foundation@shdfnd@physx@@SAXXZ 000000018003dce9 f   PxFoundationCHECKED_x64:PxFoundationCHECKED_x64.dll
 0001:0003ccef       __imp_load_?decRefCount@Foundation@shdfnd@physx@@SAXXZ 000000018003dcef f   PxFoundationCHECKED_x64:PxFoundationCHECKED_x64.dll
 0001:0003ccfb       ?decRefCount@Foundation@shdfnd@physx@@SAXXZ 000000018003dcfb f   PxFoundationCHECKED_x64:PxFoundationCHECKED_x64.dll
 0001:0003cd01       __imp_load_??0FPUGuard@shdfnd@physx@@QEAA@XZ 000000018003dd01 f   PxFoundationCHECKED_x64:PxFoundationCHECKED_x64.dll
 0001:0003cd0d       ??0FPUGuard@shdfnd@physx@@QEAA@XZ 000000018003dd0d f   PxFoundationCHECKED_x64:PxFoundationCHECKED_x64.dll
 0001:0003cd13       __imp_load_??1FPUGuard@shdfnd@physx@@QEAA@XZ 000000018003dd13 f   PxFoundationCHECKED_x64:PxFoundationCHECKED_x64.dll
 0001:0003cd1f       ??1FPUGuard@shdfnd@physx@@QEAA@XZ 000000018003dd1f f   PxFoundationCHECKED_x64:PxFoundationCHECKED_x64.dll
 0001:0003cd25       __imp_load_?writeWord@physx@@YAXG_NAEAVPxOutputStream@1@@Z 000000018003dd25 f   PhysX3CommonCHECKED_x64:PhysX3CommonCHECKED_x64.dll
 0001:0003cd31       ?writeWord@physx@@YAXG_NAEAVPxOutputStream@1@@Z 000000018003dd31 f   PhysX3CommonCHECKED_x64:PhysX3CommonCHECKED_x64.dll
 0001:0003cd37       __tailMerge_physx3commonchecked_x64_dll 000000018003dd37     PhysX3CommonCHECKED_x64:PhysX3CommonCHECKED_x64.dll
 0001:0003cdb0       __imp_load_?writeDword@physx@@YAXI_NAEAVPxOutputStream@1@@Z 000000018003ddb0 f   PhysX3CommonCHECKED_x64:PhysX3CommonCHECKED_x64.dll
 0001:0003cdbc       ?writeDword@physx@@YAXI_NAEAVPxOutputStream@1@@Z 000000018003ddbc f   PhysX3CommonCHECKED_x64:PhysX3CommonCHECKED_x64.dll
 0001:0003cdc2       __imp_load_?writeFloat@physx@@YAXM_NAEAVPxOutputStream@1@@Z 000000018003ddc2 f   PhysX3CommonCHECKED_x64:PhysX3CommonCHECKED_x64.dll
 0001:0003cdce       ?writeFloat@physx@@YAXM_NAEAVPxOutputStream@1@@Z 000000018003ddce f   PhysX3CommonCHECKED_x64:PhysX3CommonCHECKED_x64.dll
 0001:0003cdd4       __imp_load_?writeHeader@physx@@YA_NCCCCI_NAEAVPxOutputStream@1@@Z 000000018003ddd4 f   PhysX3CommonCHECKED_x64:PhysX3CommonCHECKED_x64.dll
 0001:0003cde0       ?writeHeader@physx@@YA_NCCCCI_NAEAVPxOutputStream@1@@Z 000000018003dde0 f   PhysX3CommonCHECKED_x64:PhysX3CommonCHECKED_x64.dll
 0001:0003cde6       __imp_load_??0SourceMesh@Gu@physx@@QEAA@XZ 000000018003dde6 f   PhysX3CommonCHECKED_x64:PhysX3CommonCHECKED_x64.dll
 0001:0003cdf2       ??0SourceMesh@Gu@physx@@QEAA@XZ 000000018003ddf2 f   PhysX3CommonCHECKED_x64:PhysX3CommonCHECKED_x64.dll
 0001:0003cdf8       __imp_load_??1SourceMesh@Gu@physx@@QEAA@XZ 000000018003ddf8 f   PhysX3CommonCHECKED_x64:PhysX3CommonCHECKED_x64.dll
 0001:0003ce04       ??1SourceMesh@Gu@physx@@QEAA@XZ 000000018003de04 f   PhysX3CommonCHECKED_x64:PhysX3CommonCHECKED_x64.dll
 0001:0003ce0a       __imp_load_??0BV4Tree@Gu@physx@@QEAA@XZ 000000018003de0a f   PhysX3CommonCHECKED_x64:PhysX3CommonCHECKED_x64.dll
 0001:0003ce16       ??0BV4Tree@Gu@physx@@QEAA@XZ 000000018003de16 f   PhysX3CommonCHECKED_x64:PhysX3CommonCHECKED_x64.dll
 0001:0003ce1c       __imp_load_??1BV4Tree@Gu@physx@@QEAA@XZ 000000018003de1c f   PhysX3CommonCHECKED_x64:PhysX3CommonCHECKED_x64.dll
 0001:0003ce28       ??1BV4Tree@Gu@physx@@QEAA@XZ 000000018003de28 f   PhysX3CommonCHECKED_x64:PhysX3CommonCHECKED_x64.dll
 0001:0003ce2e       __imp_load_??0BV32Tree@Gu@physx@@QEAA@XZ 000000018003de2e f   PhysX3CommonCHECKED_x64:PhysX3CommonCHECKED_x64.dll
 0001:0003ce3a       ??0BV32Tree@Gu@physx@@QEAA@XZ 000000018003de3a f   PhysX3CommonCHECKED_x64:PhysX3CommonCHECKED_x64.dll
 0001:0003ce40       __imp_load_??1BV32Tree@Gu@physx@@QEAA@XZ 000000018003de40 f   PhysX3CommonCHECKED_x64:PhysX3CommonCHECKED_x64.dll
 0001:0003ce4c       ??1BV32Tree@Gu@physx@@QEAA@XZ 000000018003de4c f   PhysX3CommonCHECKED_x64:PhysX3CommonCHECKED_x64.dll
 0001:0003ce52       __imp_load_?writeFloatBuffer@physx@@YAXPEBMI_NAEAVPxOutputStream@1@@Z 000000018003de52 f   PhysX3CommonCHECKED_x64:PhysX3CommonCHECKED_x64.dll
 0001:0003ce5e       ?writeFloatBuffer@physx@@YAXPEBMI_NAEAVPxOutputStream@1@@Z 000000018003de5e f   PhysX3CommonCHECKED_x64:PhysX3CommonCHECKED_x64.dll
 0001:0003ce64       __imp_load_?writeWordBuffer@physx@@YAXPEBGI_NAEAVPxOutputStream@1@@Z 000000018003de64 f   PhysX3CommonCHECKED_x64:PhysX3CommonCHECKED_x64.dll
 0001:0003ce70       ?writeWordBuffer@physx@@YAXPEBGI_NAEAVPxOutputStream@1@@Z 000000018003de70 f   PhysX3CommonCHECKED_x64:PhysX3CommonCHECKED_x64.dll
 0001:0003ce76       __imp_load_?computeMaxIndex@physx@@YAIPEBII@Z 000000018003de76 f   PhysX3CommonCHECKED_x64:PhysX3CommonCHECKED_x64.dll
 0001:0003ce82       ?computeMaxIndex@physx@@YAIPEBII@Z 000000018003de82 f   PhysX3CommonCHECKED_x64:PhysX3CommonCHECKED_x64.dll
 0001:0003ce88       __imp_load_?storeIndices@physx@@YAXIIPEBIAEAVPxOutputStream@1@_N@Z 000000018003de88 f   PhysX3CommonCHECKED_x64:PhysX3CommonCHECKED_x64.dll
 0001:0003ce94       ?storeIndices@physx@@YAXIIPEBIAEAVPxOutputStream@1@_N@Z 000000018003de94 f   PhysX3CommonCHECKED_x64:PhysX3CommonCHECKED_x64.dll
 0001:0003ce9a       __imp_load_?computeBoundsAroundVertices@Gu@physx@@YAXAEAVPxBounds3@2@IPEIBVPxVec3@2@@Z 000000018003de9a f   PhysX3CommonCHECKED_x64:PhysX3CommonCHECKED_x64.dll
 0001:0003cea6       ?computeBoundsAroundVertices@Gu@physx@@YAXAEAVPxBounds3@2@IPEIBVPxVec3@2@@Z 000000018003dea6 f   PhysX3CommonCHECKED_x64:PhysX3CommonCHECKED_x64.dll
 0001:0003ceac       __imp_load_?BuildBV4Ex@Gu@physx@@YA_NAEAVBV4Tree@12@AEAVSourceMesh@12@MI@Z 000000018003deac f   PhysX3CommonCHECKED_x64:PhysX3CommonCHECKED_x64.dll
 0001:0003ceb8       ?BuildBV4Ex@Gu@physx@@YA_NAEAVBV4Tree@12@AEAVSourceMesh@12@MI@Z 000000018003deb8 f   PhysX3CommonCHECKED_x64:PhysX3CommonCHECKED_x64.dll
 0001:0003cebe       __imp_load_?BuildBV32Ex@Gu@physx@@YA_NAEAVBV32Tree@12@AEAVSourceMesh@12@MI@Z 000000018003debe f   PhysX3CommonCHECKED_x64:PhysX3CommonCHECKED_x64.dll
 0001:0003ceca       ?BuildBV32Ex@Gu@physx@@YA_NAEAVBV32Tree@12@AEAVSourceMesh@12@MI@Z 000000018003deca f   PhysX3CommonCHECKED_x64:PhysX3CommonCHECKED_x64.dll
 0001:0003ced0       __imp_load_?computeMaxIndex@physx@@YAGPEBGI@Z 000000018003ded0 f   PhysX3CommonCHECKED_x64:PhysX3CommonCHECKED_x64.dll
 0001:0003cedc       ?computeMaxIndex@physx@@YAGPEBGI@Z 000000018003dedc f   PhysX3CommonCHECKED_x64:PhysX3CommonCHECKED_x64.dll
 0001:0003cee2       __imp_load_?WriteHeader@Gu@physx@@YA_NEEEEI_NAEAVPxOutputStream@2@@Z 000000018003dee2 f   PhysX3CommonCHECKED_x64:PhysX3CommonCHECKED_x64.dll
 0001:0003ceee       ?WriteHeader@Gu@physx@@YA_NEEEEI_NAEAVPxOutputStream@2@@Z 000000018003deee f   PhysX3CommonCHECKED_x64:PhysX3CommonCHECKED_x64.dll
 0001:0003cef4       __imp_load_?StoreIndices@Gu@physx@@YAXGIPEBGAEAVPxOutputStream@2@_N@Z 000000018003def4 f   PhysX3CommonCHECKED_x64:PhysX3CommonCHECKED_x64.dll
 0001:0003cf00       ?StoreIndices@Gu@physx@@YAXGIPEBGAEAVPxOutputStream@2@_N@Z 000000018003df00 f   PhysX3CommonCHECKED_x64:PhysX3CommonCHECKED_x64.dll
 0001:0003cf06       __imp_load_?CreateOffsets@BigConvexData@physx@@IEAAXXZ 000000018003df06 f   PhysX3CommonCHECKED_x64:PhysX3CommonCHECKED_x64.dll
 0001:0003cf12       ?CreateOffsets@BigConvexData@physx@@IEAAXXZ 000000018003df12 f   PhysX3CommonCHECKED_x64:PhysX3CommonCHECKED_x64.dll
 0001:0003cf18       __imp_load_??0RadixSortBuffered@Cm@physx@@QEAA@XZ 000000018003df18 f   PhysX3CommonCHECKED_x64:PhysX3CommonCHECKED_x64.dll
 0001:0003cf24       ??0RadixSortBuffered@Cm@physx@@QEAA@XZ 000000018003df24 f   PhysX3CommonCHECKED_x64:PhysX3CommonCHECKED_x64.dll
 0001:0003cf2a       __imp_load_??1RadixSortBuffered@Cm@physx@@UEAA@XZ 000000018003df2a f   PhysX3CommonCHECKED_x64:PhysX3CommonCHECKED_x64.dll
 0001:0003cf36       ??1RadixSortBuffered@Cm@physx@@UEAA@XZ 000000018003df36 f   PhysX3CommonCHECKED_x64:PhysX3CommonCHECKED_x64.dll
 0001:0003cf3c       __imp_load_?Sort@RadixSortBuffered@Cm@physx@@QEAAAEAV123@PEBIIW4RadixHint@23@@Z 000000018003df3c f   PhysX3CommonCHECKED_x64:PhysX3CommonCHECKED_x64.dll
 0001:0003cf48       ?Sort@RadixSortBuffered@Cm@physx@@QEAAAEAV123@PEBIIW4RadixHint@23@@Z 000000018003df48 f   PhysX3CommonCHECKED_x64:PhysX3CommonCHECKED_x64.dll
 0001:0003cf4e       __imp_load_?computeOBBPoints@Gu@physx@@YAXPEIAVPxVec3@2@AEBV32@1111@Z 000000018003df4e f   PhysX3CommonCHECKED_x64:PhysX3CommonCHECKED_x64.dll
 0001:0003cf5a       ?computeOBBPoints@Gu@physx@@YAXPEIAVPxVec3@2@AEBV32@1111@Z 000000018003df5a f   PhysX3CommonCHECKED_x64:PhysX3CommonCHECKED_x64.dll
 0001:0003cf60       __imp_load_??0BigConvexData@physx@@QEAA@XZ 000000018003df60 f   PhysX3CommonCHECKED_x64:PhysX3CommonCHECKED_x64.dll
 0001:0003cf6c       ??0BigConvexData@physx@@QEAA@XZ 000000018003df6c f   PhysX3CommonCHECKED_x64:PhysX3CommonCHECKED_x64.dll
 0001:0003cf72       __imp_load_??1BigConvexData@physx@@QEAA@XZ 000000018003df72 f   PhysX3CommonCHECKED_x64:PhysX3CommonCHECKED_x64.dll
 0001:0003cf7e       ??1BigConvexData@physx@@QEAA@XZ 000000018003df7e f   PhysX3CommonCHECKED_x64:PhysX3CommonCHECKED_x64.dll
 0001:0003cf84       __imp_load_?readDword@physx@@YAI_NAEAVPxInputStream@1@@Z 000000018003df84 f   PhysX3CommonCHECKED_x64:PhysX3CommonCHECKED_x64.dll
 0001:0003cf90       ?readDword@physx@@YAI_NAEAVPxInputStream@1@@Z 000000018003df90 f   PhysX3CommonCHECKED_x64:PhysX3CommonCHECKED_x64.dll
 0001:0003cf96       __imp_load_?ReadHeader@Gu@physx@@YA_NEEEEAEAIAEA_NAEAVPxInputStream@2@@Z 000000018003df96 f   PhysX3CommonCHECKED_x64:PhysX3CommonCHECKED_x64.dll
 0001:0003cfa2       ?ReadHeader@Gu@physx@@YA_NEEEEAEAIAEA_NAEAVPxInputStream@2@@Z 000000018003dfa2 f   PhysX3CommonCHECKED_x64:PhysX3CommonCHECKED_x64.dll
 0001:0003cfa8       __imp_load_??0HeightField@Gu@physx@@QEAA@PEAVGuMeshFactory@2@@Z 000000018003dfa8 f   PhysX3CommonCHECKED_x64:PhysX3CommonCHECKED_x64.dll
 0001:0003cfb4       ??0HeightField@Gu@physx@@QEAA@PEAVGuMeshFactory@2@@Z 000000018003dfb4 f   PhysX3CommonCHECKED_x64:PhysX3CommonCHECKED_x64.dll
 0001:0003cfba       __imp_load_?loadFromDesc@HeightField@Gu@physx@@QEAA_NAEBVPxHeightFieldDesc@3@@Z 000000018003dfba f   PhysX3CommonCHECKED_x64:PhysX3CommonCHECKED_x64.dll
 0001:0003cfc6       ?loadFromDesc@HeightField@Gu@physx@@QEAA_NAEBVPxHeightFieldDesc@3@@Z 000000018003dfc6 f   PhysX3CommonCHECKED_x64:PhysX3CommonCHECKED_x64.dll
 0001:0003cfcc       __imp_load_?releaseMemory@HeightField@Gu@physx@@QEAAXXZ 000000018003dfcc f   PhysX3CommonCHECKED_x64:PhysX3CommonCHECKED_x64.dll
 0001:0003cfd8       ?releaseMemory@HeightField@Gu@physx@@QEAAXXZ 000000018003dfd8 f   PhysX3CommonCHECKED_x64:PhysX3CommonCHECKED_x64.dll
 0001:0003cfde       __imp_load_??1HeightField@Gu@physx@@UEAA@XZ 000000018003dfde f   PhysX3CommonCHECKED_x64:PhysX3CommonCHECKED_x64.dll
 0001:0003cfea       ??1HeightField@Gu@physx@@UEAA@XZ 000000018003dfea f   PhysX3CommonCHECKED_x64:PhysX3CommonCHECKED_x64.dll
 0001:0003cff0       ??$PFromRva@PEAP6A_JXZ@@YAPEAP6A_JXZK@Z 000000018003dff0 f i delayimp:delayhlp.obj
 0001:0003d000       ??$PFromRva@PEAPEAUHINSTANCE__@@@@YAPEAPEAUHINSTANCE__@@K@Z 000000018003e000 f i delayimp:delayhlp.obj
 0001:0003d010       ??$PFromRva@PEAU_IMAGE_IMPORT_BY_NAME@@@@YAPEAU_IMAGE_IMPORT_BY_NAME@@K@Z 000000018003e010 f i delayimp:delayhlp.obj
 0001:0003d020       ??$PFromRva@PEAU_IMAGE_THUNK_DATA64@@@@YAPEAU_IMAGE_THUNK_DATA64@@K@Z 000000018003e020 f i delayimp:delayhlp.obj
 0001:0003d030       ??$PFromRva@PEBD@@YAPEBDK@Z 000000018003e030 f i delayimp:delayhlp.obj
 0001:0003d040       ??$PFromRva@PEBUImgDelayDescr@@@@YAPEBUImgDelayDescr@@K@Z 000000018003e040 f i delayimp:delayhlp.obj
 0001:0003d050       ??$PFromRva@PEBU_IMAGE_THUNK_DATA64@@@@YAPEBU_IMAGE_THUNK_DATA64@@K@Z 000000018003e050 f i delayimp:delayhlp.obj
 0001:0003d060       ?CountOfImports@@YAIPEBU_IMAGE_THUNK_DATA64@@@Z 000000018003e060 f i delayimp:delayhlp.obj
 0001:0003d07c       ?DloadAcquireSectionWriteAccess@@YAXXZ 000000018003e07c f i delayimp:delayhlp.obj
 0001:0003d150       ?DloadGetSRWLockFunctionPointers@@YAEXZ 000000018003e150 f i delayimp:delayhlp.obj
 0001:0003d214       ?DloadLock@@YAXXZ          000000018003e214 f i delayimp:delayhlp.obj
 0001:0003d26c       ?DloadMakePermanentImageCommit@@YAXPEAX_K@Z 000000018003e26c f i delayimp:delayhlp.obj
 0001:0003d32c       ?DloadObtainSection@@YAPEAXPEAK0@Z 000000018003e32c f i delayimp:delayhlp.obj
 0001:0003d3ec       ?DloadProtectSection@@YAXKPEAK@Z 000000018003e3ec f i delayimp:delayhlp.obj
 0001:0003d4a0       ?DloadReleaseSectionWriteAccess@@YAXXZ 000000018003e4a0 f i delayimp:delayhlp.obj
 0001:0003d558       ?DloadUnlock@@YAXXZ        000000018003e558 f i delayimp:delayhlp.obj
 0001:0003d5a8       ?IndexFromPImgThunkData@@YAIPEBU_IMAGE_THUNK_DATA64@@0@Z 000000018003e5a8 f i delayimp:delayhlp.obj
 0001:0003d73c       HRESULT_FROM_WIN32         000000018003e73c f i delayimp:delayhlp.obj
 0001:0003d750       ReadAcquire64              000000018003e750 f i delayimp:delayhlp.obj
 0001:0003d754       ReadPointerAcquire         000000018003e754 f i delayimp:delayhlp.obj
 0001:0003d758       WritePointerRelease        000000018003e758 f i delayimp:delayhlp.obj
 0001:0003d75c       WriteRelease64             000000018003e75c f i delayimp:delayhlp.obj
 0001:0003d760       __FUnloadDelayLoadedDLL2   000000018003e760 f   delayimp:delayhlp.obj
 0001:0003d848       __HrLoadAllImportsForDll   000000018003e848 f   delayimp:delayhlp.obj
 0001:0003d8d8       __delayLoadHelper2         000000018003e8d8 f   delayimp:delayhlp.obj
 0001:0003dc60       __chkstk                   000000018003ec60 f   MSVCRT:chkstk.obj
 0001:0003dc60       _alloca_probe              000000018003ec60 f   MSVCRT:chkstk.obj
 0001:0003dccc       ??3@YAXPEAX_K@Z            000000018003eccc f   MSVCRT:delete_scalar_size.obj
 0001:0003dcd4       ?__scrt_initialize_type_info@@YAXXZ 000000018003ecd4 f   MSVCRT:tncleanup.obj
 0001:0003dce8       ?__scrt_uninitialize_type_info@@YAXXZ 000000018003ece8 f   MSVCRT:tncleanup.obj
 0001:0003dcf8       ??1type_info@@UEAA@XZ      000000018003ecf8 f   MSVCRT:std_type_info_static.obj
 0001:0003dd08       ??_Gtype_info@@UEAAPEAXI@Z 000000018003ed08 f i MSVCRT:std_type_info_static.obj
 0001:0003dd08       ??_Etype_info@@UEAAPEAXI@Z 000000018003ed08 f i MSVCRT:std_type_info_static.obj
 0001:0003dd40       __vdecl_sinf4              000000018003ed40 f   MSVCRT:svml_ssinf4_dispatch.obj
 0001:0003dd50       __libm_sse2_sincosf_       000000018003ed50 f   MSVCRT:svml_ssinf4_dispatch.obj
 0001:0003dd96       __libm_sse2_sincosf4_      000000018003ed96 f   MSVCRT:svml_ssinf4_dispatch.obj
 0001:0003e1d8       _CRT_INIT                  000000018003f1d8 f   MSVCRT:dll_dllmain.obj
 0001:0003e1e0       _DllMainCRTStartup         000000018003f1e0 f   MSVCRT:dll_dllmain.obj
 0001:0003e22c       _guard_check_icall_nop     000000018003f22c f i MSVCRT:guard_support.obj
 0001:0003e230       ReadNoFence64              000000018003f230 f i MSVCRT:guard_support.obj
 0001:0003e234       ReadPointerNoFence         000000018003f234 f i MSVCRT:guard_support.obj
 0001:0003e238       _guard_icall_checks_enforced 000000018003f238 f i MSVCRT:guard_support.obj
 0001:0003e254       _guard_rf_checks_enforced  000000018003f254 f i MSVCRT:guard_support.obj
 0001:0003e258       ??3@YAXPEAX@Z              000000018003f258 f   MSVCRT:delete_scalar.obj
 0001:0003e260       __sse2_sinf4               000000018003f260 f   MSVCRT:svml_ssinf4_sse2.obj
 0001:0003edd8       __security_init_cookie     000000018003fdd8 f   MSVCRT:gs_support.obj
 0001:0003eeb0       DllMain                    000000018003feb0 f   MSVCRT:dll_dllmain_stub.obj
 0001:0003eedc       __local_stdio_printf_options 000000018003fedc f i MSVCRT:default_local_stdio_options.obj
 0001:0003eee8       __local_stdio_scanf_options 000000018003fee8 f i MSVCRT:default_local_stdio_options.obj
 0001:0003eef4       __scrt_initialize_default_local_stdio_options 000000018003fef4 f   MSVCRT:default_local_stdio_options.obj
 0001:0003ef18       ??$__crt_fast_decode_pointer@PEAP6AXXZ@@YAPEAP6AXXZQEAP6AXXZ@Z 000000018003ff18 f i MSVCRT:utility.obj
 0001:0003ef34       ??$__crt_fast_encode_pointer@PEAP6AXXZ@@YAPEAP6AXXZQEAP6AXXZ@Z 000000018003ff34 f i MSVCRT:utility.obj
 0001:0003ef5c       ?__crt_rotate_pointer_value@@YA_K_KH@Z 000000018003ff5c f i MSVCRT:utility.obj
 0001:0003ef68       ?configure_argv@__scrt_narrow_argv_policy@@SAHXZ 000000018003ff68 f i MSVCRT:utility.obj
 0001:0003efe0       ?initialize_environment@__scrt_narrow_environment_policy@@SAHXZ 000000018003ffe0 f i MSVCRT:utility.obj
 0001:0003f024       NtCurrentTeb               0000000180040024 f i MSVCRT:utility.obj
 0001:0003f030       __scrt_acquire_startup_lock 0000000180040030 f   MSVCRT:utility.obj
 0001:0003f078       __scrt_dllmain_after_initialize_c 0000000180040078 f   MSVCRT:utility.obj
 0001:0003f0bc       __scrt_dllmain_before_initialize_c 00000001800400bc f   MSVCRT:utility.obj
 0001:0003f0d8       __scrt_dllmain_crt_thread_attach 00000001800400d8 f   MSVCRT:utility.obj
 0001:0003f10c       __scrt_dllmain_crt_thread_detach 000000018004010c f   MSVCRT:utility.obj
 0001:0003f128       __scrt_dllmain_exception_filter 0000000180040128 f   MSVCRT:utility.obj
 0001:0003f1a0       __scrt_dllmain_uninitialize_c 00000001800401a0 f   MSVCRT:utility.obj
 0001:0003f1dc       __scrt_dllmain_uninitialize_critical 00000001800401dc f   MSVCRT:utility.obj
 0001:0003f1f8       __scrt_initialize_crt      00000001800401f8 f   MSVCRT:utility.obj
 0001:0003f254       __scrt_initialize_onexit_tables 0000000180040254 f   MSVCRT:utility.obj
 0001:0003f364       __scrt_is_nonwritable_in_current_image 0000000180040364 f   MSVCRT:utility.obj
 0001:0003f424       __scrt_release_startup_lock 0000000180040424 f   MSVCRT:utility.obj
 0001:0003f454       __scrt_uninitialize_crt    0000000180040454 f   MSVCRT:utility.obj
 0001:0003f48c       _onexit                    000000018004048c f   MSVCRT:utility.obj
 0001:0003f4f0       at_quick_exit              00000001800404f0 f   MSVCRT:utility.obj
 0001:0003f534       atexit                     0000000180040534 f   MSVCRT:utility.obj
 0001:0003f550       __scrt_get_dyn_tls_init_callback 0000000180040550 f   MSVCRT:dyn_tls_init.obj
 0001:0003f55c       __crt_debugger_hook        000000018004055c f   MSVCRT:utility_desktop.obj
 0001:0003f568       __scrt_fastfail            0000000180040568 f   MSVCRT:utility_desktop.obj
 0001:0003f704       __scrt_get_show_window_mode 0000000180040704 f   MSVCRT:utility_desktop.obj
 0001:0003f74c       __scrt_initialize_mta      000000018004074c f   MSVCRT:utility_desktop.obj
 0001:0003f754       __scrt_initialize_winrt    0000000180040754 f   MSVCRT:utility_desktop.obj
 0001:0003f758       __scrt_is_managed_app      0000000180040758 f   MSVCRT:utility_desktop.obj
 0001:0003f7c0       __scrt_set_unhandled_exception_filter 00000001800407c0 f   MSVCRT:utility_desktop.obj
 0001:0003f7d4       __scrt_stub_for_initialize_mta 00000001800407d4 f   MSVCRT:utility_desktop.obj
 0001:0003f7d4       __scrt_exe_initialize_mta  00000001800407d4 f   MSVCRT:utility_desktop.obj
 0001:0003f7d8       __scrt_unhandled_exception_filter 00000001800407d8 f   MSVCRT:utility_desktop.obj
 0001:0003f820       _RTC_Initialize            0000000180040820 f   MSVCRT:initsect.obj
 0001:0003f86c       _RTC_Terminate             000000018004086c f   MSVCRT:initsect.obj
 0001:0003f8c0       __isa_available_init       00000001800408c0 f   MSVCRT:cpu_disp.obj
 0001:0003fa9c       _get_startup_argv_mode     0000000180040a9c f   MSVCRT:argv_mode.obj
 0001:0003faa4       __scrt_is_ucrt_dll_in_use  0000000180040aa4 f   MSVCRT:ucrt_detection.obj
 0001:0003fab3       strstr                     0000000180040ab3 f   vcruntime:VCRUNTIME140.dll
 0001:0003fab9       memcpy                     0000000180040ab9 f   vcruntime:VCRUNTIME140.dll
 0001:0003fabf       _purecall                  0000000180040abf f   vcruntime:VCRUNTIME140.dll
 0001:0003fac5       __std_type_info_name       0000000180040ac5 f   vcruntime:VCRUNTIME140.dll
 0001:0003facb       memset                     0000000180040acb f   vcruntime:VCRUNTIME140.dll
 0001:0003fad1       __std_type_info_destroy_list 0000000180040ad1 f   vcruntime:VCRUNTIME140.dll
 0001:0003fad7       __C_specific_handler       0000000180040ad7 f   vcruntime:VCRUNTIME140.dll
 0001:0003fadd       _fpclass                   0000000180040add f   ucrt:api-ms-win-crt-math-l1-1-0.dll
 0001:0003fae3       cosf                       0000000180040ae3 f   ucrt:api-ms-win-crt-math-l1-1-0.dll
 0001:0003fae9       sinf                       0000000180040ae9 f   ucrt:api-ms-win-crt-math-l1-1-0.dll
 0001:0003faef       atan2f                     0000000180040aef f   ucrt:api-ms-win-crt-math-l1-1-0.dll
 0001:0003faf5       _initterm                  0000000180040af5 f   ucrt:api-ms-win-crt-runtime-l1-1-0.dll
 0001:0003fafb       _initterm_e                0000000180040afb f   ucrt:api-ms-win-crt-runtime-l1-1-0.dll
 0001:0003fb01       free                       0000000180040b01 f   ucrt:api-ms-win-crt-heap-l1-1-0.dll
 0001:0003fb07       _seh_filter_dll            0000000180040b07 f   ucrt:api-ms-win-crt-runtime-l1-1-0.dll
 0001:0003fb0d       _configure_narrow_argv     0000000180040b0d f   ucrt:api-ms-win-crt-runtime-l1-1-0.dll
 0001:0003fb13       _initialize_narrow_environment 0000000180040b13 f   ucrt:api-ms-win-crt-runtime-l1-1-0.dll
 0001:0003fb19       _initialize_onexit_table   0000000180040b19 f   ucrt:api-ms-win-crt-runtime-l1-1-0.dll
 0001:0003fb1f       _register_onexit_function  0000000180040b1f f   ucrt:api-ms-win-crt-runtime-l1-1-0.dll
 0001:0003fb25       _execute_onexit_table      0000000180040b25 f   ucrt:api-ms-win-crt-runtime-l1-1-0.dll
 0001:0003fb2b       _crt_atexit                0000000180040b2b f   ucrt:api-ms-win-crt-runtime-l1-1-0.dll
 0001:0003fb31       _crt_at_quick_exit         0000000180040b31 f   ucrt:api-ms-win-crt-runtime-l1-1-0.dll
 0001:0003fb37       _cexit                     0000000180040b37 f   ucrt:api-ms-win-crt-runtime-l1-1-0.dll
 0001:0003fb3d       terminate                  0000000180040b3d f   ucrt:api-ms-win-crt-runtime-l1-1-0.dll
 0001:0003fb43       RaiseException             0000000180040b43 f   kernel32:KERNEL32.dll
 0001:0003fb49       GetLastError               0000000180040b49 f   kernel32:KERNEL32.dll
 0001:0003fb4f       GetSystemInfo              0000000180040b4f f   kernel32:KERNEL32.dll
 0001:0003fb55       VirtualProtect             0000000180040b55 f   kernel32:KERNEL32.dll
 0001:0003fb5b       VirtualQuery               0000000180040b5b f   kernel32:KERNEL32.dll
 0001:0003fb61       FreeLibrary                0000000180040b61 f   kernel32:KERNEL32.dll
 0001:0003fb67       GetModuleHandleW           0000000180040b67 f   kernel32:KERNEL32.dll
 0001:0003fb6d       GetProcAddress             0000000180040b6d f   kernel32:KERNEL32.dll
 0001:0003fb73       LoadLibraryExA             0000000180040b73 f   kernel32:KERNEL32.dll
 0001:0003fb79       InitializeSListHead        0000000180040b79 f   kernel32:KERNEL32.dll
 0001:0003fb7f       QueryPerformanceCounter    0000000180040b7f f   kernel32:KERNEL32.dll
 0001:0003fb85       GetCurrentProcessId        0000000180040b85 f   kernel32:KERNEL32.dll
 0001:0003fb8b       GetCurrentThreadId         0000000180040b8b f   kernel32:KERNEL32.dll
 0001:0003fb91       GetSystemTimeAsFileTime    0000000180040b91 f   kernel32:KERNEL32.dll
 0001:0003fb97       DisableThreadLibraryCalls  0000000180040b97 f   kernel32:KERNEL32.dll
 0001:0003fb9d       RtlCaptureContext          0000000180040b9d f   kernel32:KERNEL32.dll
 0001:0003fba3       RtlLookupFunctionEntry     0000000180040ba3 f   kernel32:KERNEL32.dll
 0001:0003fba9       RtlVirtualUnwind           0000000180040ba9 f   kernel32:KERNEL32.dll
 0001:0003fbaf       IsDebuggerPresent          0000000180040baf f   kernel32:KERNEL32.dll
 0001:0003fbb5       UnhandledExceptionFilter   0000000180040bb5 f   kernel32:KERNEL32.dll
 0001:0003fbbb       SetUnhandledExceptionFilter 0000000180040bbb f   kernel32:KERNEL32.dll
 0001:0003fbc1       GetStartupInfoW            0000000180040bc1 f   kernel32:KERNEL32.dll
 0001:0003fbc7       IsProcessorFeaturePresent  0000000180040bc7 f   kernel32:KERNEL32.dll
 0001:0003fbd0       __scrt_stub_for_acrt_initialize 0000000180040bd0 f   MSVCRT:ucrt_stubs.obj
 0001:0003fbd0       __acrt_initialize          0000000180040bd0 f   MSVCRT:ucrt_stubs.obj
 0001:0003fbd0       __vcrt_initialize          0000000180040bd0 f   MSVCRT:ucrt_stubs.obj
 0001:0003fbd4       __acrt_thread_attach       0000000180040bd4 f   MSVCRT:ucrt_stubs.obj
 0001:0003fbd4       __vcrt_thread_attach       0000000180040bd4 f   MSVCRT:ucrt_stubs.obj
 0001:0003fbd4       __scrt_stub_for_acrt_thread_attach 0000000180040bd4 f   MSVCRT:ucrt_stubs.obj
 0001:0003fbd8       __acrt_thread_detach       0000000180040bd8 f   MSVCRT:ucrt_stubs.obj
 0001:0003fbd8       __scrt_stub_for_acrt_thread_detach 0000000180040bd8 f   MSVCRT:ucrt_stubs.obj
 0001:0003fbd8       __vcrt_thread_detach       0000000180040bd8 f   MSVCRT:ucrt_stubs.obj
 0001:0003fbdc       __acrt_uninitialize        0000000180040bdc f   MSVCRT:ucrt_stubs.obj
 0001:0003fbdc       __vcrt_uninitialize        0000000180040bdc f   MSVCRT:ucrt_stubs.obj
[...]
 0004:00001b48       $pdata$0$??$?_UV?$ReflectionAllocator@VAdjTriangle@physx@@@shdfnd@physx@@@UserAllocated@shdfnd@physx@@SAPEAX_KV?$ReflectionAllocator@VAdjTriangle@physx@@@12@PEBDH@Z 000000018004fb48     Adjacencies.obj
 0004:00001b54       $pdata$1$??$?_UV?$ReflectionAllocator@VAdjTriangle@physx@@@shdfnd@physx@@@UserAllocated@shdfnd@physx@@SAPEAX_KV?$ReflectionAllocator@VAdjTriangle@physx@@@12@PEBDH@Z 000000018004fb54     Adjacencies.obj
 0004:00001b60       $pdata$??_EAdjEdge@@QEAAPEAXI@Z 000000018004fb60     Adjacencies.obj
 0004:00001b6c       $pdata$?UpdateLink@@YA_NIIIIPEAVAdjTriangle@physx@@AEBUADJACENCIESCREATE@2@@Z 000000018004fb6c     Adjacencies.obj
 0004:00001b78       $pdata$3$?UpdateLink@@YA_NIIIIPEAVAdjTriangle@physx@@AEBUADJACENCIESCREATE@2@@Z 000000018004fb78     Adjacencies.obj
 0004:00001b84       $pdata$5$?UpdateLink@@YA_NIIIIPEAVAdjTriangle@physx@@AEBUADJACENCIESCREATE@2@@Z 000000018004fb84     Adjacencies.obj
 0004:00001b90       $pdata$6$?UpdateLink@@YA_NIIIIPEAVAdjTriangle@physx@@AEBUADJACENCIESCREATE@2@@Z 000000018004fb90     Adjacencies.obj
 0004:00001b9c       $pdata$7$?UpdateLink@@YA_NIIIIPEAVAdjTriangle@physx@@AEBUADJACENCIESCREATE@2@@Z 000000018004fb9c     Adjacencies.obj
 0004:00001ba8       $pdata$8$?UpdateLink@@YA_NIIIIPEAVAdjTriangle@physx@@AEBUADJACENCIESCREATE@2@@Z 000000018004fba8     Adjacencies.obj
 0004:00001bb4       $pdata$?CreateDatabase@@YA_NPEAVAdjTriangle@physx@@IPEBVAdjEdge@@AEBUADJACENCIESCREATE@2@@Z 000000018004fbb4     Adjacencies.obj
 0004:00001bc0       $pdata$??_GPxCooking@physx@@MEAAPEAXI@Z 000000018004fbc0     Cooking.obj
 0004:00001bcc       $pdata$PxCreateCooking     000000018004fbcc     Cooking.obj
 0004:00001bd8       $pdata$?release@Cooking@physx@@UEAAXXZ 000000018004fbd8     Cooking.obj
 0004:00001be4       $pdata$?cookTriangleMesh@Cooking@physx@@UEBA_NAEBVPxTriangleMeshDesc@2@AEAVPxOutputStream@2@PEAW4Enum@PxTriangleMeshCookingResult@2@@Z 000000018004fbe4     Cooking.obj
 0004:00001bf0       $pdata$?createTriangleMesh@Cooking@physx@@UEBAPEAVPxTriangleMesh@2@AEBVPxTriangleMeshDesc@2@AEAVPxPhysicsInsertionCallback@2@PEAW4Enum@PxTriangleMeshCookingResult@2@@Z 000000018004fbf0     Cooking.obj
 0004:00001bfc       $pdata$?validateTriangleMesh@Cooking@physx@@UEBA_NAEBVPxTriangleMeshDesc@2@@Z 000000018004fbfc     Cooking.obj
 0004:00001c08       $pdata$?cookConvexMesh@Cooking@physx@@UEBA_NAEBVPxConvexMeshDesc@2@AEAVPxOutputStream@2@PEAW4Enum@PxConvexMeshCookingResult@2@@Z 000000018004fc08     Cooking.obj
 0004:00001c14       $pdata$?createConvexMesh@Cooking@physx@@UEBAPEAVPxConvexMesh@2@AEBVPxConvexMeshDesc@2@AEAVPxPhysicsInsertionCallback@2@PEAW4Enum@PxConvexMeshCookingResult@2@@Z 000000018004fc14     Cooking.obj
 0004:00001c20       $pdata$?validateConvexMesh@Cooking@physx@@UEBA_NAEBVPxConvexMeshDesc@2@@Z 000000018004fc20     Cooking.obj
 0004:00001c2c       $pdata$?computeHullPolygons@Cooking@physx@@UEBA_NAEBVPxSimpleTriangleMesh@2@AEAVPxAllocatorCallback@2@AEAIAEAPEAVPxVec3@2@2AEAPEAI2AEAPEAUPxHullPolygon@2@@Z 000000018004fc2c     Cooking.obj
 0004:00001c38       $pdata$?cookHeightField@Cooking@physx@@UEBA_NAEBVPxHeightFieldDesc@2@AEAVPxOutputStream@2@@Z 000000018004fc38     Cooking.obj
 0004:00001c44       $pdata$?createHeightField@Cooking@physx@@UEBAPEAVPxHeightField@2@AEBVPxHeightFieldDesc@2@AEAVPxPhysicsInsertionCallback@2@@Z 000000018004fc44     Cooking.obj
 0004:00001c50       $pdata$?cookConvexMeshInternal@Cooking@physx@@AEBA_NAEBVPxConvexMeshDesc@2@AEAVConvexMeshBuilder@2@PEAVConvexHullLib@2@PEAW4Enum@PxConvexMeshCookingResult@2@@Z 000000018004fc50     Cooking.obj
 0004:00001c5c       $pdata$1$?cookConvexMeshInternal@Cooking@physx@@AEBA_NAEBVPxConvexMeshDesc@2@AEAVConvexMeshBuilder@2@PEAVConvexHullLib@2@PEAW4Enum@PxConvexMeshCookingResult@2@@Z 000000018004fc5c     Cooking.obj
 0004:00001c68       $pdata$2$?cookConvexMeshInternal@Cooking@physx@@AEBA_NAEBVPxConvexMeshDesc@2@AEAVConvexMeshBuilder@2@PEAVConvexHullLib@2@PEAW4Enum@PxConvexMeshCookingResult@2@@Z 000000018004fc68     Cooking.obj
 0004:00001c74       $pdata$3$?cookConvexMeshInternal@Cooking@physx@@AEBA_NAEBVPxConvexMeshDesc@2@AEAVConvexMeshBuilder@2@PEAVConvexHullLib@2@PEAW4Enum@PxConvexMeshCookingResult@2@@Z 000000018004fc74     Cooking.obj
 0004:00001c80       $pdata$4$?cookConvexMeshInternal@Cooking@physx@@AEBA_NAEBVPxConvexMeshDesc@2@AEAVConvexMeshBuilder@2@PEAVConvexHullLib@2@PEAW4Enum@PxConvexMeshCookingResult@2@@Z 000000018004fc80     Cooking.obj
 0004:00001c8c       $pdata$?cookTriangleMesh@Cooking@physx@@AEBA_NAEAVTriangleMeshBuilder@2@AEBVPxTriangleMeshDesc@2@AEAVPxOutputStream@2@PEAW4Enum@PxTriangleMeshCookingResult@2@@Z 000000018004fc8c     Cooking.obj
 0004:00001c98       $pdata$?createTriangleMesh@Cooking@physx@@AEBAPEAVPxTriangleMesh@2@AEAVTriangleMeshBuilder@2@AEBVPxTriangleMeshDesc@2@AEAVPxPhysicsInsertionCallback@2@PEAW4Enum@PxTriangleMeshCookingResult@2@@Z 000000018004fc98     Cooking.obj
 0004:00001ca4       $pdata$??_GCooking@physx@@UEAAPEAXI@Z 000000018004fca4     Cooking.obj
 0004:00001cb0       $pdata$?Clean@ReducedVertexCloud@physx@@QEAAAEAV12@XZ 000000018004fcb0     CookingUtils.obj
 0004:00001cbc       $pdata$?Reduce@ReducedVertexCloud@physx@@QEAA_NPEAUREDUCEDCLOUD@2@@Z 000000018004fcbc     CookingUtils.obj
 0004:00001cc8       $pdata$??1EdgeList@Gu@physx@@QEAA@XZ 000000018004fcc8     EdgeList.obj
 0004:00001cd4       $pdata$?load@EdgeList@Gu@physx@@QEAA_NAEAVPxInputStream@3@@Z 000000018004fcd4     EdgeList.obj
 0004:00001ce0       $pdata$?init@EdgeListBuilder@Gu@physx@@QEAA_NAEBUEDGELISTCREATE@23@@Z 000000018004fce0     EdgeList.obj
 0004:00001cec       $pdata$?createFacesToEdges@EdgeListBuilder@Gu@physx@@AEAA_NIPEBIPEBG@Z 000000018004fcec     EdgeList.obj
 0004:00001cf8       $pdata$3$?createFacesToEdges@EdgeListBuilder@Gu@physx@@AEAA_NIPEBIPEBG@Z 000000018004fcf8     EdgeList.obj
 0004:00001d04       $pdata$4$?createFacesToEdges@EdgeListBuilder@Gu@physx@@AEAA_NIPEBIPEBG@Z 000000018004fd04     EdgeList.obj
 0004:00001d10       $pdata$5$?createFacesToEdges@EdgeListBuilder@Gu@physx@@AEAA_NIPEBIPEBG@Z 000000018004fd10     EdgeList.obj
 0004:00001d1c       $pdata$6$?createFacesToEdges@EdgeListBuilder@Gu@physx@@AEAA_NIPEBIPEBG@Z 000000018004fd1c     EdgeList.obj
 0004:00001d28       $pdata$?createEdgesToFaces@EdgeListBuilder@Gu@physx@@AEAA_NIPEBIPEBG@Z 000000018004fd28     EdgeList.obj
 0004:00001d34       $pdata$1$?createEdgesToFaces@EdgeListBuilder@Gu@physx@@AEAA_NIPEBIPEBG@Z 000000018004fd34     EdgeList.obj
 0004:00001d40       $pdata$2$?createEdgesToFaces@EdgeListBuilder@Gu@physx@@AEAA_NIPEBIPEBG@Z 000000018004fd40     EdgeList.obj
 0004:00001d4c       $pdata$?computeActiveEdges@EdgeListBuilder@Gu@physx@@AEAA_NIPEBIPEBGPEBVPxVec3@3@M@Z 000000018004fd4c     EdgeList.obj
 0004:00001d58       $pdata$0$?computeActiveEdges@EdgeListBuilder@Gu@physx@@AEAA_NIPEBIPEBGPEBVPxVec3@3@M@Z 000000018004fd58     EdgeList.obj
 0004:00001d64       $pdata$4$?computeActiveEdges@EdgeListBuilder@Gu@physx@@AEAA_NIPEBIPEBGPEBVPxVec3@3@M@Z 000000018004fd64     EdgeList.obj
 0004:00001d70       $pdata$16$?computeActiveEdges@EdgeListBuilder@Gu@physx@@AEAA_NIPEBIPEBGPEBVPxVec3@3@M@Z 000000018004fd70     EdgeList.obj
 0004:00001d7c       $pdata$17$?computeActiveEdges@EdgeListBuilder@Gu@physx@@AEAA_NIPEBIPEBGPEBVPxVec3@3@M@Z 000000018004fd7c     EdgeList.obj
 0004:00001d88       $pdata$18$?computeActiveEdges@EdgeListBuilder@Gu@physx@@AEAA_NIPEBIPEBGPEBVPxVec3@3@M@Z 000000018004fd88     EdgeList.obj
 0004:00001d94       $pdata$2$?computeActiveEdges@EdgeListBuilder@Gu@physx@@AEAA_NIPEBIPEBGPEBVPxVec3@3@M@Z 000000018004fd94     EdgeList.obj
 0004:00001da0       $pdata$19$?computeActiveEdges@EdgeListBuilder@Gu@physx@@AEAA_NIPEBIPEBGPEBVPxVec3@3@M@Z 000000018004fda0     EdgeList.obj
 0004:00001dac       $pdata$??0MeshCleaner@physx@@QEAA@IPEBVPxVec3@1@IPEBIM@Z 000000018004fdac     MeshCleaner.obj
 0004:00001db8       $pdata$1$??0MeshCleaner@physx@@QEAA@IPEBVPxVec3@1@IPEBIM@Z 000000018004fdb8     MeshCleaner.obj
 0004:00001dc4       $pdata$5$??0MeshCleaner@physx@@QEAA@IPEBVPxVec3@1@IPEBIM@Z 000000018004fdc4     MeshCleaner.obj
 0004:00001dd0       $pdata$7$??0MeshCleaner@physx@@QEAA@IPEBVPxVec3@1@IPEBIM@Z 000000018004fdd0     MeshCleaner.obj
 0004:00001ddc       $pdata$8$??0MeshCleaner@physx@@QEAA@IPEBVPxVec3@1@IPEBIM@Z 000000018004fddc     MeshCleaner.obj
 0004:00001de8       $pdata$9$??0MeshCleaner@physx@@QEAA@IPEBVPxVec3@1@IPEBIM@Z 000000018004fde8     MeshCleaner.obj
 0004:00001df4       $pdata$10$??0MeshCleaner@physx@@QEAA@IPEBVPxVec3@1@IPEBIM@Z 000000018004fdf4     MeshCleaner.obj
 0004:00001e00       $pdata$11$??0MeshCleaner@physx@@QEAA@IPEBVPxVec3@1@IPEBIM@Z 000000018004fe00     MeshCleaner.obj
 0004:00001e0c       $pdata$12$??0MeshCleaner@physx@@QEAA@IPEBVPxVec3@1@IPEBIM@Z 000000018004fe0c     MeshCleaner.obj
 0004:00001e18       $pdata$13$??0MeshCleaner@physx@@QEAA@IPEBVPxVec3@1@IPEBIM@Z 000000018004fe18     MeshCleaner.obj
 0004:00001e24       $pdata$14$??0MeshCleaner@physx@@QEAA@IPEBVPxVec3@1@IPEBIM@Z 000000018004fe24     MeshCleaner.obj
 0004:00001e30       $pdata$??1MeshCleaner@physx@@QEAA@XZ 000000018004fe30     MeshCleaner.obj
 0004:00001e3c       $pdata$??_GQuantizer@physx@@MEAAPEAXI@Z 000000018004fe3c     Quantizer.obj
 0004:00001e48       $pdata$?createQuantizer@physx@@YAPEAVQuantizer@1@XZ 000000018004fe48     Quantizer.obj
 0004:00001e54       $pdata$??$kmeans_cluster@VPxVec3@physx@@M@@YAIPEBVPxVec3@physx@@IIPEAV01@PEAIMM@Z 000000018004fe54     Quantizer.obj
 0004:00001e60       $pdata$6$??$kmeans_cluster@VPxVec3@physx@@M@@YAIPEBVPxVec3@physx@@IIPEAV01@PEAIMM@Z 000000018004fe60     Quantizer.obj
 0004:00001e6c       $pdata$12$??$kmeans_cluster@VPxVec3@physx@@M@@YAIPEBVPxVec3@physx@@IIPEAV01@PEAIMM@Z 000000018004fe6c     Quantizer.obj
 0004:00001e78       $pdata$13$??$kmeans_cluster@VPxVec3@physx@@M@@YAIPEBVPxVec3@physx@@IIPEAV01@PEAIMM@Z 000000018004fe78     Quantizer.obj
 0004:00001e84       $pdata$14$??$kmeans_cluster@VPxVec3@physx@@M@@YAIPEBVPxVec3@physx@@IIPEAV01@PEAIMM@Z 000000018004fe84     Quantizer.obj
 0004:00001e90       $pdata$?kmeansQuantize3D@QuantizerImpl@@UEAAPEBVPxVec3@physx@@IPEBV23@I_NIAEAI@Z 000000018004fe90     Quantizer.obj
 0004:00001e9c       $pdata$0$?kmeansQuantize3D@QuantizerImpl@@UEAAPEBVPxVec3@physx@@IPEBV23@I_NIAEAI@Z 000000018004fe9c     Quantizer.obj
 0004:00001ea8       $pdata$2$?kmeansQuantize3D@QuantizerImpl@@UEAAPEBVPxVec3@physx@@IPEBV23@I_NIAEAI@Z 000000018004fea8     Quantizer.obj
 0004:00001eb4       $pdata$3$?kmeansQuantize3D@QuantizerImpl@@UEAAPEBVPxVec3@physx@@IPEBV23@I_NIAEAI@Z 000000018004feb4     Quantizer.obj
 0004:00001ec0       $pdata$4$?kmeansQuantize3D@QuantizerImpl@@UEAAPEBVPxVec3@physx@@IPEBV23@I_NIAEAI@Z 000000018004fec0     Quantizer.obj
 0004:00001ecc       $pdata$5$?kmeansQuantize3D@QuantizerImpl@@UEAAPEBVPxVec3@physx@@IPEBV23@I_NIAEAI@Z 000000018004fecc     Quantizer.obj
 0004:00001ed8       $pdata$?normalizeInput@QuantizerImpl@@AEAAXIPEBVPxVec3@physx@@I@Z 000000018004fed8     Quantizer.obj
 0004:00001ee4       $pdata$6$?normalizeInput@QuantizerImpl@@AEAAXIPEBVPxVec3@physx@@I@Z 000000018004fee4     Quantizer.obj
 0004:00001ef0       $pdata$7$?normalizeInput@QuantizerImpl@@AEAAXIPEBVPxVec3@physx@@I@Z 000000018004fef0     Quantizer.obj
 0004:00001efc       $pdata$8$?normalizeInput@QuantizerImpl@@AEAAXIPEBVPxVec3@physx@@I@Z 000000018004fefc     Quantizer.obj
 0004:00001f08       $pdata$9$?normalizeInput@QuantizerImpl@@AEAAXIPEBVPxVec3@physx@@I@Z 000000018004ff08     Quantizer.obj
 0004:00001f14       $pdata$??1QuantizerImpl@@EEAA@XZ 000000018004ff14     Quantizer.obj
 0004:00001f20       $pdata$??_GQuantizerImpl@@EEAAPEAXI@Z 000000018004ff20     Quantizer.obj
 0004:00001f44       $pdata$__FUnloadDelayLoadedDLL2 000000018004ff44     delayimp:delayhlp.obj
 0004:00001f50       $pdata$__HrLoadAllImportsForDll 000000018004ff50     delayimp:delayhlp.obj
 0004:00001f5c       $pdata$?DloadGetSRWLockFunctionPointers@@YAEXZ 000000018004ff5c     delayimp:delayhlp.obj
 0004:00001f68       $pdata$?DloadLock@@YAXXZ   000000018004ff68     delayimp:delayhlp.obj
 0004:00001f74       $pdata$?DloadUnlock@@YAXXZ 000000018004ff74     delayimp:delayhlp.obj
 0004:00001f80       $pdata$?DloadObtainSection@@YAPEAXPEAK0@Z 000000018004ff80     delayimp:delayhlp.obj
 0004:00001f8c       $pdata$?DloadMakePermanentImageCommit@@YAXPEAX_K@Z 000000018004ff8c     delayimp:delayhlp.obj
 0004:00001f98       $pdata$?DloadProtectSection@@YAXKPEAK@Z 000000018004ff98     delayimp:delayhlp.obj
 0004:00001fa4       $pdata$?DloadAcquireSectionWriteAccess@@YAXXZ 000000018004ffa4     delayimp:delayhlp.obj
 0004:00001fb0       $pdata$?DloadReleaseSectionWriteAccess@@YAXXZ 000000018004ffb0     delayimp:delayhlp.obj
 0004:00001fbc       $pdata$?PiddFromDllName@@YAPEBUImgDelayDescr@@PEBD@Z 000000018004ffbc     delayimp:delayhlp.obj
 0004:00001fc8       $pdata$__delayLoadHelper2  000000018004ffc8     delayimp:delayhlp.obj
 0004:00001fe0       $pdata$??_Gtype_info@@UEAAPEAXI@Z 000000018004ffe0     MSVCRT:std_type_info_static.obj
 0004:00001fec       $pdata$?dllmain_crt_process_attach@@YAHQEAUHINSTANCE__@@QEAX@Z 000000018004ffec     MSVCRT:dll_dllmain.obj
 0004:00001ff8       $pdata$?fin$0@?0??dllmain_crt_process_attach@@YAHQEAUHINSTANCE__@@QEAX@Z@4HA 000000018004fff8     MSVCRT:dll_dllmain.obj
 0004:00002004       $pdata$?dllmain_crt_process_detach@@YAH_N@Z 0000000180050004     MSVCRT:dll_dllmain.obj
 0004:00002010       $pdata$?fin$0@?0??dllmain_crt_process_detach@@YAH_N@Z@4HA 0000000180050010     MSVCRT:dll_dllmain.obj
 0004:0000201c       $pdata$?dllmain_crt_dispatch@@YAHQEAUHINSTANCE__@@KQEAX@Z 000000018005001c     MSVCRT:dll_dllmain.obj
 0004:00002028       $pdata$?dllmain_dispatch@@YAHQEAUHINSTANCE__@@KQEAX@Z 0000000180050028     MSVCRT:dll_dllmain.obj
 0004:00002034       $pdata$?filt$0@?0??dllmain_dispatch@@YAHQEAUHINSTANCE__@@KQEAX@Z@4HA 0000000180050034     MSVCRT:dll_dllmain.obj
 0004:00002040       $pdata$_DllMainCRTStartup  0000000180050040     MSVCRT:dll_dllmain.obj
 0004:00002058       $pdata$__security_init_cookie 0000000180050058     MSVCRT:gs_support.obj
 0004:00002064       $pdata$__get_entropy       0000000180050064     MSVCRT:gs_support.obj
 0004:00002070       $pdata$DllMain             0000000180050070     MSVCRT:dll_dllmain_stub.obj
 0004:0000207c       $pdata$__scrt_initialize_default_local_stdio_options 000000018005007c     MSVCRT:default_local_stdio_options.obj
 0004:00002088       $pdata$atexit              0000000180050088     MSVCRT:utility.obj
 0004:00002094       $pdata$_onexit             0000000180050094     MSVCRT:utility.obj
 0004:000020a0       $pdata$__scrt_is_nonwritable_in_current_image 00000001800500a0     MSVCRT:utility.obj
 0004:000020ac       $pdata$__scrt_is_nonwritable_in_current_image$filt$0 00000001800500ac     MSVCRT:utility.obj
 0004:000020b8       $pdata$__scrt_acquire_startup_lock 00000001800500b8     MSVCRT:utility.obj
 0004:000020c4       $pdata$__scrt_release_startup_lock 00000001800500c4     MSVCRT:utility.obj
 0004:000020d0       $pdata$__scrt_initialize_crt 00000001800500d0     MSVCRT:utility.obj
 0004:000020dc       $pdata$__scrt_uninitialize_crt 00000001800500dc     MSVCRT:utility.obj
 0004:000020e8       $pdata$__scrt_initialize_onexit_tables 00000001800500e8     MSVCRT:utility.obj
 0004:000020f4       $pdata$__scrt_dllmain_exception_filter 00000001800500f4     MSVCRT:utility.obj
 0004:00002100       $pdata$__scrt_dllmain_before_initialize_c 0000000180050100     MSVCRT:utility.obj
 0004:0000210c       $pdata$__scrt_dllmain_after_initialize_c 000000018005010c     MSVCRT:utility.obj
 0004:00002118       $pdata$__scrt_dllmain_uninitialize_c 0000000180050118     MSVCRT:utility.obj
 0004:00002124       $pdata$__scrt_dllmain_uninitialize_critical 0000000180050124     MSVCRT:utility.obj
 0004:00002130       $pdata$__scrt_dllmain_crt_thread_attach 0000000180050130     MSVCRT:utility.obj
 0004:0000213c       $pdata$__scrt_dllmain_crt_thread_detach 000000018005013c     MSVCRT:utility.obj
 0004:00002148       $pdata$?configure_argv@__scrt_narrow_argv_policy@@SAHXZ 0000000180050148     MSVCRT:utility.obj
 0004:00002154       $pdata$__scrt_get_show_window_mode 0000000180050154     MSVCRT:utility_desktop.obj
 0004:00002160       $pdata$__scrt_is_managed_app 0000000180050160     MSVCRT:utility_desktop.obj
 0004:0000216c       $pdata$__scrt_fastfail     000000018005016c     MSVCRT:utility_desktop.obj
 0004:00002178       $pdata$__scrt_unhandled_exception_filter 0000000180050178     MSVCRT:utility_desktop.obj
 0004:00002184       $pdata$_RTC_Initialize     0000000180050184     MSVCRT:initsect.obj
 0004:00002190       $pdata$_RTC_Terminate      0000000180050190     MSVCRT:initsect.obj
 0004:000021a8       $pdata$__isa_available_init 00000001800501a8     MSVCRT:cpu_disp.obj
 0005:00000768       .idata$6                   0000000180051768     kernel32:KERNEL32.dll
 0005:000007f0       .idata$6                   00000001800517f0     vcruntime:VCRUNTIME140.dll
 0005:00000922       .idata$6                   0000000180051922     ucrt:api-ms-win-crt-math-l1-1-0.dll
 0005:00000942       .idata$6                   0000000180051942     ucrt:api-ms-win-crt-runtime-l1-1-0.dll
 0005:00000964       .idata$6                   0000000180051964     ucrt:api-ms-win-crt-heap-l1-1-0.dll
 0008:00000000       __spec_table               0000000180055000     MSVCRT:svml_ssinf4_sse2.obj
 0008:00000560       MMSA7                      0000000180055560     MSVCRT:svml_ssinf4_sse2.obj
 0008:00000570       MMSA3                      0000000180055570     MSVCRT:svml_ssinf4_sse2.obj
 0008:00000580       MMSA5                      0000000180055580     MSVCRT:svml_ssinf4_sse2.obj
 0008:00000590       MMSA9                      0000000180055590     MSVCRT:svml_ssinf4_sse2.obj
 0008:000005a0       MMSPI3                     00000001800555a0     MSVCRT:svml_ssinf4_sse2.obj
 0008:000005b0       MMSPI4                     00000001800555b0     MSVCRT:svml_ssinf4_sse2.obj
 0008:000005c0       MMSPI2                     00000001800555c0     MSVCRT:svml_ssinf4_sse2.obj
 0008:000005d0       MMSPI1                     00000001800555d0     MSVCRT:svml_ssinf4_sse2.obj
 0008:000005e0       MMIHUGE                    00000001800555e0     MSVCRT:svml_ssinf4_sse2.obj
 0008:000005f0       MMSINVPI                   00000001800555f0     MSVCRT:svml_ssinf4_sse2.obj
 0008:00000600       MMIABSMASK                 0000000180055600     MSVCRT:svml_ssinf4_sse2.obj
 0008:00000610       dbSignMask                 0000000180055610     MSVCRT:svml_ssinf4_sse2.obj
 0008:00000620       PI02C_4                    0000000180055620     MSVCRT:svml_ssinf4_sse2.obj
 0008:00000630       PI02C_3                    0000000180055630     MSVCRT:svml_ssinf4_sse2.obj
 0008:00000640       PI02C_2                    0000000180055640     MSVCRT:svml_ssinf4_sse2.obj
 0008:00000650       PI02C_1                    0000000180055650     MSVCRT:svml_ssinf4_sse2.obj
 0008:00000660       PI02C_0                    0000000180055660     MSVCRT:svml_ssinf4_sse2.obj
 0008:00000670       dbRS                       0000000180055670     MSVCRT:svml_ssinf4_sse2.obj
 0008:00000680       MSK_LOW_BIT                0000000180055680     MSVCRT:svml_ssinf4_sse2.obj
 0008:00000690       dbiOne                     0000000180055690     MSVCRT:svml_ssinf4_sse2.obj
 0008:000006a0       dbInvPio2                  00000001800556a0     MSVCRT:svml_ssinf4_sse2.obj
 0008:000006b0       flAllOnes                  00000001800556b0     MSVCRT:svml_ssinf4_sse2.obj
 0008:000006c0       flTwoPow30                 00000001800556c0     MSVCRT:svml_ssinf4_sse2.obj
 0008:000006d0       MMISIGNMASK                00000001800556d0     MSVCRT:svml_ssinf4_sse2.obj
 0009:000001c0       $R000000                   00000001800561c0     PhysX3Cooking.res
 0009:000004f8       $R000338                   00000001800564f8     PhysX3Cooking.res
